
Discarded input sections

 .group         0x00000000        0xc C:/Users/s_a_a/Desktop/NUCLEO-F446RE/BM/Build/Object/MCAL/RCC/src/RCC_program.o
 .group         0x00000000        0xc C:/Users/s_a_a/Desktop/NUCLEO-F446RE/BM/Build/Object/MCAL/RCC/src/RCC_program.o
 .group         0x00000000        0xc C:/Users/s_a_a/Desktop/NUCLEO-F446RE/BM/Build/Object/MCAL/RCC/src/RCC_program.o
 .group         0x00000000        0xc C:/Users/s_a_a/Desktop/NUCLEO-F446RE/BM/Build/Object/MCAL/RCC/src/RCC_program.o
 .group         0x00000000        0xc C:/Users/s_a_a/Desktop/NUCLEO-F446RE/BM/Build/Object/MCAL/NVIC/src/NVIC_program.o
 .group         0x00000000        0xc C:/Users/s_a_a/Desktop/NUCLEO-F446RE/BM/Build/Object/MCAL/NVIC/src/NVIC_program.o
 .group         0x00000000        0xc C:/Users/s_a_a/Desktop/NUCLEO-F446RE/BM/Build/Object/MCAL/NVIC/src/NVIC_program.o
 .group         0x00000000        0xc C:/Users/s_a_a/Desktop/NUCLEO-F446RE/BM/Build/Object/MCAL/NVIC/src/NVIC_program.o
 .group         0x00000000        0xc C:/Users/s_a_a/Desktop/NUCLEO-F446RE/BM/Build/Object/MCAL/NVIC/src/NVIC_program.o
 .debug_macro   0x00000000      0xa66 C:/Users/s_a_a/Desktop/NUCLEO-F446RE/BM/Build/Object/MCAL/NVIC/src/NVIC_program.o
 .debug_macro   0x00000000       0x10 C:/Users/s_a_a/Desktop/NUCLEO-F446RE/BM/Build/Object/MCAL/NVIC/src/NVIC_program.o
 .debug_macro   0x00000000       0x22 C:/Users/s_a_a/Desktop/NUCLEO-F446RE/BM/Build/Object/MCAL/NVIC/src/NVIC_program.o
 .group         0x00000000        0xc C:/Users/s_a_a/Desktop/NUCLEO-F446RE/BM/Build/Object/MCAL/SysTick/src/SysTick_program.o
 .group         0x00000000        0xc C:/Users/s_a_a/Desktop/NUCLEO-F446RE/BM/Build/Object/MCAL/SysTick/src/SysTick_program.o
 .group         0x00000000        0xc C:/Users/s_a_a/Desktop/NUCLEO-F446RE/BM/Build/Object/MCAL/SysTick/src/SysTick_program.o
 .group         0x00000000        0xc C:/Users/s_a_a/Desktop/NUCLEO-F446RE/BM/Build/Object/MCAL/SysTick/src/SysTick_program.o
 .group         0x00000000        0xc C:/Users/s_a_a/Desktop/NUCLEO-F446RE/BM/Build/Object/MCAL/SysTick/src/SysTick_program.o
 .debug_macro   0x00000000      0xa66 C:/Users/s_a_a/Desktop/NUCLEO-F446RE/BM/Build/Object/MCAL/SysTick/src/SysTick_program.o
 .debug_macro   0x00000000       0x10 C:/Users/s_a_a/Desktop/NUCLEO-F446RE/BM/Build/Object/MCAL/SysTick/src/SysTick_program.o
 .debug_macro   0x00000000       0x22 C:/Users/s_a_a/Desktop/NUCLEO-F446RE/BM/Build/Object/MCAL/SysTick/src/SysTick_program.o
 .group         0x00000000        0xc C:/Users/s_a_a/Desktop/NUCLEO-F446RE/BM/Build/Object/MCAL/GPIO/src/GPIO_program.o
 .group         0x00000000        0xc C:/Users/s_a_a/Desktop/NUCLEO-F446RE/BM/Build/Object/MCAL/GPIO/src/GPIO_program.o
 .group         0x00000000        0xc C:/Users/s_a_a/Desktop/NUCLEO-F446RE/BM/Build/Object/MCAL/GPIO/src/GPIO_program.o
 .group         0x00000000        0xc C:/Users/s_a_a/Desktop/NUCLEO-F446RE/BM/Build/Object/MCAL/GPIO/src/GPIO_program.o
 .group         0x00000000        0xc C:/Users/s_a_a/Desktop/NUCLEO-F446RE/BM/Build/Object/MCAL/GPIO/src/GPIO_program.o
 .debug_macro   0x00000000      0xa66 C:/Users/s_a_a/Desktop/NUCLEO-F446RE/BM/Build/Object/MCAL/GPIO/src/GPIO_program.o
 .debug_macro   0x00000000       0x10 C:/Users/s_a_a/Desktop/NUCLEO-F446RE/BM/Build/Object/MCAL/GPIO/src/GPIO_program.o
 .debug_macro   0x00000000       0x22 C:/Users/s_a_a/Desktop/NUCLEO-F446RE/BM/Build/Object/MCAL/GPIO/src/GPIO_program.o
 .group         0x00000000        0xc C:/Users/s_a_a/Desktop/NUCLEO-F446RE/BM/Build/Object/MCAL/UART/src/UART.o
 .group         0x00000000        0xc C:/Users/s_a_a/Desktop/NUCLEO-F446RE/BM/Build/Object/MCAL/UART/src/UART.o
 .group         0x00000000        0xc C:/Users/s_a_a/Desktop/NUCLEO-F446RE/BM/Build/Object/MCAL/UART/src/UART.o
 .group         0x00000000        0xc C:/Users/s_a_a/Desktop/NUCLEO-F446RE/BM/Build/Object/MCAL/UART/src/UART.o
 .debug_macro   0x00000000      0xa66 C:/Users/s_a_a/Desktop/NUCLEO-F446RE/BM/Build/Object/MCAL/UART/src/UART.o
 .debug_macro   0x00000000       0x10 C:/Users/s_a_a/Desktop/NUCLEO-F446RE/BM/Build/Object/MCAL/UART/src/UART.o
 .debug_macro   0x00000000       0x22 C:/Users/s_a_a/Desktop/NUCLEO-F446RE/BM/Build/Object/MCAL/UART/src/UART.o
 .group         0x00000000        0xc C:/Users/s_a_a/Desktop/NUCLEO-F446RE/BM/Build/Object/Startup/startup_stm32f103.o
 .debug_macro   0x00000000      0xa66 C:/Users/s_a_a/Desktop/NUCLEO-F446RE/BM/Build/Object/Startup/startup_stm32f103.o
 .group         0x00000000        0xc C:/Users/s_a_a/Desktop/NUCLEO-F446RE/BM/Build/Object/Src/main.o
 .group         0x00000000        0xc C:/Users/s_a_a/Desktop/NUCLEO-F446RE/BM/Build/Object/Src/main.o
 .group         0x00000000        0xc C:/Users/s_a_a/Desktop/NUCLEO-F446RE/BM/Build/Object/Src/main.o
 .group         0x00000000        0xc C:/Users/s_a_a/Desktop/NUCLEO-F446RE/BM/Build/Object/Src/main.o
 .group         0x00000000        0xc C:/Users/s_a_a/Desktop/NUCLEO-F446RE/BM/Build/Object/Src/main.o
 .group         0x00000000        0xc C:/Users/s_a_a/Desktop/NUCLEO-F446RE/BM/Build/Object/Src/main.o
 .group         0x00000000        0xc C:/Users/s_a_a/Desktop/NUCLEO-F446RE/BM/Build/Object/Src/main.o
 .debug_macro   0x00000000      0xa66 C:/Users/s_a_a/Desktop/NUCLEO-F446RE/BM/Build/Object/Src/main.o
 .debug_macro   0x00000000       0x10 C:/Users/s_a_a/Desktop/NUCLEO-F446RE/BM/Build/Object/Src/main.o
 .debug_macro   0x00000000       0x22 C:/Users/s_a_a/Desktop/NUCLEO-F446RE/BM/Build/Object/Src/main.o
 .debug_macro   0x00000000       0x6a C:/Users/s_a_a/Desktop/NUCLEO-F446RE/BM/Build/Object/Src/main.o
 .debug_macro   0x00000000       0x10 C:/Users/s_a_a/Desktop/NUCLEO-F446RE/BM/Build/Object/Src/main.o

Memory Configuration

Name             Origin             Length             Attributes
FLASH            0x08000000         0x00004000         xr
RAM              0x20000000         0x00020000         xrw
*default*        0x00000000         0xffffffff

Linker script and memory map

                0x20020000                _estack = (ORIGIN (RAM) + LENGTH (RAM))
                0x00000200                _Min_Heap_Size = 0x200
                0x00001000                _Min_Stack_Size = 0x1000

.isr_vector     0x08000000      0x178
                0x08000000                . = ALIGN (0x4)
 *(.isr_vector)
 .isr_vector    0x08000000      0x178 C:/Users/s_a_a/Desktop/NUCLEO-F446RE/BM/Build/Object/Startup/startup_stm32f103.o
                0x08000000                Vector_Table
                0x08000178                . = ALIGN (0x4)

.text           0x08000178     0x1224
                0x08000178                . = ALIGN (0x4)
 *(.text)
 .text          0x08000178        0x0 C:/Users/s_a_a/Desktop/NUCLEO-F446RE/BM/Build/Object/MCAL/RCC/src/RCC_program.o
 .text          0x08000178        0x0 C:/Users/s_a_a/Desktop/NUCLEO-F446RE/BM/Build/Object/MCAL/NVIC/src/NVIC_program.o
 .text          0x08000178        0x0 C:/Users/s_a_a/Desktop/NUCLEO-F446RE/BM/Build/Object/MCAL/SysTick/src/SysTick_program.o
 .text          0x08000178        0x0 C:/Users/s_a_a/Desktop/NUCLEO-F446RE/BM/Build/Object/MCAL/GPIO/src/GPIO_program.o
 .text          0x08000178        0x0 C:/Users/s_a_a/Desktop/NUCLEO-F446RE/BM/Build/Object/MCAL/UART/src/UART.o
 .text          0x08000178        0x0 C:/Users/s_a_a/Desktop/NUCLEO-F446RE/BM/Build/Object/Startup/startup_stm32f103.o
 .text          0x08000178        0x0 C:/Users/s_a_a/Desktop/NUCLEO-F446RE/BM/Build/Object/Src/main.o
 *(.text*)
 .text.RCC_EnableHSI
                0x08000178       0x30 C:/Users/s_a_a/Desktop/NUCLEO-F446RE/BM/Build/Object/MCAL/RCC/src/RCC_program.o
 .text.RCC_EnableHSE
                0x080001a8       0x30 C:/Users/s_a_a/Desktop/NUCLEO-F446RE/BM/Build/Object/MCAL/RCC/src/RCC_program.o
 .text.RCC_EnablePLL
                0x080001d8       0x30 C:/Users/s_a_a/Desktop/NUCLEO-F446RE/BM/Build/Object/MCAL/RCC/src/RCC_program.o
 .text.RCC_DisablePLL
                0x08000208       0x30 C:/Users/s_a_a/Desktop/NUCLEO-F446RE/BM/Build/Object/MCAL/RCC/src/RCC_program.o
 .text.RCC_SelectSystemClock
                0x08000238       0x4c C:/Users/s_a_a/Desktop/NUCLEO-F446RE/BM/Build/Object/MCAL/RCC/src/RCC_program.o
 .text.RCC_ConfigPLL
                0x08000284       0x78 C:/Users/s_a_a/Desktop/NUCLEO-F446RE/BM/Build/Object/MCAL/RCC/src/RCC_program.o
 .text.RCC_SetAHBPrescaler
                0x080002fc       0x38 C:/Users/s_a_a/Desktop/NUCLEO-F446RE/BM/Build/Object/MCAL/RCC/src/RCC_program.o
 .text.RCC_SetAPB1Prescaler
                0x08000334       0x38 C:/Users/s_a_a/Desktop/NUCLEO-F446RE/BM/Build/Object/MCAL/RCC/src/RCC_program.o
 .text.RCC_SetAPB2Prescaler
                0x0800036c       0x38 C:/Users/s_a_a/Desktop/NUCLEO-F446RE/BM/Build/Object/MCAL/RCC/src/RCC_program.o
 .text.RCC_Init
                0x080003a4       0x8e C:/Users/s_a_a/Desktop/NUCLEO-F446RE/BM/Build/Object/MCAL/RCC/src/RCC_program.o
                0x080003a4                RCC_Init
 *fill*         0x08000432        0x2 
 .text.RCC_EnableClock
                0x08000434       0xc0 C:/Users/s_a_a/Desktop/NUCLEO-F446RE/BM/Build/Object/MCAL/RCC/src/RCC_program.o
                0x08000434                RCC_EnableClock
 .text.RCC_DisableClock
                0x080004f4       0xcc C:/Users/s_a_a/Desktop/NUCLEO-F446RE/BM/Build/Object/MCAL/RCC/src/RCC_program.o
                0x080004f4                RCC_DisableClock
 .text.NVIC_EnableInterrupt
                0x080005c0       0x54 C:/Users/s_a_a/Desktop/NUCLEO-F446RE/BM/Build/Object/MCAL/NVIC/src/NVIC_program.o
                0x080005c0                NVIC_EnableInterrupt
 .text.NVIC_DisableInterrupt
                0x08000614       0x54 C:/Users/s_a_a/Desktop/NUCLEO-F446RE/BM/Build/Object/MCAL/NVIC/src/NVIC_program.o
                0x08000614                NVIC_DisableInterrupt
 .text.NVIC_SetPendingFlag
                0x08000668       0x54 C:/Users/s_a_a/Desktop/NUCLEO-F446RE/BM/Build/Object/MCAL/NVIC/src/NVIC_program.o
                0x08000668                NVIC_SetPendingFlag
 .text.NVIC_ClearPendingFlag
                0x080006bc       0x54 C:/Users/s_a_a/Desktop/NUCLEO-F446RE/BM/Build/Object/MCAL/NVIC/src/NVIC_program.o
                0x080006bc                NVIC_ClearPendingFlag
 .text.NVIC_GetActiveInterrupt
                0x08000710       0x6c C:/Users/s_a_a/Desktop/NUCLEO-F446RE/BM/Build/Object/MCAL/NVIC/src/NVIC_program.o
                0x08000710                NVIC_GetActiveInterrupt
 .text.NVIC_SetPriority
                0x0800077c       0x68 C:/Users/s_a_a/Desktop/NUCLEO-F446RE/BM/Build/Object/MCAL/NVIC/src/NVIC_program.o
                0x0800077c                NVIC_SetPriority
 .text.SysTick_voidInit
                0x080007e4       0x1c C:/Users/s_a_a/Desktop/NUCLEO-F446RE/BM/Build/Object/MCAL/SysTick/src/SysTick_program.o
                0x080007e4                SysTick_voidInit
 .text.SysTick_voidSetBusyWait
                0x08000800       0x54 C:/Users/s_a_a/Desktop/NUCLEO-F446RE/BM/Build/Object/MCAL/SysTick/src/SysTick_program.o
                0x08000800                SysTick_voidSetBusyWait
 .text.SysTick_voidSetIntervalSingle
                0x08000854       0x58 C:/Users/s_a_a/Desktop/NUCLEO-F446RE/BM/Build/Object/MCAL/SysTick/src/SysTick_program.o
                0x08000854                SysTick_voidSetIntervalSingle
 .text.SysTick_voidSetIntervalPeriodoc
                0x080008ac       0x64 C:/Users/s_a_a/Desktop/NUCLEO-F446RE/BM/Build/Object/MCAL/SysTick/src/SysTick_program.o
                0x080008ac                SysTick_voidSetIntervalPeriodoc
 .text.SysTick_voidStopTimer
                0x08000910       0x1c C:/Users/s_a_a/Desktop/NUCLEO-F446RE/BM/Build/Object/MCAL/SysTick/src/SysTick_program.o
                0x08000910                SysTick_voidStopTimer
 .text.SysTick_GetElapsedTime
                0x0800092c       0x20 C:/Users/s_a_a/Desktop/NUCLEO-F446RE/BM/Build/Object/MCAL/SysTick/src/SysTick_program.o
                0x0800092c                SysTick_GetElapsedTime
 .text.SysTick_GetRemaningTime
                0x0800094c       0x18 C:/Users/s_a_a/Desktop/NUCLEO-F446RE/BM/Build/Object/MCAL/SysTick/src/SysTick_program.o
                0x0800094c                SysTick_GetRemaningTime
 .text.SysTick_Handler
                0x08000964       0x14 C:/Users/s_a_a/Desktop/NUCLEO-F446RE/BM/Build/Object/MCAL/SysTick/src/SysTick_program.o
                0x08000964                SysTick_Handler
 .text.GPIO_GetPort
                0x08000978       0x88 C:/Users/s_a_a/Desktop/NUCLEO-F446RE/BM/Build/Object/MCAL/GPIO/src/GPIO_program.o
 .text.GPIO_InitPin
                0x08000a00      0x106 C:/Users/s_a_a/Desktop/NUCLEO-F446RE/BM/Build/Object/MCAL/GPIO/src/GPIO_program.o
                0x08000a00                GPIO_InitPin
 .text.GPIO_WritePin
                0x08000b06       0x60 C:/Users/s_a_a/Desktop/NUCLEO-F446RE/BM/Build/Object/MCAL/GPIO/src/GPIO_program.o
                0x08000b06                GPIO_WritePin
 .text.GPIO_TogglePin
                0x08000b66       0x4a C:/Users/s_a_a/Desktop/NUCLEO-F446RE/BM/Build/Object/MCAL/GPIO/src/GPIO_program.o
                0x08000b66                GPIO_TogglePin
 .text.GPIO_ReadPin
                0x08000bb0       0x4e C:/Users/s_a_a/Desktop/NUCLEO-F446RE/BM/Build/Object/MCAL/GPIO/src/GPIO_program.o
                0x08000bb0                GPIO_ReadPin
 *fill*         0x08000bfe        0x2 
 .text.GPIO_SetAF
                0x08000c00      0x118 C:/Users/s_a_a/Desktop/NUCLEO-F446RE/BM/Build/Object/MCAL/GPIO/src/GPIO_program.o
                0x08000c00                GPIO_SetAF
 .text.Get_BASE_ADD
                0x08000d18       0x50 C:/Users/s_a_a/Desktop/NUCLEO-F446RE/BM/Build/Object/MCAL/UART/src/UART.o
                0x08000d18                Get_BASE_ADD
 .text.Write_UART_Number
                0x08000d68       0x88 C:/Users/s_a_a/Desktop/NUCLEO-F446RE/BM/Build/Object/MCAL/UART/src/UART.o
                0x08000d68                Write_UART_Number
 .text.UART_Init
                0x08000df0      0x134 C:/Users/s_a_a/Desktop/NUCLEO-F446RE/BM/Build/Object/MCAL/UART/src/UART.o
                0x08000df0                UART_Init
 .text.UART_SendSyncBuffer
                0x08000f24       0x56 C:/Users/s_a_a/Desktop/NUCLEO-F446RE/BM/Build/Object/MCAL/UART/src/UART.o
                0x08000f24                UART_SendSyncBuffer
 *fill*         0x08000f7a        0x2 
 .text.UART_voidSendNumber
                0x08000f7c       0x50 C:/Users/s_a_a/Desktop/NUCLEO-F446RE/BM/Build/Object/MCAL/UART/src/UART.o
                0x08000f7c                UART_voidSendNumber
 .text.UART1_CALLBACK
                0x08000fcc       0x24 C:/Users/s_a_a/Desktop/NUCLEO-F446RE/BM/Build/Object/MCAL/UART/src/UART.o
                0x08000fcc                UART1_CALLBACK
 .text.UART2_CALLBACK
                0x08000ff0       0x24 C:/Users/s_a_a/Desktop/NUCLEO-F446RE/BM/Build/Object/MCAL/UART/src/UART.o
                0x08000ff0                UART2_CALLBACK
 .text.UART3_CALLBACK
                0x08001014       0x24 C:/Users/s_a_a/Desktop/NUCLEO-F446RE/BM/Build/Object/MCAL/UART/src/UART.o
                0x08001014                UART3_CALLBACK
 .text.USART2_IRQHandler
                0x08001038       0x84 C:/Users/s_a_a/Desktop/NUCLEO-F446RE/BM/Build/Object/MCAL/UART/src/UART.o
                0x08001038                USART2_IRQHandler
 .text.USART3_IRQHandler
                0x080010bc       0x84 C:/Users/s_a_a/Desktop/NUCLEO-F446RE/BM/Build/Object/MCAL/UART/src/UART.o
                0x080010bc                USART3_IRQHandler
 .text.USART1_IRQHandler
                0x08001140       0x84 C:/Users/s_a_a/Desktop/NUCLEO-F446RE/BM/Build/Object/MCAL/UART/src/UART.o
                0x08001140                USART1_IRQHandler
 .text.Reset_Handler
                0x080011c4       0x94 C:/Users/s_a_a/Desktop/NUCLEO-F446RE/BM/Build/Object/Startup/startup_stm32f103.o
                0x080011c4                Reset_Handler
 .text.Default_Handler
                0x08001258        0x6 C:/Users/s_a_a/Desktop/NUCLEO-F446RE/BM/Build/Object/Startup/startup_stm32f103.o
                0x08001258                RTC_Alarm_IRQHandler
                0x08001258                EXTI2_IRQHandler
                0x08001258                TIM8_CC_IRQHandler
                0x08001258                DebugMon_Handler
                0x08001258                SPI4_IRQHandler
                0x08001258                TIM1_CC_IRQHandler
                0x08001258                DMA2_Stream5_IRQHandler
                0x08001258                HardFault_Handler
                0x08001258                DMA1_Stream5_IRQHandler
                0x08001258                PVD_IRQHandler
                0x08001258                SDIO_IRQHandler
                0x08001258                TAMP_STAMP_IRQHandler
                0x08001258                PendSV_Handler
                0x08001258                NMI_Handler
                0x08001258                CAN2_RX1_IRQHandler
                0x08001258                EXTI3_IRQHandler
                0x08001258                TIM8_TRG_COM_TIM14_IRQHandler
                0x08001258                TIM1_UP_TIM10_IRQHandler
                0x08001258                TIM8_UP_TIM13_IRQHandler
                0x08001258                I2C3_ER_IRQHandler
                0x08001258                EXTI0_IRQHandler
                0x08001258                I2C2_EV_IRQHandler
                0x08001258                DMA1_Stream2_IRQHandler
                0x08001258                CAN1_RX0_IRQHandler
                0x08001258                FPU_IRQHandler
                0x08001258                UsageFault_Handler
                0x08001258                CAN2_SCE_IRQHandler
                0x08001258                DMA2_Stream2_IRQHandler
                0x08001258                SPI1_IRQHandler
                0x08001258                TIM6_DAC_IRQHandler
                0x08001258                TIM1_BRK_TIM9_IRQHandler
                0x08001258                CAN2_RX0_IRQHandler
                0x08001258                DMA2_Stream3_IRQHandler
                0x08001258                USART6_IRQHandler
                0x08001258                CAN1_RX1_IRQHandler
                0x08001258                UART5_IRQHandler
                0x08001258                DMA2_Stream0_IRQHandler
                0x08001258                TIM4_IRQHandler
                0x08001258                I2C1_EV_IRQHandler
                0x08001258                DMA1_Stream6_IRQHandler
                0x08001258                DMA1_Stream1_IRQHandler
                0x08001258                UART4_IRQHandler
                0x08001258                TIM3_IRQHandler
                0x08001258                RCC_IRQHandler
                0x08001258                TIM8_BRK_TIM12_IRQHandler
                0x08001258                Default_Handler
                0x08001258                EXTI15_10_IRQHandler
                0x08001258                ADC_IRQHandler
                0x08001258                DMA1_Stream7_IRQHandler
                0x08001258                SPI5_IRQHandler
                0x08001258                TIM7_IRQHandler
                0x08001258                CAN2_TX_IRQHandler
                0x08001258                TIM5_IRQHandler
                0x08001258                DMA2_Stream7_IRQHandler
                0x08001258                I2C3_EV_IRQHandler
                0x08001258                EXTI9_5_IRQHandler
                0x08001258                RTC_WKUP_IRQHandler
                0x08001258                SPI2_IRQHandler
                0x08001258                MemManage_Handler
                0x08001258                DMA1_Stream0_IRQHandler
                0x08001258                CAN1_TX_IRQHandler
                0x08001258                SVC_Handler
                0x08001258                EXTI4_IRQHandler
                0x08001258                WWDG_IRQHandler
                0x08001258                SPI6_IRQHandler
                0x08001258                TIM2_IRQHandler
                0x08001258                OTG_FS_WKUP_IRQHandler
                0x08001258                TIM1_TRG_COM_TIM11_IRQHandler
                0x08001258                DMA2D_IRQHandler
                0x08001258                EXTI1_IRQHandler
                0x08001258                I2C2_ER_IRQHandler
                0x08001258                DMA2_Stream1_IRQHandler
                0x08001258                CAN1_SCE_IRQHandler
                0x08001258                FLASH_IRQHandler
                0x08001258                DMA2_Stream4_IRQHandler
                0x08001258                BusFault_Handler
                0x08001258                OTG_FS_IRQHandler
                0x08001258                SPI3_IRQHandler
                0x08001258                DMA1_Stream4_IRQHandler
                0x08001258                I2C1_ER_IRQHandler
                0x08001258                FMC_IRQHandler
                0x08001258                DMA2_Stream6_IRQHandler
                0x08001258                SAI1_IRQHandler
                0x08001258                DMA1_Stream3_IRQHandler
 *fill*         0x0800125e        0x2 
 .text.main     0x08001260       0xd0 C:/Users/s_a_a/Desktop/NUCLEO-F446RE/BM/Build/Object/Src/main.o
                0x08001260                main
 .text.APP_init
                0x08001330       0x1c C:/Users/s_a_a/Desktop/NUCLEO-F446RE/BM/Build/Object/Src/main.o
                0x08001330                APP_init
 .text.GPIO_PIN_CONFIG
                0x0800134c       0x2a C:/Users/s_a_a/Desktop/NUCLEO-F446RE/BM/Build/Object/Src/main.o
                0x0800134c                GPIO_PIN_CONFIG
 *fill*         0x08001376        0x2 
 .text.SystemInit
                0x08001378       0x24 C:/Users/s_a_a/Desktop/NUCLEO-F446RE/BM/Build/Object/Src/main.o
                0x08001378                SystemInit
                0x0800139c                . = ALIGN (0x4)
                0x0800139c                _etext = .

.glue_7         0x0800139c        0x0
 .glue_7        0x0800139c        0x0 linker stubs

.glue_7t        0x0800139c        0x0
 .glue_7t       0x0800139c        0x0 linker stubs

.vfp11_veneer   0x0800139c        0x0
 .vfp11_veneer  0x0800139c        0x0 linker stubs

.v4_bx          0x0800139c        0x0
 .v4_bx         0x0800139c        0x0 linker stubs

.iplt           0x0800139c        0x0
 .iplt          0x0800139c        0x0 C:/Users/s_a_a/Desktop/NUCLEO-F446RE/BM/Build/Object/MCAL/RCC/src/RCC_program.o

.rodata         0x0800139c       0x14
                0x0800139c                . = ALIGN (0x4)
 *(.rodata)
 .rodata        0x0800139c        0x6 C:/Users/s_a_a/Desktop/NUCLEO-F446RE/BM/Build/Object/MCAL/UART/src/UART.o
 *fill*         0x080013a2        0x2 
 .rodata        0x080013a4        0x7 C:/Users/s_a_a/Desktop/NUCLEO-F446RE/BM/Build/Object/Src/main.o
 *(.rodata*)
 *fill*         0x080013ab        0x1 
 .rodata.MSP_Value
                0x080013ac        0x4 C:/Users/s_a_a/Desktop/NUCLEO-F446RE/BM/Build/Object/Startup/startup_stm32f103.o
                0x080013ac                MSP_Value
                0x080013b0                . = ALIGN (0x4)
                0x080013b0                _sidata = LOADADDR (.data)

.rel.dyn        0x080013b0        0x0
 .rel.iplt      0x080013b0        0x0 C:/Users/s_a_a/Desktop/NUCLEO-F446RE/BM/Build/Object/MCAL/RCC/src/RCC_program.o

.data           0x20000000        0xc load address 0x080013b0
                0x20000000                . = ALIGN (0x4)
                0x20000000                _sdata = .
 *(.data)
 .data          0x20000000        0x0 C:/Users/s_a_a/Desktop/NUCLEO-F446RE/BM/Build/Object/MCAL/RCC/src/RCC_program.o
 .data          0x20000000        0x0 C:/Users/s_a_a/Desktop/NUCLEO-F446RE/BM/Build/Object/MCAL/NVIC/src/NVIC_program.o
 .data          0x20000000        0x0 C:/Users/s_a_a/Desktop/NUCLEO-F446RE/BM/Build/Object/MCAL/SysTick/src/SysTick_program.o
 .data          0x20000000        0x0 C:/Users/s_a_a/Desktop/NUCLEO-F446RE/BM/Build/Object/MCAL/GPIO/src/GPIO_program.o
 .data          0x20000000        0x0 C:/Users/s_a_a/Desktop/NUCLEO-F446RE/BM/Build/Object/MCAL/UART/src/UART.o
 .data          0x20000000        0x0 C:/Users/s_a_a/Desktop/NUCLEO-F446RE/BM/Build/Object/Startup/startup_stm32f103.o
 .data          0x20000000        0x0 C:/Users/s_a_a/Desktop/NUCLEO-F446RE/BM/Build/Object/Src/main.o
 *(.data*)
 .data.Uart_configuration
                0x20000000        0xc C:/Users/s_a_a/Desktop/NUCLEO-F446RE/BM/Build/Object/Src/main.o
                0x20000000                Uart_configuration
                0x2000000c                . = ALIGN (0x4)
                0x2000000c                _edata = .

.igot.plt       0x2000000c        0x0 load address 0x080013bc
 .igot.plt      0x2000000c        0x0 C:/Users/s_a_a/Desktop/NUCLEO-F446RE/BM/Build/Object/MCAL/RCC/src/RCC_program.o

.bss            0x2000000c       0x2c load address 0x080013bc
                0x2000000c                _sbss = .
 *(.bss)
 .bss           0x2000000c        0x0 C:/Users/s_a_a/Desktop/NUCLEO-F446RE/BM/Build/Object/MCAL/RCC/src/RCC_program.o
 .bss           0x2000000c        0x0 C:/Users/s_a_a/Desktop/NUCLEO-F446RE/BM/Build/Object/MCAL/NVIC/src/NVIC_program.o
 .bss           0x2000000c        0x0 C:/Users/s_a_a/Desktop/NUCLEO-F446RE/BM/Build/Object/MCAL/SysTick/src/SysTick_program.o
 .bss           0x2000000c        0x0 C:/Users/s_a_a/Desktop/NUCLEO-F446RE/BM/Build/Object/MCAL/GPIO/src/GPIO_program.o
 .bss           0x2000000c        0x0 C:/Users/s_a_a/Desktop/NUCLEO-F446RE/BM/Build/Object/MCAL/UART/src/UART.o
 .bss           0x2000000c        0x0 C:/Users/s_a_a/Desktop/NUCLEO-F446RE/BM/Build/Object/Startup/startup_stm32f103.o
 .bss           0x2000000c        0x0 C:/Users/s_a_a/Desktop/NUCLEO-F446RE/BM/Build/Object/Src/main.o
 *(.bss*)
 .bss.Local_PvFunction
                0x2000000c        0x4 C:/Users/s_a_a/Desktop/NUCLEO-F446RE/BM/Build/Object/MCAL/SysTick/src/SysTick_program.o
 .bss.rx_test   0x20000010        0x1 C:/Users/s_a_a/Desktop/NUCLEO-F446RE/BM/Build/Object/MCAL/UART/src/UART.o
                0x20000010                rx_test
 *fill*         0x20000011        0x3 
 .bss.uart1_funcPtr
                0x20000014        0x4 C:/Users/s_a_a/Desktop/NUCLEO-F446RE/BM/Build/Object/MCAL/UART/src/UART.o
                0x20000014                uart1_funcPtr
 .bss.uart2_funcPtr
                0x20000018        0x4 C:/Users/s_a_a/Desktop/NUCLEO-F446RE/BM/Build/Object/MCAL/UART/src/UART.o
                0x20000018                uart2_funcPtr
 .bss.uart3_funcPtr
                0x2000001c        0x4 C:/Users/s_a_a/Desktop/NUCLEO-F446RE/BM/Build/Object/MCAL/UART/src/UART.o
                0x2000001c                uart3_funcPtr
 .bss.RCC_Configuration
                0x20000020        0xc C:/Users/s_a_a/Desktop/NUCLEO-F446RE/BM/Build/Object/Src/main.o
                0x20000020                RCC_Configuration
 .bss.Jump_toApplication
                0x2000002c        0x4 C:/Users/s_a_a/Desktop/NUCLEO-F446RE/BM/Build/Object/Src/main.o
                0x2000002c                Jump_toApplication
 .bss.Jump_toBootLoader
                0x20000030        0x4 C:/Users/s_a_a/Desktop/NUCLEO-F446RE/BM/Build/Object/Src/main.o
                0x20000030                Jump_toBootLoader
 .bss.SwReset   0x20000034        0x1 C:/Users/s_a_a/Desktop/NUCLEO-F446RE/BM/Build/Object/Src/main.o
                0x20000034                SwReset
 .bss.PowerReset
                0x20000035        0x1 C:/Users/s_a_a/Desktop/NUCLEO-F446RE/BM/Build/Object/Src/main.o
                0x20000035                PowerReset
 .bss.PinReset  0x20000036        0x1 C:/Users/s_a_a/Desktop/NUCLEO-F446RE/BM/Build/Object/Src/main.o
                0x20000036                PinReset
                0x20000038                . = ALIGN (0x4)
 *fill*         0x20000037        0x1 
                0x20000038                _ebss = .

._user_heap_stack
                0x20000038     0x1200 load address 0x080013bc
                0x20000038                . = ALIGN (0x8)
                0x20000238                . = (. + _Min_Heap_Size)
 *fill*         0x20000038      0x200 
                0x20001238                . = (. + _Min_Stack_Size)
 *fill*         0x20000238     0x1000 
                0x20001238                . = ALIGN (0x8)
LOAD C:/Users/s_a_a/Desktop/NUCLEO-F446RE/BM/Build/Object/MCAL/RCC/src/RCC_program.o
LOAD C:/Users/s_a_a/Desktop/NUCLEO-F446RE/BM/Build/Object/MCAL/NVIC/src/NVIC_program.o
LOAD C:/Users/s_a_a/Desktop/NUCLEO-F446RE/BM/Build/Object/MCAL/SysTick/src/SysTick_program.o
LOAD C:/Users/s_a_a/Desktop/NUCLEO-F446RE/BM/Build/Object/MCAL/GPIO/src/GPIO_program.o
LOAD C:/Users/s_a_a/Desktop/NUCLEO-F446RE/BM/Build/Object/MCAL/UART/src/UART.o
LOAD C:/Users/s_a_a/Desktop/NUCLEO-F446RE/BM/Build/Object/Startup/startup_stm32f103.o
LOAD C:/Users/s_a_a/Desktop/NUCLEO-F446RE/BM/Build/Object/Src/main.o
OUTPUT(C:/Users/s_a_a/Desktop/NUCLEO-F446RE/BM/Tools/BM.elf elf32-littlearm)
LOAD linker stubs

.debug_info     0x00000000     0x1cde
 .debug_info    0x00000000      0x3e2 C:/Users/s_a_a/Desktop/NUCLEO-F446RE/BM/Build/Object/MCAL/RCC/src/RCC_program.o
 .debug_info    0x000003e2      0x303 C:/Users/s_a_a/Desktop/NUCLEO-F446RE/BM/Build/Object/MCAL/NVIC/src/NVIC_program.o
 .debug_info    0x000006e5      0x26b C:/Users/s_a_a/Desktop/NUCLEO-F446RE/BM/Build/Object/MCAL/SysTick/src/SysTick_program.o
 .debug_info    0x00000950      0x531 C:/Users/s_a_a/Desktop/NUCLEO-F446RE/BM/Build/Object/MCAL/GPIO/src/GPIO_program.o
 .debug_info    0x00000e81      0x63a C:/Users/s_a_a/Desktop/NUCLEO-F446RE/BM/Build/Object/MCAL/UART/src/UART.o
 .debug_info    0x000014bb      0x148 C:/Users/s_a_a/Desktop/NUCLEO-F446RE/BM/Build/Object/Startup/startup_stm32f103.o
 .debug_info    0x00001603      0x6db C:/Users/s_a_a/Desktop/NUCLEO-F446RE/BM/Build/Object/Src/main.o

.debug_abbrev   0x00000000      0x7e8
 .debug_abbrev  0x00000000      0x134 C:/Users/s_a_a/Desktop/NUCLEO-F446RE/BM/Build/Object/MCAL/RCC/src/RCC_program.o
 .debug_abbrev  0x00000134      0x12e C:/Users/s_a_a/Desktop/NUCLEO-F446RE/BM/Build/Object/MCAL/NVIC/src/NVIC_program.o
 .debug_abbrev  0x00000262      0x144 C:/Users/s_a_a/Desktop/NUCLEO-F446RE/BM/Build/Object/MCAL/SysTick/src/SysTick_program.o
 .debug_abbrev  0x000003a6      0x129 C:/Users/s_a_a/Desktop/NUCLEO-F446RE/BM/Build/Object/MCAL/GPIO/src/GPIO_program.o
 .debug_abbrev  0x000004cf      0x165 C:/Users/s_a_a/Desktop/NUCLEO-F446RE/BM/Build/Object/MCAL/UART/src/UART.o
 .debug_abbrev  0x00000634       0xe3 C:/Users/s_a_a/Desktop/NUCLEO-F446RE/BM/Build/Object/Startup/startup_stm32f103.o
 .debug_abbrev  0x00000717       0xd1 C:/Users/s_a_a/Desktop/NUCLEO-F446RE/BM/Build/Object/Src/main.o

.debug_aranges  0x00000000      0x230
 .debug_aranges
                0x00000000       0x78 C:/Users/s_a_a/Desktop/NUCLEO-F446RE/BM/Build/Object/MCAL/RCC/src/RCC_program.o
 .debug_aranges
                0x00000078       0x48 C:/Users/s_a_a/Desktop/NUCLEO-F446RE/BM/Build/Object/MCAL/NVIC/src/NVIC_program.o
 .debug_aranges
                0x000000c0       0x58 C:/Users/s_a_a/Desktop/NUCLEO-F446RE/BM/Build/Object/MCAL/SysTick/src/SysTick_program.o
 .debug_aranges
                0x00000118       0x48 C:/Users/s_a_a/Desktop/NUCLEO-F446RE/BM/Build/Object/MCAL/GPIO/src/GPIO_program.o
 .debug_aranges
                0x00000160       0x70 C:/Users/s_a_a/Desktop/NUCLEO-F446RE/BM/Build/Object/MCAL/UART/src/UART.o
 .debug_aranges
                0x000001d0       0x28 C:/Users/s_a_a/Desktop/NUCLEO-F446RE/BM/Build/Object/Startup/startup_stm32f103.o
 .debug_aranges
                0x000001f8       0x38 C:/Users/s_a_a/Desktop/NUCLEO-F446RE/BM/Build/Object/Src/main.o

.debug_ranges   0x00000000      0x1c0
 .debug_ranges  0x00000000       0x68 C:/Users/s_a_a/Desktop/NUCLEO-F446RE/BM/Build/Object/MCAL/RCC/src/RCC_program.o
 .debug_ranges  0x00000068       0x38 C:/Users/s_a_a/Desktop/NUCLEO-F446RE/BM/Build/Object/MCAL/NVIC/src/NVIC_program.o
 .debug_ranges  0x000000a0       0x48 C:/Users/s_a_a/Desktop/NUCLEO-F446RE/BM/Build/Object/MCAL/SysTick/src/SysTick_program.o
 .debug_ranges  0x000000e8       0x38 C:/Users/s_a_a/Desktop/NUCLEO-F446RE/BM/Build/Object/MCAL/GPIO/src/GPIO_program.o
 .debug_ranges  0x00000120       0x60 C:/Users/s_a_a/Desktop/NUCLEO-F446RE/BM/Build/Object/MCAL/UART/src/UART.o
 .debug_ranges  0x00000180       0x18 C:/Users/s_a_a/Desktop/NUCLEO-F446RE/BM/Build/Object/Startup/startup_stm32f103.o
 .debug_ranges  0x00000198       0x28 C:/Users/s_a_a/Desktop/NUCLEO-F446RE/BM/Build/Object/Src/main.o

.debug_macro    0x00000000      0xfe3
 .debug_macro   0x00000000       0x32 C:/Users/s_a_a/Desktop/NUCLEO-F446RE/BM/Build/Object/MCAL/RCC/src/RCC_program.o
 .debug_macro   0x00000032      0xa66 C:/Users/s_a_a/Desktop/NUCLEO-F446RE/BM/Build/Object/MCAL/RCC/src/RCC_program.o
 .debug_macro   0x00000a98       0x10 C:/Users/s_a_a/Desktop/NUCLEO-F446RE/BM/Build/Object/MCAL/RCC/src/RCC_program.o
 .debug_macro   0x00000aa8       0x22 C:/Users/s_a_a/Desktop/NUCLEO-F446RE/BM/Build/Object/MCAL/RCC/src/RCC_program.o
 .debug_macro   0x00000aca       0xd0 C:/Users/s_a_a/Desktop/NUCLEO-F446RE/BM/Build/Object/MCAL/RCC/src/RCC_program.o
 .debug_macro   0x00000b9a       0x49 C:/Users/s_a_a/Desktop/NUCLEO-F446RE/BM/Build/Object/MCAL/NVIC/src/NVIC_program.o
 .debug_macro   0x00000be3       0x58 C:/Users/s_a_a/Desktop/NUCLEO-F446RE/BM/Build/Object/MCAL/NVIC/src/NVIC_program.o
 .debug_macro   0x00000c3b       0x10 C:/Users/s_a_a/Desktop/NUCLEO-F446RE/BM/Build/Object/MCAL/NVIC/src/NVIC_program.o
 .debug_macro   0x00000c4b       0x3b C:/Users/s_a_a/Desktop/NUCLEO-F446RE/BM/Build/Object/MCAL/SysTick/src/SysTick_program.o
 .debug_macro   0x00000c86       0x22 C:/Users/s_a_a/Desktop/NUCLEO-F446RE/BM/Build/Object/MCAL/SysTick/src/SysTick_program.o
 .debug_macro   0x00000ca8       0x2e C:/Users/s_a_a/Desktop/NUCLEO-F446RE/BM/Build/Object/MCAL/SysTick/src/SysTick_program.o
 .debug_macro   0x00000cd6       0x3b C:/Users/s_a_a/Desktop/NUCLEO-F446RE/BM/Build/Object/MCAL/GPIO/src/GPIO_program.o
 .debug_macro   0x00000d11       0x6a C:/Users/s_a_a/Desktop/NUCLEO-F446RE/BM/Build/Object/MCAL/GPIO/src/GPIO_program.o
 .debug_macro   0x00000d7b       0x10 C:/Users/s_a_a/Desktop/NUCLEO-F446RE/BM/Build/Object/MCAL/GPIO/src/GPIO_program.o
 .debug_macro   0x00000d8b       0x32 C:/Users/s_a_a/Desktop/NUCLEO-F446RE/BM/Build/Object/MCAL/UART/src/UART.o
 .debug_macro   0x00000dbd       0x70 C:/Users/s_a_a/Desktop/NUCLEO-F446RE/BM/Build/Object/MCAL/UART/src/UART.o
 .debug_macro   0x00000e2d       0x17 C:/Users/s_a_a/Desktop/NUCLEO-F446RE/BM/Build/Object/Startup/startup_stm32f103.o
 .debug_macro   0x00000e44       0x53 C:/Users/s_a_a/Desktop/NUCLEO-F446RE/BM/Build/Object/Src/main.o
 .debug_macro   0x00000e97       0xd6 C:/Users/s_a_a/Desktop/NUCLEO-F446RE/BM/Build/Object/Src/main.o
 .debug_macro   0x00000f6d       0x76 C:/Users/s_a_a/Desktop/NUCLEO-F446RE/BM/Build/Object/Src/main.o

.debug_line     0x00000000      0xee4
 .debug_line    0x00000000      0x2c0 C:/Users/s_a_a/Desktop/NUCLEO-F446RE/BM/Build/Object/MCAL/RCC/src/RCC_program.o
 .debug_line    0x000002c0      0x206 C:/Users/s_a_a/Desktop/NUCLEO-F446RE/BM/Build/Object/MCAL/NVIC/src/NVIC_program.o
 .debug_line    0x000004c6      0x1da C:/Users/s_a_a/Desktop/NUCLEO-F446RE/BM/Build/Object/MCAL/SysTick/src/SysTick_program.o
 .debug_line    0x000006a0      0x295 C:/Users/s_a_a/Desktop/NUCLEO-F446RE/BM/Build/Object/MCAL/GPIO/src/GPIO_program.o
 .debug_line    0x00000935      0x369 C:/Users/s_a_a/Desktop/NUCLEO-F446RE/BM/Build/Object/MCAL/UART/src/UART.o
 .debug_line    0x00000c9e       0xe1 C:/Users/s_a_a/Desktop/NUCLEO-F446RE/BM/Build/Object/Startup/startup_stm32f103.o
 .debug_line    0x00000d7f      0x165 C:/Users/s_a_a/Desktop/NUCLEO-F446RE/BM/Build/Object/Src/main.o

.debug_str      0x00000000     0x4a4b
 .debug_str     0x00000000     0x3519 C:/Users/s_a_a/Desktop/NUCLEO-F446RE/BM/Build/Object/MCAL/RCC/src/RCC_program.o
                               0x3597 (size before relaxing)
 .debug_str     0x00003519      0x4c4 C:/Users/s_a_a/Desktop/NUCLEO-F446RE/BM/Build/Object/MCAL/NVIC/src/NVIC_program.o
                               0x3299 (size before relaxing)
 .debug_str     0x000039dd      0x339 C:/Users/s_a_a/Desktop/NUCLEO-F446RE/BM/Build/Object/MCAL/SysTick/src/SysTick_program.o
                               0x3111 (size before relaxing)
 .debug_str     0x00003d16      0x4e9 C:/Users/s_a_a/Desktop/NUCLEO-F446RE/BM/Build/Object/MCAL/GPIO/src/GPIO_program.o
                               0x32b7 (size before relaxing)
 .debug_str     0x000041ff      0x4d9 C:/Users/s_a_a/Desktop/NUCLEO-F446RE/BM/Build/Object/MCAL/UART/src/UART.o
                               0x32cd (size before relaxing)
 .debug_str     0x000046d8       0xa5 C:/Users/s_a_a/Desktop/NUCLEO-F446RE/BM/Build/Object/Startup/startup_stm32f103.o
                               0x2d41 (size before relaxing)
 .debug_str     0x0000477d      0x2ce C:/Users/s_a_a/Desktop/NUCLEO-F446RE/BM/Build/Object/Src/main.o
                               0x3e64 (size before relaxing)

.comment        0x00000000       0x49
 .comment       0x00000000       0x49 C:/Users/s_a_a/Desktop/NUCLEO-F446RE/BM/Build/Object/MCAL/RCC/src/RCC_program.o
                                 0x4a (size before relaxing)
 .comment       0x00000049       0x4a C:/Users/s_a_a/Desktop/NUCLEO-F446RE/BM/Build/Object/MCAL/NVIC/src/NVIC_program.o
 .comment       0x00000049       0x4a C:/Users/s_a_a/Desktop/NUCLEO-F446RE/BM/Build/Object/MCAL/SysTick/src/SysTick_program.o
 .comment       0x00000049       0x4a C:/Users/s_a_a/Desktop/NUCLEO-F446RE/BM/Build/Object/MCAL/GPIO/src/GPIO_program.o
 .comment       0x00000049       0x4a C:/Users/s_a_a/Desktop/NUCLEO-F446RE/BM/Build/Object/MCAL/UART/src/UART.o
 .comment       0x00000049       0x4a C:/Users/s_a_a/Desktop/NUCLEO-F446RE/BM/Build/Object/Startup/startup_stm32f103.o
 .comment       0x00000049       0x4a C:/Users/s_a_a/Desktop/NUCLEO-F446RE/BM/Build/Object/Src/main.o

.ARM.attributes
                0x00000000       0x34
 .ARM.attributes
                0x00000000       0x34 C:/Users/s_a_a/Desktop/NUCLEO-F446RE/BM/Build/Object/MCAL/RCC/src/RCC_program.o
 .ARM.attributes
                0x00000034       0x34 C:/Users/s_a_a/Desktop/NUCLEO-F446RE/BM/Build/Object/MCAL/NVIC/src/NVIC_program.o
 .ARM.attributes
                0x00000068       0x34 C:/Users/s_a_a/Desktop/NUCLEO-F446RE/BM/Build/Object/MCAL/SysTick/src/SysTick_program.o
 .ARM.attributes
                0x0000009c       0x34 C:/Users/s_a_a/Desktop/NUCLEO-F446RE/BM/Build/Object/MCAL/GPIO/src/GPIO_program.o
 .ARM.attributes
                0x000000d0       0x34 C:/Users/s_a_a/Desktop/NUCLEO-F446RE/BM/Build/Object/MCAL/UART/src/UART.o
 .ARM.attributes
                0x00000104       0x34 C:/Users/s_a_a/Desktop/NUCLEO-F446RE/BM/Build/Object/Startup/startup_stm32f103.o
 .ARM.attributes
                0x00000138       0x34 C:/Users/s_a_a/Desktop/NUCLEO-F446RE/BM/Build/Object/Src/main.o

.debug_frame    0x00000000      0x758
 .debug_frame   0x00000000      0x1c8 C:/Users/s_a_a/Desktop/NUCLEO-F446RE/BM/Build/Object/MCAL/RCC/src/RCC_program.o
 .debug_frame   0x000001c8      0x100 C:/Users/s_a_a/Desktop/NUCLEO-F446RE/BM/Build/Object/MCAL/NVIC/src/NVIC_program.o
 .debug_frame   0x000002c8      0x120 C:/Users/s_a_a/Desktop/NUCLEO-F446RE/BM/Build/Object/MCAL/SysTick/src/SysTick_program.o
 .debug_frame   0x000003e8       0xf4 C:/Users/s_a_a/Desktop/NUCLEO-F446RE/BM/Build/Object/MCAL/GPIO/src/GPIO_program.o
 .debug_frame   0x000004dc      0x1ac C:/Users/s_a_a/Desktop/NUCLEO-F446RE/BM/Build/Object/MCAL/UART/src/UART.o
 .debug_frame   0x00000688       0x48 C:/Users/s_a_a/Desktop/NUCLEO-F446RE/BM/Build/Object/Startup/startup_stm32f103.o
 .debug_frame   0x000006d0       0x88 C:/Users/s_a_a/Desktop/NUCLEO-F446RE/BM/Build/Object/Src/main.o
