
Discarded input sections

 .group         0x00000000        0xc /home/esmail/Desktop/NUCLEO-F446RE/BM/Build/Object/MCAL/RCC/src/RCC_program.o
 .group         0x00000000        0xc /home/esmail/Desktop/NUCLEO-F446RE/BM/Build/Object/MCAL/RCC/src/RCC_program.o
 .group         0x00000000        0xc /home/esmail/Desktop/NUCLEO-F446RE/BM/Build/Object/MCAL/RCC/src/RCC_program.o
 .group         0x00000000        0xc /home/esmail/Desktop/NUCLEO-F446RE/BM/Build/Object/MCAL/RCC/src/RCC_program.o
 .group         0x00000000        0xc /home/esmail/Desktop/NUCLEO-F446RE/BM/Build/Object/MCAL/NVIC/src/NVIC_program.o
 .group         0x00000000        0xc /home/esmail/Desktop/NUCLEO-F446RE/BM/Build/Object/MCAL/NVIC/src/NVIC_program.o
 .group         0x00000000        0xc /home/esmail/Desktop/NUCLEO-F446RE/BM/Build/Object/MCAL/NVIC/src/NVIC_program.o
 .group         0x00000000        0xc /home/esmail/Desktop/NUCLEO-F446RE/BM/Build/Object/MCAL/NVIC/src/NVIC_program.o
 .group         0x00000000        0xc /home/esmail/Desktop/NUCLEO-F446RE/BM/Build/Object/MCAL/NVIC/src/NVIC_program.o
 .debug_macro   0x00000000      0xac6 /home/esmail/Desktop/NUCLEO-F446RE/BM/Build/Object/MCAL/NVIC/src/NVIC_program.o
 .debug_macro   0x00000000       0x10 /home/esmail/Desktop/NUCLEO-F446RE/BM/Build/Object/MCAL/NVIC/src/NVIC_program.o
 .debug_macro   0x00000000       0x22 /home/esmail/Desktop/NUCLEO-F446RE/BM/Build/Object/MCAL/NVIC/src/NVIC_program.o
 .group         0x00000000        0xc /home/esmail/Desktop/NUCLEO-F446RE/BM/Build/Object/MCAL/SysTick/src/SysTick_program.o
 .group         0x00000000        0xc /home/esmail/Desktop/NUCLEO-F446RE/BM/Build/Object/MCAL/SysTick/src/SysTick_program.o
 .group         0x00000000        0xc /home/esmail/Desktop/NUCLEO-F446RE/BM/Build/Object/MCAL/SysTick/src/SysTick_program.o
 .group         0x00000000        0xc /home/esmail/Desktop/NUCLEO-F446RE/BM/Build/Object/MCAL/SysTick/src/SysTick_program.o
 .group         0x00000000        0xc /home/esmail/Desktop/NUCLEO-F446RE/BM/Build/Object/MCAL/SysTick/src/SysTick_program.o
 .debug_macro   0x00000000      0xac6 /home/esmail/Desktop/NUCLEO-F446RE/BM/Build/Object/MCAL/SysTick/src/SysTick_program.o
 .debug_macro   0x00000000       0x10 /home/esmail/Desktop/NUCLEO-F446RE/BM/Build/Object/MCAL/SysTick/src/SysTick_program.o
 .debug_macro   0x00000000       0x22 /home/esmail/Desktop/NUCLEO-F446RE/BM/Build/Object/MCAL/SysTick/src/SysTick_program.o
 .group         0x00000000        0xc /home/esmail/Desktop/NUCLEO-F446RE/BM/Build/Object/MCAL/GPIO/src/GPIO_program.o
 .group         0x00000000        0xc /home/esmail/Desktop/NUCLEO-F446RE/BM/Build/Object/MCAL/GPIO/src/GPIO_program.o
 .group         0x00000000        0xc /home/esmail/Desktop/NUCLEO-F446RE/BM/Build/Object/MCAL/GPIO/src/GPIO_program.o
 .group         0x00000000        0xc /home/esmail/Desktop/NUCLEO-F446RE/BM/Build/Object/MCAL/GPIO/src/GPIO_program.o
 .group         0x00000000        0xc /home/esmail/Desktop/NUCLEO-F446RE/BM/Build/Object/MCAL/GPIO/src/GPIO_program.o
 .debug_macro   0x00000000      0xac6 /home/esmail/Desktop/NUCLEO-F446RE/BM/Build/Object/MCAL/GPIO/src/GPIO_program.o
 .debug_macro   0x00000000       0x10 /home/esmail/Desktop/NUCLEO-F446RE/BM/Build/Object/MCAL/GPIO/src/GPIO_program.o
 .debug_macro   0x00000000       0x22 /home/esmail/Desktop/NUCLEO-F446RE/BM/Build/Object/MCAL/GPIO/src/GPIO_program.o
 .group         0x00000000        0xc /home/esmail/Desktop/NUCLEO-F446RE/BM/Build/Object/MCAL/UART/src/UART.o
 .group         0x00000000        0xc /home/esmail/Desktop/NUCLEO-F446RE/BM/Build/Object/MCAL/UART/src/UART.o
 .group         0x00000000        0xc /home/esmail/Desktop/NUCLEO-F446RE/BM/Build/Object/MCAL/UART/src/UART.o
 .group         0x00000000        0xc /home/esmail/Desktop/NUCLEO-F446RE/BM/Build/Object/MCAL/UART/src/UART.o
 .debug_macro   0x00000000      0xac6 /home/esmail/Desktop/NUCLEO-F446RE/BM/Build/Object/MCAL/UART/src/UART.o
 .debug_macro   0x00000000       0x10 /home/esmail/Desktop/NUCLEO-F446RE/BM/Build/Object/MCAL/UART/src/UART.o
 .debug_macro   0x00000000       0x22 /home/esmail/Desktop/NUCLEO-F446RE/BM/Build/Object/MCAL/UART/src/UART.o
 .group         0x00000000        0xc /home/esmail/Desktop/NUCLEO-F446RE/BM/Build/Object/Startup/startup_stm32f103.o
 .debug_macro   0x00000000      0xac6 /home/esmail/Desktop/NUCLEO-F446RE/BM/Build/Object/Startup/startup_stm32f103.o
 .group         0x00000000        0xc /home/esmail/Desktop/NUCLEO-F446RE/BM/Build/Object/Src/main.o
 .group         0x00000000        0xc /home/esmail/Desktop/NUCLEO-F446RE/BM/Build/Object/Src/main.o
 .group         0x00000000        0xc /home/esmail/Desktop/NUCLEO-F446RE/BM/Build/Object/Src/main.o
 .group         0x00000000        0xc /home/esmail/Desktop/NUCLEO-F446RE/BM/Build/Object/Src/main.o
 .group         0x00000000        0xc /home/esmail/Desktop/NUCLEO-F446RE/BM/Build/Object/Src/main.o
 .group         0x00000000        0xc /home/esmail/Desktop/NUCLEO-F446RE/BM/Build/Object/Src/main.o
 .group         0x00000000        0xc /home/esmail/Desktop/NUCLEO-F446RE/BM/Build/Object/Src/main.o
 .debug_macro   0x00000000      0xac6 /home/esmail/Desktop/NUCLEO-F446RE/BM/Build/Object/Src/main.o
 .debug_macro   0x00000000       0x10 /home/esmail/Desktop/NUCLEO-F446RE/BM/Build/Object/Src/main.o
 .debug_macro   0x00000000       0x22 /home/esmail/Desktop/NUCLEO-F446RE/BM/Build/Object/Src/main.o
 .debug_macro   0x00000000       0x6a /home/esmail/Desktop/NUCLEO-F446RE/BM/Build/Object/Src/main.o
 .debug_macro   0x00000000       0x10 /home/esmail/Desktop/NUCLEO-F446RE/BM/Build/Object/Src/main.o

Memory Configuration

Name             Origin             Length             Attributes
FLASH            0x08000000         0x00004000         xr
RAM              0x20000000         0x00020000         xrw
*default*        0x00000000         0xffffffff

Linker script and memory map

                0x20020000                        _estack = (ORIGIN (RAM) + LENGTH (RAM))
                0x00000200                        _Min_Heap_Size = 0x200
                0x00001000                        _Min_Stack_Size = 0x1000

.isr_vector     0x08000000      0x178
                0x08000000                        . = ALIGN (0x4)
 *(.isr_vector)
 .isr_vector    0x08000000      0x178 /home/esmail/Desktop/NUCLEO-F446RE/BM/Build/Object/Startup/startup_stm32f103.o
                0x08000000                Vector_Table
                0x08000178                        . = ALIGN (0x4)

.text           0x08000178     0x1210
                0x08000178                        . = ALIGN (0x4)
 *(.text)
 .text          0x08000178        0x0 /home/esmail/Desktop/NUCLEO-F446RE/BM/Build/Object/MCAL/RCC/src/RCC_program.o
 .text          0x08000178        0x0 /home/esmail/Desktop/NUCLEO-F446RE/BM/Build/Object/MCAL/NVIC/src/NVIC_program.o
 .text          0x08000178        0x0 /home/esmail/Desktop/NUCLEO-F446RE/BM/Build/Object/MCAL/SysTick/src/SysTick_program.o
 .text          0x08000178        0x0 /home/esmail/Desktop/NUCLEO-F446RE/BM/Build/Object/MCAL/GPIO/src/GPIO_program.o
 .text          0x08000178        0x0 /home/esmail/Desktop/NUCLEO-F446RE/BM/Build/Object/MCAL/UART/src/UART.o
 .text          0x08000178        0x0 /home/esmail/Desktop/NUCLEO-F446RE/BM/Build/Object/Startup/startup_stm32f103.o
 .text          0x08000178        0x0 /home/esmail/Desktop/NUCLEO-F446RE/BM/Build/Object/Src/main.o
 *(.text*)
 .text.RCC_EnableHSI
                0x08000178       0x30 /home/esmail/Desktop/NUCLEO-F446RE/BM/Build/Object/MCAL/RCC/src/RCC_program.o
 .text.RCC_EnableHSE
                0x080001a8       0x30 /home/esmail/Desktop/NUCLEO-F446RE/BM/Build/Object/MCAL/RCC/src/RCC_program.o
 .text.RCC_EnablePLL
                0x080001d8       0x30 /home/esmail/Desktop/NUCLEO-F446RE/BM/Build/Object/MCAL/RCC/src/RCC_program.o
 .text.RCC_DisablePLL
                0x08000208       0x30 /home/esmail/Desktop/NUCLEO-F446RE/BM/Build/Object/MCAL/RCC/src/RCC_program.o
 .text.RCC_SelectSystemClock
                0x08000238       0x4c /home/esmail/Desktop/NUCLEO-F446RE/BM/Build/Object/MCAL/RCC/src/RCC_program.o
 .text.RCC_ConfigPLL
                0x08000284       0x74 /home/esmail/Desktop/NUCLEO-F446RE/BM/Build/Object/MCAL/RCC/src/RCC_program.o
 .text.RCC_SetAHBPrescaler
                0x080002f8       0x34 /home/esmail/Desktop/NUCLEO-F446RE/BM/Build/Object/MCAL/RCC/src/RCC_program.o
 .text.RCC_SetAPB1Prescaler
                0x0800032c       0x34 /home/esmail/Desktop/NUCLEO-F446RE/BM/Build/Object/MCAL/RCC/src/RCC_program.o
 .text.RCC_SetAPB2Prescaler
                0x08000360       0x34 /home/esmail/Desktop/NUCLEO-F446RE/BM/Build/Object/MCAL/RCC/src/RCC_program.o
 .text.RCC_Init
                0x08000394       0x8e /home/esmail/Desktop/NUCLEO-F446RE/BM/Build/Object/MCAL/RCC/src/RCC_program.o
                0x08000394                RCC_Init
 *fill*         0x08000422        0x2 
 .text.RCC_EnableClock
                0x08000424       0xc0 /home/esmail/Desktop/NUCLEO-F446RE/BM/Build/Object/MCAL/RCC/src/RCC_program.o
                0x08000424                RCC_EnableClock
 .text.RCC_DisableClock
                0x080004e4       0xcc /home/esmail/Desktop/NUCLEO-F446RE/BM/Build/Object/MCAL/RCC/src/RCC_program.o
                0x080004e4                RCC_DisableClock
 .text.NVIC_EnableInterrupt
                0x080005b0       0x54 /home/esmail/Desktop/NUCLEO-F446RE/BM/Build/Object/MCAL/NVIC/src/NVIC_program.o
                0x080005b0                NVIC_EnableInterrupt
 .text.NVIC_DisableInterrupt
                0x08000604       0x54 /home/esmail/Desktop/NUCLEO-F446RE/BM/Build/Object/MCAL/NVIC/src/NVIC_program.o
                0x08000604                NVIC_DisableInterrupt
 .text.NVIC_SetPendingFlag
                0x08000658       0x54 /home/esmail/Desktop/NUCLEO-F446RE/BM/Build/Object/MCAL/NVIC/src/NVIC_program.o
                0x08000658                NVIC_SetPendingFlag
 .text.NVIC_ClearPendingFlag
                0x080006ac       0x54 /home/esmail/Desktop/NUCLEO-F446RE/BM/Build/Object/MCAL/NVIC/src/NVIC_program.o
                0x080006ac                NVIC_ClearPendingFlag
 .text.NVIC_GetActiveInterrupt
                0x08000700       0x6c /home/esmail/Desktop/NUCLEO-F446RE/BM/Build/Object/MCAL/NVIC/src/NVIC_program.o
                0x08000700                NVIC_GetActiveInterrupt
 .text.NVIC_SetPriority
                0x0800076c       0x68 /home/esmail/Desktop/NUCLEO-F446RE/BM/Build/Object/MCAL/NVIC/src/NVIC_program.o
                0x0800076c                NVIC_SetPriority
 .text.SysTick_voidInit
                0x080007d4       0x1c /home/esmail/Desktop/NUCLEO-F446RE/BM/Build/Object/MCAL/SysTick/src/SysTick_program.o
                0x080007d4                SysTick_voidInit
 .text.SysTick_voidSetBusyWait
                0x080007f0       0x54 /home/esmail/Desktop/NUCLEO-F446RE/BM/Build/Object/MCAL/SysTick/src/SysTick_program.o
                0x080007f0                SysTick_voidSetBusyWait
 .text.SysTick_voidSetIntervalSingle
                0x08000844       0x58 /home/esmail/Desktop/NUCLEO-F446RE/BM/Build/Object/MCAL/SysTick/src/SysTick_program.o
                0x08000844                SysTick_voidSetIntervalSingle
 .text.SysTick_voidSetIntervalPeriodoc
                0x0800089c       0x64 /home/esmail/Desktop/NUCLEO-F446RE/BM/Build/Object/MCAL/SysTick/src/SysTick_program.o
                0x0800089c                SysTick_voidSetIntervalPeriodoc
 .text.SysTick_voidStopTimer
                0x08000900       0x1c /home/esmail/Desktop/NUCLEO-F446RE/BM/Build/Object/MCAL/SysTick/src/SysTick_program.o
                0x08000900                SysTick_voidStopTimer
 .text.SysTick_GetElapsedTime
                0x0800091c       0x20 /home/esmail/Desktop/NUCLEO-F446RE/BM/Build/Object/MCAL/SysTick/src/SysTick_program.o
                0x0800091c                SysTick_GetElapsedTime
 .text.SysTick_GetRemaningTime
                0x0800093c       0x18 /home/esmail/Desktop/NUCLEO-F446RE/BM/Build/Object/MCAL/SysTick/src/SysTick_program.o
                0x0800093c                SysTick_GetRemaningTime
 .text.SysTick_Handler
                0x08000954       0x14 /home/esmail/Desktop/NUCLEO-F446RE/BM/Build/Object/MCAL/SysTick/src/SysTick_program.o
                0x08000954                SysTick_Handler
 .text.GPIO_GetPort
                0x08000968       0x88 /home/esmail/Desktop/NUCLEO-F446RE/BM/Build/Object/MCAL/GPIO/src/GPIO_program.o
 .text.GPIO_InitPin
                0x080009f0      0x106 /home/esmail/Desktop/NUCLEO-F446RE/BM/Build/Object/MCAL/GPIO/src/GPIO_program.o
                0x080009f0                GPIO_InitPin
 .text.GPIO_WritePin
                0x08000af6       0x60 /home/esmail/Desktop/NUCLEO-F446RE/BM/Build/Object/MCAL/GPIO/src/GPIO_program.o
                0x08000af6                GPIO_WritePin
 .text.GPIO_TogglePin
                0x08000b56       0x4a /home/esmail/Desktop/NUCLEO-F446RE/BM/Build/Object/MCAL/GPIO/src/GPIO_program.o
                0x08000b56                GPIO_TogglePin
 .text.GPIO_ReadPin
                0x08000ba0       0x4e /home/esmail/Desktop/NUCLEO-F446RE/BM/Build/Object/MCAL/GPIO/src/GPIO_program.o
                0x08000ba0                GPIO_ReadPin
 *fill*         0x08000bee        0x2 
 .text.GPIO_SetAF
                0x08000bf0      0x118 /home/esmail/Desktop/NUCLEO-F446RE/BM/Build/Object/MCAL/GPIO/src/GPIO_program.o
                0x08000bf0                GPIO_SetAF
 .text.Get_BASE_ADD
                0x08000d08       0x50 /home/esmail/Desktop/NUCLEO-F446RE/BM/Build/Object/MCAL/UART/src/UART.o
                0x08000d08                Get_BASE_ADD
 .text.Write_UART_Number
                0x08000d58       0x88 /home/esmail/Desktop/NUCLEO-F446RE/BM/Build/Object/MCAL/UART/src/UART.o
                0x08000d58                Write_UART_Number
 .text.UART_Init
                0x08000de0      0x132 /home/esmail/Desktop/NUCLEO-F446RE/BM/Build/Object/MCAL/UART/src/UART.o
                0x08000de0                UART_Init
 .text.UART_SendSyncBuffer
                0x08000f12       0x56 /home/esmail/Desktop/NUCLEO-F446RE/BM/Build/Object/MCAL/UART/src/UART.o
                0x08000f12                UART_SendSyncBuffer
 .text.UART_voidSendNumber
                0x08000f68       0x50 /home/esmail/Desktop/NUCLEO-F446RE/BM/Build/Object/MCAL/UART/src/UART.o
                0x08000f68                UART_voidSendNumber
 .text.UART1_CALLBACK
                0x08000fb8       0x24 /home/esmail/Desktop/NUCLEO-F446RE/BM/Build/Object/MCAL/UART/src/UART.o
                0x08000fb8                UART1_CALLBACK
 .text.UART2_CALLBACK
                0x08000fdc       0x24 /home/esmail/Desktop/NUCLEO-F446RE/BM/Build/Object/MCAL/UART/src/UART.o
                0x08000fdc                UART2_CALLBACK
 .text.UART3_CALLBACK
                0x08001000       0x24 /home/esmail/Desktop/NUCLEO-F446RE/BM/Build/Object/MCAL/UART/src/UART.o
                0x08001000                UART3_CALLBACK
 .text.USART2_IRQHandler
                0x08001024       0x84 /home/esmail/Desktop/NUCLEO-F446RE/BM/Build/Object/MCAL/UART/src/UART.o
                0x08001024                USART2_IRQHandler
 .text.USART3_IRQHandler
                0x080010a8       0x84 /home/esmail/Desktop/NUCLEO-F446RE/BM/Build/Object/MCAL/UART/src/UART.o
                0x080010a8                USART3_IRQHandler
 .text.USART1_IRQHandler
                0x0800112c       0x84 /home/esmail/Desktop/NUCLEO-F446RE/BM/Build/Object/MCAL/UART/src/UART.o
                0x0800112c                USART1_IRQHandler
 .text.Reset_Handler
                0x080011b0       0x94 /home/esmail/Desktop/NUCLEO-F446RE/BM/Build/Object/Startup/startup_stm32f103.o
                0x080011b0                Reset_Handler
 .text.Default_Handler
                0x08001244        0x8 /home/esmail/Desktop/NUCLEO-F446RE/BM/Build/Object/Startup/startup_stm32f103.o
                0x08001244                RTC_Alarm_IRQHandler
                0x08001244                EXTI2_IRQHandler
                0x08001244                TIM8_CC_IRQHandler
                0x08001244                DebugMon_Handler
                0x08001244                SPI4_IRQHandler
                0x08001244                TIM1_CC_IRQHandler
                0x08001244                DMA2_Stream5_IRQHandler
                0x08001244                HardFault_Handler
                0x08001244                DMA1_Stream5_IRQHandler
                0x08001244                PVD_IRQHandler
                0x08001244                SDIO_IRQHandler
                0x08001244                TAMP_STAMP_IRQHandler
                0x08001244                PendSV_Handler
                0x08001244                NMI_Handler
                0x08001244                CAN2_RX1_IRQHandler
                0x08001244                EXTI3_IRQHandler
                0x08001244                TIM8_TRG_COM_TIM14_IRQHandler
                0x08001244                TIM1_UP_TIM10_IRQHandler
                0x08001244                TIM8_UP_TIM13_IRQHandler
                0x08001244                I2C3_ER_IRQHandler
                0x08001244                EXTI0_IRQHandler
                0x08001244                I2C2_EV_IRQHandler
                0x08001244                DMA1_Stream2_IRQHandler
                0x08001244                CAN1_RX0_IRQHandler
                0x08001244                FPU_IRQHandler
                0x08001244                UsageFault_Handler
                0x08001244                CAN2_SCE_IRQHandler
                0x08001244                DMA2_Stream2_IRQHandler
                0x08001244                SPI1_IRQHandler
                0x08001244                TIM6_DAC_IRQHandler
                0x08001244                TIM1_BRK_TIM9_IRQHandler
                0x08001244                CAN2_RX0_IRQHandler
                0x08001244                DMA2_Stream3_IRQHandler
                0x08001244                USART6_IRQHandler
                0x08001244                CAN1_RX1_IRQHandler
                0x08001244                UART5_IRQHandler
                0x08001244                DMA2_Stream0_IRQHandler
                0x08001244                TIM4_IRQHandler
                0x08001244                I2C1_EV_IRQHandler
                0x08001244                DMA1_Stream6_IRQHandler
                0x08001244                DMA1_Stream1_IRQHandler
                0x08001244                UART4_IRQHandler
                0x08001244                TIM3_IRQHandler
                0x08001244                RCC_IRQHandler
                0x08001244                TIM8_BRK_TIM12_IRQHandler
                0x08001244                Default_Handler
                0x08001244                EXTI15_10_IRQHandler
                0x08001244                ADC_IRQHandler
                0x08001244                DMA1_Stream7_IRQHandler
                0x08001244                SPI5_IRQHandler
                0x08001244                TIM7_IRQHandler
                0x08001244                CAN2_TX_IRQHandler
                0x08001244                TIM5_IRQHandler
                0x08001244                DMA2_Stream7_IRQHandler
                0x08001244                I2C3_EV_IRQHandler
                0x08001244                EXTI9_5_IRQHandler
                0x08001244                RTC_WKUP_IRQHandler
                0x08001244                SPI2_IRQHandler
                0x08001244                MemManage_Handler
                0x08001244                DMA1_Stream0_IRQHandler
                0x08001244                CAN1_TX_IRQHandler
                0x08001244                SVC_Handler
                0x08001244                EXTI4_IRQHandler
                0x08001244                WWDG_IRQHandler
                0x08001244                SPI6_IRQHandler
                0x08001244                TIM2_IRQHandler
                0x08001244                OTG_FS_WKUP_IRQHandler
                0x08001244                TIM1_TRG_COM_TIM11_IRQHandler
                0x08001244                DMA2D_IRQHandler
                0x08001244                EXTI1_IRQHandler
                0x08001244                I2C2_ER_IRQHandler
                0x08001244                DMA2_Stream1_IRQHandler
                0x08001244                CAN1_SCE_IRQHandler
                0x08001244                FLASH_IRQHandler
                0x08001244                DMA2_Stream4_IRQHandler
                0x08001244                BusFault_Handler
                0x08001244                OTG_FS_IRQHandler
                0x08001244                SPI3_IRQHandler
                0x08001244                DMA1_Stream4_IRQHandler
                0x08001244                I2C1_ER_IRQHandler
                0x08001244                FMC_IRQHandler
                0x08001244                DMA2_Stream6_IRQHandler
                0x08001244                SAI1_IRQHandler
                0x08001244                DMA1_Stream3_IRQHandler
 .text.main     0x0800124c       0xd0 /home/esmail/Desktop/NUCLEO-F446RE/BM/Build/Object/Src/main.o
                0x0800124c                main
 .text.APP_init
                0x0800131c       0x1c /home/esmail/Desktop/NUCLEO-F446RE/BM/Build/Object/Src/main.o
                0x0800131c                APP_init
 .text.GPIO_PIN_CONFIG
                0x08001338       0x2a /home/esmail/Desktop/NUCLEO-F446RE/BM/Build/Object/Src/main.o
                0x08001338                GPIO_PIN_CONFIG
 *fill*         0x08001362        0x2 
 .text.SystemInit
                0x08001364       0x24 /home/esmail/Desktop/NUCLEO-F446RE/BM/Build/Object/Src/main.o
                0x08001364                SystemInit
                0x08001388                        . = ALIGN (0x4)
                0x08001388                        _etext = .

.glue_7         0x08001388        0x0
 .glue_7        0x08001388        0x0 linker stubs

.glue_7t        0x08001388        0x0
 .glue_7t       0x08001388        0x0 linker stubs

.vfp11_veneer   0x08001388        0x0
 .vfp11_veneer  0x08001388        0x0 linker stubs

.v4_bx          0x08001388        0x0
 .v4_bx         0x08001388        0x0 linker stubs

.iplt           0x08001388        0x0
 .iplt          0x08001388        0x0 /home/esmail/Desktop/NUCLEO-F446RE/BM/Build/Object/MCAL/RCC/src/RCC_program.o

.rodata         0x08001388       0x14
                0x08001388                        . = ALIGN (0x4)
 *(.rodata)
 .rodata        0x08001388        0x6 /home/esmail/Desktop/NUCLEO-F446RE/BM/Build/Object/MCAL/UART/src/UART.o
 *fill*         0x0800138e        0x2 
 .rodata        0x08001390        0x7 /home/esmail/Desktop/NUCLEO-F446RE/BM/Build/Object/Src/main.o
 *(.rodata*)
 *fill*         0x08001397        0x1 
 .rodata.MSP_Value
                0x08001398        0x4 /home/esmail/Desktop/NUCLEO-F446RE/BM/Build/Object/Startup/startup_stm32f103.o
                0x08001398                MSP_Value
                0x0800139c                        . = ALIGN (0x4)
                0x0800139c                        _sidata = LOADADDR (.data)

.rel.dyn        0x0800139c        0x0
 .rel.iplt      0x0800139c        0x0 /home/esmail/Desktop/NUCLEO-F446RE/BM/Build/Object/MCAL/RCC/src/RCC_program.o

.data           0x20000000        0xc load address 0x0800139c
                0x20000000                        . = ALIGN (0x4)
                0x20000000                        _sdata = .
 *(.data)
 .data          0x20000000        0x0 /home/esmail/Desktop/NUCLEO-F446RE/BM/Build/Object/MCAL/RCC/src/RCC_program.o
 .data          0x20000000        0x0 /home/esmail/Desktop/NUCLEO-F446RE/BM/Build/Object/MCAL/NVIC/src/NVIC_program.o
 .data          0x20000000        0x0 /home/esmail/Desktop/NUCLEO-F446RE/BM/Build/Object/MCAL/SysTick/src/SysTick_program.o
 .data          0x20000000        0x0 /home/esmail/Desktop/NUCLEO-F446RE/BM/Build/Object/MCAL/GPIO/src/GPIO_program.o
 .data          0x20000000        0x0 /home/esmail/Desktop/NUCLEO-F446RE/BM/Build/Object/MCAL/UART/src/UART.o
 .data          0x20000000        0x0 /home/esmail/Desktop/NUCLEO-F446RE/BM/Build/Object/Startup/startup_stm32f103.o
 .data          0x20000000        0x0 /home/esmail/Desktop/NUCLEO-F446RE/BM/Build/Object/Src/main.o
 *(.data*)
 .data.Uart_configuration
                0x20000000        0xc /home/esmail/Desktop/NUCLEO-F446RE/BM/Build/Object/Src/main.o
                0x20000000                Uart_configuration
                0x2000000c                        . = ALIGN (0x4)
                0x2000000c                        _edata = .

.igot.plt       0x2000000c        0x0 load address 0x080013a8
 .igot.plt      0x2000000c        0x0 /home/esmail/Desktop/NUCLEO-F446RE/BM/Build/Object/MCAL/RCC/src/RCC_program.o

.bss            0x2000000c       0x2c load address 0x080013a8
                0x2000000c                        _sbss = .
 *(.bss)
 .bss           0x2000000c        0x0 /home/esmail/Desktop/NUCLEO-F446RE/BM/Build/Object/MCAL/RCC/src/RCC_program.o
 .bss           0x2000000c        0x0 /home/esmail/Desktop/NUCLEO-F446RE/BM/Build/Object/MCAL/NVIC/src/NVIC_program.o
 .bss           0x2000000c        0x0 /home/esmail/Desktop/NUCLEO-F446RE/BM/Build/Object/MCAL/SysTick/src/SysTick_program.o
 .bss           0x2000000c        0x0 /home/esmail/Desktop/NUCLEO-F446RE/BM/Build/Object/MCAL/GPIO/src/GPIO_program.o
 .bss           0x2000000c        0x0 /home/esmail/Desktop/NUCLEO-F446RE/BM/Build/Object/MCAL/UART/src/UART.o
 .bss           0x2000000c        0x0 /home/esmail/Desktop/NUCLEO-F446RE/BM/Build/Object/Startup/startup_stm32f103.o
 .bss           0x2000000c        0x0 /home/esmail/Desktop/NUCLEO-F446RE/BM/Build/Object/Src/main.o
 *(.bss*)
 .bss.Local_PvFunction
                0x2000000c        0x4 /home/esmail/Desktop/NUCLEO-F446RE/BM/Build/Object/MCAL/SysTick/src/SysTick_program.o
 .bss.rx_test   0x20000010        0x1 /home/esmail/Desktop/NUCLEO-F446RE/BM/Build/Object/MCAL/UART/src/UART.o
                0x20000010                rx_test
 *fill*         0x20000011        0x3 
 .bss.uart1_funcPtr
                0x20000014        0x4 /home/esmail/Desktop/NUCLEO-F446RE/BM/Build/Object/MCAL/UART/src/UART.o
                0x20000014                uart1_funcPtr
 .bss.uart2_funcPtr
                0x20000018        0x4 /home/esmail/Desktop/NUCLEO-F446RE/BM/Build/Object/MCAL/UART/src/UART.o
                0x20000018                uart2_funcPtr
 .bss.uart3_funcPtr
                0x2000001c        0x4 /home/esmail/Desktop/NUCLEO-F446RE/BM/Build/Object/MCAL/UART/src/UART.o
                0x2000001c                uart3_funcPtr
 .bss.RCC_Configuration
                0x20000020        0xc /home/esmail/Desktop/NUCLEO-F446RE/BM/Build/Object/Src/main.o
                0x20000020                RCC_Configuration
 .bss.Jump_toApplication
                0x2000002c        0x4 /home/esmail/Desktop/NUCLEO-F446RE/BM/Build/Object/Src/main.o
                0x2000002c                Jump_toApplication
 .bss.Jump_toBootLoader
                0x20000030        0x4 /home/esmail/Desktop/NUCLEO-F446RE/BM/Build/Object/Src/main.o
                0x20000030                Jump_toBootLoader
 .bss.SwReset   0x20000034        0x1 /home/esmail/Desktop/NUCLEO-F446RE/BM/Build/Object/Src/main.o
                0x20000034                SwReset
 .bss.PowerReset
                0x20000035        0x1 /home/esmail/Desktop/NUCLEO-F446RE/BM/Build/Object/Src/main.o
                0x20000035                PowerReset
 .bss.PinReset  0x20000036        0x1 /home/esmail/Desktop/NUCLEO-F446RE/BM/Build/Object/Src/main.o
                0x20000036                PinReset
                0x20000038                        . = ALIGN (0x4)
 *fill*         0x20000037        0x1 
                0x20000038                        _ebss = .

._user_heap_stack
                0x20000038     0x1200 load address 0x080013a8
                0x20000038                        . = ALIGN (0x8)
                0x20000238                        . = (. + _Min_Heap_Size)
 *fill*         0x20000038      0x200 
                0x20001238                        . = (. + _Min_Stack_Size)
 *fill*         0x20000238     0x1000 
                0x20001238                        . = ALIGN (0x8)
LOAD /home/esmail/Desktop/NUCLEO-F446RE/BM/Build/Object/MCAL/RCC/src/RCC_program.o
LOAD /home/esmail/Desktop/NUCLEO-F446RE/BM/Build/Object/MCAL/NVIC/src/NVIC_program.o
LOAD /home/esmail/Desktop/NUCLEO-F446RE/BM/Build/Object/MCAL/SysTick/src/SysTick_program.o
LOAD /home/esmail/Desktop/NUCLEO-F446RE/BM/Build/Object/MCAL/GPIO/src/GPIO_program.o
LOAD /home/esmail/Desktop/NUCLEO-F446RE/BM/Build/Object/MCAL/UART/src/UART.o
LOAD /home/esmail/Desktop/NUCLEO-F446RE/BM/Build/Object/Startup/startup_stm32f103.o
LOAD /home/esmail/Desktop/NUCLEO-F446RE/BM/Build/Object/Src/main.o
OUTPUT(/home/esmail/Desktop/NUCLEO-F446RE/BM/Tools/BM.elf elf32-littlearm)
LOAD linker stubs

.debug_info     0x00000000     0x1cc7
 .debug_info    0x00000000      0x3a5 /home/esmail/Desktop/NUCLEO-F446RE/BM/Build/Object/MCAL/RCC/src/RCC_program.o
 .debug_info    0x000003a5      0x2d5 /home/esmail/Desktop/NUCLEO-F446RE/BM/Build/Object/MCAL/NVIC/src/NVIC_program.o
 .debug_info    0x0000067a      0x24b /home/esmail/Desktop/NUCLEO-F446RE/BM/Build/Object/MCAL/SysTick/src/SysTick_program.o
 .debug_info    0x000008c5      0x4dc /home/esmail/Desktop/NUCLEO-F446RE/BM/Build/Object/MCAL/GPIO/src/GPIO_program.o
 .debug_info    0x00000da1      0x5dd /home/esmail/Desktop/NUCLEO-F446RE/BM/Build/Object/MCAL/UART/src/UART.o
 .debug_info    0x0000137e      0x15e /home/esmail/Desktop/NUCLEO-F446RE/BM/Build/Object/Startup/startup_stm32f103.o
 .debug_info    0x000014dc      0x7eb /home/esmail/Desktop/NUCLEO-F446RE/BM/Build/Object/Src/main.o

.debug_abbrev   0x00000000      0x85a
 .debug_abbrev  0x00000000      0x13e /home/esmail/Desktop/NUCLEO-F446RE/BM/Build/Object/MCAL/RCC/src/RCC_program.o
 .debug_abbrev  0x0000013e      0x12c /home/esmail/Desktop/NUCLEO-F446RE/BM/Build/Object/MCAL/NVIC/src/NVIC_program.o
 .debug_abbrev  0x0000026a      0x143 /home/esmail/Desktop/NUCLEO-F446RE/BM/Build/Object/MCAL/SysTick/src/SysTick_program.o
 .debug_abbrev  0x000003ad      0x133 /home/esmail/Desktop/NUCLEO-F446RE/BM/Build/Object/MCAL/GPIO/src/GPIO_program.o
 .debug_abbrev  0x000004e0      0x170 /home/esmail/Desktop/NUCLEO-F446RE/BM/Build/Object/MCAL/UART/src/UART.o
 .debug_abbrev  0x00000650       0xfa /home/esmail/Desktop/NUCLEO-F446RE/BM/Build/Object/Startup/startup_stm32f103.o
 .debug_abbrev  0x0000074a      0x110 /home/esmail/Desktop/NUCLEO-F446RE/BM/Build/Object/Src/main.o

.debug_aranges  0x00000000      0x230
 .debug_aranges
                0x00000000       0x78 /home/esmail/Desktop/NUCLEO-F446RE/BM/Build/Object/MCAL/RCC/src/RCC_program.o
 .debug_aranges
                0x00000078       0x48 /home/esmail/Desktop/NUCLEO-F446RE/BM/Build/Object/MCAL/NVIC/src/NVIC_program.o
 .debug_aranges
                0x000000c0       0x58 /home/esmail/Desktop/NUCLEO-F446RE/BM/Build/Object/MCAL/SysTick/src/SysTick_program.o
 .debug_aranges
                0x00000118       0x48 /home/esmail/Desktop/NUCLEO-F446RE/BM/Build/Object/MCAL/GPIO/src/GPIO_program.o
 .debug_aranges
                0x00000160       0x70 /home/esmail/Desktop/NUCLEO-F446RE/BM/Build/Object/MCAL/UART/src/UART.o
 .debug_aranges
                0x000001d0       0x28 /home/esmail/Desktop/NUCLEO-F446RE/BM/Build/Object/Startup/startup_stm32f103.o
 .debug_aranges
                0x000001f8       0x38 /home/esmail/Desktop/NUCLEO-F446RE/BM/Build/Object/Src/main.o

.debug_rnglists
                0x00000000      0x18e
 .debug_rnglists
                0x00000000       0x58 /home/esmail/Desktop/NUCLEO-F446RE/BM/Build/Object/MCAL/RCC/src/RCC_program.o
 .debug_rnglists
                0x00000058       0x31 /home/esmail/Desktop/NUCLEO-F446RE/BM/Build/Object/MCAL/NVIC/src/NVIC_program.o
 .debug_rnglists
                0x00000089       0x3d /home/esmail/Desktop/NUCLEO-F446RE/BM/Build/Object/MCAL/SysTick/src/SysTick_program.o
 .debug_rnglists
                0x000000c6       0x34 /home/esmail/Desktop/NUCLEO-F446RE/BM/Build/Object/MCAL/GPIO/src/GPIO_program.o
 .debug_rnglists
                0x000000fa       0x54 /home/esmail/Desktop/NUCLEO-F446RE/BM/Build/Object/MCAL/UART/src/UART.o
 .debug_rnglists
                0x0000014e       0x1a /home/esmail/Desktop/NUCLEO-F446RE/BM/Build/Object/Startup/startup_stm32f103.o
 .debug_rnglists
                0x00000168       0x26 /home/esmail/Desktop/NUCLEO-F446RE/BM/Build/Object/Src/main.o

.debug_macro    0x00000000     0x1043
 .debug_macro   0x00000000       0x32 /home/esmail/Desktop/NUCLEO-F446RE/BM/Build/Object/MCAL/RCC/src/RCC_program.o
 .debug_macro   0x00000032      0xac6 /home/esmail/Desktop/NUCLEO-F446RE/BM/Build/Object/MCAL/RCC/src/RCC_program.o
 .debug_macro   0x00000af8       0x10 /home/esmail/Desktop/NUCLEO-F446RE/BM/Build/Object/MCAL/RCC/src/RCC_program.o
 .debug_macro   0x00000b08       0x22 /home/esmail/Desktop/NUCLEO-F446RE/BM/Build/Object/MCAL/RCC/src/RCC_program.o
 .debug_macro   0x00000b2a       0xd0 /home/esmail/Desktop/NUCLEO-F446RE/BM/Build/Object/MCAL/RCC/src/RCC_program.o
 .debug_macro   0x00000bfa       0x49 /home/esmail/Desktop/NUCLEO-F446RE/BM/Build/Object/MCAL/NVIC/src/NVIC_program.o
 .debug_macro   0x00000c43       0x58 /home/esmail/Desktop/NUCLEO-F446RE/BM/Build/Object/MCAL/NVIC/src/NVIC_program.o
 .debug_macro   0x00000c9b       0x10 /home/esmail/Desktop/NUCLEO-F446RE/BM/Build/Object/MCAL/NVIC/src/NVIC_program.o
 .debug_macro   0x00000cab       0x3b /home/esmail/Desktop/NUCLEO-F446RE/BM/Build/Object/MCAL/SysTick/src/SysTick_program.o
 .debug_macro   0x00000ce6       0x22 /home/esmail/Desktop/NUCLEO-F446RE/BM/Build/Object/MCAL/SysTick/src/SysTick_program.o
 .debug_macro   0x00000d08       0x2e /home/esmail/Desktop/NUCLEO-F446RE/BM/Build/Object/MCAL/SysTick/src/SysTick_program.o
 .debug_macro   0x00000d36       0x3b /home/esmail/Desktop/NUCLEO-F446RE/BM/Build/Object/MCAL/GPIO/src/GPIO_program.o
 .debug_macro   0x00000d71       0x6a /home/esmail/Desktop/NUCLEO-F446RE/BM/Build/Object/MCAL/GPIO/src/GPIO_program.o
 .debug_macro   0x00000ddb       0x10 /home/esmail/Desktop/NUCLEO-F446RE/BM/Build/Object/MCAL/GPIO/src/GPIO_program.o
 .debug_macro   0x00000deb       0x32 /home/esmail/Desktop/NUCLEO-F446RE/BM/Build/Object/MCAL/UART/src/UART.o
 .debug_macro   0x00000e1d       0x70 /home/esmail/Desktop/NUCLEO-F446RE/BM/Build/Object/MCAL/UART/src/UART.o
 .debug_macro   0x00000e8d       0x17 /home/esmail/Desktop/NUCLEO-F446RE/BM/Build/Object/Startup/startup_stm32f103.o
 .debug_macro   0x00000ea4       0x53 /home/esmail/Desktop/NUCLEO-F446RE/BM/Build/Object/Src/main.o
 .debug_macro   0x00000ef7       0xd6 /home/esmail/Desktop/NUCLEO-F446RE/BM/Build/Object/Src/main.o
 .debug_macro   0x00000fcd       0x76 /home/esmail/Desktop/NUCLEO-F446RE/BM/Build/Object/Src/main.o

.debug_line     0x00000000      0xf0d
 .debug_line    0x00000000      0x2e5 /home/esmail/Desktop/NUCLEO-F446RE/BM/Build/Object/MCAL/RCC/src/RCC_program.o
 .debug_line    0x000002e5      0x206 /home/esmail/Desktop/NUCLEO-F446RE/BM/Build/Object/MCAL/NVIC/src/NVIC_program.o
 .debug_line    0x000004eb      0x1da /home/esmail/Desktop/NUCLEO-F446RE/BM/Build/Object/MCAL/SysTick/src/SysTick_program.o
 .debug_line    0x000006c5      0x2b9 /home/esmail/Desktop/NUCLEO-F446RE/BM/Build/Object/MCAL/GPIO/src/GPIO_program.o
 .debug_line    0x0000097e      0x367 /home/esmail/Desktop/NUCLEO-F446RE/BM/Build/Object/MCAL/UART/src/UART.o
 .debug_line    0x00000ce5       0xc3 /home/esmail/Desktop/NUCLEO-F446RE/BM/Build/Object/Startup/startup_stm32f103.o
 .debug_line    0x00000da8      0x165 /home/esmail/Desktop/NUCLEO-F446RE/BM/Build/Object/Src/main.o

.debug_str      0x00000000     0x4bcf
 .debug_str     0x00000000     0x4bcf /home/esmail/Desktop/NUCLEO-F446RE/BM/Build/Object/MCAL/RCC/src/RCC_program.o
                               0x371b (size before relaxing)
 .debug_str     0x00004bcf     0x341d /home/esmail/Desktop/NUCLEO-F446RE/BM/Build/Object/MCAL/NVIC/src/NVIC_program.o
 .debug_str     0x00004bcf     0x3295 /home/esmail/Desktop/NUCLEO-F446RE/BM/Build/Object/MCAL/SysTick/src/SysTick_program.o
 .debug_str     0x00004bcf     0x343b /home/esmail/Desktop/NUCLEO-F446RE/BM/Build/Object/MCAL/GPIO/src/GPIO_program.o
 .debug_str     0x00004bcf     0x3451 /home/esmail/Desktop/NUCLEO-F446RE/BM/Build/Object/MCAL/UART/src/UART.o
 .debug_str     0x00004bcf     0x2f1b /home/esmail/Desktop/NUCLEO-F446RE/BM/Build/Object/Startup/startup_stm32f103.o
 .debug_str     0x00004bcf     0x40c0 /home/esmail/Desktop/NUCLEO-F446RE/BM/Build/Object/Src/main.o

.comment        0x00000000       0x26
 .comment       0x00000000       0x26 /home/esmail/Desktop/NUCLEO-F446RE/BM/Build/Object/MCAL/RCC/src/RCC_program.o
                                 0x27 (size before relaxing)
 .comment       0x00000026       0x27 /home/esmail/Desktop/NUCLEO-F446RE/BM/Build/Object/MCAL/NVIC/src/NVIC_program.o
 .comment       0x00000026       0x27 /home/esmail/Desktop/NUCLEO-F446RE/BM/Build/Object/MCAL/SysTick/src/SysTick_program.o
 .comment       0x00000026       0x27 /home/esmail/Desktop/NUCLEO-F446RE/BM/Build/Object/MCAL/GPIO/src/GPIO_program.o
 .comment       0x00000026       0x27 /home/esmail/Desktop/NUCLEO-F446RE/BM/Build/Object/MCAL/UART/src/UART.o
 .comment       0x00000026       0x27 /home/esmail/Desktop/NUCLEO-F446RE/BM/Build/Object/Startup/startup_stm32f103.o
 .comment       0x00000026       0x27 /home/esmail/Desktop/NUCLEO-F446RE/BM/Build/Object/Src/main.o

.ARM.attributes
                0x00000000       0x34
 .ARM.attributes
                0x00000000       0x34 /home/esmail/Desktop/NUCLEO-F446RE/BM/Build/Object/MCAL/RCC/src/RCC_program.o
 .ARM.attributes
                0x00000034       0x34 /home/esmail/Desktop/NUCLEO-F446RE/BM/Build/Object/MCAL/NVIC/src/NVIC_program.o
 .ARM.attributes
                0x00000068       0x34 /home/esmail/Desktop/NUCLEO-F446RE/BM/Build/Object/MCAL/SysTick/src/SysTick_program.o
 .ARM.attributes
                0x0000009c       0x34 /home/esmail/Desktop/NUCLEO-F446RE/BM/Build/Object/MCAL/GPIO/src/GPIO_program.o
 .ARM.attributes
                0x000000d0       0x34 /home/esmail/Desktop/NUCLEO-F446RE/BM/Build/Object/MCAL/UART/src/UART.o
 .ARM.attributes
                0x00000104       0x34 /home/esmail/Desktop/NUCLEO-F446RE/BM/Build/Object/Startup/startup_stm32f103.o
 .ARM.attributes
                0x00000138       0x34 /home/esmail/Desktop/NUCLEO-F446RE/BM/Build/Object/Src/main.o

.debug_frame    0x00000000      0x758
 .debug_frame   0x00000000      0x1c8 /home/esmail/Desktop/NUCLEO-F446RE/BM/Build/Object/MCAL/RCC/src/RCC_program.o
 .debug_frame   0x000001c8      0x100 /home/esmail/Desktop/NUCLEO-F446RE/BM/Build/Object/MCAL/NVIC/src/NVIC_program.o
 .debug_frame   0x000002c8      0x120 /home/esmail/Desktop/NUCLEO-F446RE/BM/Build/Object/MCAL/SysTick/src/SysTick_program.o
 .debug_frame   0x000003e8       0xf4 /home/esmail/Desktop/NUCLEO-F446RE/BM/Build/Object/MCAL/GPIO/src/GPIO_program.o
 .debug_frame   0x000004dc      0x1ac /home/esmail/Desktop/NUCLEO-F446RE/BM/Build/Object/MCAL/UART/src/UART.o
 .debug_frame   0x00000688       0x48 /home/esmail/Desktop/NUCLEO-F446RE/BM/Build/Object/Startup/startup_stm32f103.o
 .debug_frame   0x000006d0       0x88 /home/esmail/Desktop/NUCLEO-F446RE/BM/Build/Object/Src/main.o
