
Discarded input sections

 .group         0x00000000        0xc C:/Users/s_a_a/Desktop/NUCLEO-F446RE/BM/Build/Object/MCAL/RCC/src/RCC_program.o
 .group         0x00000000        0xc C:/Users/s_a_a/Desktop/NUCLEO-F446RE/BM/Build/Object/MCAL/RCC/src/RCC_program.o
 .group         0x00000000        0xc C:/Users/s_a_a/Desktop/NUCLEO-F446RE/BM/Build/Object/MCAL/RCC/src/RCC_program.o
 .group         0x00000000        0xc C:/Users/s_a_a/Desktop/NUCLEO-F446RE/BM/Build/Object/MCAL/RCC/src/RCC_program.o
 .group         0x00000000        0xc C:/Users/s_a_a/Desktop/NUCLEO-F446RE/BM/Build/Object/MCAL/NVIC/src/NVIC_program.o
 .group         0x00000000        0xc C:/Users/s_a_a/Desktop/NUCLEO-F446RE/BM/Build/Object/MCAL/NVIC/src/NVIC_program.o
 .group         0x00000000        0xc C:/Users/s_a_a/Desktop/NUCLEO-F446RE/BM/Build/Object/MCAL/NVIC/src/NVIC_program.o
 .group         0x00000000        0xc C:/Users/s_a_a/Desktop/NUCLEO-F446RE/BM/Build/Object/MCAL/NVIC/src/NVIC_program.o
 .group         0x00000000        0xc C:/Users/s_a_a/Desktop/NUCLEO-F446RE/BM/Build/Object/MCAL/NVIC/src/NVIC_program.o
 .debug_macro   0x00000000      0xa66 C:/Users/s_a_a/Desktop/NUCLEO-F446RE/BM/Build/Object/MCAL/NVIC/src/NVIC_program.o
 .debug_macro   0x00000000       0x10 C:/Users/s_a_a/Desktop/NUCLEO-F446RE/BM/Build/Object/MCAL/NVIC/src/NVIC_program.o
 .debug_macro   0x00000000       0x22 C:/Users/s_a_a/Desktop/NUCLEO-F446RE/BM/Build/Object/MCAL/NVIC/src/NVIC_program.o
 .group         0x00000000        0xc C:/Users/s_a_a/Desktop/NUCLEO-F446RE/BM/Build/Object/MCAL/SysTick/src/SysTick_program.o
 .group         0x00000000        0xc C:/Users/s_a_a/Desktop/NUCLEO-F446RE/BM/Build/Object/MCAL/SysTick/src/SysTick_program.o
 .group         0x00000000        0xc C:/Users/s_a_a/Desktop/NUCLEO-F446RE/BM/Build/Object/MCAL/SysTick/src/SysTick_program.o
 .group         0x00000000        0xc C:/Users/s_a_a/Desktop/NUCLEO-F446RE/BM/Build/Object/MCAL/SysTick/src/SysTick_program.o
 .group         0x00000000        0xc C:/Users/s_a_a/Desktop/NUCLEO-F446RE/BM/Build/Object/MCAL/SysTick/src/SysTick_program.o
 .debug_macro   0x00000000      0xa66 C:/Users/s_a_a/Desktop/NUCLEO-F446RE/BM/Build/Object/MCAL/SysTick/src/SysTick_program.o
 .debug_macro   0x00000000       0x10 C:/Users/s_a_a/Desktop/NUCLEO-F446RE/BM/Build/Object/MCAL/SysTick/src/SysTick_program.o
 .debug_macro   0x00000000       0x22 C:/Users/s_a_a/Desktop/NUCLEO-F446RE/BM/Build/Object/MCAL/SysTick/src/SysTick_program.o
 .group         0x00000000        0xc C:/Users/s_a_a/Desktop/NUCLEO-F446RE/BM/Build/Object/MCAL/GPIO/src/GPIO_program.o
 .group         0x00000000        0xc C:/Users/s_a_a/Desktop/NUCLEO-F446RE/BM/Build/Object/MCAL/GPIO/src/GPIO_program.o
 .group         0x00000000        0xc C:/Users/s_a_a/Desktop/NUCLEO-F446RE/BM/Build/Object/MCAL/GPIO/src/GPIO_program.o
 .group         0x00000000        0xc C:/Users/s_a_a/Desktop/NUCLEO-F446RE/BM/Build/Object/MCAL/GPIO/src/GPIO_program.o
 .group         0x00000000        0xc C:/Users/s_a_a/Desktop/NUCLEO-F446RE/BM/Build/Object/MCAL/GPIO/src/GPIO_program.o
 .debug_macro   0x00000000      0xa66 C:/Users/s_a_a/Desktop/NUCLEO-F446RE/BM/Build/Object/MCAL/GPIO/src/GPIO_program.o
 .debug_macro   0x00000000       0x10 C:/Users/s_a_a/Desktop/NUCLEO-F446RE/BM/Build/Object/MCAL/GPIO/src/GPIO_program.o
 .debug_macro   0x00000000       0x22 C:/Users/s_a_a/Desktop/NUCLEO-F446RE/BM/Build/Object/MCAL/GPIO/src/GPIO_program.o
 .group         0x00000000        0xc C:/Users/s_a_a/Desktop/NUCLEO-F446RE/BM/Build/Object/MCAL/UART/src/UART.o
 .group         0x00000000        0xc C:/Users/s_a_a/Desktop/NUCLEO-F446RE/BM/Build/Object/MCAL/UART/src/UART.o
 .group         0x00000000        0xc C:/Users/s_a_a/Desktop/NUCLEO-F446RE/BM/Build/Object/MCAL/UART/src/UART.o
 .group         0x00000000        0xc C:/Users/s_a_a/Desktop/NUCLEO-F446RE/BM/Build/Object/MCAL/UART/src/UART.o
 .debug_macro   0x00000000      0xa66 C:/Users/s_a_a/Desktop/NUCLEO-F446RE/BM/Build/Object/MCAL/UART/src/UART.o
 .debug_macro   0x00000000       0x10 C:/Users/s_a_a/Desktop/NUCLEO-F446RE/BM/Build/Object/MCAL/UART/src/UART.o
 .debug_macro   0x00000000       0x22 C:/Users/s_a_a/Desktop/NUCLEO-F446RE/BM/Build/Object/MCAL/UART/src/UART.o
 .group         0x00000000        0xc C:/Users/s_a_a/Desktop/NUCLEO-F446RE/BM/Build/Object/Startup/startup_stm32f103.o
 .debug_macro   0x00000000      0xa66 C:/Users/s_a_a/Desktop/NUCLEO-F446RE/BM/Build/Object/Startup/startup_stm32f103.o
 .group         0x00000000        0xc C:/Users/s_a_a/Desktop/NUCLEO-F446RE/BM/Build/Object/Src/main.o
 .group         0x00000000        0xc C:/Users/s_a_a/Desktop/NUCLEO-F446RE/BM/Build/Object/Src/main.o
 .group         0x00000000        0xc C:/Users/s_a_a/Desktop/NUCLEO-F446RE/BM/Build/Object/Src/main.o
 .group         0x00000000        0xc C:/Users/s_a_a/Desktop/NUCLEO-F446RE/BM/Build/Object/Src/main.o
 .group         0x00000000        0xc C:/Users/s_a_a/Desktop/NUCLEO-F446RE/BM/Build/Object/Src/main.o
 .group         0x00000000        0xc C:/Users/s_a_a/Desktop/NUCLEO-F446RE/BM/Build/Object/Src/main.o
 .group         0x00000000        0xc C:/Users/s_a_a/Desktop/NUCLEO-F446RE/BM/Build/Object/Src/main.o
 .debug_macro   0x00000000      0xa66 C:/Users/s_a_a/Desktop/NUCLEO-F446RE/BM/Build/Object/Src/main.o
 .debug_macro   0x00000000       0x10 C:/Users/s_a_a/Desktop/NUCLEO-F446RE/BM/Build/Object/Src/main.o
 .debug_macro   0x00000000       0x22 C:/Users/s_a_a/Desktop/NUCLEO-F446RE/BM/Build/Object/Src/main.o
 .debug_macro   0x00000000       0x6a C:/Users/s_a_a/Desktop/NUCLEO-F446RE/BM/Build/Object/Src/main.o
 .debug_macro   0x00000000       0x10 C:/Users/s_a_a/Desktop/NUCLEO-F446RE/BM/Build/Object/Src/main.o

Memory Configuration

Name             Origin             Length             Attributes
FLASH            0x08000000         0x00004000         xr
RAM              0x20000000         0x00020000         xrw
*default*        0x00000000         0xffffffff

Linker script and memory map

                0x20020000                _estack = (ORIGIN (RAM) + LENGTH (RAM))
                0x00000200                _Min_Heap_Size = 0x200
                0x00001000                _Min_Stack_Size = 0x1000

.isr_vector     0x08000000      0x178
                0x08000000                . = ALIGN (0x4)
 *(.isr_vector)
 .isr_vector    0x08000000      0x178 C:/Users/s_a_a/Desktop/NUCLEO-F446RE/BM/Build/Object/Startup/startup_stm32f103.o
                0x08000000                Vector_Table
                0x08000178                . = ALIGN (0x4)

.text           0x08000178     0x1288
                0x08000178                . = ALIGN (0x4)
 *(.text)
 .text          0x08000178        0x0 C:/Users/s_a_a/Desktop/NUCLEO-F446RE/BM/Build/Object/MCAL/RCC/src/RCC_program.o
 .text          0x08000178        0x0 C:/Users/s_a_a/Desktop/NUCLEO-F446RE/BM/Build/Object/MCAL/NVIC/src/NVIC_program.o
 .text          0x08000178        0x0 C:/Users/s_a_a/Desktop/NUCLEO-F446RE/BM/Build/Object/MCAL/SysTick/src/SysTick_program.o
 .text          0x08000178        0x0 C:/Users/s_a_a/Desktop/NUCLEO-F446RE/BM/Build/Object/MCAL/GPIO/src/GPIO_program.o
 .text          0x08000178        0x0 C:/Users/s_a_a/Desktop/NUCLEO-F446RE/BM/Build/Object/MCAL/UART/src/UART.o
 .text          0x08000178        0x0 C:/Users/s_a_a/Desktop/NUCLEO-F446RE/BM/Build/Object/Startup/startup_stm32f103.o
 .text          0x08000178        0x0 C:/Users/s_a_a/Desktop/NUCLEO-F446RE/BM/Build/Object/Src/main.o
 *(.text*)
 .text.RCC_EnableHSI
                0x08000178       0x30 C:/Users/s_a_a/Desktop/NUCLEO-F446RE/BM/Build/Object/MCAL/RCC/src/RCC_program.o
 .text.RCC_EnableHSE
                0x080001a8       0x3c C:/Users/s_a_a/Desktop/NUCLEO-F446RE/BM/Build/Object/MCAL/RCC/src/RCC_program.o
 .text.RCC_EnablePLL
                0x080001e4       0x30 C:/Users/s_a_a/Desktop/NUCLEO-F446RE/BM/Build/Object/MCAL/RCC/src/RCC_program.o
 .text.RCC_DisablePLL
                0x08000214       0x30 C:/Users/s_a_a/Desktop/NUCLEO-F446RE/BM/Build/Object/MCAL/RCC/src/RCC_program.o
 .text.RCC_SelectSystemClock
                0x08000244       0x60 C:/Users/s_a_a/Desktop/NUCLEO-F446RE/BM/Build/Object/MCAL/RCC/src/RCC_program.o
 .text.RCC_ConfigPLL
                0x080002a4       0x78 C:/Users/s_a_a/Desktop/NUCLEO-F446RE/BM/Build/Object/MCAL/RCC/src/RCC_program.o
 .text.RCC_SetAHBPrescaler
                0x0800031c       0x38 C:/Users/s_a_a/Desktop/NUCLEO-F446RE/BM/Build/Object/MCAL/RCC/src/RCC_program.o
 .text.RCC_SetAPB1Prescaler
                0x08000354       0x38 C:/Users/s_a_a/Desktop/NUCLEO-F446RE/BM/Build/Object/MCAL/RCC/src/RCC_program.o
 .text.RCC_SetAPB2Prescaler
                0x0800038c       0x38 C:/Users/s_a_a/Desktop/NUCLEO-F446RE/BM/Build/Object/MCAL/RCC/src/RCC_program.o
 .text.RCC_Init
                0x080003c4       0x98 C:/Users/s_a_a/Desktop/NUCLEO-F446RE/BM/Build/Object/MCAL/RCC/src/RCC_program.o
                0x080003c4                RCC_Init
 .text.RCC_EnableClock
                0x0800045c       0xc0 C:/Users/s_a_a/Desktop/NUCLEO-F446RE/BM/Build/Object/MCAL/RCC/src/RCC_program.o
                0x0800045c                RCC_EnableClock
 .text.RCC_DisableClock
                0x0800051c       0xcc C:/Users/s_a_a/Desktop/NUCLEO-F446RE/BM/Build/Object/MCAL/RCC/src/RCC_program.o
                0x0800051c                RCC_DisableClock
 .text.NVIC_EnableInterrupt
                0x080005e8       0x54 C:/Users/s_a_a/Desktop/NUCLEO-F446RE/BM/Build/Object/MCAL/NVIC/src/NVIC_program.o
                0x080005e8                NVIC_EnableInterrupt
 .text.NVIC_DisableInterrupt
                0x0800063c       0x54 C:/Users/s_a_a/Desktop/NUCLEO-F446RE/BM/Build/Object/MCAL/NVIC/src/NVIC_program.o
                0x0800063c                NVIC_DisableInterrupt
 .text.NVIC_SetPendingFlag
                0x08000690       0x54 C:/Users/s_a_a/Desktop/NUCLEO-F446RE/BM/Build/Object/MCAL/NVIC/src/NVIC_program.o
                0x08000690                NVIC_SetPendingFlag
 .text.NVIC_ClearPendingFlag
                0x080006e4       0x54 C:/Users/s_a_a/Desktop/NUCLEO-F446RE/BM/Build/Object/MCAL/NVIC/src/NVIC_program.o
                0x080006e4                NVIC_ClearPendingFlag
 .text.NVIC_GetActiveInterrupt
                0x08000738       0x6c C:/Users/s_a_a/Desktop/NUCLEO-F446RE/BM/Build/Object/MCAL/NVIC/src/NVIC_program.o
                0x08000738                NVIC_GetActiveInterrupt
 .text.NVIC_SetPriority
                0x080007a4       0x68 C:/Users/s_a_a/Desktop/NUCLEO-F446RE/BM/Build/Object/MCAL/NVIC/src/NVIC_program.o
                0x080007a4                NVIC_SetPriority
 .text.SysTick_voidInit
                0x0800080c       0x1c C:/Users/s_a_a/Desktop/NUCLEO-F446RE/BM/Build/Object/MCAL/SysTick/src/SysTick_program.o
                0x0800080c                SysTick_voidInit
 .text.SysTick_voidSetBusyWait
                0x08000828       0x54 C:/Users/s_a_a/Desktop/NUCLEO-F446RE/BM/Build/Object/MCAL/SysTick/src/SysTick_program.o
                0x08000828                SysTick_voidSetBusyWait
 .text.SysTick_voidSetIntervalSingle
                0x0800087c       0x58 C:/Users/s_a_a/Desktop/NUCLEO-F446RE/BM/Build/Object/MCAL/SysTick/src/SysTick_program.o
                0x0800087c                SysTick_voidSetIntervalSingle
 .text.SysTick_voidSetIntervalPeriodoc
                0x080008d4       0x64 C:/Users/s_a_a/Desktop/NUCLEO-F446RE/BM/Build/Object/MCAL/SysTick/src/SysTick_program.o
                0x080008d4                SysTick_voidSetIntervalPeriodoc
 .text.SysTick_voidStopTimer
                0x08000938       0x1c C:/Users/s_a_a/Desktop/NUCLEO-F446RE/BM/Build/Object/MCAL/SysTick/src/SysTick_program.o
                0x08000938                SysTick_voidStopTimer
 .text.SysTick_GetElapsedTime
                0x08000954       0x20 C:/Users/s_a_a/Desktop/NUCLEO-F446RE/BM/Build/Object/MCAL/SysTick/src/SysTick_program.o
                0x08000954                SysTick_GetElapsedTime
 .text.SysTick_GetRemaningTime
                0x08000974       0x18 C:/Users/s_a_a/Desktop/NUCLEO-F446RE/BM/Build/Object/MCAL/SysTick/src/SysTick_program.o
                0x08000974                SysTick_GetRemaningTime
 .text.SysTick_Handler
                0x0800098c       0x14 C:/Users/s_a_a/Desktop/NUCLEO-F446RE/BM/Build/Object/MCAL/SysTick/src/SysTick_program.o
                0x0800098c                SysTick_Handler
 .text.GPIO_GetPort
                0x080009a0       0x88 C:/Users/s_a_a/Desktop/NUCLEO-F446RE/BM/Build/Object/MCAL/GPIO/src/GPIO_program.o
 .text.GPIO_InitPin
                0x08000a28      0x106 C:/Users/s_a_a/Desktop/NUCLEO-F446RE/BM/Build/Object/MCAL/GPIO/src/GPIO_program.o
                0x08000a28                GPIO_InitPin
 .text.GPIO_WritePin
                0x08000b2e       0x60 C:/Users/s_a_a/Desktop/NUCLEO-F446RE/BM/Build/Object/MCAL/GPIO/src/GPIO_program.o
                0x08000b2e                GPIO_WritePin
 .text.GPIO_TogglePin
                0x08000b8e       0x4a C:/Users/s_a_a/Desktop/NUCLEO-F446RE/BM/Build/Object/MCAL/GPIO/src/GPIO_program.o
                0x08000b8e                GPIO_TogglePin
 .text.GPIO_ReadPin
                0x08000bd8       0x4e C:/Users/s_a_a/Desktop/NUCLEO-F446RE/BM/Build/Object/MCAL/GPIO/src/GPIO_program.o
                0x08000bd8                GPIO_ReadPin
 *fill*         0x08000c26        0x2 
 .text.GPIO_SetAF
                0x08000c28      0x118 C:/Users/s_a_a/Desktop/NUCLEO-F446RE/BM/Build/Object/MCAL/GPIO/src/GPIO_program.o
                0x08000c28                GPIO_SetAF
 .text.Get_BASE_ADD
                0x08000d40       0x50 C:/Users/s_a_a/Desktop/NUCLEO-F446RE/BM/Build/Object/MCAL/UART/src/UART.o
                0x08000d40                Get_BASE_ADD
 .text.Write_UART_Number
                0x08000d90       0x88 C:/Users/s_a_a/Desktop/NUCLEO-F446RE/BM/Build/Object/MCAL/UART/src/UART.o
                0x08000d90                Write_UART_Number
 .text.UART_Init
                0x08000e18      0x134 C:/Users/s_a_a/Desktop/NUCLEO-F446RE/BM/Build/Object/MCAL/UART/src/UART.o
                0x08000e18                UART_Init
 .text.UART_SendSyncBuffer
                0x08000f4c       0x56 C:/Users/s_a_a/Desktop/NUCLEO-F446RE/BM/Build/Object/MCAL/UART/src/UART.o
                0x08000f4c                UART_SendSyncBuffer
 *fill*         0x08000fa2        0x2 
 .text.UART_voidSendNumber
                0x08000fa4       0x50 C:/Users/s_a_a/Desktop/NUCLEO-F446RE/BM/Build/Object/MCAL/UART/src/UART.o
                0x08000fa4                UART_voidSendNumber
 .text.UART1_CALLBACK
                0x08000ff4       0x24 C:/Users/s_a_a/Desktop/NUCLEO-F446RE/BM/Build/Object/MCAL/UART/src/UART.o
                0x08000ff4                UART1_CALLBACK
 .text.UART2_CALLBACK
                0x08001018       0x24 C:/Users/s_a_a/Desktop/NUCLEO-F446RE/BM/Build/Object/MCAL/UART/src/UART.o
                0x08001018                UART2_CALLBACK
 .text.UART3_CALLBACK
                0x0800103c       0x24 C:/Users/s_a_a/Desktop/NUCLEO-F446RE/BM/Build/Object/MCAL/UART/src/UART.o
                0x0800103c                UART3_CALLBACK
 .text.USART2_IRQHandler
                0x08001060       0x84 C:/Users/s_a_a/Desktop/NUCLEO-F446RE/BM/Build/Object/MCAL/UART/src/UART.o
                0x08001060                USART2_IRQHandler
 .text.USART3_IRQHandler
                0x080010e4       0x84 C:/Users/s_a_a/Desktop/NUCLEO-F446RE/BM/Build/Object/MCAL/UART/src/UART.o
                0x080010e4                USART3_IRQHandler
 .text.USART1_IRQHandler
                0x08001168       0x84 C:/Users/s_a_a/Desktop/NUCLEO-F446RE/BM/Build/Object/MCAL/UART/src/UART.o
                0x08001168                USART1_IRQHandler
 .text.Reset_Handler
                0x080011ec       0x94 C:/Users/s_a_a/Desktop/NUCLEO-F446RE/BM/Build/Object/Startup/startup_stm32f103.o
                0x080011ec                Reset_Handler
 .text.Default_Handler
                0x08001280        0x6 C:/Users/s_a_a/Desktop/NUCLEO-F446RE/BM/Build/Object/Startup/startup_stm32f103.o
                0x08001280                RTC_Alarm_IRQHandler
                0x08001280                EXTI2_IRQHandler
                0x08001280                TIM8_CC_IRQHandler
                0x08001280                DebugMon_Handler
                0x08001280                SPI4_IRQHandler
                0x08001280                TIM1_CC_IRQHandler
                0x08001280                DMA2_Stream5_IRQHandler
                0x08001280                HardFault_Handler
                0x08001280                DMA1_Stream5_IRQHandler
                0x08001280                PVD_IRQHandler
                0x08001280                SDIO_IRQHandler
                0x08001280                TAMP_STAMP_IRQHandler
                0x08001280                PendSV_Handler
                0x08001280                NMI_Handler
                0x08001280                CAN2_RX1_IRQHandler
                0x08001280                EXTI3_IRQHandler
                0x08001280                TIM8_TRG_COM_TIM14_IRQHandler
                0x08001280                TIM1_UP_TIM10_IRQHandler
                0x08001280                TIM8_UP_TIM13_IRQHandler
                0x08001280                I2C3_ER_IRQHandler
                0x08001280                EXTI0_IRQHandler
                0x08001280                I2C2_EV_IRQHandler
                0x08001280                DMA1_Stream2_IRQHandler
                0x08001280                CAN1_RX0_IRQHandler
                0x08001280                FPU_IRQHandler
                0x08001280                UsageFault_Handler
                0x08001280                CAN2_SCE_IRQHandler
                0x08001280                DMA2_Stream2_IRQHandler
                0x08001280                SPI1_IRQHandler
                0x08001280                TIM6_DAC_IRQHandler
                0x08001280                TIM1_BRK_TIM9_IRQHandler
                0x08001280                CAN2_RX0_IRQHandler
                0x08001280                DMA2_Stream3_IRQHandler
                0x08001280                USART6_IRQHandler
                0x08001280                CAN1_RX1_IRQHandler
                0x08001280                UART5_IRQHandler
                0x08001280                DMA2_Stream0_IRQHandler
                0x08001280                TIM4_IRQHandler
                0x08001280                I2C1_EV_IRQHandler
                0x08001280                DMA1_Stream6_IRQHandler
                0x08001280                DMA1_Stream1_IRQHandler
                0x08001280                UART4_IRQHandler
                0x08001280                TIM3_IRQHandler
                0x08001280                RCC_IRQHandler
                0x08001280                TIM8_BRK_TIM12_IRQHandler
                0x08001280                Default_Handler
                0x08001280                EXTI15_10_IRQHandler
                0x08001280                ADC_IRQHandler
                0x08001280                DMA1_Stream7_IRQHandler
                0x08001280                SPI5_IRQHandler
                0x08001280                TIM7_IRQHandler
                0x08001280                CAN2_TX_IRQHandler
                0x08001280                TIM5_IRQHandler
                0x08001280                DMA2_Stream7_IRQHandler
                0x08001280                I2C3_EV_IRQHandler
                0x08001280                EXTI9_5_IRQHandler
                0x08001280                RTC_WKUP_IRQHandler
                0x08001280                SPI2_IRQHandler
                0x08001280                MemManage_Handler
                0x08001280                DMA1_Stream0_IRQHandler
                0x08001280                CAN1_TX_IRQHandler
                0x08001280                SVC_Handler
                0x08001280                EXTI4_IRQHandler
                0x08001280                WWDG_IRQHandler
                0x08001280                SPI6_IRQHandler
                0x08001280                TIM2_IRQHandler
                0x08001280                OTG_FS_WKUP_IRQHandler
                0x08001280                TIM1_TRG_COM_TIM11_IRQHandler
                0x08001280                DMA2D_IRQHandler
                0x08001280                EXTI1_IRQHandler
                0x08001280                I2C2_ER_IRQHandler
                0x08001280                DMA2_Stream1_IRQHandler
                0x08001280                CAN1_SCE_IRQHandler
                0x08001280                FLASH_IRQHandler
                0x08001280                DMA2_Stream4_IRQHandler
                0x08001280                BusFault_Handler
                0x08001280                OTG_FS_IRQHandler
                0x08001280                SPI3_IRQHandler
                0x08001280                DMA1_Stream4_IRQHandler
                0x08001280                I2C1_ER_IRQHandler
                0x08001280                FMC_IRQHandler
                0x08001280                DMA2_Stream6_IRQHandler
                0x08001280                SAI1_IRQHandler
                0x08001280                DMA1_Stream3_IRQHandler
 *fill*         0x08001286        0x2 
 .text.main     0x08001288      0x10c C:/Users/s_a_a/Desktop/NUCLEO-F446RE/BM/Build/Object/Src/main.o
                0x08001288                main
 .text.APP_init
                0x08001394       0x1c C:/Users/s_a_a/Desktop/NUCLEO-F446RE/BM/Build/Object/Src/main.o
                0x08001394                APP_init
 .text.GPIO_PIN_CONFIG
                0x080013b0       0x2a C:/Users/s_a_a/Desktop/NUCLEO-F446RE/BM/Build/Object/Src/main.o
                0x080013b0                GPIO_PIN_CONFIG
 *fill*         0x080013da        0x2 
 .text.SystemInit
                0x080013dc       0x24 C:/Users/s_a_a/Desktop/NUCLEO-F446RE/BM/Build/Object/Src/main.o
                0x080013dc                SystemInit
                0x08001400                . = ALIGN (0x4)
                0x08001400                _etext = .

.glue_7         0x08001400        0x0
 .glue_7        0x08001400        0x0 linker stubs

.glue_7t        0x08001400        0x0
 .glue_7t       0x08001400        0x0 linker stubs

.vfp11_veneer   0x08001400        0x0
 .vfp11_veneer  0x08001400        0x0 linker stubs

.v4_bx          0x08001400        0x0
 .v4_bx         0x08001400        0x0 linker stubs

.iplt           0x08001400        0x0
 .iplt          0x08001400        0x0 C:/Users/s_a_a/Desktop/NUCLEO-F446RE/BM/Build/Object/MCAL/RCC/src/RCC_program.o

.rodata         0x08001400       0x14
                0x08001400                . = ALIGN (0x4)
 *(.rodata)
 .rodata        0x08001400        0x6 C:/Users/s_a_a/Desktop/NUCLEO-F446RE/BM/Build/Object/MCAL/UART/src/UART.o
 *fill*         0x08001406        0x2 
 .rodata        0x08001408        0x7 C:/Users/s_a_a/Desktop/NUCLEO-F446RE/BM/Build/Object/Src/main.o
 *(.rodata*)
 *fill*         0x0800140f        0x1 
 .rodata.MSP_Value
                0x08001410        0x4 C:/Users/s_a_a/Desktop/NUCLEO-F446RE/BM/Build/Object/Startup/startup_stm32f103.o
                0x08001410                MSP_Value
                0x08001414                . = ALIGN (0x4)
                0x08001414                _sidata = LOADADDR (.data)

.rel.dyn        0x08001414        0x0
 .rel.iplt      0x08001414        0x0 C:/Users/s_a_a/Desktop/NUCLEO-F446RE/BM/Build/Object/MCAL/RCC/src/RCC_program.o

.data           0x20000000       0x18 load address 0x08001414
                0x20000000                . = ALIGN (0x4)
                0x20000000                _sdata = .
 *(.data)
 .data          0x20000000        0x0 C:/Users/s_a_a/Desktop/NUCLEO-F446RE/BM/Build/Object/MCAL/RCC/src/RCC_program.o
 .data          0x20000000        0x0 C:/Users/s_a_a/Desktop/NUCLEO-F446RE/BM/Build/Object/MCAL/NVIC/src/NVIC_program.o
 .data          0x20000000        0x0 C:/Users/s_a_a/Desktop/NUCLEO-F446RE/BM/Build/Object/MCAL/SysTick/src/SysTick_program.o
 .data          0x20000000        0x0 C:/Users/s_a_a/Desktop/NUCLEO-F446RE/BM/Build/Object/MCAL/GPIO/src/GPIO_program.o
 .data          0x20000000        0x0 C:/Users/s_a_a/Desktop/NUCLEO-F446RE/BM/Build/Object/MCAL/UART/src/UART.o
 .data          0x20000000        0x0 C:/Users/s_a_a/Desktop/NUCLEO-F446RE/BM/Build/Object/Startup/startup_stm32f103.o
 .data          0x20000000        0x0 C:/Users/s_a_a/Desktop/NUCLEO-F446RE/BM/Build/Object/Src/main.o
 *(.data*)
 .data.RCC_Configuration
                0x20000000        0xc C:/Users/s_a_a/Desktop/NUCLEO-F446RE/BM/Build/Object/Src/main.o
                0x20000000                RCC_Configuration
 .data.Uart_configuration
                0x2000000c        0xc C:/Users/s_a_a/Desktop/NUCLEO-F446RE/BM/Build/Object/Src/main.o
                0x2000000c                Uart_configuration
                0x20000018                . = ALIGN (0x4)
                0x20000018                _edata = .

.igot.plt       0x20000018        0x0 load address 0x0800142c
 .igot.plt      0x20000018        0x0 C:/Users/s_a_a/Desktop/NUCLEO-F446RE/BM/Build/Object/MCAL/RCC/src/RCC_program.o

.bss            0x20000018       0x20 load address 0x0800142c
                0x20000018                _sbss = .
 *(.bss)
 .bss           0x20000018        0x0 C:/Users/s_a_a/Desktop/NUCLEO-F446RE/BM/Build/Object/MCAL/RCC/src/RCC_program.o
 .bss           0x20000018        0x0 C:/Users/s_a_a/Desktop/NUCLEO-F446RE/BM/Build/Object/MCAL/NVIC/src/NVIC_program.o
 .bss           0x20000018        0x0 C:/Users/s_a_a/Desktop/NUCLEO-F446RE/BM/Build/Object/MCAL/SysTick/src/SysTick_program.o
 .bss           0x20000018        0x0 C:/Users/s_a_a/Desktop/NUCLEO-F446RE/BM/Build/Object/MCAL/GPIO/src/GPIO_program.o
 .bss           0x20000018        0x0 C:/Users/s_a_a/Desktop/NUCLEO-F446RE/BM/Build/Object/MCAL/UART/src/UART.o
 .bss           0x20000018        0x0 C:/Users/s_a_a/Desktop/NUCLEO-F446RE/BM/Build/Object/Startup/startup_stm32f103.o
 .bss           0x20000018        0x0 C:/Users/s_a_a/Desktop/NUCLEO-F446RE/BM/Build/Object/Src/main.o
 *(.bss*)
 .bss.Local_PvFunction
                0x20000018        0x4 C:/Users/s_a_a/Desktop/NUCLEO-F446RE/BM/Build/Object/MCAL/SysTick/src/SysTick_program.o
 .bss.rx_test   0x2000001c        0x1 C:/Users/s_a_a/Desktop/NUCLEO-F446RE/BM/Build/Object/MCAL/UART/src/UART.o
                0x2000001c                rx_test
 *fill*         0x2000001d        0x3 
 .bss.uart1_funcPtr
                0x20000020        0x4 C:/Users/s_a_a/Desktop/NUCLEO-F446RE/BM/Build/Object/MCAL/UART/src/UART.o
                0x20000020                uart1_funcPtr
 .bss.uart2_funcPtr
                0x20000024        0x4 C:/Users/s_a_a/Desktop/NUCLEO-F446RE/BM/Build/Object/MCAL/UART/src/UART.o
                0x20000024                uart2_funcPtr
 .bss.uart3_funcPtr
                0x20000028        0x4 C:/Users/s_a_a/Desktop/NUCLEO-F446RE/BM/Build/Object/MCAL/UART/src/UART.o
                0x20000028                uart3_funcPtr
 .bss.Jump_toApplication
                0x2000002c        0x4 C:/Users/s_a_a/Desktop/NUCLEO-F446RE/BM/Build/Object/Src/main.o
                0x2000002c                Jump_toApplication
 .bss.Jump_toBootLoader
                0x20000030        0x4 C:/Users/s_a_a/Desktop/NUCLEO-F446RE/BM/Build/Object/Src/main.o
                0x20000030                Jump_toBootLoader
 .bss.SwReset   0x20000034        0x1 C:/Users/s_a_a/Desktop/NUCLEO-F446RE/BM/Build/Object/Src/main.o
                0x20000034                SwReset
 .bss.PowerReset
                0x20000035        0x1 C:/Users/s_a_a/Desktop/NUCLEO-F446RE/BM/Build/Object/Src/main.o
                0x20000035                PowerReset
 .bss.PinReset  0x20000036        0x1 C:/Users/s_a_a/Desktop/NUCLEO-F446RE/BM/Build/Object/Src/main.o
                0x20000036                PinReset
                0x20000038                . = ALIGN (0x4)
 *fill*         0x20000037        0x1 
                0x20000038                _ebss = .

._user_heap_stack
                0x20000038     0x1200 load address 0x0800142c
                0x20000038                . = ALIGN (0x8)
                0x20000238                . = (. + _Min_Heap_Size)
 *fill*         0x20000038      0x200 
                0x20001238                . = (. + _Min_Stack_Size)
 *fill*         0x20000238     0x1000 
                0x20001238                . = ALIGN (0x8)
LOAD C:/Users/s_a_a/Desktop/NUCLEO-F446RE/BM/Build/Object/MCAL/RCC/src/RCC_program.o
LOAD C:/Users/s_a_a/Desktop/NUCLEO-F446RE/BM/Build/Object/MCAL/NVIC/src/NVIC_program.o
LOAD C:/Users/s_a_a/Desktop/NUCLEO-F446RE/BM/Build/Object/MCAL/SysTick/src/SysTick_program.o
LOAD C:/Users/s_a_a/Desktop/NUCLEO-F446RE/BM/Build/Object/MCAL/GPIO/src/GPIO_program.o
LOAD C:/Users/s_a_a/Desktop/NUCLEO-F446RE/BM/Build/Object/MCAL/UART/src/UART.o
LOAD C:/Users/s_a_a/Desktop/NUCLEO-F446RE/BM/Build/Object/Startup/startup_stm32f103.o
LOAD C:/Users/s_a_a/Desktop/NUCLEO-F446RE/BM/Build/Object/Src/main.o
OUTPUT(C:/Users/s_a_a/Desktop/NUCLEO-F446RE/BM/Tools/BM.elf elf32-littlearm)
LOAD linker stubs

.debug_info     0x00000000     0x1d10
 .debug_info    0x00000000      0x3e2 C:/Users/s_a_a/Desktop/NUCLEO-F446RE/BM/Build/Object/MCAL/RCC/src/RCC_program.o
 .debug_info    0x000003e2      0x303 C:/Users/s_a_a/Desktop/NUCLEO-F446RE/BM/Build/Object/MCAL/NVIC/src/NVIC_program.o
 .debug_info    0x000006e5      0x26b C:/Users/s_a_a/Desktop/NUCLEO-F446RE/BM/Build/Object/MCAL/SysTick/src/SysTick_program.o
 .debug_info    0x00000950      0x531 C:/Users/s_a_a/Desktop/NUCLEO-F446RE/BM/Build/Object/MCAL/GPIO/src/GPIO_program.o
 .debug_info    0x00000e81      0x63a C:/Users/s_a_a/Desktop/NUCLEO-F446RE/BM/Build/Object/MCAL/UART/src/UART.o
 .debug_info    0x000014bb      0x148 C:/Users/s_a_a/Desktop/NUCLEO-F446RE/BM/Build/Object/Startup/startup_stm32f103.o
 .debug_info    0x00001603      0x70d C:/Users/s_a_a/Desktop/NUCLEO-F446RE/BM/Build/Object/Src/main.o

.debug_abbrev   0x00000000      0x7fb
 .debug_abbrev  0x00000000      0x134 C:/Users/s_a_a/Desktop/NUCLEO-F446RE/BM/Build/Object/MCAL/RCC/src/RCC_program.o
 .debug_abbrev  0x00000134      0x12e C:/Users/s_a_a/Desktop/NUCLEO-F446RE/BM/Build/Object/MCAL/NVIC/src/NVIC_program.o
 .debug_abbrev  0x00000262      0x144 C:/Users/s_a_a/Desktop/NUCLEO-F446RE/BM/Build/Object/MCAL/SysTick/src/SysTick_program.o
 .debug_abbrev  0x000003a6      0x129 C:/Users/s_a_a/Desktop/NUCLEO-F446RE/BM/Build/Object/MCAL/GPIO/src/GPIO_program.o
 .debug_abbrev  0x000004cf      0x165 C:/Users/s_a_a/Desktop/NUCLEO-F446RE/BM/Build/Object/MCAL/UART/src/UART.o
 .debug_abbrev  0x00000634       0xe3 C:/Users/s_a_a/Desktop/NUCLEO-F446RE/BM/Build/Object/Startup/startup_stm32f103.o
 .debug_abbrev  0x00000717       0xe4 C:/Users/s_a_a/Desktop/NUCLEO-F446RE/BM/Build/Object/Src/main.o

.debug_aranges  0x00000000      0x230
 .debug_aranges
                0x00000000       0x78 C:/Users/s_a_a/Desktop/NUCLEO-F446RE/BM/Build/Object/MCAL/RCC/src/RCC_program.o
 .debug_aranges
                0x00000078       0x48 C:/Users/s_a_a/Desktop/NUCLEO-F446RE/BM/Build/Object/MCAL/NVIC/src/NVIC_program.o
 .debug_aranges
                0x000000c0       0x58 C:/Users/s_a_a/Desktop/NUCLEO-F446RE/BM/Build/Object/MCAL/SysTick/src/SysTick_program.o
 .debug_aranges
                0x00000118       0x48 C:/Users/s_a_a/Desktop/NUCLEO-F446RE/BM/Build/Object/MCAL/GPIO/src/GPIO_program.o
 .debug_aranges
                0x00000160       0x70 C:/Users/s_a_a/Desktop/NUCLEO-F446RE/BM/Build/Object/MCAL/UART/src/UART.o
 .debug_aranges
                0x000001d0       0x28 C:/Users/s_a_a/Desktop/NUCLEO-F446RE/BM/Build/Object/Startup/startup_stm32f103.o
 .debug_aranges
                0x000001f8       0x38 C:/Users/s_a_a/Desktop/NUCLEO-F446RE/BM/Build/Object/Src/main.o

.debug_ranges   0x00000000      0x1c0
 .debug_ranges  0x00000000       0x68 C:/Users/s_a_a/Desktop/NUCLEO-F446RE/BM/Build/Object/MCAL/RCC/src/RCC_program.o
 .debug_ranges  0x00000068       0x38 C:/Users/s_a_a/Desktop/NUCLEO-F446RE/BM/Build/Object/MCAL/NVIC/src/NVIC_program.o
 .debug_ranges  0x000000a0       0x48 C:/Users/s_a_a/Desktop/NUCLEO-F446RE/BM/Build/Object/MCAL/SysTick/src/SysTick_program.o
 .debug_ranges  0x000000e8       0x38 C:/Users/s_a_a/Desktop/NUCLEO-F446RE/BM/Build/Object/MCAL/GPIO/src/GPIO_program.o
 .debug_ranges  0x00000120       0x60 C:/Users/s_a_a/Desktop/NUCLEO-F446RE/BM/Build/Object/MCAL/UART/src/UART.o
 .debug_ranges  0x00000180       0x18 C:/Users/s_a_a/Desktop/NUCLEO-F446RE/BM/Build/Object/Startup/startup_stm32f103.o
 .debug_ranges  0x00000198       0x28 C:/Users/s_a_a/Desktop/NUCLEO-F446RE/BM/Build/Object/Src/main.o

.debug_macro    0x00000000     0x1007
 .debug_macro   0x00000000       0x38 C:/Users/s_a_a/Desktop/NUCLEO-F446RE/BM/Build/Object/MCAL/RCC/src/RCC_program.o
 .debug_macro   0x00000038      0xa66 C:/Users/s_a_a/Desktop/NUCLEO-F446RE/BM/Build/Object/MCAL/RCC/src/RCC_program.o
 .debug_macro   0x00000a9e       0x10 C:/Users/s_a_a/Desktop/NUCLEO-F446RE/BM/Build/Object/MCAL/RCC/src/RCC_program.o
 .debug_macro   0x00000aae       0x22 C:/Users/s_a_a/Desktop/NUCLEO-F446RE/BM/Build/Object/MCAL/RCC/src/RCC_program.o
 .debug_macro   0x00000ad0       0xd0 C:/Users/s_a_a/Desktop/NUCLEO-F446RE/BM/Build/Object/MCAL/RCC/src/RCC_program.o
 .debug_macro   0x00000ba0       0x49 C:/Users/s_a_a/Desktop/NUCLEO-F446RE/BM/Build/Object/MCAL/NVIC/src/NVIC_program.o
 .debug_macro   0x00000be9       0x58 C:/Users/s_a_a/Desktop/NUCLEO-F446RE/BM/Build/Object/MCAL/NVIC/src/NVIC_program.o
 .debug_macro   0x00000c41       0x10 C:/Users/s_a_a/Desktop/NUCLEO-F446RE/BM/Build/Object/MCAL/NVIC/src/NVIC_program.o
 .debug_macro   0x00000c51       0x3b C:/Users/s_a_a/Desktop/NUCLEO-F446RE/BM/Build/Object/MCAL/SysTick/src/SysTick_program.o
 .debug_macro   0x00000c8c       0x22 C:/Users/s_a_a/Desktop/NUCLEO-F446RE/BM/Build/Object/MCAL/SysTick/src/SysTick_program.o
 .debug_macro   0x00000cae       0x2e C:/Users/s_a_a/Desktop/NUCLEO-F446RE/BM/Build/Object/MCAL/SysTick/src/SysTick_program.o
 .debug_macro   0x00000cdc       0x3b C:/Users/s_a_a/Desktop/NUCLEO-F446RE/BM/Build/Object/MCAL/GPIO/src/GPIO_program.o
 .debug_macro   0x00000d17       0x6a C:/Users/s_a_a/Desktop/NUCLEO-F446RE/BM/Build/Object/MCAL/GPIO/src/GPIO_program.o
 .debug_macro   0x00000d81       0x10 C:/Users/s_a_a/Desktop/NUCLEO-F446RE/BM/Build/Object/MCAL/GPIO/src/GPIO_program.o
 .debug_macro   0x00000d91       0x32 C:/Users/s_a_a/Desktop/NUCLEO-F446RE/BM/Build/Object/MCAL/UART/src/UART.o
 .debug_macro   0x00000dc3       0x70 C:/Users/s_a_a/Desktop/NUCLEO-F446RE/BM/Build/Object/MCAL/UART/src/UART.o
 .debug_macro   0x00000e33       0x17 C:/Users/s_a_a/Desktop/NUCLEO-F446RE/BM/Build/Object/Startup/startup_stm32f103.o
 .debug_macro   0x00000e4a       0x71 C:/Users/s_a_a/Desktop/NUCLEO-F446RE/BM/Build/Object/Src/main.o
 .debug_macro   0x00000ebb       0xd6 C:/Users/s_a_a/Desktop/NUCLEO-F446RE/BM/Build/Object/Src/main.o
 .debug_macro   0x00000f91       0x76 C:/Users/s_a_a/Desktop/NUCLEO-F446RE/BM/Build/Object/Src/main.o

.debug_line     0x00000000      0xf24
 .debug_line    0x00000000      0x2c6 C:/Users/s_a_a/Desktop/NUCLEO-F446RE/BM/Build/Object/MCAL/RCC/src/RCC_program.o
 .debug_line    0x000002c6      0x206 C:/Users/s_a_a/Desktop/NUCLEO-F446RE/BM/Build/Object/MCAL/NVIC/src/NVIC_program.o
 .debug_line    0x000004cc      0x1da C:/Users/s_a_a/Desktop/NUCLEO-F446RE/BM/Build/Object/MCAL/SysTick/src/SysTick_program.o
 .debug_line    0x000006a6      0x295 C:/Users/s_a_a/Desktop/NUCLEO-F446RE/BM/Build/Object/MCAL/GPIO/src/GPIO_program.o
 .debug_line    0x0000093b      0x369 C:/Users/s_a_a/Desktop/NUCLEO-F446RE/BM/Build/Object/MCAL/UART/src/UART.o
 .debug_line    0x00000ca4       0xe1 C:/Users/s_a_a/Desktop/NUCLEO-F446RE/BM/Build/Object/Startup/startup_stm32f103.o
 .debug_line    0x00000d85      0x19f C:/Users/s_a_a/Desktop/NUCLEO-F446RE/BM/Build/Object/Src/main.o

.debug_str      0x00000000     0x4b3c
 .debug_str     0x00000000     0x3543 C:/Users/s_a_a/Desktop/NUCLEO-F446RE/BM/Build/Object/MCAL/RCC/src/RCC_program.o
                               0x35c1 (size before relaxing)
 .debug_str     0x00003543      0x4c4 C:/Users/s_a_a/Desktop/NUCLEO-F446RE/BM/Build/Object/MCAL/NVIC/src/NVIC_program.o
                               0x3299 (size before relaxing)
 .debug_str     0x00003a07      0x33a C:/Users/s_a_a/Desktop/NUCLEO-F446RE/BM/Build/Object/MCAL/SysTick/src/SysTick_program.o
                               0x3112 (size before relaxing)
 .debug_str     0x00003d41      0x4e9 C:/Users/s_a_a/Desktop/NUCLEO-F446RE/BM/Build/Object/MCAL/GPIO/src/GPIO_program.o
                               0x32b7 (size before relaxing)
 .debug_str     0x0000422a      0x4d9 C:/Users/s_a_a/Desktop/NUCLEO-F446RE/BM/Build/Object/MCAL/UART/src/UART.o
                               0x32cd (size before relaxing)
 .debug_str     0x00004703       0xa5 C:/Users/s_a_a/Desktop/NUCLEO-F446RE/BM/Build/Object/Startup/startup_stm32f103.o
                               0x2d41 (size before relaxing)
 .debug_str     0x000047a8      0x394 C:/Users/s_a_a/Desktop/NUCLEO-F446RE/BM/Build/Object/Src/main.o
                               0x3f2a (size before relaxing)

.comment        0x00000000       0x49
 .comment       0x00000000       0x49 C:/Users/s_a_a/Desktop/NUCLEO-F446RE/BM/Build/Object/MCAL/RCC/src/RCC_program.o
                                 0x4a (size before relaxing)
 .comment       0x00000049       0x4a C:/Users/s_a_a/Desktop/NUCLEO-F446RE/BM/Build/Object/MCAL/NVIC/src/NVIC_program.o
 .comment       0x00000049       0x4a C:/Users/s_a_a/Desktop/NUCLEO-F446RE/BM/Build/Object/MCAL/SysTick/src/SysTick_program.o
 .comment       0x00000049       0x4a C:/Users/s_a_a/Desktop/NUCLEO-F446RE/BM/Build/Object/MCAL/GPIO/src/GPIO_program.o
 .comment       0x00000049       0x4a C:/Users/s_a_a/Desktop/NUCLEO-F446RE/BM/Build/Object/MCAL/UART/src/UART.o
 .comment       0x00000049       0x4a C:/Users/s_a_a/Desktop/NUCLEO-F446RE/BM/Build/Object/Startup/startup_stm32f103.o
 .comment       0x00000049       0x4a C:/Users/s_a_a/Desktop/NUCLEO-F446RE/BM/Build/Object/Src/main.o

.ARM.attributes
                0x00000000       0x34
 .ARM.attributes
                0x00000000       0x34 C:/Users/s_a_a/Desktop/NUCLEO-F446RE/BM/Build/Object/MCAL/RCC/src/RCC_program.o
 .ARM.attributes
                0x00000034       0x34 C:/Users/s_a_a/Desktop/NUCLEO-F446RE/BM/Build/Object/MCAL/NVIC/src/NVIC_program.o
 .ARM.attributes
                0x00000068       0x34 C:/Users/s_a_a/Desktop/NUCLEO-F446RE/BM/Build/Object/MCAL/SysTick/src/SysTick_program.o
 .ARM.attributes
                0x0000009c       0x34 C:/Users/s_a_a/Desktop/NUCLEO-F446RE/BM/Build/Object/MCAL/GPIO/src/GPIO_program.o
 .ARM.attributes
                0x000000d0       0x34 C:/Users/s_a_a/Desktop/NUCLEO-F446RE/BM/Build/Object/MCAL/UART/src/UART.o
 .ARM.attributes
                0x00000104       0x34 C:/Users/s_a_a/Desktop/NUCLEO-F446RE/BM/Build/Object/Startup/startup_stm32f103.o
 .ARM.attributes
                0x00000138       0x34 C:/Users/s_a_a/Desktop/NUCLEO-F446RE/BM/Build/Object/Src/main.o

.debug_frame    0x00000000      0x75c
 .debug_frame   0x00000000      0x1c8 C:/Users/s_a_a/Desktop/NUCLEO-F446RE/BM/Build/Object/MCAL/RCC/src/RCC_program.o
 .debug_frame   0x000001c8      0x100 C:/Users/s_a_a/Desktop/NUCLEO-F446RE/BM/Build/Object/MCAL/NVIC/src/NVIC_program.o
 .debug_frame   0x000002c8      0x120 C:/Users/s_a_a/Desktop/NUCLEO-F446RE/BM/Build/Object/MCAL/SysTick/src/SysTick_program.o
 .debug_frame   0x000003e8       0xf4 C:/Users/s_a_a/Desktop/NUCLEO-F446RE/BM/Build/Object/MCAL/GPIO/src/GPIO_program.o
 .debug_frame   0x000004dc      0x1ac C:/Users/s_a_a/Desktop/NUCLEO-F446RE/BM/Build/Object/MCAL/UART/src/UART.o
 .debug_frame   0x00000688       0x48 C:/Users/s_a_a/Desktop/NUCLEO-F446RE/BM/Build/Object/Startup/startup_stm32f103.o
 .debug_frame   0x000006d0       0x8c C:/Users/s_a_a/Desktop/NUCLEO-F446RE/BM/Build/Object/Src/main.o
