
Discarded input sections

 .group         0x00000000        0xc C:/NUCLEO-F446RE/BM/Build/Object/MCAL/RCC/src/RCC_program.o
 .group         0x00000000        0xc C:/NUCLEO-F446RE/BM/Build/Object/MCAL/RCC/src/RCC_program.o
 .group         0x00000000        0xc C:/NUCLEO-F446RE/BM/Build/Object/MCAL/RCC/src/RCC_program.o
 .group         0x00000000        0xc C:/NUCLEO-F446RE/BM/Build/Object/MCAL/RCC/src/RCC_program.o
 .group         0x00000000        0xc C:/NUCLEO-F446RE/BM/Build/Object/MCAL/NVIC/src/NVIC_program.o
 .group         0x00000000        0xc C:/NUCLEO-F446RE/BM/Build/Object/MCAL/NVIC/src/NVIC_program.o
 .group         0x00000000        0xc C:/NUCLEO-F446RE/BM/Build/Object/MCAL/NVIC/src/NVIC_program.o
 .group         0x00000000        0xc C:/NUCLEO-F446RE/BM/Build/Object/MCAL/NVIC/src/NVIC_program.o
 .group         0x00000000        0xc C:/NUCLEO-F446RE/BM/Build/Object/MCAL/NVIC/src/NVIC_program.o
 .debug_macro   0x00000000      0xa66 C:/NUCLEO-F446RE/BM/Build/Object/MCAL/NVIC/src/NVIC_program.o
 .debug_macro   0x00000000       0x10 C:/NUCLEO-F446RE/BM/Build/Object/MCAL/NVIC/src/NVIC_program.o
 .debug_macro   0x00000000       0x22 C:/NUCLEO-F446RE/BM/Build/Object/MCAL/NVIC/src/NVIC_program.o
 .group         0x00000000        0xc C:/NUCLEO-F446RE/BM/Build/Object/MCAL/SysTick/src/SysTick_program.o
 .group         0x00000000        0xc C:/NUCLEO-F446RE/BM/Build/Object/MCAL/SysTick/src/SysTick_program.o
 .group         0x00000000        0xc C:/NUCLEO-F446RE/BM/Build/Object/MCAL/SysTick/src/SysTick_program.o
 .group         0x00000000        0xc C:/NUCLEO-F446RE/BM/Build/Object/MCAL/SysTick/src/SysTick_program.o
 .group         0x00000000        0xc C:/NUCLEO-F446RE/BM/Build/Object/MCAL/SysTick/src/SysTick_program.o
 .debug_macro   0x00000000      0xa66 C:/NUCLEO-F446RE/BM/Build/Object/MCAL/SysTick/src/SysTick_program.o
 .debug_macro   0x00000000       0x10 C:/NUCLEO-F446RE/BM/Build/Object/MCAL/SysTick/src/SysTick_program.o
 .debug_macro   0x00000000       0x22 C:/NUCLEO-F446RE/BM/Build/Object/MCAL/SysTick/src/SysTick_program.o
 .group         0x00000000        0xc C:/NUCLEO-F446RE/BM/Build/Object/MCAL/GPIO/src/GPIO_program.o
 .group         0x00000000        0xc C:/NUCLEO-F446RE/BM/Build/Object/MCAL/GPIO/src/GPIO_program.o
 .group         0x00000000        0xc C:/NUCLEO-F446RE/BM/Build/Object/MCAL/GPIO/src/GPIO_program.o
 .group         0x00000000        0xc C:/NUCLEO-F446RE/BM/Build/Object/MCAL/GPIO/src/GPIO_program.o
 .group         0x00000000        0xc C:/NUCLEO-F446RE/BM/Build/Object/MCAL/GPIO/src/GPIO_program.o
 .debug_macro   0x00000000      0xa66 C:/NUCLEO-F446RE/BM/Build/Object/MCAL/GPIO/src/GPIO_program.o
 .debug_macro   0x00000000       0x10 C:/NUCLEO-F446RE/BM/Build/Object/MCAL/GPIO/src/GPIO_program.o
 .debug_macro   0x00000000       0x22 C:/NUCLEO-F446RE/BM/Build/Object/MCAL/GPIO/src/GPIO_program.o
 .group         0x00000000        0xc C:/NUCLEO-F446RE/BM/Build/Object/MCAL/UART/src/UART.o
 .group         0x00000000        0xc C:/NUCLEO-F446RE/BM/Build/Object/MCAL/UART/src/UART.o
 .group         0x00000000        0xc C:/NUCLEO-F446RE/BM/Build/Object/MCAL/UART/src/UART.o
 .group         0x00000000        0xc C:/NUCLEO-F446RE/BM/Build/Object/MCAL/UART/src/UART.o
 .debug_macro   0x00000000      0xa66 C:/NUCLEO-F446RE/BM/Build/Object/MCAL/UART/src/UART.o
 .debug_macro   0x00000000       0x10 C:/NUCLEO-F446RE/BM/Build/Object/MCAL/UART/src/UART.o
 .debug_macro   0x00000000       0x22 C:/NUCLEO-F446RE/BM/Build/Object/MCAL/UART/src/UART.o
 .group         0x00000000        0xc C:/NUCLEO-F446RE/BM/Build/Object/Startup/startup_stm32f103.o
 .debug_macro   0x00000000      0xa66 C:/NUCLEO-F446RE/BM/Build/Object/Startup/startup_stm32f103.o
 .group         0x00000000        0xc C:/NUCLEO-F446RE/BM/Build/Object/Src/main.o
 .group         0x00000000        0xc C:/NUCLEO-F446RE/BM/Build/Object/Src/main.o
 .group         0x00000000        0xc C:/NUCLEO-F446RE/BM/Build/Object/Src/main.o
 .group         0x00000000        0xc C:/NUCLEO-F446RE/BM/Build/Object/Src/main.o
 .group         0x00000000        0xc C:/NUCLEO-F446RE/BM/Build/Object/Src/main.o
 .group         0x00000000        0xc C:/NUCLEO-F446RE/BM/Build/Object/Src/main.o
 .group         0x00000000        0xc C:/NUCLEO-F446RE/BM/Build/Object/Src/main.o
 .debug_macro   0x00000000      0xa66 C:/NUCLEO-F446RE/BM/Build/Object/Src/main.o
 .debug_macro   0x00000000       0x10 C:/NUCLEO-F446RE/BM/Build/Object/Src/main.o
 .debug_macro   0x00000000       0x22 C:/NUCLEO-F446RE/BM/Build/Object/Src/main.o
 .debug_macro   0x00000000       0x6a C:/NUCLEO-F446RE/BM/Build/Object/Src/main.o
 .debug_macro   0x00000000       0x10 C:/NUCLEO-F446RE/BM/Build/Object/Src/main.o

Memory Configuration

Name             Origin             Length             Attributes
FLASH            0x08000000         0x00004000         xr
RAM              0x20000000         0x00020000         xrw
*default*        0x00000000         0xffffffff

Linker script and memory map

                0x20020000                _estack = (ORIGIN (RAM) + LENGTH (RAM))
                0x00000200                _Min_Heap_Size = 0x200
                0x00001000                _Min_Stack_Size = 0x1000

.isr_vector     0x08000000      0x178
                0x08000000                . = ALIGN (0x4)
 *(.isr_vector)
 .isr_vector    0x08000000      0x178 C:/NUCLEO-F446RE/BM/Build/Object/Startup/startup_stm32f103.o
                0x08000000                Vector_Table
                0x08000178                . = ALIGN (0x4)

.text           0x08000178     0x1098
                0x08000178                . = ALIGN (0x4)
 *(.text)
 .text          0x08000178        0x0 C:/NUCLEO-F446RE/BM/Build/Object/MCAL/RCC/src/RCC_program.o
 .text          0x08000178        0x0 C:/NUCLEO-F446RE/BM/Build/Object/MCAL/NVIC/src/NVIC_program.o
 .text          0x08000178        0x0 C:/NUCLEO-F446RE/BM/Build/Object/MCAL/SysTick/src/SysTick_program.o
 .text          0x08000178        0x0 C:/NUCLEO-F446RE/BM/Build/Object/MCAL/GPIO/src/GPIO_program.o
 .text          0x08000178        0x0 C:/NUCLEO-F446RE/BM/Build/Object/MCAL/UART/src/UART.o
 .text          0x08000178        0x0 C:/NUCLEO-F446RE/BM/Build/Object/Startup/startup_stm32f103.o
 .text          0x08000178        0x0 C:/NUCLEO-F446RE/BM/Build/Object/Src/main.o
 *(.text*)
 .text.RCC_EnableHSI
                0x08000178       0x30 C:/NUCLEO-F446RE/BM/Build/Object/MCAL/RCC/src/RCC_program.o
 .text.RCC_EnableHSE
                0x080001a8       0x30 C:/NUCLEO-F446RE/BM/Build/Object/MCAL/RCC/src/RCC_program.o
 .text.RCC_EnablePLL
                0x080001d8       0x30 C:/NUCLEO-F446RE/BM/Build/Object/MCAL/RCC/src/RCC_program.o
 .text.RCC_DisablePLL
                0x08000208       0x30 C:/NUCLEO-F446RE/BM/Build/Object/MCAL/RCC/src/RCC_program.o
 .text.RCC_SelectSystemClock
                0x08000238       0x4c C:/NUCLEO-F446RE/BM/Build/Object/MCAL/RCC/src/RCC_program.o
 .text.RCC_ConfigPLL
                0x08000284       0x78 C:/NUCLEO-F446RE/BM/Build/Object/MCAL/RCC/src/RCC_program.o
 .text.RCC_SetAHBPrescaler
                0x080002fc       0x38 C:/NUCLEO-F446RE/BM/Build/Object/MCAL/RCC/src/RCC_program.o
 .text.RCC_SetAPB1Prescaler
                0x08000334       0x38 C:/NUCLEO-F446RE/BM/Build/Object/MCAL/RCC/src/RCC_program.o
 .text.RCC_SetAPB2Prescaler
                0x0800036c       0x38 C:/NUCLEO-F446RE/BM/Build/Object/MCAL/RCC/src/RCC_program.o
 .text.RCC_Init
                0x080003a4       0x8e C:/NUCLEO-F446RE/BM/Build/Object/MCAL/RCC/src/RCC_program.o
                0x080003a4                RCC_Init
 *fill*         0x08000432        0x2 
 .text.RCC_EnableClock
                0x08000434       0xc0 C:/NUCLEO-F446RE/BM/Build/Object/MCAL/RCC/src/RCC_program.o
                0x08000434                RCC_EnableClock
 .text.RCC_DisableClock
                0x080004f4       0xcc C:/NUCLEO-F446RE/BM/Build/Object/MCAL/RCC/src/RCC_program.o
                0x080004f4                RCC_DisableClock
 .text.NVIC_EnableInterrupt
                0x080005c0       0x54 C:/NUCLEO-F446RE/BM/Build/Object/MCAL/NVIC/src/NVIC_program.o
                0x080005c0                NVIC_EnableInterrupt
 .text.NVIC_DisableInterrupt
                0x08000614       0x54 C:/NUCLEO-F446RE/BM/Build/Object/MCAL/NVIC/src/NVIC_program.o
                0x08000614                NVIC_DisableInterrupt
 .text.NVIC_SetPendingFlag
                0x08000668       0x54 C:/NUCLEO-F446RE/BM/Build/Object/MCAL/NVIC/src/NVIC_program.o
                0x08000668                NVIC_SetPendingFlag
 .text.NVIC_ClearPendingFlag
                0x080006bc       0x54 C:/NUCLEO-F446RE/BM/Build/Object/MCAL/NVIC/src/NVIC_program.o
                0x080006bc                NVIC_ClearPendingFlag
 .text.NVIC_GetActiveInterrupt
                0x08000710       0x6c C:/NUCLEO-F446RE/BM/Build/Object/MCAL/NVIC/src/NVIC_program.o
                0x08000710                NVIC_GetActiveInterrupt
 .text.NVIC_SetPriority
                0x0800077c       0x68 C:/NUCLEO-F446RE/BM/Build/Object/MCAL/NVIC/src/NVIC_program.o
                0x0800077c                NVIC_SetPriority
 .text.SysTick_voidInit
                0x080007e4       0x1c C:/NUCLEO-F446RE/BM/Build/Object/MCAL/SysTick/src/SysTick_program.o
                0x080007e4                SysTick_voidInit
 .text.SysTick_voidSetBusyWait
                0x08000800       0x54 C:/NUCLEO-F446RE/BM/Build/Object/MCAL/SysTick/src/SysTick_program.o
                0x08000800                SysTick_voidSetBusyWait
 .text.SysTick_voidSetIntervalSingle
                0x08000854       0x58 C:/NUCLEO-F446RE/BM/Build/Object/MCAL/SysTick/src/SysTick_program.o
                0x08000854                SysTick_voidSetIntervalSingle
 .text.SysTick_voidSetIntervalPeriodoc
                0x080008ac       0x64 C:/NUCLEO-F446RE/BM/Build/Object/MCAL/SysTick/src/SysTick_program.o
                0x080008ac                SysTick_voidSetIntervalPeriodoc
 .text.SysTick_voidStopTimer
                0x08000910       0x1c C:/NUCLEO-F446RE/BM/Build/Object/MCAL/SysTick/src/SysTick_program.o
                0x08000910                SysTick_voidStopTimer
 .text.SysTick_GetElapsedTime
                0x0800092c       0x20 C:/NUCLEO-F446RE/BM/Build/Object/MCAL/SysTick/src/SysTick_program.o
                0x0800092c                SysTick_GetElapsedTime
 .text.SysTick_GetRemaningTime
                0x0800094c       0x18 C:/NUCLEO-F446RE/BM/Build/Object/MCAL/SysTick/src/SysTick_program.o
                0x0800094c                SysTick_GetRemaningTime
 .text.SysTick_Handler
                0x08000964       0x14 C:/NUCLEO-F446RE/BM/Build/Object/MCAL/SysTick/src/SysTick_program.o
                0x08000964                SysTick_Handler
 .text.GPIO_GetPort
                0x08000978       0x88 C:/NUCLEO-F446RE/BM/Build/Object/MCAL/GPIO/src/GPIO_program.o
 .text.GPIO_InitPin
                0x08000a00      0x106 C:/NUCLEO-F446RE/BM/Build/Object/MCAL/GPIO/src/GPIO_program.o
                0x08000a00                GPIO_InitPin
 .text.GPIO_WritePin
                0x08000b06       0x60 C:/NUCLEO-F446RE/BM/Build/Object/MCAL/GPIO/src/GPIO_program.o
                0x08000b06                GPIO_WritePin
 .text.GPIO_TogglePin
                0x08000b66       0x4a C:/NUCLEO-F446RE/BM/Build/Object/MCAL/GPIO/src/GPIO_program.o
                0x08000b66                GPIO_TogglePin
 .text.GPIO_ReadPin
                0x08000bb0       0x4e C:/NUCLEO-F446RE/BM/Build/Object/MCAL/GPIO/src/GPIO_program.o
                0x08000bb0                GPIO_ReadPin
 *fill*         0x08000bfe        0x2 
 .text.GPIO_SetAF
                0x08000c00      0x118 C:/NUCLEO-F446RE/BM/Build/Object/MCAL/GPIO/src/GPIO_program.o
                0x08000c00                GPIO_SetAF
 .text.Get_BASE_ADD
                0x08000d18       0x50 C:/NUCLEO-F446RE/BM/Build/Object/MCAL/UART/src/UART.o
                0x08000d18                Get_BASE_ADD
 .text.UART_Init
                0x08000d68      0x134 C:/NUCLEO-F446RE/BM/Build/Object/MCAL/UART/src/UART.o
                0x08000d68                UART_Init
 .text.UART_SendByte
                0x08000e9c       0x3c C:/NUCLEO-F446RE/BM/Build/Object/MCAL/UART/src/UART.o
                0x08000e9c                UART_SendByte
 .text.UART_SendString
                0x08000ed8       0x32 C:/NUCLEO-F446RE/BM/Build/Object/MCAL/UART/src/UART.o
                0x08000ed8                UART_SendString
 .text.UART_ReceiveByte
                0x08000f0a       0x34 C:/NUCLEO-F446RE/BM/Build/Object/MCAL/UART/src/UART.o
                0x08000f0a                UART_ReceiveByte
 .text.UART_ReceiveByte_Timeout
                0x08000f3e       0x4a C:/NUCLEO-F446RE/BM/Build/Object/MCAL/UART/src/UART.o
                0x08000f3e                UART_ReceiveByte_Timeout
 .text.UART_voidSendNumber
                0x08000f88       0xb0 C:/NUCLEO-F446RE/BM/Build/Object/MCAL/UART/src/UART.o
                0x08000f88                UART_voidSendNumber
 .text.Reset_Handler
                0x08001038       0x94 C:/NUCLEO-F446RE/BM/Build/Object/Startup/startup_stm32f103.o
                0x08001038                Reset_Handler
 .text.Default_Handler
                0x080010cc        0x6 C:/NUCLEO-F446RE/BM/Build/Object/Startup/startup_stm32f103.o
                0x080010cc                RTC_Alarm_IRQHandler
                0x080010cc                EXTI2_IRQHandler
                0x080010cc                TIM8_CC_IRQHandler
                0x080010cc                DebugMon_Handler
                0x080010cc                SPI4_IRQHandler
                0x080010cc                TIM1_CC_IRQHandler
                0x080010cc                DMA2_Stream5_IRQHandler
                0x080010cc                HardFault_Handler
                0x080010cc                DMA1_Stream5_IRQHandler
                0x080010cc                PVD_IRQHandler
                0x080010cc                SDIO_IRQHandler
                0x080010cc                TAMP_STAMP_IRQHandler
                0x080010cc                PendSV_Handler
                0x080010cc                NMI_Handler
                0x080010cc                CAN2_RX1_IRQHandler
                0x080010cc                EXTI3_IRQHandler
                0x080010cc                TIM8_TRG_COM_TIM14_IRQHandler
                0x080010cc                TIM1_UP_TIM10_IRQHandler
                0x080010cc                TIM8_UP_TIM13_IRQHandler
                0x080010cc                I2C3_ER_IRQHandler
                0x080010cc                EXTI0_IRQHandler
                0x080010cc                I2C2_EV_IRQHandler
                0x080010cc                DMA1_Stream2_IRQHandler
                0x080010cc                CAN1_RX0_IRQHandler
                0x080010cc                FPU_IRQHandler
                0x080010cc                UsageFault_Handler
                0x080010cc                CAN2_SCE_IRQHandler
                0x080010cc                DMA2_Stream2_IRQHandler
                0x080010cc                SPI1_IRQHandler
                0x080010cc                TIM6_DAC_IRQHandler
                0x080010cc                TIM1_BRK_TIM9_IRQHandler
                0x080010cc                CAN2_RX0_IRQHandler
                0x080010cc                DMA2_Stream3_IRQHandler
                0x080010cc                USART6_IRQHandler
                0x080010cc                USART3_IRQHandler
                0x080010cc                CAN1_RX1_IRQHandler
                0x080010cc                UART5_IRQHandler
                0x080010cc                DMA2_Stream0_IRQHandler
                0x080010cc                TIM4_IRQHandler
                0x080010cc                I2C1_EV_IRQHandler
                0x080010cc                DMA1_Stream6_IRQHandler
                0x080010cc                DMA1_Stream1_IRQHandler
                0x080010cc                UART4_IRQHandler
                0x080010cc                TIM3_IRQHandler
                0x080010cc                RCC_IRQHandler
                0x080010cc                TIM8_BRK_TIM12_IRQHandler
                0x080010cc                Default_Handler
                0x080010cc                EXTI15_10_IRQHandler
                0x080010cc                ADC_IRQHandler
                0x080010cc                DMA1_Stream7_IRQHandler
                0x080010cc                SPI5_IRQHandler
                0x080010cc                TIM7_IRQHandler
                0x080010cc                CAN2_TX_IRQHandler
                0x080010cc                TIM5_IRQHandler
                0x080010cc                DMA2_Stream7_IRQHandler
                0x080010cc                I2C3_EV_IRQHandler
                0x080010cc                EXTI9_5_IRQHandler
                0x080010cc                RTC_WKUP_IRQHandler
                0x080010cc                SPI2_IRQHandler
                0x080010cc                MemManage_Handler
                0x080010cc                DMA1_Stream0_IRQHandler
                0x080010cc                CAN1_TX_IRQHandler
                0x080010cc                SVC_Handler
                0x080010cc                EXTI4_IRQHandler
                0x080010cc                WWDG_IRQHandler
                0x080010cc                SPI6_IRQHandler
                0x080010cc                TIM2_IRQHandler
                0x080010cc                OTG_FS_WKUP_IRQHandler
                0x080010cc                TIM1_TRG_COM_TIM11_IRQHandler
                0x080010cc                DMA2D_IRQHandler
                0x080010cc                EXTI1_IRQHandler
                0x080010cc                USART2_IRQHandler
                0x080010cc                I2C2_ER_IRQHandler
                0x080010cc                DMA2_Stream1_IRQHandler
                0x080010cc                CAN1_SCE_IRQHandler
                0x080010cc                FLASH_IRQHandler
                0x080010cc                DMA2_Stream4_IRQHandler
                0x080010cc                BusFault_Handler
                0x080010cc                USART1_IRQHandler
                0x080010cc                OTG_FS_IRQHandler
                0x080010cc                SPI3_IRQHandler
                0x080010cc                DMA1_Stream4_IRQHandler
                0x080010cc                I2C1_ER_IRQHandler
                0x080010cc                FMC_IRQHandler
                0x080010cc                DMA2_Stream6_IRQHandler
                0x080010cc                SAI1_IRQHandler
                0x080010cc                DMA1_Stream3_IRQHandler
 *fill*         0x080010d2        0x2 
 .text.main     0x080010d4       0xd0 C:/NUCLEO-F446RE/BM/Build/Object/Src/main.o
                0x080010d4                main
 .text.APP_init
                0x080011a4       0x1c C:/NUCLEO-F446RE/BM/Build/Object/Src/main.o
                0x080011a4                APP_init
 .text.GPIO_PIN_CONFIG
                0x080011c0       0x2a C:/NUCLEO-F446RE/BM/Build/Object/Src/main.o
                0x080011c0                GPIO_PIN_CONFIG
 *fill*         0x080011ea        0x2 
 .text.SystemInit
                0x080011ec       0x24 C:/NUCLEO-F446RE/BM/Build/Object/Src/main.o
                0x080011ec                SystemInit
                0x08001210                . = ALIGN (0x4)
                0x08001210                _etext = .

.glue_7         0x08001210        0x0
 .glue_7        0x08001210        0x0 linker stubs

.glue_7t        0x08001210        0x0
 .glue_7t       0x08001210        0x0 linker stubs

.vfp11_veneer   0x08001210        0x0
 .vfp11_veneer  0x08001210        0x0 linker stubs

.v4_bx          0x08001210        0x0
 .v4_bx         0x08001210        0x0 linker stubs

.iplt           0x08001210        0x0
 .iplt          0x08001210        0x0 C:/NUCLEO-F446RE/BM/Build/Object/MCAL/RCC/src/RCC_program.o

.rodata         0x08001210        0xc
                0x08001210                . = ALIGN (0x4)
 *(.rodata)
 .rodata        0x08001210        0x7 C:/NUCLEO-F446RE/BM/Build/Object/Src/main.o
 *(.rodata*)
 *fill*         0x08001217        0x1 
 .rodata.MSP_Value
                0x08001218        0x4 C:/NUCLEO-F446RE/BM/Build/Object/Startup/startup_stm32f103.o
                0x08001218                MSP_Value
                0x0800121c                . = ALIGN (0x4)
                0x0800121c                _sidata = LOADADDR (.data)

.rel.dyn        0x0800121c        0x0
 .rel.iplt      0x0800121c        0x0 C:/NUCLEO-F446RE/BM/Build/Object/MCAL/RCC/src/RCC_program.o

.data           0x20000000        0xc load address 0x0800121c
                0x20000000                . = ALIGN (0x4)
                0x20000000                _sdata = .
 *(.data)
 .data          0x20000000        0x0 C:/NUCLEO-F446RE/BM/Build/Object/MCAL/RCC/src/RCC_program.o
 .data          0x20000000        0x0 C:/NUCLEO-F446RE/BM/Build/Object/MCAL/NVIC/src/NVIC_program.o
 .data          0x20000000        0x0 C:/NUCLEO-F446RE/BM/Build/Object/MCAL/SysTick/src/SysTick_program.o
 .data          0x20000000        0x0 C:/NUCLEO-F446RE/BM/Build/Object/MCAL/GPIO/src/GPIO_program.o
 .data          0x20000000        0x0 C:/NUCLEO-F446RE/BM/Build/Object/MCAL/UART/src/UART.o
 .data          0x20000000        0x0 C:/NUCLEO-F446RE/BM/Build/Object/Startup/startup_stm32f103.o
 .data          0x20000000        0x0 C:/NUCLEO-F446RE/BM/Build/Object/Src/main.o
 *(.data*)
 .data.Uart_configuration
                0x20000000        0xc C:/NUCLEO-F446RE/BM/Build/Object/Src/main.o
                0x20000000                Uart_configuration
                0x2000000c                . = ALIGN (0x4)
                0x2000000c                _edata = .

.igot.plt       0x2000000c        0x0 load address 0x08001228
 .igot.plt      0x2000000c        0x0 C:/NUCLEO-F446RE/BM/Build/Object/MCAL/RCC/src/RCC_program.o

.bss            0x2000000c       0x1c load address 0x08001228
                0x2000000c                _sbss = .
 *(.bss)
 .bss           0x2000000c        0x0 C:/NUCLEO-F446RE/BM/Build/Object/MCAL/RCC/src/RCC_program.o
 .bss           0x2000000c        0x0 C:/NUCLEO-F446RE/BM/Build/Object/MCAL/NVIC/src/NVIC_program.o
 .bss           0x2000000c        0x0 C:/NUCLEO-F446RE/BM/Build/Object/MCAL/SysTick/src/SysTick_program.o
 .bss           0x2000000c        0x0 C:/NUCLEO-F446RE/BM/Build/Object/MCAL/GPIO/src/GPIO_program.o
 .bss           0x2000000c        0x0 C:/NUCLEO-F446RE/BM/Build/Object/MCAL/UART/src/UART.o
 .bss           0x2000000c        0x0 C:/NUCLEO-F446RE/BM/Build/Object/Startup/startup_stm32f103.o
 .bss           0x2000000c        0x0 C:/NUCLEO-F446RE/BM/Build/Object/Src/main.o
 *(.bss*)
 .bss.Local_PvFunction
                0x2000000c        0x4 C:/NUCLEO-F446RE/BM/Build/Object/MCAL/SysTick/src/SysTick_program.o
 .bss.RCC_Configuration
                0x20000010        0xc C:/NUCLEO-F446RE/BM/Build/Object/Src/main.o
                0x20000010                RCC_Configuration
 .bss.Jump_toApplication
                0x2000001c        0x4 C:/NUCLEO-F446RE/BM/Build/Object/Src/main.o
                0x2000001c                Jump_toApplication
 .bss.Jump_toBootLoader
                0x20000020        0x4 C:/NUCLEO-F446RE/BM/Build/Object/Src/main.o
                0x20000020                Jump_toBootLoader
 .bss.SwReset   0x20000024        0x1 C:/NUCLEO-F446RE/BM/Build/Object/Src/main.o
                0x20000024                SwReset
 .bss.PowerReset
                0x20000025        0x1 C:/NUCLEO-F446RE/BM/Build/Object/Src/main.o
                0x20000025                PowerReset
 .bss.PinReset  0x20000026        0x1 C:/NUCLEO-F446RE/BM/Build/Object/Src/main.o
                0x20000026                PinReset
                0x20000028                . = ALIGN (0x4)
 *fill*         0x20000027        0x1 
                0x20000028                _ebss = .

._user_heap_stack
                0x20000028     0x1200 load address 0x08001228
                0x20000028                . = ALIGN (0x8)
                0x20000228                . = (. + _Min_Heap_Size)
 *fill*         0x20000028      0x200 
                0x20001228                . = (. + _Min_Stack_Size)
 *fill*         0x20000228     0x1000 
                0x20001228                . = ALIGN (0x8)
LOAD C:/NUCLEO-F446RE/BM/Build/Object/MCAL/RCC/src/RCC_program.o
LOAD C:/NUCLEO-F446RE/BM/Build/Object/MCAL/NVIC/src/NVIC_program.o
LOAD C:/NUCLEO-F446RE/BM/Build/Object/MCAL/SysTick/src/SysTick_program.o
LOAD C:/NUCLEO-F446RE/BM/Build/Object/MCAL/GPIO/src/GPIO_program.o
LOAD C:/NUCLEO-F446RE/BM/Build/Object/MCAL/UART/src/UART.o
LOAD C:/NUCLEO-F446RE/BM/Build/Object/Startup/startup_stm32f103.o
LOAD C:/NUCLEO-F446RE/BM/Build/Object/Src/main.o
OUTPUT(C:/NUCLEO-F446RE/BM/Tools/BM.elf elf32-littlearm)
LOAD linker stubs

.debug_info     0x00000000     0x1acd
 .debug_info    0x00000000      0x3e2 C:/NUCLEO-F446RE/BM/Build/Object/MCAL/RCC/src/RCC_program.o
 .debug_info    0x000003e2      0x303 C:/NUCLEO-F446RE/BM/Build/Object/MCAL/NVIC/src/NVIC_program.o
 .debug_info    0x000006e5      0x26b C:/NUCLEO-F446RE/BM/Build/Object/MCAL/SysTick/src/SysTick_program.o
 .debug_info    0x00000950      0x531 C:/NUCLEO-F446RE/BM/Build/Object/MCAL/GPIO/src/GPIO_program.o
 .debug_info    0x00000e81      0x434 C:/NUCLEO-F446RE/BM/Build/Object/MCAL/UART/src/UART.o
 .debug_info    0x000012b5      0x148 C:/NUCLEO-F446RE/BM/Build/Object/Startup/startup_stm32f103.o
 .debug_info    0x000013fd      0x6d0 C:/NUCLEO-F446RE/BM/Build/Object/Src/main.o

.debug_abbrev   0x00000000      0x78e
 .debug_abbrev  0x00000000      0x134 C:/NUCLEO-F446RE/BM/Build/Object/MCAL/RCC/src/RCC_program.o
 .debug_abbrev  0x00000134      0x12e C:/NUCLEO-F446RE/BM/Build/Object/MCAL/NVIC/src/NVIC_program.o
 .debug_abbrev  0x00000262      0x144 C:/NUCLEO-F446RE/BM/Build/Object/MCAL/SysTick/src/SysTick_program.o
 .debug_abbrev  0x000003a6      0x129 C:/NUCLEO-F446RE/BM/Build/Object/MCAL/GPIO/src/GPIO_program.o
 .debug_abbrev  0x000004cf      0x132 C:/NUCLEO-F446RE/BM/Build/Object/MCAL/UART/src/UART.o
 .debug_abbrev  0x00000601       0xe3 C:/NUCLEO-F446RE/BM/Build/Object/Startup/startup_stm32f103.o
 .debug_abbrev  0x000006e4       0xaa C:/NUCLEO-F446RE/BM/Build/Object/Src/main.o

.debug_aranges  0x00000000      0x210
 .debug_aranges
                0x00000000       0x78 C:/NUCLEO-F446RE/BM/Build/Object/MCAL/RCC/src/RCC_program.o
 .debug_aranges
                0x00000078       0x48 C:/NUCLEO-F446RE/BM/Build/Object/MCAL/NVIC/src/NVIC_program.o
 .debug_aranges
                0x000000c0       0x58 C:/NUCLEO-F446RE/BM/Build/Object/MCAL/SysTick/src/SysTick_program.o
 .debug_aranges
                0x00000118       0x48 C:/NUCLEO-F446RE/BM/Build/Object/MCAL/GPIO/src/GPIO_program.o
 .debug_aranges
                0x00000160       0x50 C:/NUCLEO-F446RE/BM/Build/Object/MCAL/UART/src/UART.o
 .debug_aranges
                0x000001b0       0x28 C:/NUCLEO-F446RE/BM/Build/Object/Startup/startup_stm32f103.o
 .debug_aranges
                0x000001d8       0x38 C:/NUCLEO-F446RE/BM/Build/Object/Src/main.o

.debug_ranges   0x00000000      0x1a0
 .debug_ranges  0x00000000       0x68 C:/NUCLEO-F446RE/BM/Build/Object/MCAL/RCC/src/RCC_program.o
 .debug_ranges  0x00000068       0x38 C:/NUCLEO-F446RE/BM/Build/Object/MCAL/NVIC/src/NVIC_program.o
 .debug_ranges  0x000000a0       0x48 C:/NUCLEO-F446RE/BM/Build/Object/MCAL/SysTick/src/SysTick_program.o
 .debug_ranges  0x000000e8       0x38 C:/NUCLEO-F446RE/BM/Build/Object/MCAL/GPIO/src/GPIO_program.o
 .debug_ranges  0x00000120       0x40 C:/NUCLEO-F446RE/BM/Build/Object/MCAL/UART/src/UART.o
 .debug_ranges  0x00000160       0x18 C:/NUCLEO-F446RE/BM/Build/Object/Startup/startup_stm32f103.o
 .debug_ranges  0x00000178       0x28 C:/NUCLEO-F446RE/BM/Build/Object/Src/main.o

.debug_macro    0x00000000      0xfbf
 .debug_macro   0x00000000       0x32 C:/NUCLEO-F446RE/BM/Build/Object/MCAL/RCC/src/RCC_program.o
 .debug_macro   0x00000032      0xa66 C:/NUCLEO-F446RE/BM/Build/Object/MCAL/RCC/src/RCC_program.o
 .debug_macro   0x00000a98       0x10 C:/NUCLEO-F446RE/BM/Build/Object/MCAL/RCC/src/RCC_program.o
 .debug_macro   0x00000aa8       0x22 C:/NUCLEO-F446RE/BM/Build/Object/MCAL/RCC/src/RCC_program.o
 .debug_macro   0x00000aca       0xd0 C:/NUCLEO-F446RE/BM/Build/Object/MCAL/RCC/src/RCC_program.o
 .debug_macro   0x00000b9a       0x49 C:/NUCLEO-F446RE/BM/Build/Object/MCAL/NVIC/src/NVIC_program.o
 .debug_macro   0x00000be3       0x58 C:/NUCLEO-F446RE/BM/Build/Object/MCAL/NVIC/src/NVIC_program.o
 .debug_macro   0x00000c3b       0x10 C:/NUCLEO-F446RE/BM/Build/Object/MCAL/NVIC/src/NVIC_program.o
 .debug_macro   0x00000c4b       0x3b C:/NUCLEO-F446RE/BM/Build/Object/MCAL/SysTick/src/SysTick_program.o
 .debug_macro   0x00000c86       0x22 C:/NUCLEO-F446RE/BM/Build/Object/MCAL/SysTick/src/SysTick_program.o
 .debug_macro   0x00000ca8       0x2e C:/NUCLEO-F446RE/BM/Build/Object/MCAL/SysTick/src/SysTick_program.o
 .debug_macro   0x00000cd6       0x3b C:/NUCLEO-F446RE/BM/Build/Object/MCAL/GPIO/src/GPIO_program.o
 .debug_macro   0x00000d11       0x6a C:/NUCLEO-F446RE/BM/Build/Object/MCAL/GPIO/src/GPIO_program.o
 .debug_macro   0x00000d7b       0x10 C:/NUCLEO-F446RE/BM/Build/Object/MCAL/GPIO/src/GPIO_program.o
 .debug_macro   0x00000d8b       0x32 C:/NUCLEO-F446RE/BM/Build/Object/MCAL/UART/src/UART.o
 .debug_macro   0x00000dbd       0x5e C:/NUCLEO-F446RE/BM/Build/Object/MCAL/UART/src/UART.o
 .debug_macro   0x00000e1b       0x17 C:/NUCLEO-F446RE/BM/Build/Object/Startup/startup_stm32f103.o
 .debug_macro   0x00000e32       0x53 C:/NUCLEO-F446RE/BM/Build/Object/Src/main.o
 .debug_macro   0x00000e85       0xd6 C:/NUCLEO-F446RE/BM/Build/Object/Src/main.o
 .debug_macro   0x00000f5b       0x64 C:/NUCLEO-F446RE/BM/Build/Object/Src/main.o

.debug_line     0x00000000      0xdc0
 .debug_line    0x00000000      0x2c0 C:/NUCLEO-F446RE/BM/Build/Object/MCAL/RCC/src/RCC_program.o
 .debug_line    0x000002c0      0x206 C:/NUCLEO-F446RE/BM/Build/Object/MCAL/NVIC/src/NVIC_program.o
 .debug_line    0x000004c6      0x1da C:/NUCLEO-F446RE/BM/Build/Object/MCAL/SysTick/src/SysTick_program.o
 .debug_line    0x000006a0      0x295 C:/NUCLEO-F446RE/BM/Build/Object/MCAL/GPIO/src/GPIO_program.o
 .debug_line    0x00000935      0x249 C:/NUCLEO-F446RE/BM/Build/Object/MCAL/UART/src/UART.o
 .debug_line    0x00000b7e       0xe1 C:/NUCLEO-F446RE/BM/Build/Object/Startup/startup_stm32f103.o
 .debug_line    0x00000c5f      0x161 C:/NUCLEO-F446RE/BM/Build/Object/Src/main.o

.debug_str      0x00000000     0x4985
 .debug_str     0x00000000     0x3505 C:/NUCLEO-F446RE/BM/Build/Object/MCAL/RCC/src/RCC_program.o
                               0x3583 (size before relaxing)
 .debug_str     0x00003505      0x4c4 C:/NUCLEO-F446RE/BM/Build/Object/MCAL/NVIC/src/NVIC_program.o
                               0x3285 (size before relaxing)
 .debug_str     0x000039c9      0x339 C:/NUCLEO-F446RE/BM/Build/Object/MCAL/SysTick/src/SysTick_program.o
                               0x30fd (size before relaxing)
 .debug_str     0x00003d02      0x4e9 C:/NUCLEO-F446RE/BM/Build/Object/MCAL/GPIO/src/GPIO_program.o
                               0x32a3 (size before relaxing)
 .debug_str     0x000041eb      0x427 C:/NUCLEO-F446RE/BM/Build/Object/MCAL/UART/src/UART.o
                               0x320c (size before relaxing)
 .debug_str     0x00004612       0xa5 C:/NUCLEO-F446RE/BM/Build/Object/Startup/startup_stm32f103.o
                               0x2d2d (size before relaxing)
 .debug_str     0x000046b7      0x2ce C:/NUCLEO-F446RE/BM/Build/Object/Src/main.o
                               0x3e20 (size before relaxing)

.comment        0x00000000       0x49
 .comment       0x00000000       0x49 C:/NUCLEO-F446RE/BM/Build/Object/MCAL/RCC/src/RCC_program.o
                                 0x4a (size before relaxing)
 .comment       0x00000049       0x4a C:/NUCLEO-F446RE/BM/Build/Object/MCAL/NVIC/src/NVIC_program.o
 .comment       0x00000049       0x4a C:/NUCLEO-F446RE/BM/Build/Object/MCAL/SysTick/src/SysTick_program.o
 .comment       0x00000049       0x4a C:/NUCLEO-F446RE/BM/Build/Object/MCAL/GPIO/src/GPIO_program.o
 .comment       0x00000049       0x4a C:/NUCLEO-F446RE/BM/Build/Object/MCAL/UART/src/UART.o
 .comment       0x00000049       0x4a C:/NUCLEO-F446RE/BM/Build/Object/Startup/startup_stm32f103.o
 .comment       0x00000049       0x4a C:/NUCLEO-F446RE/BM/Build/Object/Src/main.o

.ARM.attributes
                0x00000000       0x34
 .ARM.attributes
                0x00000000       0x34 C:/NUCLEO-F446RE/BM/Build/Object/MCAL/RCC/src/RCC_program.o
 .ARM.attributes
                0x00000034       0x34 C:/NUCLEO-F446RE/BM/Build/Object/MCAL/NVIC/src/NVIC_program.o
 .ARM.attributes
                0x00000068       0x34 C:/NUCLEO-F446RE/BM/Build/Object/MCAL/SysTick/src/SysTick_program.o
 .ARM.attributes
                0x0000009c       0x34 C:/NUCLEO-F446RE/BM/Build/Object/MCAL/GPIO/src/GPIO_program.o
 .ARM.attributes
                0x000000d0       0x34 C:/NUCLEO-F446RE/BM/Build/Object/MCAL/UART/src/UART.o
 .ARM.attributes
                0x00000104       0x34 C:/NUCLEO-F446RE/BM/Build/Object/Startup/startup_stm32f103.o
 .ARM.attributes
                0x00000138       0x34 C:/NUCLEO-F446RE/BM/Build/Object/Src/main.o

.debug_frame    0x00000000      0x6bc
 .debug_frame   0x00000000      0x1c8 C:/NUCLEO-F446RE/BM/Build/Object/MCAL/RCC/src/RCC_program.o
 .debug_frame   0x000001c8      0x100 C:/NUCLEO-F446RE/BM/Build/Object/MCAL/NVIC/src/NVIC_program.o
 .debug_frame   0x000002c8      0x120 C:/NUCLEO-F446RE/BM/Build/Object/MCAL/SysTick/src/SysTick_program.o
 .debug_frame   0x000003e8       0xf4 C:/NUCLEO-F446RE/BM/Build/Object/MCAL/GPIO/src/GPIO_program.o
 .debug_frame   0x000004dc      0x110 C:/NUCLEO-F446RE/BM/Build/Object/MCAL/UART/src/UART.o
 .debug_frame   0x000005ec       0x48 C:/NUCLEO-F446RE/BM/Build/Object/Startup/startup_stm32f103.o
 .debug_frame   0x00000634       0x88 C:/NUCLEO-F446RE/BM/Build/Object/Src/main.o
