Archive member included to satisfy reference by file (symbol)

c:/program files (x86)/gnu arm embedded toolchain/10 2021.10/bin/../lib/gcc/arm-none-eabi/10.3.1/../../../../arm-none-eabi/lib/thumb/v7e-m+fp/hard\libc_nano.a(lib_a-exit.o)
                              c:/program files (x86)/gnu arm embedded toolchain/10 2021.10/bin/../lib/gcc/arm-none-eabi/10.3.1/../../../../arm-none-eabi/lib/thumb/v7e-m+fp/hard/crt0.o (exit)
c:/program files (x86)/gnu arm embedded toolchain/10 2021.10/bin/../lib/gcc/arm-none-eabi/10.3.1/../../../../arm-none-eabi/lib/thumb/v7e-m+fp/hard\libc_nano.a(lib_a-impure.o)
                              c:/program files (x86)/gnu arm embedded toolchain/10 2021.10/bin/../lib/gcc/arm-none-eabi/10.3.1/../../../../arm-none-eabi/lib/thumb/v7e-m+fp/hard\libc_nano.a(lib_a-exit.o) (_global_impure_ptr)
c:/program files (x86)/gnu arm embedded toolchain/10 2021.10/bin/../lib/gcc/arm-none-eabi/10.3.1/../../../../arm-none-eabi/lib/thumb/v7e-m+fp/hard\libc_nano.a(lib_a-init.o)
                              c:/program files (x86)/gnu arm embedded toolchain/10 2021.10/bin/../lib/gcc/arm-none-eabi/10.3.1/../../../../arm-none-eabi/lib/thumb/v7e-m+fp/hard/crt0.o (__libc_init_array)
c:/program files (x86)/gnu arm embedded toolchain/10 2021.10/bin/../lib/gcc/arm-none-eabi/10.3.1/../../../../arm-none-eabi/lib/thumb/v7e-m+fp/hard\libc_nano.a(lib_a-memset.o)
                              c:/program files (x86)/gnu arm embedded toolchain/10 2021.10/bin/../lib/gcc/arm-none-eabi/10.3.1/../../../../arm-none-eabi/lib/thumb/v7e-m+fp/hard/crt0.o (memset)

Discarded input sections

 .text          0x00000000        0x0 c:/program files (x86)/gnu arm embedded toolchain/10 2021.10/bin/../lib/gcc/arm-none-eabi/10.3.1/thumb/v7e-m+fp/hard/crti.o
 .data          0x00000000        0x0 c:/program files (x86)/gnu arm embedded toolchain/10 2021.10/bin/../lib/gcc/arm-none-eabi/10.3.1/thumb/v7e-m+fp/hard/crti.o
 .bss           0x00000000        0x0 c:/program files (x86)/gnu arm embedded toolchain/10 2021.10/bin/../lib/gcc/arm-none-eabi/10.3.1/thumb/v7e-m+fp/hard/crti.o
 .text          0x00000000       0x40 c:/program files (x86)/gnu arm embedded toolchain/10 2021.10/bin/../lib/gcc/arm-none-eabi/10.3.1/thumb/v7e-m+fp/hard/crtbegin.o
 .data          0x00000000        0x4 c:/program files (x86)/gnu arm embedded toolchain/10 2021.10/bin/../lib/gcc/arm-none-eabi/10.3.1/thumb/v7e-m+fp/hard/crtbegin.o
 .bss           0x00000000       0x1c c:/program files (x86)/gnu arm embedded toolchain/10 2021.10/bin/../lib/gcc/arm-none-eabi/10.3.1/thumb/v7e-m+fp/hard/crtbegin.o
 .rodata        0x00000000       0x24 c:/program files (x86)/gnu arm embedded toolchain/10 2021.10/bin/../lib/gcc/arm-none-eabi/10.3.1/thumb/v7e-m+fp/hard/crtbegin.o
 .init_array    0x00000000        0x4 c:/program files (x86)/gnu arm embedded toolchain/10 2021.10/bin/../lib/gcc/arm-none-eabi/10.3.1/thumb/v7e-m+fp/hard/crtbegin.o
 .fini_array    0x00000000        0x4 c:/program files (x86)/gnu arm embedded toolchain/10 2021.10/bin/../lib/gcc/arm-none-eabi/10.3.1/thumb/v7e-m+fp/hard/crtbegin.o
 .eh_frame      0x00000000        0x0 c:/program files (x86)/gnu arm embedded toolchain/10 2021.10/bin/../lib/gcc/arm-none-eabi/10.3.1/thumb/v7e-m+fp/hard/crtbegin.o
 .ARM.attributes
                0x00000000       0x34 c:/program files (x86)/gnu arm embedded toolchain/10 2021.10/bin/../lib/gcc/arm-none-eabi/10.3.1/thumb/v7e-m+fp/hard/crtbegin.o
 .text          0x00000000       0x7c c:/program files (x86)/gnu arm embedded toolchain/10 2021.10/bin/../lib/gcc/arm-none-eabi/10.3.1/../../../../arm-none-eabi/lib/thumb/v7e-m+fp/hard/crt0.o
 .data          0x00000000        0x0 c:/program files (x86)/gnu arm embedded toolchain/10 2021.10/bin/../lib/gcc/arm-none-eabi/10.3.1/../../../../arm-none-eabi/lib/thumb/v7e-m+fp/hard/crt0.o
 .bss           0x00000000        0x0 c:/program files (x86)/gnu arm embedded toolchain/10 2021.10/bin/../lib/gcc/arm-none-eabi/10.3.1/../../../../arm-none-eabi/lib/thumb/v7e-m+fp/hard/crt0.o
 .ARM.extab     0x00000000        0x0 c:/program files (x86)/gnu arm embedded toolchain/10 2021.10/bin/../lib/gcc/arm-none-eabi/10.3.1/../../../../arm-none-eabi/lib/thumb/v7e-m+fp/hard/crt0.o
 .ARM.exidx     0x00000000       0x10 c:/program files (x86)/gnu arm embedded toolchain/10 2021.10/bin/../lib/gcc/arm-none-eabi/10.3.1/../../../../arm-none-eabi/lib/thumb/v7e-m+fp/hard/crt0.o
 .ARM.attributes
                0x00000000       0x1c c:/program files (x86)/gnu arm embedded toolchain/10 2021.10/bin/../lib/gcc/arm-none-eabi/10.3.1/../../../../arm-none-eabi/lib/thumb/v7e-m+fp/hard/crt0.o
 .group         0x00000000        0xc C:/Users/s_a_a/Desktop/NUCLEO-F446RE/BM/Build/Object/MCAL/RCC/src/RCC_program.o
 .text          0x00000000        0x0 C:/Users/s_a_a/Desktop/NUCLEO-F446RE/BM/Build/Object/MCAL/RCC/src/RCC_program.o
 .data          0x00000000        0x0 C:/Users/s_a_a/Desktop/NUCLEO-F446RE/BM/Build/Object/MCAL/RCC/src/RCC_program.o
 .bss           0x00000000        0x0 C:/Users/s_a_a/Desktop/NUCLEO-F446RE/BM/Build/Object/MCAL/RCC/src/RCC_program.o
 .debug_info    0x00000000       0x21 C:/Users/s_a_a/Desktop/NUCLEO-F446RE/BM/Build/Object/MCAL/RCC/src/RCC_program.o
 .debug_abbrev  0x00000000       0x13 C:/Users/s_a_a/Desktop/NUCLEO-F446RE/BM/Build/Object/MCAL/RCC/src/RCC_program.o
 .debug_aranges
                0x00000000       0x18 C:/Users/s_a_a/Desktop/NUCLEO-F446RE/BM/Build/Object/MCAL/RCC/src/RCC_program.o
 .debug_macro   0x00000000       0x11 C:/Users/s_a_a/Desktop/NUCLEO-F446RE/BM/Build/Object/MCAL/RCC/src/RCC_program.o
 .debug_macro   0x00000000      0xa66 C:/Users/s_a_a/Desktop/NUCLEO-F446RE/BM/Build/Object/MCAL/RCC/src/RCC_program.o
 .debug_line    0x00000000       0x3e C:/Users/s_a_a/Desktop/NUCLEO-F446RE/BM/Build/Object/MCAL/RCC/src/RCC_program.o
 .debug_str     0x00000000     0x2c9f C:/Users/s_a_a/Desktop/NUCLEO-F446RE/BM/Build/Object/MCAL/RCC/src/RCC_program.o
 .comment       0x00000000       0x4a C:/Users/s_a_a/Desktop/NUCLEO-F446RE/BM/Build/Object/MCAL/RCC/src/RCC_program.o
 .ARM.attributes
                0x00000000       0x34 C:/Users/s_a_a/Desktop/NUCLEO-F446RE/BM/Build/Object/MCAL/RCC/src/RCC_program.o
 .group         0x00000000        0xc C:/Users/s_a_a/Desktop/NUCLEO-F446RE/BM/Build/Object/MCAL/NVIC/src/NVIC_program.o
 .group         0x00000000        0xc C:/Users/s_a_a/Desktop/NUCLEO-F446RE/BM/Build/Object/MCAL/NVIC/src/NVIC_program.o
 .group         0x00000000        0xc C:/Users/s_a_a/Desktop/NUCLEO-F446RE/BM/Build/Object/MCAL/NVIC/src/NVIC_program.o
 .group         0x00000000        0xc C:/Users/s_a_a/Desktop/NUCLEO-F446RE/BM/Build/Object/MCAL/NVIC/src/NVIC_program.o
 .group         0x00000000        0xc C:/Users/s_a_a/Desktop/NUCLEO-F446RE/BM/Build/Object/MCAL/NVIC/src/NVIC_program.o
 .text          0x00000000        0x0 C:/Users/s_a_a/Desktop/NUCLEO-F446RE/BM/Build/Object/MCAL/NVIC/src/NVIC_program.o
 .data          0x00000000        0x0 C:/Users/s_a_a/Desktop/NUCLEO-F446RE/BM/Build/Object/MCAL/NVIC/src/NVIC_program.o
 .bss           0x00000000        0x0 C:/Users/s_a_a/Desktop/NUCLEO-F446RE/BM/Build/Object/MCAL/NVIC/src/NVIC_program.o
 .text.NVIC_EnableInterrupt
                0x00000000       0x54 C:/Users/s_a_a/Desktop/NUCLEO-F446RE/BM/Build/Object/MCAL/NVIC/src/NVIC_program.o
 .text.NVIC_DisableInterrupt
                0x00000000       0x54 C:/Users/s_a_a/Desktop/NUCLEO-F446RE/BM/Build/Object/MCAL/NVIC/src/NVIC_program.o
 .text.NVIC_SetPendingFlag
                0x00000000       0x54 C:/Users/s_a_a/Desktop/NUCLEO-F446RE/BM/Build/Object/MCAL/NVIC/src/NVIC_program.o
 .text.NVIC_ClearPendingFlag
                0x00000000       0x54 C:/Users/s_a_a/Desktop/NUCLEO-F446RE/BM/Build/Object/MCAL/NVIC/src/NVIC_program.o
 .text.NVIC_GetActiveInterrupt
                0x00000000       0x6c C:/Users/s_a_a/Desktop/NUCLEO-F446RE/BM/Build/Object/MCAL/NVIC/src/NVIC_program.o
 .text.NVIC_SetPriority
                0x00000000       0x68 C:/Users/s_a_a/Desktop/NUCLEO-F446RE/BM/Build/Object/MCAL/NVIC/src/NVIC_program.o
 .debug_info    0x00000000      0x303 C:/Users/s_a_a/Desktop/NUCLEO-F446RE/BM/Build/Object/MCAL/NVIC/src/NVIC_program.o
 .debug_abbrev  0x00000000      0x12e C:/Users/s_a_a/Desktop/NUCLEO-F446RE/BM/Build/Object/MCAL/NVIC/src/NVIC_program.o
 .debug_aranges
                0x00000000       0x48 C:/Users/s_a_a/Desktop/NUCLEO-F446RE/BM/Build/Object/MCAL/NVIC/src/NVIC_program.o
 .debug_ranges  0x00000000       0x38 C:/Users/s_a_a/Desktop/NUCLEO-F446RE/BM/Build/Object/MCAL/NVIC/src/NVIC_program.o
 .debug_macro   0x00000000       0x49 C:/Users/s_a_a/Desktop/NUCLEO-F446RE/BM/Build/Object/MCAL/NVIC/src/NVIC_program.o
 .debug_macro   0x00000000      0xa66 C:/Users/s_a_a/Desktop/NUCLEO-F446RE/BM/Build/Object/MCAL/NVIC/src/NVIC_program.o
 .debug_macro   0x00000000       0x10 C:/Users/s_a_a/Desktop/NUCLEO-F446RE/BM/Build/Object/MCAL/NVIC/src/NVIC_program.o
 .debug_macro   0x00000000       0x22 C:/Users/s_a_a/Desktop/NUCLEO-F446RE/BM/Build/Object/MCAL/NVIC/src/NVIC_program.o
 .debug_macro   0x00000000       0x58 C:/Users/s_a_a/Desktop/NUCLEO-F446RE/BM/Build/Object/MCAL/NVIC/src/NVIC_program.o
 .debug_macro   0x00000000       0x10 C:/Users/s_a_a/Desktop/NUCLEO-F446RE/BM/Build/Object/MCAL/NVIC/src/NVIC_program.o
 .debug_line    0x00000000      0x206 C:/Users/s_a_a/Desktop/NUCLEO-F446RE/BM/Build/Object/MCAL/NVIC/src/NVIC_program.o
 .debug_str     0x00000000     0x3299 C:/Users/s_a_a/Desktop/NUCLEO-F446RE/BM/Build/Object/MCAL/NVIC/src/NVIC_program.o
 .comment       0x00000000       0x4a C:/Users/s_a_a/Desktop/NUCLEO-F446RE/BM/Build/Object/MCAL/NVIC/src/NVIC_program.o
 .debug_frame   0x00000000      0x100 C:/Users/s_a_a/Desktop/NUCLEO-F446RE/BM/Build/Object/MCAL/NVIC/src/NVIC_program.o
 .ARM.attributes
                0x00000000       0x34 C:/Users/s_a_a/Desktop/NUCLEO-F446RE/BM/Build/Object/MCAL/NVIC/src/NVIC_program.o
 .group         0x00000000        0xc C:/Users/s_a_a/Desktop/NUCLEO-F446RE/BM/Build/Object/MCAL/SysTick/src/SysTick_program.o
 .group         0x00000000        0xc C:/Users/s_a_a/Desktop/NUCLEO-F446RE/BM/Build/Object/MCAL/SysTick/src/SysTick_program.o
 .group         0x00000000        0xc C:/Users/s_a_a/Desktop/NUCLEO-F446RE/BM/Build/Object/MCAL/SysTick/src/SysTick_program.o
 .group         0x00000000        0xc C:/Users/s_a_a/Desktop/NUCLEO-F446RE/BM/Build/Object/MCAL/SysTick/src/SysTick_program.o
 .group         0x00000000        0xc C:/Users/s_a_a/Desktop/NUCLEO-F446RE/BM/Build/Object/MCAL/SysTick/src/SysTick_program.o
 .text          0x00000000        0x0 C:/Users/s_a_a/Desktop/NUCLEO-F446RE/BM/Build/Object/MCAL/SysTick/src/SysTick_program.o
 .data          0x00000000        0x0 C:/Users/s_a_a/Desktop/NUCLEO-F446RE/BM/Build/Object/MCAL/SysTick/src/SysTick_program.o
 .bss           0x00000000        0x0 C:/Users/s_a_a/Desktop/NUCLEO-F446RE/BM/Build/Object/MCAL/SysTick/src/SysTick_program.o
 .bss.Local_PvFunction
                0x00000000        0x4 C:/Users/s_a_a/Desktop/NUCLEO-F446RE/BM/Build/Object/MCAL/SysTick/src/SysTick_program.o
 .text.SysTick_voidInit
                0x00000000       0x1c C:/Users/s_a_a/Desktop/NUCLEO-F446RE/BM/Build/Object/MCAL/SysTick/src/SysTick_program.o
 .text.SysTick_voidSetBusyWait
                0x00000000       0x54 C:/Users/s_a_a/Desktop/NUCLEO-F446RE/BM/Build/Object/MCAL/SysTick/src/SysTick_program.o
 .text.SysTick_voidSetIntervalSingle
                0x00000000       0x58 C:/Users/s_a_a/Desktop/NUCLEO-F446RE/BM/Build/Object/MCAL/SysTick/src/SysTick_program.o
 .text.SysTick_voidSetIntervalPeriodoc
                0x00000000       0x64 C:/Users/s_a_a/Desktop/NUCLEO-F446RE/BM/Build/Object/MCAL/SysTick/src/SysTick_program.o
 .text.SysTick_voidStopTimer
                0x00000000       0x1c C:/Users/s_a_a/Desktop/NUCLEO-F446RE/BM/Build/Object/MCAL/SysTick/src/SysTick_program.o
 .text.SysTick_GetElapsedTime
                0x00000000       0x20 C:/Users/s_a_a/Desktop/NUCLEO-F446RE/BM/Build/Object/MCAL/SysTick/src/SysTick_program.o
 .text.SysTick_GetRemaningTime
                0x00000000       0x18 C:/Users/s_a_a/Desktop/NUCLEO-F446RE/BM/Build/Object/MCAL/SysTick/src/SysTick_program.o
 .text.SysTick_Handler
                0x00000000       0x14 C:/Users/s_a_a/Desktop/NUCLEO-F446RE/BM/Build/Object/MCAL/SysTick/src/SysTick_program.o
 .debug_info    0x00000000      0x26b C:/Users/s_a_a/Desktop/NUCLEO-F446RE/BM/Build/Object/MCAL/SysTick/src/SysTick_program.o
 .debug_abbrev  0x00000000      0x144 C:/Users/s_a_a/Desktop/NUCLEO-F446RE/BM/Build/Object/MCAL/SysTick/src/SysTick_program.o
 .debug_aranges
                0x00000000       0x58 C:/Users/s_a_a/Desktop/NUCLEO-F446RE/BM/Build/Object/MCAL/SysTick/src/SysTick_program.o
 .debug_ranges  0x00000000       0x48 C:/Users/s_a_a/Desktop/NUCLEO-F446RE/BM/Build/Object/MCAL/SysTick/src/SysTick_program.o
 .debug_macro   0x00000000       0x3b C:/Users/s_a_a/Desktop/NUCLEO-F446RE/BM/Build/Object/MCAL/SysTick/src/SysTick_program.o
 .debug_macro   0x00000000      0xa66 C:/Users/s_a_a/Desktop/NUCLEO-F446RE/BM/Build/Object/MCAL/SysTick/src/SysTick_program.o
 .debug_macro   0x00000000       0x10 C:/Users/s_a_a/Desktop/NUCLEO-F446RE/BM/Build/Object/MCAL/SysTick/src/SysTick_program.o
 .debug_macro   0x00000000       0x22 C:/Users/s_a_a/Desktop/NUCLEO-F446RE/BM/Build/Object/MCAL/SysTick/src/SysTick_program.o
 .debug_macro   0x00000000       0x22 C:/Users/s_a_a/Desktop/NUCLEO-F446RE/BM/Build/Object/MCAL/SysTick/src/SysTick_program.o
 .debug_macro   0x00000000       0x2e C:/Users/s_a_a/Desktop/NUCLEO-F446RE/BM/Build/Object/MCAL/SysTick/src/SysTick_program.o
 .debug_line    0x00000000      0x1da C:/Users/s_a_a/Desktop/NUCLEO-F446RE/BM/Build/Object/MCAL/SysTick/src/SysTick_program.o
 .debug_str     0x00000000     0x3111 C:/Users/s_a_a/Desktop/NUCLEO-F446RE/BM/Build/Object/MCAL/SysTick/src/SysTick_program.o
 .comment       0x00000000       0x4a C:/Users/s_a_a/Desktop/NUCLEO-F446RE/BM/Build/Object/MCAL/SysTick/src/SysTick_program.o
 .debug_frame   0x00000000      0x120 C:/Users/s_a_a/Desktop/NUCLEO-F446RE/BM/Build/Object/MCAL/SysTick/src/SysTick_program.o
 .ARM.attributes
                0x00000000       0x34 C:/Users/s_a_a/Desktop/NUCLEO-F446RE/BM/Build/Object/MCAL/SysTick/src/SysTick_program.o
 .group         0x00000000        0xc C:/Users/s_a_a/Desktop/NUCLEO-F446RE/BM/Build/Object/MCAL/GPIO/src/GPIO_program.o
 .text          0x00000000        0x0 C:/Users/s_a_a/Desktop/NUCLEO-F446RE/BM/Build/Object/MCAL/GPIO/src/GPIO_program.o
 .data          0x00000000        0x0 C:/Users/s_a_a/Desktop/NUCLEO-F446RE/BM/Build/Object/MCAL/GPIO/src/GPIO_program.o
 .bss           0x00000000        0x0 C:/Users/s_a_a/Desktop/NUCLEO-F446RE/BM/Build/Object/MCAL/GPIO/src/GPIO_program.o
 .debug_info    0x00000000       0x21 C:/Users/s_a_a/Desktop/NUCLEO-F446RE/BM/Build/Object/MCAL/GPIO/src/GPIO_program.o
 .debug_abbrev  0x00000000       0x13 C:/Users/s_a_a/Desktop/NUCLEO-F446RE/BM/Build/Object/MCAL/GPIO/src/GPIO_program.o
 .debug_aranges
                0x00000000       0x18 C:/Users/s_a_a/Desktop/NUCLEO-F446RE/BM/Build/Object/MCAL/GPIO/src/GPIO_program.o
 .debug_macro   0x00000000       0x11 C:/Users/s_a_a/Desktop/NUCLEO-F446RE/BM/Build/Object/MCAL/GPIO/src/GPIO_program.o
 .debug_macro   0x00000000      0xa66 C:/Users/s_a_a/Desktop/NUCLEO-F446RE/BM/Build/Object/MCAL/GPIO/src/GPIO_program.o
 .debug_line    0x00000000       0x40 C:/Users/s_a_a/Desktop/NUCLEO-F446RE/BM/Build/Object/MCAL/GPIO/src/GPIO_program.o
 .debug_str     0x00000000     0x2ca1 C:/Users/s_a_a/Desktop/NUCLEO-F446RE/BM/Build/Object/MCAL/GPIO/src/GPIO_program.o
 .comment       0x00000000       0x4a C:/Users/s_a_a/Desktop/NUCLEO-F446RE/BM/Build/Object/MCAL/GPIO/src/GPIO_program.o
 .ARM.attributes
                0x00000000       0x34 C:/Users/s_a_a/Desktop/NUCLEO-F446RE/BM/Build/Object/MCAL/GPIO/src/GPIO_program.o
 .group         0x00000000        0xc C:/Users/s_a_a/Desktop/NUCLEO-F446RE/BM/Build/Object/MCAL/UART/src/UART.o
 .group         0x00000000        0xc C:/Users/s_a_a/Desktop/NUCLEO-F446RE/BM/Build/Object/MCAL/UART/src/UART.o
 .group         0x00000000        0xc C:/Users/s_a_a/Desktop/NUCLEO-F446RE/BM/Build/Object/MCAL/UART/src/UART.o
 .group         0x00000000        0xc C:/Users/s_a_a/Desktop/NUCLEO-F446RE/BM/Build/Object/MCAL/UART/src/UART.o
 .text          0x00000000        0x0 C:/Users/s_a_a/Desktop/NUCLEO-F446RE/BM/Build/Object/MCAL/UART/src/UART.o
 .data          0x00000000        0x0 C:/Users/s_a_a/Desktop/NUCLEO-F446RE/BM/Build/Object/MCAL/UART/src/UART.o
 .bss           0x00000000        0x0 C:/Users/s_a_a/Desktop/NUCLEO-F446RE/BM/Build/Object/MCAL/UART/src/UART.o
 .bss.rx_test   0x00000000        0x1 C:/Users/s_a_a/Desktop/NUCLEO-F446RE/BM/Build/Object/MCAL/UART/src/UART.o
 .bss.uart1_funcPtr
                0x00000000        0x4 C:/Users/s_a_a/Desktop/NUCLEO-F446RE/BM/Build/Object/MCAL/UART/src/UART.o
 .bss.uart2_funcPtr
                0x00000000        0x4 C:/Users/s_a_a/Desktop/NUCLEO-F446RE/BM/Build/Object/MCAL/UART/src/UART.o
 .bss.uart3_funcPtr
                0x00000000        0x4 C:/Users/s_a_a/Desktop/NUCLEO-F446RE/BM/Build/Object/MCAL/UART/src/UART.o
 .text.Get_BASE_ADD
                0x00000000       0x50 C:/Users/s_a_a/Desktop/NUCLEO-F446RE/BM/Build/Object/MCAL/UART/src/UART.o
 .text.Write_UART_Number
                0x00000000       0x88 C:/Users/s_a_a/Desktop/NUCLEO-F446RE/BM/Build/Object/MCAL/UART/src/UART.o
 .text.UART_Init
                0x00000000      0x134 C:/Users/s_a_a/Desktop/NUCLEO-F446RE/BM/Build/Object/MCAL/UART/src/UART.o
 .text.UART_SendSyncBuffer
                0x00000000       0x56 C:/Users/s_a_a/Desktop/NUCLEO-F446RE/BM/Build/Object/MCAL/UART/src/UART.o
 .rodata        0x00000000        0x6 C:/Users/s_a_a/Desktop/NUCLEO-F446RE/BM/Build/Object/MCAL/UART/src/UART.o
 .text.UART_voidSendNumber
                0x00000000       0x50 C:/Users/s_a_a/Desktop/NUCLEO-F446RE/BM/Build/Object/MCAL/UART/src/UART.o
 .text.UART1_CALLBACK
                0x00000000       0x24 C:/Users/s_a_a/Desktop/NUCLEO-F446RE/BM/Build/Object/MCAL/UART/src/UART.o
 .text.UART2_CALLBACK
                0x00000000       0x24 C:/Users/s_a_a/Desktop/NUCLEO-F446RE/BM/Build/Object/MCAL/UART/src/UART.o
 .text.UART3_CALLBACK
                0x00000000       0x24 C:/Users/s_a_a/Desktop/NUCLEO-F446RE/BM/Build/Object/MCAL/UART/src/UART.o
 .text.USART2_IRQHandler
                0x00000000       0x84 C:/Users/s_a_a/Desktop/NUCLEO-F446RE/BM/Build/Object/MCAL/UART/src/UART.o
 .text.USART3_IRQHandler
                0x00000000       0x84 C:/Users/s_a_a/Desktop/NUCLEO-F446RE/BM/Build/Object/MCAL/UART/src/UART.o
 .text.USART1_IRQHandler
                0x00000000       0x84 C:/Users/s_a_a/Desktop/NUCLEO-F446RE/BM/Build/Object/MCAL/UART/src/UART.o
 .debug_info    0x00000000      0x63a C:/Users/s_a_a/Desktop/NUCLEO-F446RE/BM/Build/Object/MCAL/UART/src/UART.o
 .debug_abbrev  0x00000000      0x165 C:/Users/s_a_a/Desktop/NUCLEO-F446RE/BM/Build/Object/MCAL/UART/src/UART.o
 .debug_aranges
                0x00000000       0x70 C:/Users/s_a_a/Desktop/NUCLEO-F446RE/BM/Build/Object/MCAL/UART/src/UART.o
 .debug_ranges  0x00000000       0x60 C:/Users/s_a_a/Desktop/NUCLEO-F446RE/BM/Build/Object/MCAL/UART/src/UART.o
 .debug_macro   0x00000000       0x32 C:/Users/s_a_a/Desktop/NUCLEO-F446RE/BM/Build/Object/MCAL/UART/src/UART.o
 .debug_macro   0x00000000      0xa66 C:/Users/s_a_a/Desktop/NUCLEO-F446RE/BM/Build/Object/MCAL/UART/src/UART.o
 .debug_macro   0x00000000       0x10 C:/Users/s_a_a/Desktop/NUCLEO-F446RE/BM/Build/Object/MCAL/UART/src/UART.o
 .debug_macro   0x00000000       0x22 C:/Users/s_a_a/Desktop/NUCLEO-F446RE/BM/Build/Object/MCAL/UART/src/UART.o
 .debug_macro   0x00000000       0x70 C:/Users/s_a_a/Desktop/NUCLEO-F446RE/BM/Build/Object/MCAL/UART/src/UART.o
 .debug_line    0x00000000      0x369 C:/Users/s_a_a/Desktop/NUCLEO-F446RE/BM/Build/Object/MCAL/UART/src/UART.o
 .debug_str     0x00000000     0x32cd C:/Users/s_a_a/Desktop/NUCLEO-F446RE/BM/Build/Object/MCAL/UART/src/UART.o
 .comment       0x00000000       0x4a C:/Users/s_a_a/Desktop/NUCLEO-F446RE/BM/Build/Object/MCAL/UART/src/UART.o
 .debug_frame   0x00000000      0x1ac C:/Users/s_a_a/Desktop/NUCLEO-F446RE/BM/Build/Object/MCAL/UART/src/UART.o
 .ARM.attributes
                0x00000000       0x34 C:/Users/s_a_a/Desktop/NUCLEO-F446RE/BM/Build/Object/MCAL/UART/src/UART.o
 .group         0x00000000        0xc C:/Users/s_a_a/Desktop/NUCLEO-F446RE/BM/Build/Object/Startup/startup_stm32f103.o
 .text          0x00000000        0x0 C:/Users/s_a_a/Desktop/NUCLEO-F446RE/BM/Build/Object/Startup/startup_stm32f103.o
 .data          0x00000000        0x0 C:/Users/s_a_a/Desktop/NUCLEO-F446RE/BM/Build/Object/Startup/startup_stm32f103.o
 .bss           0x00000000        0x0 C:/Users/s_a_a/Desktop/NUCLEO-F446RE/BM/Build/Object/Startup/startup_stm32f103.o
 .rodata.MSP_Value
                0x00000000        0x4 C:/Users/s_a_a/Desktop/NUCLEO-F446RE/BM/Build/Object/Startup/startup_stm32f103.o
 .isr_vector    0x00000000      0x178 C:/Users/s_a_a/Desktop/NUCLEO-F446RE/BM/Build/Object/Startup/startup_stm32f103.o
 .text.Reset_Handler
                0x00000000       0x94 C:/Users/s_a_a/Desktop/NUCLEO-F446RE/BM/Build/Object/Startup/startup_stm32f103.o
 .text.Default_Handler
                0x00000000        0x6 C:/Users/s_a_a/Desktop/NUCLEO-F446RE/BM/Build/Object/Startup/startup_stm32f103.o
 .debug_info    0x00000000      0x148 C:/Users/s_a_a/Desktop/NUCLEO-F446RE/BM/Build/Object/Startup/startup_stm32f103.o
 .debug_abbrev  0x00000000       0xe3 C:/Users/s_a_a/Desktop/NUCLEO-F446RE/BM/Build/Object/Startup/startup_stm32f103.o
 .debug_aranges
                0x00000000       0x28 C:/Users/s_a_a/Desktop/NUCLEO-F446RE/BM/Build/Object/Startup/startup_stm32f103.o
 .debug_ranges  0x00000000       0x18 C:/Users/s_a_a/Desktop/NUCLEO-F446RE/BM/Build/Object/Startup/startup_stm32f103.o
 .debug_macro   0x00000000       0x17 C:/Users/s_a_a/Desktop/NUCLEO-F446RE/BM/Build/Object/Startup/startup_stm32f103.o
 .debug_macro   0x00000000      0xa66 C:/Users/s_a_a/Desktop/NUCLEO-F446RE/BM/Build/Object/Startup/startup_stm32f103.o
 .debug_line    0x00000000       0xe1 C:/Users/s_a_a/Desktop/NUCLEO-F446RE/BM/Build/Object/Startup/startup_stm32f103.o
 .debug_str     0x00000000     0x2d41 C:/Users/s_a_a/Desktop/NUCLEO-F446RE/BM/Build/Object/Startup/startup_stm32f103.o
 .comment       0x00000000       0x4a C:/Users/s_a_a/Desktop/NUCLEO-F446RE/BM/Build/Object/Startup/startup_stm32f103.o
 .debug_frame   0x00000000       0x48 C:/Users/s_a_a/Desktop/NUCLEO-F446RE/BM/Build/Object/Startup/startup_stm32f103.o
 .ARM.attributes
                0x00000000       0x34 C:/Users/s_a_a/Desktop/NUCLEO-F446RE/BM/Build/Object/Startup/startup_stm32f103.o
 .group         0x00000000        0xc C:/Users/s_a_a/Desktop/NUCLEO-F446RE/BM/Build/Object/Src/main.o
 .group         0x00000000        0xc C:/Users/s_a_a/Desktop/NUCLEO-F446RE/BM/Build/Object/Src/main.o
 .group         0x00000000        0xc C:/Users/s_a_a/Desktop/NUCLEO-F446RE/BM/Build/Object/Src/main.o
 .group         0x00000000        0xc C:/Users/s_a_a/Desktop/NUCLEO-F446RE/BM/Build/Object/Src/main.o
 .group         0x00000000        0xc C:/Users/s_a_a/Desktop/NUCLEO-F446RE/BM/Build/Object/Src/main.o
 .group         0x00000000        0xc C:/Users/s_a_a/Desktop/NUCLEO-F446RE/BM/Build/Object/Src/main.o
 .group         0x00000000        0xc C:/Users/s_a_a/Desktop/NUCLEO-F446RE/BM/Build/Object/Src/main.o
 .text          0x00000000        0x0 C:/Users/s_a_a/Desktop/NUCLEO-F446RE/BM/Build/Object/Src/main.o
 .data          0x00000000        0x0 C:/Users/s_a_a/Desktop/NUCLEO-F446RE/BM/Build/Object/Src/main.o
 .bss           0x00000000        0x0 C:/Users/s_a_a/Desktop/NUCLEO-F446RE/BM/Build/Object/Src/main.o
 .bss.RCC_Configuration
                0x00000000        0xc C:/Users/s_a_a/Desktop/NUCLEO-F446RE/BM/Build/Object/Src/main.o
 .data.Uart_configuration
                0x00000000        0xc C:/Users/s_a_a/Desktop/NUCLEO-F446RE/BM/Build/Object/Src/main.o
 .bss.Jump_toApplication
                0x00000000        0x4 C:/Users/s_a_a/Desktop/NUCLEO-F446RE/BM/Build/Object/Src/main.o
 .bss.Jump_toBootLoader
                0x00000000        0x4 C:/Users/s_a_a/Desktop/NUCLEO-F446RE/BM/Build/Object/Src/main.o
 .bss.SwReset   0x00000000        0x1 C:/Users/s_a_a/Desktop/NUCLEO-F446RE/BM/Build/Object/Src/main.o
 .bss.PowerReset
                0x00000000        0x1 C:/Users/s_a_a/Desktop/NUCLEO-F446RE/BM/Build/Object/Src/main.o
 .bss.PinReset  0x00000000        0x1 C:/Users/s_a_a/Desktop/NUCLEO-F446RE/BM/Build/Object/Src/main.o
 .rodata        0x00000000        0x7 C:/Users/s_a_a/Desktop/NUCLEO-F446RE/BM/Build/Object/Src/main.o
 .text.main     0x00000000       0xdc C:/Users/s_a_a/Desktop/NUCLEO-F446RE/BM/Build/Object/Src/main.o
 .text.APP_init
                0x00000000       0x1c C:/Users/s_a_a/Desktop/NUCLEO-F446RE/BM/Build/Object/Src/main.o
 .text.GPIO_PIN_CONFIG
                0x00000000       0x2a C:/Users/s_a_a/Desktop/NUCLEO-F446RE/BM/Build/Object/Src/main.o
 .text.SystemInit
                0x00000000       0x24 C:/Users/s_a_a/Desktop/NUCLEO-F446RE/BM/Build/Object/Src/main.o
 .debug_info    0x00000000      0x6ef C:/Users/s_a_a/Desktop/NUCLEO-F446RE/BM/Build/Object/Src/main.o
 .debug_abbrev  0x00000000       0xe4 C:/Users/s_a_a/Desktop/NUCLEO-F446RE/BM/Build/Object/Src/main.o
 .debug_aranges
                0x00000000       0x38 C:/Users/s_a_a/Desktop/NUCLEO-F446RE/BM/Build/Object/Src/main.o
 .debug_ranges  0x00000000       0x28 C:/Users/s_a_a/Desktop/NUCLEO-F446RE/BM/Build/Object/Src/main.o
 .debug_macro   0x00000000       0x53 C:/Users/s_a_a/Desktop/NUCLEO-F446RE/BM/Build/Object/Src/main.o
 .debug_macro   0x00000000      0xa66 C:/Users/s_a_a/Desktop/NUCLEO-F446RE/BM/Build/Object/Src/main.o
 .debug_macro   0x00000000       0x10 C:/Users/s_a_a/Desktop/NUCLEO-F446RE/BM/Build/Object/Src/main.o
 .debug_macro   0x00000000       0x22 C:/Users/s_a_a/Desktop/NUCLEO-F446RE/BM/Build/Object/Src/main.o
 .debug_macro   0x00000000       0xd6 C:/Users/s_a_a/Desktop/NUCLEO-F446RE/BM/Build/Object/Src/main.o
 .debug_macro   0x00000000       0x6a C:/Users/s_a_a/Desktop/NUCLEO-F446RE/BM/Build/Object/Src/main.o
 .debug_macro   0x00000000       0x10 C:/Users/s_a_a/Desktop/NUCLEO-F446RE/BM/Build/Object/Src/main.o
 .debug_macro   0x00000000       0x76 C:/Users/s_a_a/Desktop/NUCLEO-F446RE/BM/Build/Object/Src/main.o
 .debug_line    0x00000000      0x16f C:/Users/s_a_a/Desktop/NUCLEO-F446RE/BM/Build/Object/Src/main.o
 .debug_str     0x00000000     0x3e6e C:/Users/s_a_a/Desktop/NUCLEO-F446RE/BM/Build/Object/Src/main.o
 .comment       0x00000000       0x4a C:/Users/s_a_a/Desktop/NUCLEO-F446RE/BM/Build/Object/Src/main.o
 .debug_frame   0x00000000       0x8c C:/Users/s_a_a/Desktop/NUCLEO-F446RE/BM/Build/Object/Src/main.o
 .ARM.attributes
                0x00000000       0x34 C:/Users/s_a_a/Desktop/NUCLEO-F446RE/BM/Build/Object/Src/main.o
 .group         0x00000000        0xc C:/Users/s_a_a/Desktop/NUCLEO-F446RE/BM/Build/Object/MCAL/RCC/src/RCC.o
 .group         0x00000000        0xc C:/Users/s_a_a/Desktop/NUCLEO-F446RE/BM/Build/Object/MCAL/RCC/src/RCC.o
 .group         0x00000000        0xc C:/Users/s_a_a/Desktop/NUCLEO-F446RE/BM/Build/Object/MCAL/RCC/src/RCC.o
 .text          0x00000000        0x0 C:/Users/s_a_a/Desktop/NUCLEO-F446RE/BM/Build/Object/MCAL/RCC/src/RCC.o
 .data          0x00000000        0x0 C:/Users/s_a_a/Desktop/NUCLEO-F446RE/BM/Build/Object/MCAL/RCC/src/RCC.o
 .bss           0x00000000        0x0 C:/Users/s_a_a/Desktop/NUCLEO-F446RE/BM/Build/Object/MCAL/RCC/src/RCC.o
 .rodata._ZL13RCC_BASE_ADDR
                0x00000000        0x4 C:/Users/s_a_a/Desktop/NUCLEO-F446RE/BM/Build/Object/MCAL/RCC/src/RCC.o
 .rodata._ZL13RCC_CSR_LSION
                0x00000000        0x1 C:/Users/s_a_a/Desktop/NUCLEO-F446RE/BM/Build/Object/MCAL/RCC/src/RCC.o
 .rodata._ZL14RCC_CSR_LSIRDY
                0x00000000        0x1 C:/Users/s_a_a/Desktop/NUCLEO-F446RE/BM/Build/Object/MCAL/RCC/src/RCC.o
 .rodata._ZL12RCC_CSR_RMVF
                0x00000000        0x1 C:/Users/s_a_a/Desktop/NUCLEO-F446RE/BM/Build/Object/MCAL/RCC/src/RCC.o
 .rodata._ZL16RCC_CSR_BOR_RSTF
                0x00000000        0x1 C:/Users/s_a_a/Desktop/NUCLEO-F446RE/BM/Build/Object/MCAL/RCC/src/RCC.o
 .rodata._ZL16RCC_CSR_PIN_RSTF
                0x00000000        0x1 C:/Users/s_a_a/Desktop/NUCLEO-F446RE/BM/Build/Object/MCAL/RCC/src/RCC.o
 .rodata._ZL16RCC_CSR_POR_RSTF
                0x00000000        0x1 C:/Users/s_a_a/Desktop/NUCLEO-F446RE/BM/Build/Object/MCAL/RCC/src/RCC.o
 .rodata._ZL16RCC_CSR_SFT_RSTF
                0x00000000        0x1 C:/Users/s_a_a/Desktop/NUCLEO-F446RE/BM/Build/Object/MCAL/RCC/src/RCC.o
 .rodata._ZL16RCC_CSR_IWDGRSTF
                0x00000000        0x1 C:/Users/s_a_a/Desktop/NUCLEO-F446RE/BM/Build/Object/MCAL/RCC/src/RCC.o
 .rodata._ZL16RCC_CSR_WWDGRSTF
                0x00000000        0x1 C:/Users/s_a_a/Desktop/NUCLEO-F446RE/BM/Build/Object/MCAL/RCC/src/RCC.o
 .rodata._ZL16RCC_CSR_LPWRRSTF
                0x00000000        0x1 C:/Users/s_a_a/Desktop/NUCLEO-F446RE/BM/Build/Object/MCAL/RCC/src/RCC.o
 .text._ZN3RCC9EnableHSIEv
                0x00000000       0x38 C:/Users/s_a_a/Desktop/NUCLEO-F446RE/BM/Build/Object/MCAL/RCC/src/RCC.o
 .text._ZN3RCC9EnableHSEEv
                0x00000000       0x38 C:/Users/s_a_a/Desktop/NUCLEO-F446RE/BM/Build/Object/MCAL/RCC/src/RCC.o
 .text._ZN3RCC9EnablePLLEv
                0x00000000       0x38 C:/Users/s_a_a/Desktop/NUCLEO-F446RE/BM/Build/Object/MCAL/RCC/src/RCC.o
 .text._ZN3RCC10DisablePLLEv
                0x00000000       0x38 C:/Users/s_a_a/Desktop/NUCLEO-F446RE/BM/Build/Object/MCAL/RCC/src/RCC.o
 .text._ZN3RCC11SelectClockE12RCC_ClockSrc
                0x00000000       0x54 C:/Users/s_a_a/Desktop/NUCLEO-F446RE/BM/Build/Object/MCAL/RCC/src/RCC.o
 .text._ZN3RCC9ConfigPLLERK15RCC_PLLConfig_t
                0x00000000       0x74 C:/Users/s_a_a/Desktop/NUCLEO-F446RE/BM/Build/Object/MCAL/RCC/src/RCC.o
 .text._ZN3RCC9SetAHBPreE10RCC_AHBPre
                0x00000000       0x34 C:/Users/s_a_a/Desktop/NUCLEO-F446RE/BM/Build/Object/MCAL/RCC/src/RCC.o
 .text._ZN3RCC10SetAPB1PreE10RCC_APBPre
                0x00000000       0x34 C:/Users/s_a_a/Desktop/NUCLEO-F446RE/BM/Build/Object/MCAL/RCC/src/RCC.o
 .text._ZN3RCC10SetAPB2PreE10RCC_APBPre
                0x00000000       0x34 C:/Users/s_a_a/Desktop/NUCLEO-F446RE/BM/Build/Object/MCAL/RCC/src/RCC.o
 .text._ZN3RCC4InitERK12RCC_Config_t
                0x00000000       0x86 C:/Users/s_a_a/Desktop/NUCLEO-F446RE/BM/Build/Object/MCAL/RCC/src/RCC.o
 .text._ZN3RCC11EnableClockE7RCC_Bus14RCC_Peripheral
                0x00000000       0xb4 C:/Users/s_a_a/Desktop/NUCLEO-F446RE/BM/Build/Object/MCAL/RCC/src/RCC.o
 .text._ZN3RCC12DisableClockE7RCC_Bus14RCC_Peripheral
                0x00000000       0xc0 C:/Users/s_a_a/Desktop/NUCLEO-F446RE/BM/Build/Object/MCAL/RCC/src/RCC.o
 .debug_info    0x00000000      0x7eb C:/Users/s_a_a/Desktop/NUCLEO-F446RE/BM/Build/Object/MCAL/RCC/src/RCC.o
 .debug_abbrev  0x00000000      0x1d6 C:/Users/s_a_a/Desktop/NUCLEO-F446RE/BM/Build/Object/MCAL/RCC/src/RCC.o
 .debug_aranges
                0x00000000       0x78 C:/Users/s_a_a/Desktop/NUCLEO-F446RE/BM/Build/Object/MCAL/RCC/src/RCC.o
 .debug_ranges  0x00000000       0x68 C:/Users/s_a_a/Desktop/NUCLEO-F446RE/BM/Build/Object/MCAL/RCC/src/RCC.o
 .debug_macro   0x00000000       0x2d C:/Users/s_a_a/Desktop/NUCLEO-F446RE/BM/Build/Object/MCAL/RCC/src/RCC.o
 .debug_macro   0x00000000      0xbaa C:/Users/s_a_a/Desktop/NUCLEO-F446RE/BM/Build/Object/MCAL/RCC/src/RCC.o
 .debug_macro   0x00000000       0x10 C:/Users/s_a_a/Desktop/NUCLEO-F446RE/BM/Build/Object/MCAL/RCC/src/RCC.o
 .debug_macro   0x00000000       0x22 C:/Users/s_a_a/Desktop/NUCLEO-F446RE/BM/Build/Object/MCAL/RCC/src/RCC.o
 .debug_line    0x00000000      0x2ac C:/Users/s_a_a/Desktop/NUCLEO-F446RE/BM/Build/Object/MCAL/RCC/src/RCC.o
 .debug_str     0x00000000     0x39b9 C:/Users/s_a_a/Desktop/NUCLEO-F446RE/BM/Build/Object/MCAL/RCC/src/RCC.o
 .comment       0x00000000       0x4a C:/Users/s_a_a/Desktop/NUCLEO-F446RE/BM/Build/Object/MCAL/RCC/src/RCC.o
 .debug_frame   0x00000000      0x1c8 C:/Users/s_a_a/Desktop/NUCLEO-F446RE/BM/Build/Object/MCAL/RCC/src/RCC.o
 .ARM.attributes
                0x00000000       0x34 C:/Users/s_a_a/Desktop/NUCLEO-F446RE/BM/Build/Object/MCAL/RCC/src/RCC.o
 .group         0x00000000        0xc C:/Users/s_a_a/Desktop/NUCLEO-F446RE/BM/Build/Object/MCAL/GPIO/src/GPIO.o
 .group         0x00000000        0xc C:/Users/s_a_a/Desktop/NUCLEO-F446RE/BM/Build/Object/MCAL/GPIO/src/GPIO.o
 .group         0x00000000        0xc C:/Users/s_a_a/Desktop/NUCLEO-F446RE/BM/Build/Object/MCAL/GPIO/src/GPIO.o
 .text          0x00000000        0x0 C:/Users/s_a_a/Desktop/NUCLEO-F446RE/BM/Build/Object/MCAL/GPIO/src/GPIO.o
 .data          0x00000000        0x0 C:/Users/s_a_a/Desktop/NUCLEO-F446RE/BM/Build/Object/MCAL/GPIO/src/GPIO.o
 .bss           0x00000000        0x0 C:/Users/s_a_a/Desktop/NUCLEO-F446RE/BM/Build/Object/MCAL/GPIO/src/GPIO.o
 .rodata._ZL10GPIOA_BASE
                0x00000000        0x4 C:/Users/s_a_a/Desktop/NUCLEO-F446RE/BM/Build/Object/MCAL/GPIO/src/GPIO.o
 .rodata._ZL10GPIOB_BASE
                0x00000000        0x4 C:/Users/s_a_a/Desktop/NUCLEO-F446RE/BM/Build/Object/MCAL/GPIO/src/GPIO.o
 .rodata._ZL10GPIOC_BASE
                0x00000000        0x4 C:/Users/s_a_a/Desktop/NUCLEO-F446RE/BM/Build/Object/MCAL/GPIO/src/GPIO.o
 .rodata._ZL10GPIOD_BASE
                0x00000000        0x4 C:/Users/s_a_a/Desktop/NUCLEO-F446RE/BM/Build/Object/MCAL/GPIO/src/GPIO.o
 .rodata._ZL10GPIOE_BASE
                0x00000000        0x4 C:/Users/s_a_a/Desktop/NUCLEO-F446RE/BM/Build/Object/MCAL/GPIO/src/GPIO.o
 .rodata._ZL10GPIOF_BASE
                0x00000000        0x4 C:/Users/s_a_a/Desktop/NUCLEO-F446RE/BM/Build/Object/MCAL/GPIO/src/GPIO.o
 .rodata._ZL10GPIOG_BASE
                0x00000000        0x4 C:/Users/s_a_a/Desktop/NUCLEO-F446RE/BM/Build/Object/MCAL/GPIO/src/GPIO.o
 .rodata._ZL10GPIOH_BASE
                0x00000000        0x4 C:/Users/s_a_a/Desktop/NUCLEO-F446RE/BM/Build/Object/MCAL/GPIO/src/GPIO.o
 .rodata._ZL9GPIO_HIGH
                0x00000000        0x1 C:/Users/s_a_a/Desktop/NUCLEO-F446RE/BM/Build/Object/MCAL/GPIO/src/GPIO.o
 .rodata._ZL8GPIO_LOW
                0x00000000        0x1 C:/Users/s_a_a/Desktop/NUCLEO-F446RE/BM/Build/Object/MCAL/GPIO/src/GPIO.o
 .text._ZN4GPIO7GetPortE9GPIO_Port
                0x00000000       0x88 C:/Users/s_a_a/Desktop/NUCLEO-F446RE/BM/Build/Object/MCAL/GPIO/src/GPIO.o
 .text._ZN4GPIO7InitPinE9GPIO_Port8GPIO_Pin9GPIO_Mode10GPIO_OType10GPIO_Speed9GPIO_Pull
                0x00000000      0x10a C:/Users/s_a_a/Desktop/NUCLEO-F446RE/BM/Build/Object/MCAL/GPIO/src/GPIO.o
 .text._ZN4GPIO8WritePinE9GPIO_Port8GPIO_Pinh
                0x00000000       0x5c C:/Users/s_a_a/Desktop/NUCLEO-F446RE/BM/Build/Object/MCAL/GPIO/src/GPIO.o
 .text._ZN4GPIO9TogglePinE9GPIO_Port8GPIO_Pin
                0x00000000       0x4e C:/Users/s_a_a/Desktop/NUCLEO-F446RE/BM/Build/Object/MCAL/GPIO/src/GPIO.o
 .text._ZN4GPIO7ReadPinE9GPIO_Port8GPIO_PinRh
                0x00000000       0x52 C:/Users/s_a_a/Desktop/NUCLEO-F446RE/BM/Build/Object/MCAL/GPIO/src/GPIO.o
 .text._ZN4GPIO5SetAFE9GPIO_Porthh
                0x00000000       0x98 C:/Users/s_a_a/Desktop/NUCLEO-F446RE/BM/Build/Object/MCAL/GPIO/src/GPIO.o
 .debug_info    0x00000000      0x693 C:/Users/s_a_a/Desktop/NUCLEO-F446RE/BM/Build/Object/MCAL/GPIO/src/GPIO.o
 .debug_abbrev  0x00000000      0x1c8 C:/Users/s_a_a/Desktop/NUCLEO-F446RE/BM/Build/Object/MCAL/GPIO/src/GPIO.o
 .debug_aranges
                0x00000000       0x48 C:/Users/s_a_a/Desktop/NUCLEO-F446RE/BM/Build/Object/MCAL/GPIO/src/GPIO.o
 .debug_ranges  0x00000000       0x38 C:/Users/s_a_a/Desktop/NUCLEO-F446RE/BM/Build/Object/MCAL/GPIO/src/GPIO.o
 .debug_macro   0x00000000       0x27 C:/Users/s_a_a/Desktop/NUCLEO-F446RE/BM/Build/Object/MCAL/GPIO/src/GPIO.o
 .debug_macro   0x00000000      0xbaa C:/Users/s_a_a/Desktop/NUCLEO-F446RE/BM/Build/Object/MCAL/GPIO/src/GPIO.o
 .debug_macro   0x00000000       0x10 C:/Users/s_a_a/Desktop/NUCLEO-F446RE/BM/Build/Object/MCAL/GPIO/src/GPIO.o
 .debug_macro   0x00000000       0x22 C:/Users/s_a_a/Desktop/NUCLEO-F446RE/BM/Build/Object/MCAL/GPIO/src/GPIO.o
 .debug_line    0x00000000      0x271 C:/Users/s_a_a/Desktop/NUCLEO-F446RE/BM/Build/Object/MCAL/GPIO/src/GPIO.o
 .debug_str     0x00000000     0x370b C:/Users/s_a_a/Desktop/NUCLEO-F446RE/BM/Build/Object/MCAL/GPIO/src/GPIO.o
 .comment       0x00000000       0x4a C:/Users/s_a_a/Desktop/NUCLEO-F446RE/BM/Build/Object/MCAL/GPIO/src/GPIO.o
 .debug_frame   0x00000000       0xf0 C:/Users/s_a_a/Desktop/NUCLEO-F446RE/BM/Build/Object/MCAL/GPIO/src/GPIO.o
 .ARM.attributes
                0x00000000       0x34 C:/Users/s_a_a/Desktop/NUCLEO-F446RE/BM/Build/Object/MCAL/GPIO/src/GPIO.o
 .text          0x00000000        0x0 c:/program files (x86)/gnu arm embedded toolchain/10 2021.10/bin/../lib/gcc/arm-none-eabi/10.3.1/../../../../arm-none-eabi/lib/thumb/v7e-m+fp/hard\libc_nano.a(lib_a-exit.o)
 .data          0x00000000        0x0 c:/program files (x86)/gnu arm embedded toolchain/10 2021.10/bin/../lib/gcc/arm-none-eabi/10.3.1/../../../../arm-none-eabi/lib/thumb/v7e-m+fp/hard\libc_nano.a(lib_a-exit.o)
 .bss           0x00000000        0x0 c:/program files (x86)/gnu arm embedded toolchain/10 2021.10/bin/../lib/gcc/arm-none-eabi/10.3.1/../../../../arm-none-eabi/lib/thumb/v7e-m+fp/hard\libc_nano.a(lib_a-exit.o)
 .text.exit     0x00000000       0x28 c:/program files (x86)/gnu arm embedded toolchain/10 2021.10/bin/../lib/gcc/arm-none-eabi/10.3.1/../../../../arm-none-eabi/lib/thumb/v7e-m+fp/hard\libc_nano.a(lib_a-exit.o)
 .debug_frame   0x00000000       0x28 c:/program files (x86)/gnu arm embedded toolchain/10 2021.10/bin/../lib/gcc/arm-none-eabi/10.3.1/../../../../arm-none-eabi/lib/thumb/v7e-m+fp/hard\libc_nano.a(lib_a-exit.o)
 .ARM.attributes
                0x00000000       0x34 c:/program files (x86)/gnu arm embedded toolchain/10 2021.10/bin/../lib/gcc/arm-none-eabi/10.3.1/../../../../arm-none-eabi/lib/thumb/v7e-m+fp/hard\libc_nano.a(lib_a-exit.o)
 .text          0x00000000        0x0 c:/program files (x86)/gnu arm embedded toolchain/10 2021.10/bin/../lib/gcc/arm-none-eabi/10.3.1/../../../../arm-none-eabi/lib/thumb/v7e-m+fp/hard\libc_nano.a(lib_a-impure.o)
 .data          0x00000000        0x0 c:/program files (x86)/gnu arm embedded toolchain/10 2021.10/bin/../lib/gcc/arm-none-eabi/10.3.1/../../../../arm-none-eabi/lib/thumb/v7e-m+fp/hard\libc_nano.a(lib_a-impure.o)
 .bss           0x00000000        0x0 c:/program files (x86)/gnu arm embedded toolchain/10 2021.10/bin/../lib/gcc/arm-none-eabi/10.3.1/../../../../arm-none-eabi/lib/thumb/v7e-m+fp/hard\libc_nano.a(lib_a-impure.o)
 .data._impure_ptr
                0x00000000        0x4 c:/program files (x86)/gnu arm embedded toolchain/10 2021.10/bin/../lib/gcc/arm-none-eabi/10.3.1/../../../../arm-none-eabi/lib/thumb/v7e-m+fp/hard\libc_nano.a(lib_a-impure.o)
 .data.impure_data
                0x00000000       0x60 c:/program files (x86)/gnu arm embedded toolchain/10 2021.10/bin/../lib/gcc/arm-none-eabi/10.3.1/../../../../arm-none-eabi/lib/thumb/v7e-m+fp/hard\libc_nano.a(lib_a-impure.o)
 .rodata._global_impure_ptr
                0x00000000        0x4 c:/program files (x86)/gnu arm embedded toolchain/10 2021.10/bin/../lib/gcc/arm-none-eabi/10.3.1/../../../../arm-none-eabi/lib/thumb/v7e-m+fp/hard\libc_nano.a(lib_a-impure.o)
 .ARM.attributes
                0x00000000       0x34 c:/program files (x86)/gnu arm embedded toolchain/10 2021.10/bin/../lib/gcc/arm-none-eabi/10.3.1/../../../../arm-none-eabi/lib/thumb/v7e-m+fp/hard\libc_nano.a(lib_a-impure.o)
 .text          0x00000000        0x0 c:/program files (x86)/gnu arm embedded toolchain/10 2021.10/bin/../lib/gcc/arm-none-eabi/10.3.1/../../../../arm-none-eabi/lib/thumb/v7e-m+fp/hard\libc_nano.a(lib_a-init.o)
 .data          0x00000000        0x0 c:/program files (x86)/gnu arm embedded toolchain/10 2021.10/bin/../lib/gcc/arm-none-eabi/10.3.1/../../../../arm-none-eabi/lib/thumb/v7e-m+fp/hard\libc_nano.a(lib_a-init.o)
 .bss           0x00000000        0x0 c:/program files (x86)/gnu arm embedded toolchain/10 2021.10/bin/../lib/gcc/arm-none-eabi/10.3.1/../../../../arm-none-eabi/lib/thumb/v7e-m+fp/hard\libc_nano.a(lib_a-init.o)
 .text.__libc_init_array
                0x00000000       0x48 c:/program files (x86)/gnu arm embedded toolchain/10 2021.10/bin/../lib/gcc/arm-none-eabi/10.3.1/../../../../arm-none-eabi/lib/thumb/v7e-m+fp/hard\libc_nano.a(lib_a-init.o)
 .debug_frame   0x00000000       0x2c c:/program files (x86)/gnu arm embedded toolchain/10 2021.10/bin/../lib/gcc/arm-none-eabi/10.3.1/../../../../arm-none-eabi/lib/thumb/v7e-m+fp/hard\libc_nano.a(lib_a-init.o)
 .ARM.attributes
                0x00000000       0x34 c:/program files (x86)/gnu arm embedded toolchain/10 2021.10/bin/../lib/gcc/arm-none-eabi/10.3.1/../../../../arm-none-eabi/lib/thumb/v7e-m+fp/hard\libc_nano.a(lib_a-init.o)
 .text          0x00000000        0x0 c:/program files (x86)/gnu arm embedded toolchain/10 2021.10/bin/../lib/gcc/arm-none-eabi/10.3.1/../../../../arm-none-eabi/lib/thumb/v7e-m+fp/hard\libc_nano.a(lib_a-memset.o)
 .data          0x00000000        0x0 c:/program files (x86)/gnu arm embedded toolchain/10 2021.10/bin/../lib/gcc/arm-none-eabi/10.3.1/../../../../arm-none-eabi/lib/thumb/v7e-m+fp/hard\libc_nano.a(lib_a-memset.o)
 .bss           0x00000000        0x0 c:/program files (x86)/gnu arm embedded toolchain/10 2021.10/bin/../lib/gcc/arm-none-eabi/10.3.1/../../../../arm-none-eabi/lib/thumb/v7e-m+fp/hard\libc_nano.a(lib_a-memset.o)
 .text.memset   0x00000000       0x10 c:/program files (x86)/gnu arm embedded toolchain/10 2021.10/bin/../lib/gcc/arm-none-eabi/10.3.1/../../../../arm-none-eabi/lib/thumb/v7e-m+fp/hard\libc_nano.a(lib_a-memset.o)
 .debug_frame   0x00000000       0x20 c:/program files (x86)/gnu arm embedded toolchain/10 2021.10/bin/../lib/gcc/arm-none-eabi/10.3.1/../../../../arm-none-eabi/lib/thumb/v7e-m+fp/hard\libc_nano.a(lib_a-memset.o)
 .ARM.attributes
                0x00000000       0x34 c:/program files (x86)/gnu arm embedded toolchain/10 2021.10/bin/../lib/gcc/arm-none-eabi/10.3.1/../../../../arm-none-eabi/lib/thumb/v7e-m+fp/hard\libc_nano.a(lib_a-memset.o)
 .text          0x00000000        0x0 c:/program files (x86)/gnu arm embedded toolchain/10 2021.10/bin/../lib/gcc/arm-none-eabi/10.3.1/thumb/v7e-m+fp/hard/crtend.o
 .data          0x00000000        0x0 c:/program files (x86)/gnu arm embedded toolchain/10 2021.10/bin/../lib/gcc/arm-none-eabi/10.3.1/thumb/v7e-m+fp/hard/crtend.o
 .bss           0x00000000        0x0 c:/program files (x86)/gnu arm embedded toolchain/10 2021.10/bin/../lib/gcc/arm-none-eabi/10.3.1/thumb/v7e-m+fp/hard/crtend.o
 .rodata        0x00000000       0x24 c:/program files (x86)/gnu arm embedded toolchain/10 2021.10/bin/../lib/gcc/arm-none-eabi/10.3.1/thumb/v7e-m+fp/hard/crtend.o
 .eh_frame      0x00000000        0x4 c:/program files (x86)/gnu arm embedded toolchain/10 2021.10/bin/../lib/gcc/arm-none-eabi/10.3.1/thumb/v7e-m+fp/hard/crtend.o
 .ARM.attributes
                0x00000000       0x34 c:/program files (x86)/gnu arm embedded toolchain/10 2021.10/bin/../lib/gcc/arm-none-eabi/10.3.1/thumb/v7e-m+fp/hard/crtend.o
 .text          0x00000000        0x0 c:/program files (x86)/gnu arm embedded toolchain/10 2021.10/bin/../lib/gcc/arm-none-eabi/10.3.1/thumb/v7e-m+fp/hard/crtn.o
 .data          0x00000000        0x0 c:/program files (x86)/gnu arm embedded toolchain/10 2021.10/bin/../lib/gcc/arm-none-eabi/10.3.1/thumb/v7e-m+fp/hard/crtn.o
 .bss           0x00000000        0x0 c:/program files (x86)/gnu arm embedded toolchain/10 2021.10/bin/../lib/gcc/arm-none-eabi/10.3.1/thumb/v7e-m+fp/hard/crtn.o
 .init          0x00000000        0x8 c:/program files (x86)/gnu arm embedded toolchain/10 2021.10/bin/../lib/gcc/arm-none-eabi/10.3.1/thumb/v7e-m+fp/hard/crtn.o
 .fini          0x00000000        0x8 c:/program files (x86)/gnu arm embedded toolchain/10 2021.10/bin/../lib/gcc/arm-none-eabi/10.3.1/thumb/v7e-m+fp/hard/crtn.o
 .ARM.attributes
                0x00000000       0x1e c:/program files (x86)/gnu arm embedded toolchain/10 2021.10/bin/../lib/gcc/arm-none-eabi/10.3.1/thumb/v7e-m+fp/hard/crtn.o

Memory Configuration

Name             Origin             Length             Attributes
FLASH            0x08000000         0x00004000         xr
RAM              0x20000000         0x00020000         xrw
*default*        0x00000000         0xffffffff

Linker script and memory map

LOAD c:/program files (x86)/gnu arm embedded toolchain/10 2021.10/bin/../lib/gcc/arm-none-eabi/10.3.1/thumb/v7e-m+fp/hard/crti.o
LOAD c:/program files (x86)/gnu arm embedded toolchain/10 2021.10/bin/../lib/gcc/arm-none-eabi/10.3.1/thumb/v7e-m+fp/hard/crtbegin.o
LOAD c:/program files (x86)/gnu arm embedded toolchain/10 2021.10/bin/../lib/gcc/arm-none-eabi/10.3.1/../../../../arm-none-eabi/lib/thumb/v7e-m+fp/hard/crt0.o
LOAD c:/program files (x86)/gnu arm embedded toolchain/10 2021.10/bin/../lib/gcc/arm-none-eabi/10.3.1/../../../../arm-none-eabi/lib/thumb/v7e-m+fp/hard\libnosys.a
LOAD C:/Users/s_a_a/Desktop/NUCLEO-F446RE/BM/Build/Object/MCAL/RCC/src/RCC_program.o
LOAD C:/Users/s_a_a/Desktop/NUCLEO-F446RE/BM/Build/Object/MCAL/NVIC/src/NVIC_program.o
LOAD C:/Users/s_a_a/Desktop/NUCLEO-F446RE/BM/Build/Object/MCAL/SysTick/src/SysTick_program.o
LOAD C:/Users/s_a_a/Desktop/NUCLEO-F446RE/BM/Build/Object/MCAL/GPIO/src/GPIO_program.o
LOAD C:/Users/s_a_a/Desktop/NUCLEO-F446RE/BM/Build/Object/MCAL/UART/src/UART.o
LOAD C:/Users/s_a_a/Desktop/NUCLEO-F446RE/BM/Build/Object/Startup/startup_stm32f103.o
LOAD C:/Users/s_a_a/Desktop/NUCLEO-F446RE/BM/Build/Object/Src/main.o
LOAD C:/Users/s_a_a/Desktop/NUCLEO-F446RE/BM/Build/Object/MCAL/RCC/src/RCC.o
LOAD C:/Users/s_a_a/Desktop/NUCLEO-F446RE/BM/Build/Object/MCAL/GPIO/src/GPIO.o
LOAD c:/program files (x86)/gnu arm embedded toolchain/10 2021.10/bin/../lib/gcc/arm-none-eabi/10.3.1/../../../../arm-none-eabi/lib/thumb/v7e-m+fp/hard\libstdc++_nano.a
LOAD c:/program files (x86)/gnu arm embedded toolchain/10 2021.10/bin/../lib/gcc/arm-none-eabi/10.3.1/../../../../arm-none-eabi/lib/thumb/v7e-m+fp/hard\libm.a
LOAD c:/program files (x86)/gnu arm embedded toolchain/10 2021.10/bin/../lib/gcc/arm-none-eabi/10.3.1/../../../../arm-none-eabi/lib/thumb/v7e-m+fp/hard\libc_nano.a
START GROUP
LOAD c:/program files (x86)/gnu arm embedded toolchain/10 2021.10/bin/../lib/gcc/arm-none-eabi/10.3.1/thumb/v7e-m+fp/hard\libgcc.a
LOAD c:/program files (x86)/gnu arm embedded toolchain/10 2021.10/bin/../lib/gcc/arm-none-eabi/10.3.1/../../../../arm-none-eabi/lib/thumb/v7e-m+fp/hard\libc_nano.a
END GROUP
START GROUP
LOAD c:/program files (x86)/gnu arm embedded toolchain/10 2021.10/bin/../lib/gcc/arm-none-eabi/10.3.1/thumb/v7e-m+fp/hard\libgcc.a
LOAD c:/program files (x86)/gnu arm embedded toolchain/10 2021.10/bin/../lib/gcc/arm-none-eabi/10.3.1/../../../../arm-none-eabi/lib/thumb/v7e-m+fp/hard\libc_nano.a
END GROUP
LOAD c:/program files (x86)/gnu arm embedded toolchain/10 2021.10/bin/../lib/gcc/arm-none-eabi/10.3.1/thumb/v7e-m+fp/hard/crtend.o
LOAD c:/program files (x86)/gnu arm embedded toolchain/10 2021.10/bin/../lib/gcc/arm-none-eabi/10.3.1/thumb/v7e-m+fp/hard/crtn.o
                0x20020000                _estack = (ORIGIN (RAM) + LENGTH (RAM))
                0x00000200                _Min_Heap_Size = 0x200
                0x00001000                _Min_Stack_Size = 0x1000

.isr_vector     0x08000000        0x0
                0x08000000                . = ALIGN (0x4)
 *(.isr_vector)
                0x08000000                . = ALIGN (0x4)

.text           0x08000000        0x0
                0x08000000                . = ALIGN (0x4)
 *(.text)
 *(.text*)
                0x08000000                . = ALIGN (0x4)
                0x08000000                _etext = .

.glue_7         0x08000000        0x0
 .glue_7        0x08000000        0x0 linker stubs

.glue_7t        0x08000000        0x0
 .glue_7t       0x08000000        0x0 linker stubs

.vfp11_veneer   0x08000000        0x0
 .vfp11_veneer  0x08000000        0x0 linker stubs

.v4_bx          0x08000000        0x0
 .v4_bx         0x08000000        0x0 linker stubs

.init           0x08000000        0x4
 .init          0x08000000        0x4 c:/program files (x86)/gnu arm embedded toolchain/10 2021.10/bin/../lib/gcc/arm-none-eabi/10.3.1/thumb/v7e-m+fp/hard/crti.o
                0x08000000                _init

.fini           0x08000004        0x4
 .fini          0x08000004        0x4 c:/program files (x86)/gnu arm embedded toolchain/10 2021.10/bin/../lib/gcc/arm-none-eabi/10.3.1/thumb/v7e-m+fp/hard/crti.o
                0x08000004                _fini

.rodata         0x08000008        0x0
                0x08000008                . = ALIGN (0x4)
 *(.rodata)
 *(.rodata*)
                0x08000008                . = ALIGN (0x4)
                0x08000008                _sidata = LOADADDR (.data)

.data           0x20000000        0x0 load address 0x08000008
                0x20000000                . = ALIGN (0x4)
                0x20000000                _sdata = .
 *(.data)
 *(.data*)
                0x20000000                . = ALIGN (0x4)
                0x20000000                _edata = .

.bss            0x20000000        0x0 load address 0x08000008
                0x20000000                _sbss = .
 *(.bss)
 *(.bss*)
                0x20000000                . = ALIGN (0x4)
                0x20000000                _ebss = .

._user_heap_stack
                0x20000000     0x1200 load address 0x08000008
                0x20000000                . = ALIGN (0x8)
                0x20000200                . = (. + _Min_Heap_Size)
 *fill*         0x20000000      0x200 
                0x20001200                . = (. + _Min_Stack_Size)
 *fill*         0x20000200     0x1000 
                0x20001200                . = ALIGN (0x8)
OUTPUT(C:/Users/s_a_a/Desktop/NUCLEO-F446RE/BM/Tools/BM.elf elf32-littlearm)
LOAD linker stubs

.ARM.attributes
                0x00000000       0x30
 .ARM.attributes
                0x00000000       0x1e c:/program files (x86)/gnu arm embedded toolchain/10 2021.10/bin/../lib/gcc/arm-none-eabi/10.3.1/thumb/v7e-m+fp/hard/crti.o
