
Discarded input sections

 .group         0x00000000        0xc /home/esmail/Desktop/NUCLEO-F446RE/BTLD/Build/Object/MCAL/RCC/src/RCC_program.o
 .group         0x00000000        0xc /home/esmail/Desktop/NUCLEO-F446RE/BTLD/Build/Object/MCAL/RCC/src/RCC_program.o
 .group         0x00000000        0xc /home/esmail/Desktop/NUCLEO-F446RE/BTLD/Build/Object/MCAL/RCC/src/RCC_program.o
 .group         0x00000000        0xc /home/esmail/Desktop/NUCLEO-F446RE/BTLD/Build/Object/MCAL/RCC/src/RCC_program.o
 .group         0x00000000        0xc /home/esmail/Desktop/NUCLEO-F446RE/BTLD/Build/Object/MCAL/NVIC/src/NVIC_program.o
 .group         0x00000000        0xc /home/esmail/Desktop/NUCLEO-F446RE/BTLD/Build/Object/MCAL/NVIC/src/NVIC_program.o
 .group         0x00000000        0xc /home/esmail/Desktop/NUCLEO-F446RE/BTLD/Build/Object/MCAL/NVIC/src/NVIC_program.o
 .group         0x00000000        0xc /home/esmail/Desktop/NUCLEO-F446RE/BTLD/Build/Object/MCAL/NVIC/src/NVIC_program.o
 .group         0x00000000        0xc /home/esmail/Desktop/NUCLEO-F446RE/BTLD/Build/Object/MCAL/NVIC/src/NVIC_program.o
 .debug_macro   0x00000000      0xac6 /home/esmail/Desktop/NUCLEO-F446RE/BTLD/Build/Object/MCAL/NVIC/src/NVIC_program.o
 .debug_macro   0x00000000       0x10 /home/esmail/Desktop/NUCLEO-F446RE/BTLD/Build/Object/MCAL/NVIC/src/NVIC_program.o
 .debug_macro   0x00000000       0x22 /home/esmail/Desktop/NUCLEO-F446RE/BTLD/Build/Object/MCAL/NVIC/src/NVIC_program.o
 .group         0x00000000        0xc /home/esmail/Desktop/NUCLEO-F446RE/BTLD/Build/Object/MCAL/SysTick/src/SysTick_program.o
 .group         0x00000000        0xc /home/esmail/Desktop/NUCLEO-F446RE/BTLD/Build/Object/MCAL/SysTick/src/SysTick_program.o
 .group         0x00000000        0xc /home/esmail/Desktop/NUCLEO-F446RE/BTLD/Build/Object/MCAL/SysTick/src/SysTick_program.o
 .group         0x00000000        0xc /home/esmail/Desktop/NUCLEO-F446RE/BTLD/Build/Object/MCAL/SysTick/src/SysTick_program.o
 .group         0x00000000        0xc /home/esmail/Desktop/NUCLEO-F446RE/BTLD/Build/Object/MCAL/SysTick/src/SysTick_program.o
 .debug_macro   0x00000000      0xac6 /home/esmail/Desktop/NUCLEO-F446RE/BTLD/Build/Object/MCAL/SysTick/src/SysTick_program.o
 .debug_macro   0x00000000       0x10 /home/esmail/Desktop/NUCLEO-F446RE/BTLD/Build/Object/MCAL/SysTick/src/SysTick_program.o
 .debug_macro   0x00000000       0x22 /home/esmail/Desktop/NUCLEO-F446RE/BTLD/Build/Object/MCAL/SysTick/src/SysTick_program.o
 .group         0x00000000        0xc /home/esmail/Desktop/NUCLEO-F446RE/BTLD/Build/Object/MCAL/GPIO/src/GPIO_program.o
 .group         0x00000000        0xc /home/esmail/Desktop/NUCLEO-F446RE/BTLD/Build/Object/MCAL/GPIO/src/GPIO_program.o
 .group         0x00000000        0xc /home/esmail/Desktop/NUCLEO-F446RE/BTLD/Build/Object/MCAL/GPIO/src/GPIO_program.o
 .group         0x00000000        0xc /home/esmail/Desktop/NUCLEO-F446RE/BTLD/Build/Object/MCAL/GPIO/src/GPIO_program.o
 .group         0x00000000        0xc /home/esmail/Desktop/NUCLEO-F446RE/BTLD/Build/Object/MCAL/GPIO/src/GPIO_program.o
 .debug_macro   0x00000000      0xac6 /home/esmail/Desktop/NUCLEO-F446RE/BTLD/Build/Object/MCAL/GPIO/src/GPIO_program.o
 .debug_macro   0x00000000       0x10 /home/esmail/Desktop/NUCLEO-F446RE/BTLD/Build/Object/MCAL/GPIO/src/GPIO_program.o
 .debug_macro   0x00000000       0x22 /home/esmail/Desktop/NUCLEO-F446RE/BTLD/Build/Object/MCAL/GPIO/src/GPIO_program.o
 .group         0x00000000        0xc /home/esmail/Desktop/NUCLEO-F446RE/BTLD/Build/Object/MCAL/UART/src/UART.o
 .group         0x00000000        0xc /home/esmail/Desktop/NUCLEO-F446RE/BTLD/Build/Object/MCAL/UART/src/UART.o
 .group         0x00000000        0xc /home/esmail/Desktop/NUCLEO-F446RE/BTLD/Build/Object/MCAL/UART/src/UART.o
 .group         0x00000000        0xc /home/esmail/Desktop/NUCLEO-F446RE/BTLD/Build/Object/MCAL/UART/src/UART.o
 .debug_macro   0x00000000      0xac6 /home/esmail/Desktop/NUCLEO-F446RE/BTLD/Build/Object/MCAL/UART/src/UART.o
 .debug_macro   0x00000000       0x10 /home/esmail/Desktop/NUCLEO-F446RE/BTLD/Build/Object/MCAL/UART/src/UART.o
 .debug_macro   0x00000000       0x22 /home/esmail/Desktop/NUCLEO-F446RE/BTLD/Build/Object/MCAL/UART/src/UART.o
 .group         0x00000000        0xc /home/esmail/Desktop/NUCLEO-F446RE/BTLD/Build/Object/MCAL/FLASH/src/FLASH.o
 .group         0x00000000        0xc /home/esmail/Desktop/NUCLEO-F446RE/BTLD/Build/Object/MCAL/FLASH/src/FLASH.o
 .group         0x00000000        0xc /home/esmail/Desktop/NUCLEO-F446RE/BTLD/Build/Object/MCAL/FLASH/src/FLASH.o
 .debug_macro   0x00000000      0xac6 /home/esmail/Desktop/NUCLEO-F446RE/BTLD/Build/Object/MCAL/FLASH/src/FLASH.o
 .debug_macro   0x00000000       0x10 /home/esmail/Desktop/NUCLEO-F446RE/BTLD/Build/Object/MCAL/FLASH/src/FLASH.o
 .group         0x00000000        0xc /home/esmail/Desktop/NUCLEO-F446RE/BTLD/Build/Object/Parse/Parse.o
 .group         0x00000000        0xc /home/esmail/Desktop/NUCLEO-F446RE/BTLD/Build/Object/Parse/Parse.o
 .group         0x00000000        0xc /home/esmail/Desktop/NUCLEO-F446RE/BTLD/Build/Object/Parse/Parse.o
 .group         0x00000000        0xc /home/esmail/Desktop/NUCLEO-F446RE/BTLD/Build/Object/Parse/Parse.o
 .group         0x00000000        0xc /home/esmail/Desktop/NUCLEO-F446RE/BTLD/Build/Object/Parse/Parse.o
 .group         0x00000000        0xc /home/esmail/Desktop/NUCLEO-F446RE/BTLD/Build/Object/Parse/Parse.o
 .debug_macro   0x00000000      0xac6 /home/esmail/Desktop/NUCLEO-F446RE/BTLD/Build/Object/Parse/Parse.o
 .debug_macro   0x00000000       0x10 /home/esmail/Desktop/NUCLEO-F446RE/BTLD/Build/Object/Parse/Parse.o
 .debug_macro   0x00000000       0x22 /home/esmail/Desktop/NUCLEO-F446RE/BTLD/Build/Object/Parse/Parse.o
 .debug_macro   0x00000000       0x70 /home/esmail/Desktop/NUCLEO-F446RE/BTLD/Build/Object/Parse/Parse.o
 .group         0x00000000        0xc /home/esmail/Desktop/NUCLEO-F446RE/BTLD/Build/Object/Startup/startup_stm32f103.o
 .debug_macro   0x00000000      0xac6 /home/esmail/Desktop/NUCLEO-F446RE/BTLD/Build/Object/Startup/startup_stm32f103.o
 .group         0x00000000        0xc /home/esmail/Desktop/NUCLEO-F446RE/BTLD/Build/Object/Src/main.o
 .group         0x00000000        0xc /home/esmail/Desktop/NUCLEO-F446RE/BTLD/Build/Object/Src/main.o
 .group         0x00000000        0xc /home/esmail/Desktop/NUCLEO-F446RE/BTLD/Build/Object/Src/main.o
 .group         0x00000000        0xc /home/esmail/Desktop/NUCLEO-F446RE/BTLD/Build/Object/Src/main.o
 .group         0x00000000        0xc /home/esmail/Desktop/NUCLEO-F446RE/BTLD/Build/Object/Src/main.o
 .group         0x00000000        0xc /home/esmail/Desktop/NUCLEO-F446RE/BTLD/Build/Object/Src/main.o
 .group         0x00000000        0xc /home/esmail/Desktop/NUCLEO-F446RE/BTLD/Build/Object/Src/main.o
 .group         0x00000000        0xc /home/esmail/Desktop/NUCLEO-F446RE/BTLD/Build/Object/Src/main.o
 .group         0x00000000        0xc /home/esmail/Desktop/NUCLEO-F446RE/BTLD/Build/Object/Src/main.o
 .group         0x00000000        0xc /home/esmail/Desktop/NUCLEO-F446RE/BTLD/Build/Object/Src/main.o
 .group         0x00000000        0xc /home/esmail/Desktop/NUCLEO-F446RE/BTLD/Build/Object/Src/main.o
 .debug_macro   0x00000000      0xac6 /home/esmail/Desktop/NUCLEO-F446RE/BTLD/Build/Object/Src/main.o
 .debug_macro   0x00000000       0x10 /home/esmail/Desktop/NUCLEO-F446RE/BTLD/Build/Object/Src/main.o
 .debug_macro   0x00000000       0x22 /home/esmail/Desktop/NUCLEO-F446RE/BTLD/Build/Object/Src/main.o
 .debug_macro   0x00000000       0x22 /home/esmail/Desktop/NUCLEO-F446RE/BTLD/Build/Object/Src/main.o
 .debug_macro   0x00000000       0x2e /home/esmail/Desktop/NUCLEO-F446RE/BTLD/Build/Object/Src/main.o
 .debug_macro   0x00000000       0x6a /home/esmail/Desktop/NUCLEO-F446RE/BTLD/Build/Object/Src/main.o
 .debug_macro   0x00000000       0x10 /home/esmail/Desktop/NUCLEO-F446RE/BTLD/Build/Object/Src/main.o
 .debug_macro   0x00000000      0x136 /home/esmail/Desktop/NUCLEO-F446RE/BTLD/Build/Object/Src/main.o
 .debug_macro   0x00000000       0x16 /home/esmail/Desktop/NUCLEO-F446RE/BTLD/Build/Object/Src/main.o

Memory Configuration

Name             Origin             Length             Attributes
FLASH            0x08004000         0x00004000         xr
RAM              0x20000000         0x00020000         xrw
*default*        0x00000000         0xffffffff

Linker script and memory map

                0x20020000                        _estack = (ORIGIN (RAM) + LENGTH (RAM))
                0x00000200                        _Min_Heap_Size = 0x200
                0x00001000                        _Min_Stack_Size = 0x1000

.isr_vector     0x08004000      0x178
                0x08004000                        . = ALIGN (0x4)
 *(.isr_vector)
 .isr_vector    0x08004000      0x178 /home/esmail/Desktop/NUCLEO-F446RE/BTLD/Build/Object/Startup/startup_stm32f103.o
                0x08004000                Vector_Table
                0x08004178                        . = ALIGN (0x4)

.text           0x08004178     0x1e28
                0x08004178                        . = ALIGN (0x4)
 *(.text)
 .text          0x08004178        0x0 /home/esmail/Desktop/NUCLEO-F446RE/BTLD/Build/Object/MCAL/RCC/src/RCC_program.o
 .text          0x08004178        0x0 /home/esmail/Desktop/NUCLEO-F446RE/BTLD/Build/Object/MCAL/NVIC/src/NVIC_program.o
 .text          0x08004178        0x0 /home/esmail/Desktop/NUCLEO-F446RE/BTLD/Build/Object/MCAL/SysTick/src/SysTick_program.o
 .text          0x08004178        0x0 /home/esmail/Desktop/NUCLEO-F446RE/BTLD/Build/Object/MCAL/GPIO/src/GPIO_program.o
 .text          0x08004178        0x0 /home/esmail/Desktop/NUCLEO-F446RE/BTLD/Build/Object/MCAL/UART/src/UART.o
 .text          0x08004178        0x0 /home/esmail/Desktop/NUCLEO-F446RE/BTLD/Build/Object/MCAL/FLASH/src/FLASH.o
 .text          0x08004178        0x0 /home/esmail/Desktop/NUCLEO-F446RE/BTLD/Build/Object/Parse/Parse.o
 .text          0x08004178        0x0 /home/esmail/Desktop/NUCLEO-F446RE/BTLD/Build/Object/Startup/startup_stm32f103.o
 .text          0x08004178        0x0 /home/esmail/Desktop/NUCLEO-F446RE/BTLD/Build/Object/Src/main.o
 *(.text*)
 .text.RCC_EnableHSI
                0x08004178       0x30 /home/esmail/Desktop/NUCLEO-F446RE/BTLD/Build/Object/MCAL/RCC/src/RCC_program.o
 .text.RCC_EnableHSE
                0x080041a8       0x30 /home/esmail/Desktop/NUCLEO-F446RE/BTLD/Build/Object/MCAL/RCC/src/RCC_program.o
 .text.RCC_EnablePLL
                0x080041d8       0x30 /home/esmail/Desktop/NUCLEO-F446RE/BTLD/Build/Object/MCAL/RCC/src/RCC_program.o
 .text.RCC_DisablePLL
                0x08004208       0x30 /home/esmail/Desktop/NUCLEO-F446RE/BTLD/Build/Object/MCAL/RCC/src/RCC_program.o
 .text.RCC_SelectSystemClock
                0x08004238       0x4c /home/esmail/Desktop/NUCLEO-F446RE/BTLD/Build/Object/MCAL/RCC/src/RCC_program.o
 .text.RCC_ConfigPLL
                0x08004284       0x74 /home/esmail/Desktop/NUCLEO-F446RE/BTLD/Build/Object/MCAL/RCC/src/RCC_program.o
 .text.RCC_SetAHBPrescaler
                0x080042f8       0x34 /home/esmail/Desktop/NUCLEO-F446RE/BTLD/Build/Object/MCAL/RCC/src/RCC_program.o
 .text.RCC_SetAPB1Prescaler
                0x0800432c       0x34 /home/esmail/Desktop/NUCLEO-F446RE/BTLD/Build/Object/MCAL/RCC/src/RCC_program.o
 .text.RCC_SetAPB2Prescaler
                0x08004360       0x34 /home/esmail/Desktop/NUCLEO-F446RE/BTLD/Build/Object/MCAL/RCC/src/RCC_program.o
 .text.RCC_Init
                0x08004394       0x8e /home/esmail/Desktop/NUCLEO-F446RE/BTLD/Build/Object/MCAL/RCC/src/RCC_program.o
                0x08004394                RCC_Init
 *fill*         0x08004422        0x2 
 .text.RCC_EnableClock
                0x08004424       0xc0 /home/esmail/Desktop/NUCLEO-F446RE/BTLD/Build/Object/MCAL/RCC/src/RCC_program.o
                0x08004424                RCC_EnableClock
 .text.RCC_DisableClock
                0x080044e4       0xcc /home/esmail/Desktop/NUCLEO-F446RE/BTLD/Build/Object/MCAL/RCC/src/RCC_program.o
                0x080044e4                RCC_DisableClock
 .text.NVIC_EnableInterrupt
                0x080045b0       0x54 /home/esmail/Desktop/NUCLEO-F446RE/BTLD/Build/Object/MCAL/NVIC/src/NVIC_program.o
                0x080045b0                NVIC_EnableInterrupt
 .text.NVIC_DisableInterrupt
                0x08004604       0x54 /home/esmail/Desktop/NUCLEO-F446RE/BTLD/Build/Object/MCAL/NVIC/src/NVIC_program.o
                0x08004604                NVIC_DisableInterrupt
 .text.NVIC_SetPendingFlag
                0x08004658       0x54 /home/esmail/Desktop/NUCLEO-F446RE/BTLD/Build/Object/MCAL/NVIC/src/NVIC_program.o
                0x08004658                NVIC_SetPendingFlag
 .text.NVIC_ClearPendingFlag
                0x080046ac       0x54 /home/esmail/Desktop/NUCLEO-F446RE/BTLD/Build/Object/MCAL/NVIC/src/NVIC_program.o
                0x080046ac                NVIC_ClearPendingFlag
 .text.NVIC_GetActiveInterrupt
                0x08004700       0x6c /home/esmail/Desktop/NUCLEO-F446RE/BTLD/Build/Object/MCAL/NVIC/src/NVIC_program.o
                0x08004700                NVIC_GetActiveInterrupt
 .text.NVIC_SetPriority
                0x0800476c       0x68 /home/esmail/Desktop/NUCLEO-F446RE/BTLD/Build/Object/MCAL/NVIC/src/NVIC_program.o
                0x0800476c                NVIC_SetPriority
 .text.SysTick_voidInit
                0x080047d4       0x1c /home/esmail/Desktop/NUCLEO-F446RE/BTLD/Build/Object/MCAL/SysTick/src/SysTick_program.o
                0x080047d4                SysTick_voidInit
 .text.SysTick_voidSetBusyWait
                0x080047f0       0x54 /home/esmail/Desktop/NUCLEO-F446RE/BTLD/Build/Object/MCAL/SysTick/src/SysTick_program.o
                0x080047f0                SysTick_voidSetBusyWait
 .text.SysTick_voidSetIntervalSingle
                0x08004844       0x58 /home/esmail/Desktop/NUCLEO-F446RE/BTLD/Build/Object/MCAL/SysTick/src/SysTick_program.o
                0x08004844                SysTick_voidSetIntervalSingle
 .text.SysTick_voidSetIntervalPeriodoc
                0x0800489c       0x64 /home/esmail/Desktop/NUCLEO-F446RE/BTLD/Build/Object/MCAL/SysTick/src/SysTick_program.o
                0x0800489c                SysTick_voidSetIntervalPeriodoc
 .text.SysTick_voidStopTimer
                0x08004900       0x1c /home/esmail/Desktop/NUCLEO-F446RE/BTLD/Build/Object/MCAL/SysTick/src/SysTick_program.o
                0x08004900                SysTick_voidStopTimer
 .text.SysTick_GetElapsedTime
                0x0800491c       0x20 /home/esmail/Desktop/NUCLEO-F446RE/BTLD/Build/Object/MCAL/SysTick/src/SysTick_program.o
                0x0800491c                SysTick_GetElapsedTime
 .text.SysTick_GetRemaningTime
                0x0800493c       0x18 /home/esmail/Desktop/NUCLEO-F446RE/BTLD/Build/Object/MCAL/SysTick/src/SysTick_program.o
                0x0800493c                SysTick_GetRemaningTime
 .text.SysTick_Handler
                0x08004954       0x14 /home/esmail/Desktop/NUCLEO-F446RE/BTLD/Build/Object/MCAL/SysTick/src/SysTick_program.o
                0x08004954                SysTick_Handler
 .text.GPIO_GetPort
                0x08004968       0x88 /home/esmail/Desktop/NUCLEO-F446RE/BTLD/Build/Object/MCAL/GPIO/src/GPIO_program.o
 .text.GPIO_InitPin
                0x080049f0      0x106 /home/esmail/Desktop/NUCLEO-F446RE/BTLD/Build/Object/MCAL/GPIO/src/GPIO_program.o
                0x080049f0                GPIO_InitPin
 .text.GPIO_WritePin
                0x08004af6       0x60 /home/esmail/Desktop/NUCLEO-F446RE/BTLD/Build/Object/MCAL/GPIO/src/GPIO_program.o
                0x08004af6                GPIO_WritePin
 .text.GPIO_TogglePin
                0x08004b56       0x4a /home/esmail/Desktop/NUCLEO-F446RE/BTLD/Build/Object/MCAL/GPIO/src/GPIO_program.o
                0x08004b56                GPIO_TogglePin
 .text.GPIO_ReadPin
                0x08004ba0       0x4e /home/esmail/Desktop/NUCLEO-F446RE/BTLD/Build/Object/MCAL/GPIO/src/GPIO_program.o
                0x08004ba0                GPIO_ReadPin
 *fill*         0x08004bee        0x2 
 .text.GPIO_SetAF
                0x08004bf0      0x118 /home/esmail/Desktop/NUCLEO-F446RE/BTLD/Build/Object/MCAL/GPIO/src/GPIO_program.o
                0x08004bf0                GPIO_SetAF
 .text.Get_BASE_ADD
                0x08004d08       0x50 /home/esmail/Desktop/NUCLEO-F446RE/BTLD/Build/Object/MCAL/UART/src/UART.o
                0x08004d08                Get_BASE_ADD
 .text.Write_UART_Number
                0x08004d58       0x88 /home/esmail/Desktop/NUCLEO-F446RE/BTLD/Build/Object/MCAL/UART/src/UART.o
                0x08004d58                Write_UART_Number
 .text.UART_Init
                0x08004de0      0x132 /home/esmail/Desktop/NUCLEO-F446RE/BTLD/Build/Object/MCAL/UART/src/UART.o
                0x08004de0                UART_Init
 .text.UART_SendSyncBuffer
                0x08004f12       0x56 /home/esmail/Desktop/NUCLEO-F446RE/BTLD/Build/Object/MCAL/UART/src/UART.o
                0x08004f12                UART_SendSyncBuffer
 .text.UART_voidSendNumber
                0x08004f68       0x50 /home/esmail/Desktop/NUCLEO-F446RE/BTLD/Build/Object/MCAL/UART/src/UART.o
                0x08004f68                UART_voidSendNumber
 .text.UART1_CALLBACK
                0x08004fb8       0x24 /home/esmail/Desktop/NUCLEO-F446RE/BTLD/Build/Object/MCAL/UART/src/UART.o
                0x08004fb8                UART1_CALLBACK
 .text.UART2_CALLBACK
                0x08004fdc       0x24 /home/esmail/Desktop/NUCLEO-F446RE/BTLD/Build/Object/MCAL/UART/src/UART.o
                0x08004fdc                UART2_CALLBACK
 .text.UART3_CALLBACK
                0x08005000       0x24 /home/esmail/Desktop/NUCLEO-F446RE/BTLD/Build/Object/MCAL/UART/src/UART.o
                0x08005000                UART3_CALLBACK
 .text.USART2_IRQHandler
                0x08005024       0x84 /home/esmail/Desktop/NUCLEO-F446RE/BTLD/Build/Object/MCAL/UART/src/UART.o
                0x08005024                USART2_IRQHandler
 .text.USART3_IRQHandler
                0x080050a8       0x84 /home/esmail/Desktop/NUCLEO-F446RE/BTLD/Build/Object/MCAL/UART/src/UART.o
                0x080050a8                USART3_IRQHandler
 .text.USART1_IRQHandler
                0x0800512c       0x84 /home/esmail/Desktop/NUCLEO-F446RE/BTLD/Build/Object/MCAL/UART/src/UART.o
                0x0800512c                USART1_IRQHandler
 .text.FlashDrv_Unlock
                0x080051b0       0x34 /home/esmail/Desktop/NUCLEO-F446RE/BTLD/Build/Object/MCAL/FLASH/src/FLASH.o
                0x080051b0                FlashDrv_Unlock
 .text.FlashDrv_Lock
                0x080051e4       0x20 /home/esmail/Desktop/NUCLEO-F446RE/BTLD/Build/Object/MCAL/FLASH/src/FLASH.o
                0x080051e4                FlashDrv_Lock
 .text.FlashDrv_IsLocked
                0x08005204       0x1c /home/esmail/Desktop/NUCLEO-F446RE/BTLD/Build/Object/MCAL/FLASH/src/FLASH.o
                0x08005204                FlashDrv_IsLocked
 .text.FlashDrv_ClearErrors
                0x08005220       0x20 /home/esmail/Desktop/NUCLEO-F446RE/BTLD/Build/Object/MCAL/FLASH/src/FLASH.o
                0x08005220                FlashDrv_ClearErrors
 .text.FlashDrv_WaitForLastOperation
                0x08005240       0x54 /home/esmail/Desktop/NUCLEO-F446RE/BTLD/Build/Object/MCAL/FLASH/src/FLASH.o
 .text.FlashDrv_IsValidAddress
                0x08005294       0x30 /home/esmail/Desktop/NUCLEO-F446RE/BTLD/Build/Object/MCAL/FLASH/src/FLASH.o
 .text.FlashDrv_GetSector
                0x080052c4       0x88 /home/esmail/Desktop/NUCLEO-F446RE/BTLD/Build/Object/MCAL/FLASH/src/FLASH.o
                0x080052c4                FlashDrv_GetSector
 .text.FlashDrv_GetSectorBase
                0x0800534c       0x80 /home/esmail/Desktop/NUCLEO-F446RE/BTLD/Build/Object/MCAL/FLASH/src/FLASH.o
                0x0800534c                FlashDrv_GetSectorBase
 .text.FlashDrv_GetSectorSize
                0x080053cc       0x74 /home/esmail/Desktop/NUCLEO-F446RE/BTLD/Build/Object/MCAL/FLASH/src/FLASH.o
                0x080053cc                FlashDrv_GetSectorSize
 .text.FlashDrv_EraseSector
                0x08005440       0x88 /home/esmail/Desktop/NUCLEO-F446RE/BTLD/Build/Object/MCAL/FLASH/src/FLASH.o
                0x08005440                FlashDrv_EraseSector
 .text.FlashDrv_EraseRange
                0x080054c8       0x76 /home/esmail/Desktop/NUCLEO-F446RE/BTLD/Build/Object/MCAL/FLASH/src/FLASH.o
                0x080054c8                FlashDrv_EraseRange
 *fill*         0x0800553e        0x2 
 .text.FlashDrv_MassErase
                0x08005540       0x64 /home/esmail/Desktop/NUCLEO-F446RE/BTLD/Build/Object/MCAL/FLASH/src/FLASH.o
                0x08005540                FlashDrv_MassErase
 .text.FlashDrv_ProgramByte
                0x080055a4       0x88 /home/esmail/Desktop/NUCLEO-F446RE/BTLD/Build/Object/MCAL/FLASH/src/FLASH.o
                0x080055a4                FlashDrv_ProgramByte
 .text.FlashDrv_ProgramHalfWord
                0x0800562c       0x98 /home/esmail/Desktop/NUCLEO-F446RE/BTLD/Build/Object/MCAL/FLASH/src/FLASH.o
                0x0800562c                FlashDrv_ProgramHalfWord
 .text.FlashDrv_ProgramWord
                0x080056c4       0x98 /home/esmail/Desktop/NUCLEO-F446RE/BTLD/Build/Object/MCAL/FLASH/src/FLASH.o
                0x080056c4                FlashDrv_ProgramWord
 .text.FlashDrv_ProgramBuffer
                0x0800575c       0x80 /home/esmail/Desktop/NUCLEO-F446RE/BTLD/Build/Object/MCAL/FLASH/src/FLASH.o
                0x0800575c                FlashDrv_ProgramBuffer
 .text.FlashDrv_ProgramBufferAligned
                0x080057dc       0xc6 /home/esmail/Desktop/NUCLEO-F446RE/BTLD/Build/Object/MCAL/FLASH/src/FLASH.o
                0x080057dc                FlashDrv_ProgramBufferAligned
 .text.FlashDrv_Verify
                0x080058a2       0x4c /home/esmail/Desktop/NUCLEO-F446RE/BTLD/Build/Object/MCAL/FLASH/src/FLASH.o
                0x080058a2                FlashDrv_Verify
 .text.FlashDrv_IsErased
                0x080058ee       0x40 /home/esmail/Desktop/NUCLEO-F446RE/BTLD/Build/Object/MCAL/FLASH/src/FLASH.o
                0x080058ee                FlashDrv_IsErased
 .text.FlashDrv_Read
                0x0800592e       0x62 /home/esmail/Desktop/NUCLEO-F446RE/BTLD/Build/Object/MCAL/FLASH/src/FLASH.o
                0x0800592e                FlashDrv_Read
 .text.FlashDrv_PrepareForWrite
                0x08005990       0x10 /home/esmail/Desktop/NUCLEO-F446RE/BTLD/Build/Object/MCAL/FLASH/src/FLASH.o
                0x08005990                FlashDrv_PrepareForWrite
 .text.FlashDrv_FinishWrite
                0x080059a0       0x10 /home/esmail/Desktop/NUCLEO-F446RE/BTLD/Build/Object/MCAL/FLASH/src/FLASH.o
                0x080059a0                FlashDrv_FinishWrite
 .text.FlashDrv_ProgramWordSafe
                0x080059b0       0x28 /home/esmail/Desktop/NUCLEO-F446RE/BTLD/Build/Object/MCAL/FLASH/src/FLASH.o
                0x080059b0                FlashDrv_ProgramWordSafe
 .text.parseByte
                0x080059d8       0x3c /home/esmail/Desktop/NUCLEO-F446RE/BTLD/Build/Object/Parse/Parse.o
                0x080059d8                parseByte
 .text.CRC32_Init
                0x08005a14       0x74 /home/esmail/Desktop/NUCLEO-F446RE/BTLD/Build/Object/Parse/Parse.o
                0x08005a14                CRC32_Init
 .text.CRC32_Calculate
                0x08005a88       0x58 /home/esmail/Desktop/NUCLEO-F446RE/BTLD/Build/Object/Parse/Parse.o
                0x08005a88                CRC32_Calculate
 .text.BootLoader_Handler
                0x08005ae0       0x60 /home/esmail/Desktop/NUCLEO-F446RE/BTLD/Build/Object/Parse/Parse.o
                0x08005ae0                BootLoader_Handler
 .text.BootLoader_MainFunction
                0x08005b40      0x284 /home/esmail/Desktop/NUCLEO-F446RE/BTLD/Build/Object/Parse/Parse.o
                0x08005b40                BootLoader_MainFunction
 .text.Reset_Handler
                0x08005dc4       0x94 /home/esmail/Desktop/NUCLEO-F446RE/BTLD/Build/Object/Startup/startup_stm32f103.o
                0x08005dc4                Reset_Handler
 .text.Default_Handler
                0x08005e58        0x8 /home/esmail/Desktop/NUCLEO-F446RE/BTLD/Build/Object/Startup/startup_stm32f103.o
                0x08005e58                RTC_Alarm_IRQHandler
                0x08005e58                EXTI2_IRQHandler
                0x08005e58                TIM8_CC_IRQHandler
                0x08005e58                DebugMon_Handler
                0x08005e58                SPI4_IRQHandler
                0x08005e58                TIM1_CC_IRQHandler
                0x08005e58                DMA2_Stream5_IRQHandler
                0x08005e58                HardFault_Handler
                0x08005e58                DMA1_Stream5_IRQHandler
                0x08005e58                PVD_IRQHandler
                0x08005e58                SDIO_IRQHandler
                0x08005e58                TAMP_STAMP_IRQHandler
                0x08005e58                PendSV_Handler
                0x08005e58                NMI_Handler
                0x08005e58                CAN2_RX1_IRQHandler
                0x08005e58                EXTI3_IRQHandler
                0x08005e58                TIM8_TRG_COM_TIM14_IRQHandler
                0x08005e58                TIM1_UP_TIM10_IRQHandler
                0x08005e58                TIM8_UP_TIM13_IRQHandler
                0x08005e58                I2C3_ER_IRQHandler
                0x08005e58                EXTI0_IRQHandler
                0x08005e58                I2C2_EV_IRQHandler
                0x08005e58                DMA1_Stream2_IRQHandler
                0x08005e58                CAN1_RX0_IRQHandler
                0x08005e58                FPU_IRQHandler
                0x08005e58                UsageFault_Handler
                0x08005e58                CAN2_SCE_IRQHandler
                0x08005e58                DMA2_Stream2_IRQHandler
                0x08005e58                SPI1_IRQHandler
                0x08005e58                TIM6_DAC_IRQHandler
                0x08005e58                TIM1_BRK_TIM9_IRQHandler
                0x08005e58                CAN2_RX0_IRQHandler
                0x08005e58                DMA2_Stream3_IRQHandler
                0x08005e58                USART6_IRQHandler
                0x08005e58                CAN1_RX1_IRQHandler
                0x08005e58                UART5_IRQHandler
                0x08005e58                DMA2_Stream0_IRQHandler
                0x08005e58                TIM4_IRQHandler
                0x08005e58                I2C1_EV_IRQHandler
                0x08005e58                DMA1_Stream6_IRQHandler
                0x08005e58                DMA1_Stream1_IRQHandler
                0x08005e58                UART4_IRQHandler
                0x08005e58                TIM3_IRQHandler
                0x08005e58                RCC_IRQHandler
                0x08005e58                TIM8_BRK_TIM12_IRQHandler
                0x08005e58                Default_Handler
                0x08005e58                EXTI15_10_IRQHandler
                0x08005e58                ADC_IRQHandler
                0x08005e58                DMA1_Stream7_IRQHandler
                0x08005e58                SPI5_IRQHandler
                0x08005e58                TIM7_IRQHandler
                0x08005e58                CAN2_TX_IRQHandler
                0x08005e58                TIM5_IRQHandler
                0x08005e58                DMA2_Stream7_IRQHandler
                0x08005e58                I2C3_EV_IRQHandler
                0x08005e58                EXTI9_5_IRQHandler
                0x08005e58                RTC_WKUP_IRQHandler
                0x08005e58                SPI2_IRQHandler
                0x08005e58                MemManage_Handler
                0x08005e58                DMA1_Stream0_IRQHandler
                0x08005e58                CAN1_TX_IRQHandler
                0x08005e58                SVC_Handler
                0x08005e58                EXTI4_IRQHandler
                0x08005e58                WWDG_IRQHandler
                0x08005e58                SPI6_IRQHandler
                0x08005e58                TIM2_IRQHandler
                0x08005e58                OTG_FS_WKUP_IRQHandler
                0x08005e58                TIM1_TRG_COM_TIM11_IRQHandler
                0x08005e58                DMA2D_IRQHandler
                0x08005e58                EXTI1_IRQHandler
                0x08005e58                I2C2_ER_IRQHandler
                0x08005e58                DMA2_Stream1_IRQHandler
                0x08005e58                CAN1_SCE_IRQHandler
                0x08005e58                FLASH_IRQHandler
                0x08005e58                DMA2_Stream4_IRQHandler
                0x08005e58                BusFault_Handler
                0x08005e58                OTG_FS_IRQHandler
                0x08005e58                SPI3_IRQHandler
                0x08005e58                DMA1_Stream4_IRQHandler
                0x08005e58                I2C1_ER_IRQHandler
                0x08005e58                FMC_IRQHandler
                0x08005e58                DMA2_Stream6_IRQHandler
                0x08005e58                SAI1_IRQHandler
                0x08005e58                DMA1_Stream3_IRQHandler
 .text.systick_handler
                0x08005e60       0x1c /home/esmail/Desktop/NUCLEO-F446RE/BTLD/Build/Object/Src/main.o
                0x08005e60                systick_handler
 .text.main     0x08005e7c       0x4c /home/esmail/Desktop/NUCLEO-F446RE/BTLD/Build/Object/Src/main.o
                0x08005e7c                main
 .text.APP_init
                0x08005ec8       0x1c /home/esmail/Desktop/NUCLEO-F446RE/BTLD/Build/Object/Src/main.o
                0x08005ec8                APP_init
 .text.GPIO_PIN_CONFIG
                0x08005ee4       0x84 /home/esmail/Desktop/NUCLEO-F446RE/BTLD/Build/Object/Src/main.o
                0x08005ee4                GPIO_PIN_CONFIG
 .text.SystemInit
                0x08005f68       0x24 /home/esmail/Desktop/NUCLEO-F446RE/BTLD/Build/Object/Src/main.o
                0x08005f68                SystemInit
 .text.CallBackFunctions
                0x08005f8c       0x14 /home/esmail/Desktop/NUCLEO-F446RE/BTLD/Build/Object/Src/main.o
                0x08005f8c                CallBackFunctions
                0x08005fa0                        . = ALIGN (0x4)
                0x08005fa0                        _etext = .

.glue_7         0x08005fa0        0x0
 .glue_7        0x08005fa0        0x0 linker stubs

.glue_7t        0x08005fa0        0x0
 .glue_7t       0x08005fa0        0x0 linker stubs

.vfp11_veneer   0x08005fa0        0x0
 .vfp11_veneer  0x08005fa0        0x0 linker stubs

.v4_bx          0x08005fa0        0x0
 .v4_bx         0x08005fa0        0x0 linker stubs

.iplt           0x08005fa0        0x0
 .iplt          0x08005fa0        0x0 /home/esmail/Desktop/NUCLEO-F446RE/BTLD/Build/Object/MCAL/RCC/src/RCC_program.o

.rodata         0x08005fa0      0x138
                0x08005fa0                        . = ALIGN (0x4)
 *(.rodata)
 .rodata        0x08005fa0        0x6 /home/esmail/Desktop/NUCLEO-F446RE/BTLD/Build/Object/MCAL/UART/src/UART.o
 *fill*         0x08005fa6        0x2 
 .rodata        0x08005fa8       0x47 /home/esmail/Desktop/NUCLEO-F446RE/BTLD/Build/Object/Parse/Parse.o
 *fill*         0x08005fef        0x1 
 .rodata        0x08005ff0        0x9 /home/esmail/Desktop/NUCLEO-F446RE/BTLD/Build/Object/Src/main.o
 *(.rodata*)
 *fill*         0x08005ff9        0x3 
 .rodata.asciiToHex
                0x08005ffc       0x69 /home/esmail/Desktop/NUCLEO-F446RE/BTLD/Build/Object/Parse/Parse.o
 *fill*         0x08006065        0x3 
 .rodata.MSP_Value
                0x08006068        0x4 /home/esmail/Desktop/NUCLEO-F446RE/BTLD/Build/Object/Startup/startup_stm32f103.o
                0x08006068                MSP_Value
 .rodata.asciiToHex
                0x0800606c       0x69 /home/esmail/Desktop/NUCLEO-F446RE/BTLD/Build/Object/Src/main.o
                0x080060d8                        . = ALIGN (0x4)
 *fill*         0x080060d5        0x3 
                0x080060d8                        _sidata = LOADADDR (.data)

.rel.dyn        0x080060d8        0x0
 .rel.iplt      0x080060d8        0x0 /home/esmail/Desktop/NUCLEO-F446RE/BTLD/Build/Object/MCAL/RCC/src/RCC_program.o

.data           0x20000000       0x10 load address 0x080060d8
                0x20000000                        . = ALIGN (0x4)
                0x20000000                        _sdata = .
 *(.data)
 .data          0x20000000        0x0 /home/esmail/Desktop/NUCLEO-F446RE/BTLD/Build/Object/MCAL/RCC/src/RCC_program.o
 .data          0x20000000        0x0 /home/esmail/Desktop/NUCLEO-F446RE/BTLD/Build/Object/MCAL/NVIC/src/NVIC_program.o
 .data          0x20000000        0x0 /home/esmail/Desktop/NUCLEO-F446RE/BTLD/Build/Object/MCAL/SysTick/src/SysTick_program.o
 .data          0x20000000        0x0 /home/esmail/Desktop/NUCLEO-F446RE/BTLD/Build/Object/MCAL/GPIO/src/GPIO_program.o
 .data          0x20000000        0x0 /home/esmail/Desktop/NUCLEO-F446RE/BTLD/Build/Object/MCAL/UART/src/UART.o
 .data          0x20000000        0x0 /home/esmail/Desktop/NUCLEO-F446RE/BTLD/Build/Object/MCAL/FLASH/src/FLASH.o
 .data          0x20000000        0x0 /home/esmail/Desktop/NUCLEO-F446RE/BTLD/Build/Object/Parse/Parse.o
 .data          0x20000000        0x0 /home/esmail/Desktop/NUCLEO-F446RE/BTLD/Build/Object/Startup/startup_stm32f103.o
 .data          0x20000000        0x0 /home/esmail/Desktop/NUCLEO-F446RE/BTLD/Build/Object/Src/main.o
 *(.data*)
 .data.flash_address
                0x20000000        0x4 /home/esmail/Desktop/NUCLEO-F446RE/BTLD/Build/Object/Parse/Parse.o
                0x20000000                flash_address
 .data.Uart_configuration
                0x20000004        0xc /home/esmail/Desktop/NUCLEO-F446RE/BTLD/Build/Object/Src/main.o
                0x20000004                Uart_configuration
                0x20000010                        . = ALIGN (0x4)
                0x20000010                        _edata = .

.igot.plt       0x20000010        0x0 load address 0x080060e8
 .igot.plt      0x20000010        0x0 /home/esmail/Desktop/NUCLEO-F446RE/BTLD/Build/Object/MCAL/RCC/src/RCC_program.o

.bss            0x20000010      0x44c load address 0x080060e8
                0x20000010                        _sbss = .
 *(.bss)
 .bss           0x20000010        0x0 /home/esmail/Desktop/NUCLEO-F446RE/BTLD/Build/Object/MCAL/RCC/src/RCC_program.o
 .bss           0x20000010        0x0 /home/esmail/Desktop/NUCLEO-F446RE/BTLD/Build/Object/MCAL/NVIC/src/NVIC_program.o
 .bss           0x20000010        0x0 /home/esmail/Desktop/NUCLEO-F446RE/BTLD/Build/Object/MCAL/SysTick/src/SysTick_program.o
 .bss           0x20000010        0x0 /home/esmail/Desktop/NUCLEO-F446RE/BTLD/Build/Object/MCAL/GPIO/src/GPIO_program.o
 .bss           0x20000010        0x0 /home/esmail/Desktop/NUCLEO-F446RE/BTLD/Build/Object/MCAL/UART/src/UART.o
 .bss           0x20000010        0x0 /home/esmail/Desktop/NUCLEO-F446RE/BTLD/Build/Object/MCAL/FLASH/src/FLASH.o
 .bss           0x20000010        0x0 /home/esmail/Desktop/NUCLEO-F446RE/BTLD/Build/Object/Parse/Parse.o
 .bss           0x20000010        0x0 /home/esmail/Desktop/NUCLEO-F446RE/BTLD/Build/Object/Startup/startup_stm32f103.o
 .bss           0x20000010        0x0 /home/esmail/Desktop/NUCLEO-F446RE/BTLD/Build/Object/Src/main.o
 *(.bss*)
 .bss.Local_PvFunction
                0x20000010        0x4 /home/esmail/Desktop/NUCLEO-F446RE/BTLD/Build/Object/MCAL/SysTick/src/SysTick_program.o
 .bss.rx_test   0x20000014        0x1 /home/esmail/Desktop/NUCLEO-F446RE/BTLD/Build/Object/MCAL/UART/src/UART.o
                0x20000014                rx_test
 *fill*         0x20000015        0x3 
 .bss.uart1_funcPtr
                0x20000018        0x4 /home/esmail/Desktop/NUCLEO-F446RE/BTLD/Build/Object/MCAL/UART/src/UART.o
                0x20000018                uart1_funcPtr
 .bss.uart2_funcPtr
                0x2000001c        0x4 /home/esmail/Desktop/NUCLEO-F446RE/BTLD/Build/Object/MCAL/UART/src/UART.o
                0x2000001c                uart2_funcPtr
 .bss.uart3_funcPtr
                0x20000020        0x4 /home/esmail/Desktop/NUCLEO-F446RE/BTLD/Build/Object/MCAL/UART/src/UART.o
                0x20000020                uart3_funcPtr
 .bss.UART_START
                0x20000024        0x1 /home/esmail/Desktop/NUCLEO-F446RE/BTLD/Build/Object/Parse/Parse.o
                0x20000024                UART_START
 .bss.flush_done
                0x20000025        0x1 /home/esmail/Desktop/NUCLEO-F446RE/BTLD/Build/Object/Parse/Parse.o
 .bss.verify_done
                0x20000026        0x1 /home/esmail/Desktop/NUCLEO-F446RE/BTLD/Build/Object/Parse/Parse.o
 *fill*         0x20000027        0x1 
 .bss.counter   0x20000028        0x4 /home/esmail/Desktop/NUCLEO-F446RE/BTLD/Build/Object/Parse/Parse.o
 .bss.Header    0x2000002c        0x4 /home/esmail/Desktop/NUCLEO-F446RE/BTLD/Build/Object/Parse/Parse.o
                0x2000002c                Header
 .bss.Binary_receivingfinished
                0x20000030        0x1 /home/esmail/Desktop/NUCLEO-F446RE/BTLD/Build/Object/Parse/Parse.o
                0x20000030                Binary_receivingfinished
 *fill*         0x20000031        0x3 
 .bss.received_crc
                0x20000034        0x4 /home/esmail/Desktop/NUCLEO-F446RE/BTLD/Build/Object/Parse/Parse.o
                0x20000034                received_crc
 .bss.crc32_table
                0x20000038      0x400 /home/esmail/Desktop/NUCLEO-F446RE/BTLD/Build/Object/Parse/Parse.o
                0x20000038                crc32_table
 .bss.crc32_table_ready
                0x20000438        0x1 /home/esmail/Desktop/NUCLEO-F446RE/BTLD/Build/Object/Parse/Parse.o
                0x20000438                crc32_table_ready
 *fill*         0x20000439        0x3 
 .bss.bin_buffer
                0x2000043c        0x4 /home/esmail/Desktop/NUCLEO-F446RE/BTLD/Build/Object/Parse/Parse.o
                0x2000043c                bin_buffer
 .bss.bin_index
                0x20000440        0x4 /home/esmail/Desktop/NUCLEO-F446RE/BTLD/Build/Object/Parse/Parse.o
                0x20000440                bin_index
 .bss.Local_PvFunction
                0x20000444        0x4 /home/esmail/Desktop/NUCLEO-F446RE/BTLD/Build/Object/Src/main.o
 .bss.Pt2Func_App
                0x20000448        0x4 /home/esmail/Desktop/NUCLEO-F446RE/BTLD/Build/Object/Src/main.o
                0x20000448                Pt2Func_App
 .bss.RCC_Configuration
                0x2000044c        0xc /home/esmail/Desktop/NUCLEO-F446RE/BTLD/Build/Object/Src/main.o
                0x2000044c                RCC_Configuration
 .bss.ms_ticks  0x20000458        0x4 /home/esmail/Desktop/NUCLEO-F446RE/BTLD/Build/Object/Src/main.o
                0x20000458                ms_ticks
                0x2000045c                        . = ALIGN (0x4)
                0x2000045c                        _ebss = .

._user_heap_stack
                0x2000045c     0x1204 load address 0x080060e8
                0x20000460                        . = ALIGN (0x8)
 *fill*         0x2000045c        0x4 
                0x20000660                        . = (. + _Min_Heap_Size)
 *fill*         0x20000460      0x200 
                0x20001660                        . = (. + _Min_Stack_Size)
 *fill*         0x20000660     0x1000 
                0x20001660                        . = ALIGN (0x8)
LOAD /home/esmail/Desktop/NUCLEO-F446RE/BTLD/Build/Object/MCAL/RCC/src/RCC_program.o
LOAD /home/esmail/Desktop/NUCLEO-F446RE/BTLD/Build/Object/MCAL/NVIC/src/NVIC_program.o
LOAD /home/esmail/Desktop/NUCLEO-F446RE/BTLD/Build/Object/MCAL/SysTick/src/SysTick_program.o
LOAD /home/esmail/Desktop/NUCLEO-F446RE/BTLD/Build/Object/MCAL/GPIO/src/GPIO_program.o
LOAD /home/esmail/Desktop/NUCLEO-F446RE/BTLD/Build/Object/MCAL/UART/src/UART.o
LOAD /home/esmail/Desktop/NUCLEO-F446RE/BTLD/Build/Object/MCAL/FLASH/src/FLASH.o
LOAD /home/esmail/Desktop/NUCLEO-F446RE/BTLD/Build/Object/Parse/Parse.o
LOAD /home/esmail/Desktop/NUCLEO-F446RE/BTLD/Build/Object/Startup/startup_stm32f103.o
LOAD /home/esmail/Desktop/NUCLEO-F446RE/BTLD/Build/Object/Src/main.o
OUTPUT(/home/esmail/Desktop/NUCLEO-F446RE/BTLD/Tools/BTLD.elf elf32-littlearm)
LOAD linker stubs

.debug_info     0x00000000     0x28a1
 .debug_info    0x00000000      0x3a5 /home/esmail/Desktop/NUCLEO-F446RE/BTLD/Build/Object/MCAL/RCC/src/RCC_program.o
 .debug_info    0x000003a5      0x2d5 /home/esmail/Desktop/NUCLEO-F446RE/BTLD/Build/Object/MCAL/NVIC/src/NVIC_program.o
 .debug_info    0x0000067a      0x24b /home/esmail/Desktop/NUCLEO-F446RE/BTLD/Build/Object/MCAL/SysTick/src/SysTick_program.o
 .debug_info    0x000008c5      0x4dc /home/esmail/Desktop/NUCLEO-F446RE/BTLD/Build/Object/MCAL/GPIO/src/GPIO_program.o
 .debug_info    0x00000da1      0x5dd /home/esmail/Desktop/NUCLEO-F446RE/BTLD/Build/Object/MCAL/UART/src/UART.o
 .debug_info    0x0000137e      0x628 /home/esmail/Desktop/NUCLEO-F446RE/BTLD/Build/Object/MCAL/FLASH/src/FLASH.o
 .debug_info    0x000019a6      0x442 /home/esmail/Desktop/NUCLEO-F446RE/BTLD/Build/Object/Parse/Parse.o
 .debug_info    0x00001de8      0x15e /home/esmail/Desktop/NUCLEO-F446RE/BTLD/Build/Object/Startup/startup_stm32f103.o
 .debug_info    0x00001f46      0x95b /home/esmail/Desktop/NUCLEO-F446RE/BTLD/Build/Object/Src/main.o

.debug_abbrev   0x00000000      0xc42
 .debug_abbrev  0x00000000      0x13e /home/esmail/Desktop/NUCLEO-F446RE/BTLD/Build/Object/MCAL/RCC/src/RCC_program.o
 .debug_abbrev  0x0000013e      0x12c /home/esmail/Desktop/NUCLEO-F446RE/BTLD/Build/Object/MCAL/NVIC/src/NVIC_program.o
 .debug_abbrev  0x0000026a      0x143 /home/esmail/Desktop/NUCLEO-F446RE/BTLD/Build/Object/MCAL/SysTick/src/SysTick_program.o
 .debug_abbrev  0x000003ad      0x133 /home/esmail/Desktop/NUCLEO-F446RE/BTLD/Build/Object/MCAL/GPIO/src/GPIO_program.o
 .debug_abbrev  0x000004e0      0x170 /home/esmail/Desktop/NUCLEO-F446RE/BTLD/Build/Object/MCAL/UART/src/UART.o
 .debug_abbrev  0x00000650      0x1b3 /home/esmail/Desktop/NUCLEO-F446RE/BTLD/Build/Object/MCAL/FLASH/src/FLASH.o
 .debug_abbrev  0x00000803      0x1af /home/esmail/Desktop/NUCLEO-F446RE/BTLD/Build/Object/Parse/Parse.o
 .debug_abbrev  0x000009b2       0xfa /home/esmail/Desktop/NUCLEO-F446RE/BTLD/Build/Object/Startup/startup_stm32f103.o
 .debug_abbrev  0x00000aac      0x196 /home/esmail/Desktop/NUCLEO-F446RE/BTLD/Build/Object/Src/main.o

.debug_aranges  0x00000000      0x350
 .debug_aranges
                0x00000000       0x78 /home/esmail/Desktop/NUCLEO-F446RE/BTLD/Build/Object/MCAL/RCC/src/RCC_program.o
 .debug_aranges
                0x00000078       0x48 /home/esmail/Desktop/NUCLEO-F446RE/BTLD/Build/Object/MCAL/NVIC/src/NVIC_program.o
 .debug_aranges
                0x000000c0       0x58 /home/esmail/Desktop/NUCLEO-F446RE/BTLD/Build/Object/MCAL/SysTick/src/SysTick_program.o
 .debug_aranges
                0x00000118       0x48 /home/esmail/Desktop/NUCLEO-F446RE/BTLD/Build/Object/MCAL/GPIO/src/GPIO_program.o
 .debug_aranges
                0x00000160       0x70 /home/esmail/Desktop/NUCLEO-F446RE/BTLD/Build/Object/MCAL/UART/src/UART.o
 .debug_aranges
                0x000001d0       0xd0 /home/esmail/Desktop/NUCLEO-F446RE/BTLD/Build/Object/MCAL/FLASH/src/FLASH.o
 .debug_aranges
                0x000002a0       0x40 /home/esmail/Desktop/NUCLEO-F446RE/BTLD/Build/Object/Parse/Parse.o
 .debug_aranges
                0x000002e0       0x28 /home/esmail/Desktop/NUCLEO-F446RE/BTLD/Build/Object/Startup/startup_stm32f103.o
 .debug_aranges
                0x00000308       0x48 /home/esmail/Desktop/NUCLEO-F446RE/BTLD/Build/Object/Src/main.o

.debug_rnglists
                0x00000000      0x265
 .debug_rnglists
                0x00000000       0x58 /home/esmail/Desktop/NUCLEO-F446RE/BTLD/Build/Object/MCAL/RCC/src/RCC_program.o
 .debug_rnglists
                0x00000058       0x31 /home/esmail/Desktop/NUCLEO-F446RE/BTLD/Build/Object/MCAL/NVIC/src/NVIC_program.o
 .debug_rnglists
                0x00000089       0x3d /home/esmail/Desktop/NUCLEO-F446RE/BTLD/Build/Object/MCAL/SysTick/src/SysTick_program.o
 .debug_rnglists
                0x000000c6       0x34 /home/esmail/Desktop/NUCLEO-F446RE/BTLD/Build/Object/MCAL/GPIO/src/GPIO_program.o
 .debug_rnglists
                0x000000fa       0x54 /home/esmail/Desktop/NUCLEO-F446RE/BTLD/Build/Object/MCAL/UART/src/UART.o
 .debug_rnglists
                0x0000014e       0x9f /home/esmail/Desktop/NUCLEO-F446RE/BTLD/Build/Object/MCAL/FLASH/src/FLASH.o
 .debug_rnglists
                0x000001ed       0x2c /home/esmail/Desktop/NUCLEO-F446RE/BTLD/Build/Object/Parse/Parse.o
 .debug_rnglists
                0x00000219       0x1a /home/esmail/Desktop/NUCLEO-F446RE/BTLD/Build/Object/Startup/startup_stm32f103.o
 .debug_rnglists
                0x00000233       0x32 /home/esmail/Desktop/NUCLEO-F446RE/BTLD/Build/Object/Src/main.o

.debug_macro    0x00000000     0x1306
 .debug_macro   0x00000000       0x32 /home/esmail/Desktop/NUCLEO-F446RE/BTLD/Build/Object/MCAL/RCC/src/RCC_program.o
 .debug_macro   0x00000032      0xac6 /home/esmail/Desktop/NUCLEO-F446RE/BTLD/Build/Object/MCAL/RCC/src/RCC_program.o
 .debug_macro   0x00000af8       0x10 /home/esmail/Desktop/NUCLEO-F446RE/BTLD/Build/Object/MCAL/RCC/src/RCC_program.o
 .debug_macro   0x00000b08       0x22 /home/esmail/Desktop/NUCLEO-F446RE/BTLD/Build/Object/MCAL/RCC/src/RCC_program.o
 .debug_macro   0x00000b2a       0x94 /home/esmail/Desktop/NUCLEO-F446RE/BTLD/Build/Object/MCAL/RCC/src/RCC_program.o
 .debug_macro   0x00000bbe       0x49 /home/esmail/Desktop/NUCLEO-F446RE/BTLD/Build/Object/MCAL/NVIC/src/NVIC_program.o
 .debug_macro   0x00000c07       0x58 /home/esmail/Desktop/NUCLEO-F446RE/BTLD/Build/Object/MCAL/NVIC/src/NVIC_program.o
 .debug_macro   0x00000c5f       0x10 /home/esmail/Desktop/NUCLEO-F446RE/BTLD/Build/Object/MCAL/NVIC/src/NVIC_program.o
 .debug_macro   0x00000c6f       0x3b /home/esmail/Desktop/NUCLEO-F446RE/BTLD/Build/Object/MCAL/SysTick/src/SysTick_program.o
 .debug_macro   0x00000caa       0x22 /home/esmail/Desktop/NUCLEO-F446RE/BTLD/Build/Object/MCAL/SysTick/src/SysTick_program.o
 .debug_macro   0x00000ccc       0x2e /home/esmail/Desktop/NUCLEO-F446RE/BTLD/Build/Object/MCAL/SysTick/src/SysTick_program.o
 .debug_macro   0x00000cfa       0x3b /home/esmail/Desktop/NUCLEO-F446RE/BTLD/Build/Object/MCAL/GPIO/src/GPIO_program.o
 .debug_macro   0x00000d35       0x6a /home/esmail/Desktop/NUCLEO-F446RE/BTLD/Build/Object/MCAL/GPIO/src/GPIO_program.o
 .debug_macro   0x00000d9f       0x10 /home/esmail/Desktop/NUCLEO-F446RE/BTLD/Build/Object/MCAL/GPIO/src/GPIO_program.o
 .debug_macro   0x00000daf       0x32 /home/esmail/Desktop/NUCLEO-F446RE/BTLD/Build/Object/MCAL/UART/src/UART.o
 .debug_macro   0x00000de1       0x70 /home/esmail/Desktop/NUCLEO-F446RE/BTLD/Build/Object/MCAL/UART/src/UART.o
 .debug_macro   0x00000e51       0x29 /home/esmail/Desktop/NUCLEO-F446RE/BTLD/Build/Object/MCAL/FLASH/src/FLASH.o
 .debug_macro   0x00000e7a      0x130 /home/esmail/Desktop/NUCLEO-F446RE/BTLD/Build/Object/MCAL/FLASH/src/FLASH.o
 .debug_macro   0x00000faa       0x5c /home/esmail/Desktop/NUCLEO-F446RE/BTLD/Build/Object/Parse/Parse.o
 .debug_macro   0x00001006      0x136 /home/esmail/Desktop/NUCLEO-F446RE/BTLD/Build/Object/Parse/Parse.o
 .debug_macro   0x0000113c       0x16 /home/esmail/Desktop/NUCLEO-F446RE/BTLD/Build/Object/Parse/Parse.o
 .debug_macro   0x00001152       0x17 /home/esmail/Desktop/NUCLEO-F446RE/BTLD/Build/Object/Startup/startup_stm32f103.o
 .debug_macro   0x00001169       0x8d /home/esmail/Desktop/NUCLEO-F446RE/BTLD/Build/Object/Src/main.o
 .debug_macro   0x000011f6       0x9a /home/esmail/Desktop/NUCLEO-F446RE/BTLD/Build/Object/Src/main.o
 .debug_macro   0x00001290       0x76 /home/esmail/Desktop/NUCLEO-F446RE/BTLD/Build/Object/Src/main.o

.debug_line     0x00000000     0x1899
 .debug_line    0x00000000      0x2e5 /home/esmail/Desktop/NUCLEO-F446RE/BTLD/Build/Object/MCAL/RCC/src/RCC_program.o
 .debug_line    0x000002e5      0x206 /home/esmail/Desktop/NUCLEO-F446RE/BTLD/Build/Object/MCAL/NVIC/src/NVIC_program.o
 .debug_line    0x000004eb      0x1da /home/esmail/Desktop/NUCLEO-F446RE/BTLD/Build/Object/MCAL/SysTick/src/SysTick_program.o
 .debug_line    0x000006c5      0x2b9 /home/esmail/Desktop/NUCLEO-F446RE/BTLD/Build/Object/MCAL/GPIO/src/GPIO_program.o
 .debug_line    0x0000097e      0x367 /home/esmail/Desktop/NUCLEO-F446RE/BTLD/Build/Object/MCAL/UART/src/UART.o
 .debug_line    0x00000ce5      0x60c /home/esmail/Desktop/NUCLEO-F446RE/BTLD/Build/Object/MCAL/FLASH/src/FLASH.o
 .debug_line    0x000012f1      0x2f4 /home/esmail/Desktop/NUCLEO-F446RE/BTLD/Build/Object/Parse/Parse.o
 .debug_line    0x000015e5       0xc3 /home/esmail/Desktop/NUCLEO-F446RE/BTLD/Build/Object/Startup/startup_stm32f103.o
 .debug_line    0x000016a8      0x1f1 /home/esmail/Desktop/NUCLEO-F446RE/BTLD/Build/Object/Src/main.o

.debug_str      0x00000000     0x562a
 .debug_str     0x00000000     0x562a /home/esmail/Desktop/NUCLEO-F446RE/BTLD/Build/Object/MCAL/RCC/src/RCC_program.o
                               0x36ad (size before relaxing)
 .debug_str     0x0000562a     0x341f /home/esmail/Desktop/NUCLEO-F446RE/BTLD/Build/Object/MCAL/NVIC/src/NVIC_program.o
 .debug_str     0x0000562a     0x3297 /home/esmail/Desktop/NUCLEO-F446RE/BTLD/Build/Object/MCAL/SysTick/src/SysTick_program.o
 .debug_str     0x0000562a     0x343d /home/esmail/Desktop/NUCLEO-F446RE/BTLD/Build/Object/MCAL/GPIO/src/GPIO_program.o
 .debug_str     0x0000562a     0x3453 /home/esmail/Desktop/NUCLEO-F446RE/BTLD/Build/Object/MCAL/UART/src/UART.o
 .debug_str     0x0000562a     0x37ce /home/esmail/Desktop/NUCLEO-F446RE/BTLD/Build/Object/MCAL/FLASH/src/FLASH.o
 .debug_str     0x0000562a     0x3a4c /home/esmail/Desktop/NUCLEO-F446RE/BTLD/Build/Object/Parse/Parse.o
 .debug_str     0x0000562a     0x2f1d /home/esmail/Desktop/NUCLEO-F446RE/BTLD/Build/Object/Startup/startup_stm32f103.o
 .debug_str     0x0000562a     0x49ec /home/esmail/Desktop/NUCLEO-F446RE/BTLD/Build/Object/Src/main.o

.comment        0x00000000       0x26
 .comment       0x00000000       0x26 /home/esmail/Desktop/NUCLEO-F446RE/BTLD/Build/Object/MCAL/RCC/src/RCC_program.o
                                 0x27 (size before relaxing)
 .comment       0x00000026       0x27 /home/esmail/Desktop/NUCLEO-F446RE/BTLD/Build/Object/MCAL/NVIC/src/NVIC_program.o
 .comment       0x00000026       0x27 /home/esmail/Desktop/NUCLEO-F446RE/BTLD/Build/Object/MCAL/SysTick/src/SysTick_program.o
 .comment       0x00000026       0x27 /home/esmail/Desktop/NUCLEO-F446RE/BTLD/Build/Object/MCAL/GPIO/src/GPIO_program.o
 .comment       0x00000026       0x27 /home/esmail/Desktop/NUCLEO-F446RE/BTLD/Build/Object/MCAL/UART/src/UART.o
 .comment       0x00000026       0x27 /home/esmail/Desktop/NUCLEO-F446RE/BTLD/Build/Object/MCAL/FLASH/src/FLASH.o
 .comment       0x00000026       0x27 /home/esmail/Desktop/NUCLEO-F446RE/BTLD/Build/Object/Parse/Parse.o
 .comment       0x00000026       0x27 /home/esmail/Desktop/NUCLEO-F446RE/BTLD/Build/Object/Startup/startup_stm32f103.o
 .comment       0x00000026       0x27 /home/esmail/Desktop/NUCLEO-F446RE/BTLD/Build/Object/Src/main.o

.ARM.attributes
                0x00000000       0x34
 .ARM.attributes
                0x00000000       0x34 /home/esmail/Desktop/NUCLEO-F446RE/BTLD/Build/Object/MCAL/RCC/src/RCC_program.o
 .ARM.attributes
                0x00000034       0x34 /home/esmail/Desktop/NUCLEO-F446RE/BTLD/Build/Object/MCAL/NVIC/src/NVIC_program.o
 .ARM.attributes
                0x00000068       0x34 /home/esmail/Desktop/NUCLEO-F446RE/BTLD/Build/Object/MCAL/SysTick/src/SysTick_program.o
 .ARM.attributes
                0x0000009c       0x34 /home/esmail/Desktop/NUCLEO-F446RE/BTLD/Build/Object/MCAL/GPIO/src/GPIO_program.o
 .ARM.attributes
                0x000000d0       0x34 /home/esmail/Desktop/NUCLEO-F446RE/BTLD/Build/Object/MCAL/UART/src/UART.o
 .ARM.attributes
                0x00000104       0x34 /home/esmail/Desktop/NUCLEO-F446RE/BTLD/Build/Object/MCAL/FLASH/src/FLASH.o
 .ARM.attributes
                0x00000138       0x34 /home/esmail/Desktop/NUCLEO-F446RE/BTLD/Build/Object/Parse/Parse.o
 .ARM.attributes
                0x0000016c       0x34 /home/esmail/Desktop/NUCLEO-F446RE/BTLD/Build/Object/Startup/startup_stm32f103.o
 .ARM.attributes
                0x000001a0       0x34 /home/esmail/Desktop/NUCLEO-F446RE/BTLD/Build/Object/Src/main.o

.debug_frame    0x00000000      0xbc0
 .debug_frame   0x00000000      0x1c8 /home/esmail/Desktop/NUCLEO-F446RE/BTLD/Build/Object/MCAL/RCC/src/RCC_program.o
 .debug_frame   0x000001c8      0x100 /home/esmail/Desktop/NUCLEO-F446RE/BTLD/Build/Object/MCAL/NVIC/src/NVIC_program.o
 .debug_frame   0x000002c8      0x120 /home/esmail/Desktop/NUCLEO-F446RE/BTLD/Build/Object/MCAL/SysTick/src/SysTick_program.o
 .debug_frame   0x000003e8       0xf4 /home/esmail/Desktop/NUCLEO-F446RE/BTLD/Build/Object/MCAL/GPIO/src/GPIO_program.o
 .debug_frame   0x000004dc      0x1ac /home/esmail/Desktop/NUCLEO-F446RE/BTLD/Build/Object/MCAL/UART/src/UART.o
 .debug_frame   0x00000688      0x354 /home/esmail/Desktop/NUCLEO-F446RE/BTLD/Build/Object/MCAL/FLASH/src/FLASH.o
 .debug_frame   0x000009dc       0xd8 /home/esmail/Desktop/NUCLEO-F446RE/BTLD/Build/Object/Parse/Parse.o
 .debug_frame   0x00000ab4       0x48 /home/esmail/Desktop/NUCLEO-F446RE/BTLD/Build/Object/Startup/startup_stm32f103.o
 .debug_frame   0x00000afc       0xc4 /home/esmail/Desktop/NUCLEO-F446RE/BTLD/Build/Object/Src/main.o
