
Discarded input sections

 .group         0x00000000        0xc C:/Users/s_a_a/Desktop/NUCLEO-F446RE/BTLD/Build/Object/MCAL/RCC/src/RCC_program.o
 .group         0x00000000        0xc C:/Users/s_a_a/Desktop/NUCLEO-F446RE/BTLD/Build/Object/MCAL/RCC/src/RCC_program.o
 .group         0x00000000        0xc C:/Users/s_a_a/Desktop/NUCLEO-F446RE/BTLD/Build/Object/MCAL/RCC/src/RCC_program.o
 .group         0x00000000        0xc C:/Users/s_a_a/Desktop/NUCLEO-F446RE/BTLD/Build/Object/MCAL/RCC/src/RCC_program.o
 .group         0x00000000        0xc C:/Users/s_a_a/Desktop/NUCLEO-F446RE/BTLD/Build/Object/MCAL/NVIC/src/NVIC_program.o
 .group         0x00000000        0xc C:/Users/s_a_a/Desktop/NUCLEO-F446RE/BTLD/Build/Object/MCAL/NVIC/src/NVIC_program.o
 .group         0x00000000        0xc C:/Users/s_a_a/Desktop/NUCLEO-F446RE/BTLD/Build/Object/MCAL/NVIC/src/NVIC_program.o
 .group         0x00000000        0xc C:/Users/s_a_a/Desktop/NUCLEO-F446RE/BTLD/Build/Object/MCAL/NVIC/src/NVIC_program.o
 .group         0x00000000        0xc C:/Users/s_a_a/Desktop/NUCLEO-F446RE/BTLD/Build/Object/MCAL/NVIC/src/NVIC_program.o
 .debug_macro   0x00000000      0xa66 C:/Users/s_a_a/Desktop/NUCLEO-F446RE/BTLD/Build/Object/MCAL/NVIC/src/NVIC_program.o
 .debug_macro   0x00000000       0x1c C:/Users/s_a_a/Desktop/NUCLEO-F446RE/BTLD/Build/Object/MCAL/NVIC/src/NVIC_program.o
 .debug_macro   0x00000000       0x22 C:/Users/s_a_a/Desktop/NUCLEO-F446RE/BTLD/Build/Object/MCAL/NVIC/src/NVIC_program.o
 .group         0x00000000        0xc C:/Users/s_a_a/Desktop/NUCLEO-F446RE/BTLD/Build/Object/MCAL/SysTick/src/SysTick_program.o
 .group         0x00000000        0xc C:/Users/s_a_a/Desktop/NUCLEO-F446RE/BTLD/Build/Object/MCAL/SysTick/src/SysTick_program.o
 .group         0x00000000        0xc C:/Users/s_a_a/Desktop/NUCLEO-F446RE/BTLD/Build/Object/MCAL/SysTick/src/SysTick_program.o
 .group         0x00000000        0xc C:/Users/s_a_a/Desktop/NUCLEO-F446RE/BTLD/Build/Object/MCAL/SysTick/src/SysTick_program.o
 .group         0x00000000        0xc C:/Users/s_a_a/Desktop/NUCLEO-F446RE/BTLD/Build/Object/MCAL/SysTick/src/SysTick_program.o
 .debug_macro   0x00000000      0xa66 C:/Users/s_a_a/Desktop/NUCLEO-F446RE/BTLD/Build/Object/MCAL/SysTick/src/SysTick_program.o
 .debug_macro   0x00000000       0x1c C:/Users/s_a_a/Desktop/NUCLEO-F446RE/BTLD/Build/Object/MCAL/SysTick/src/SysTick_program.o
 .debug_macro   0x00000000       0x22 C:/Users/s_a_a/Desktop/NUCLEO-F446RE/BTLD/Build/Object/MCAL/SysTick/src/SysTick_program.o
 .group         0x00000000        0xc C:/Users/s_a_a/Desktop/NUCLEO-F446RE/BTLD/Build/Object/MCAL/GPIO/src/GPIO_program.o
 .group         0x00000000        0xc C:/Users/s_a_a/Desktop/NUCLEO-F446RE/BTLD/Build/Object/MCAL/GPIO/src/GPIO_program.o
 .group         0x00000000        0xc C:/Users/s_a_a/Desktop/NUCLEO-F446RE/BTLD/Build/Object/MCAL/GPIO/src/GPIO_program.o
 .group         0x00000000        0xc C:/Users/s_a_a/Desktop/NUCLEO-F446RE/BTLD/Build/Object/MCAL/GPIO/src/GPIO_program.o
 .group         0x00000000        0xc C:/Users/s_a_a/Desktop/NUCLEO-F446RE/BTLD/Build/Object/MCAL/GPIO/src/GPIO_program.o
 .debug_macro   0x00000000      0xa66 C:/Users/s_a_a/Desktop/NUCLEO-F446RE/BTLD/Build/Object/MCAL/GPIO/src/GPIO_program.o
 .debug_macro   0x00000000       0x1c C:/Users/s_a_a/Desktop/NUCLEO-F446RE/BTLD/Build/Object/MCAL/GPIO/src/GPIO_program.o
 .debug_macro   0x00000000       0x22 C:/Users/s_a_a/Desktop/NUCLEO-F446RE/BTLD/Build/Object/MCAL/GPIO/src/GPIO_program.o
 .group         0x00000000        0xc C:/Users/s_a_a/Desktop/NUCLEO-F446RE/BTLD/Build/Object/MCAL/UART/src/UART.o
 .group         0x00000000        0xc C:/Users/s_a_a/Desktop/NUCLEO-F446RE/BTLD/Build/Object/MCAL/UART/src/UART.o
 .group         0x00000000        0xc C:/Users/s_a_a/Desktop/NUCLEO-F446RE/BTLD/Build/Object/MCAL/UART/src/UART.o
 .group         0x00000000        0xc C:/Users/s_a_a/Desktop/NUCLEO-F446RE/BTLD/Build/Object/MCAL/UART/src/UART.o
 .debug_macro   0x00000000      0xa66 C:/Users/s_a_a/Desktop/NUCLEO-F446RE/BTLD/Build/Object/MCAL/UART/src/UART.o
 .debug_macro   0x00000000       0x1c C:/Users/s_a_a/Desktop/NUCLEO-F446RE/BTLD/Build/Object/MCAL/UART/src/UART.o
 .debug_macro   0x00000000       0x22 C:/Users/s_a_a/Desktop/NUCLEO-F446RE/BTLD/Build/Object/MCAL/UART/src/UART.o
 .group         0x00000000        0xc C:/Users/s_a_a/Desktop/NUCLEO-F446RE/BTLD/Build/Object/MCAL/FLASH/src/FLASH.o
 .group         0x00000000        0xc C:/Users/s_a_a/Desktop/NUCLEO-F446RE/BTLD/Build/Object/MCAL/FLASH/src/FLASH.o
 .group         0x00000000        0xc C:/Users/s_a_a/Desktop/NUCLEO-F446RE/BTLD/Build/Object/MCAL/FLASH/src/FLASH.o
 .debug_macro   0x00000000      0xa66 C:/Users/s_a_a/Desktop/NUCLEO-F446RE/BTLD/Build/Object/MCAL/FLASH/src/FLASH.o
 .debug_macro   0x00000000       0x1c C:/Users/s_a_a/Desktop/NUCLEO-F446RE/BTLD/Build/Object/MCAL/FLASH/src/FLASH.o
 .group         0x00000000        0xc C:/Users/s_a_a/Desktop/NUCLEO-F446RE/BTLD/Build/Object/Parse/Parse.o
 .group         0x00000000        0xc C:/Users/s_a_a/Desktop/NUCLEO-F446RE/BTLD/Build/Object/Parse/Parse.o
 .group         0x00000000        0xc C:/Users/s_a_a/Desktop/NUCLEO-F446RE/BTLD/Build/Object/Parse/Parse.o
 .group         0x00000000        0xc C:/Users/s_a_a/Desktop/NUCLEO-F446RE/BTLD/Build/Object/Parse/Parse.o
 .group         0x00000000        0xc C:/Users/s_a_a/Desktop/NUCLEO-F446RE/BTLD/Build/Object/Parse/Parse.o
 .group         0x00000000        0xc C:/Users/s_a_a/Desktop/NUCLEO-F446RE/BTLD/Build/Object/Parse/Parse.o
 .debug_macro   0x00000000      0xa66 C:/Users/s_a_a/Desktop/NUCLEO-F446RE/BTLD/Build/Object/Parse/Parse.o
 .debug_macro   0x00000000       0x1c C:/Users/s_a_a/Desktop/NUCLEO-F446RE/BTLD/Build/Object/Parse/Parse.o
 .debug_macro   0x00000000       0x22 C:/Users/s_a_a/Desktop/NUCLEO-F446RE/BTLD/Build/Object/Parse/Parse.o
 .debug_macro   0x00000000       0x70 C:/Users/s_a_a/Desktop/NUCLEO-F446RE/BTLD/Build/Object/Parse/Parse.o
 .group         0x00000000        0xc C:/Users/s_a_a/Desktop/NUCLEO-F446RE/BTLD/Build/Object/Startup/startup_stm32f103.o
 .debug_macro   0x00000000      0xa66 C:/Users/s_a_a/Desktop/NUCLEO-F446RE/BTLD/Build/Object/Startup/startup_stm32f103.o
 .group         0x00000000        0xc C:/Users/s_a_a/Desktop/NUCLEO-F446RE/BTLD/Build/Object/Src/main.o
 .group         0x00000000        0xc C:/Users/s_a_a/Desktop/NUCLEO-F446RE/BTLD/Build/Object/Src/main.o
 .group         0x00000000        0xc C:/Users/s_a_a/Desktop/NUCLEO-F446RE/BTLD/Build/Object/Src/main.o
 .group         0x00000000        0xc C:/Users/s_a_a/Desktop/NUCLEO-F446RE/BTLD/Build/Object/Src/main.o
 .group         0x00000000        0xc C:/Users/s_a_a/Desktop/NUCLEO-F446RE/BTLD/Build/Object/Src/main.o
 .group         0x00000000        0xc C:/Users/s_a_a/Desktop/NUCLEO-F446RE/BTLD/Build/Object/Src/main.o
 .group         0x00000000        0xc C:/Users/s_a_a/Desktop/NUCLEO-F446RE/BTLD/Build/Object/Src/main.o
 .group         0x00000000        0xc C:/Users/s_a_a/Desktop/NUCLEO-F446RE/BTLD/Build/Object/Src/main.o
 .group         0x00000000        0xc C:/Users/s_a_a/Desktop/NUCLEO-F446RE/BTLD/Build/Object/Src/main.o
 .group         0x00000000        0xc C:/Users/s_a_a/Desktop/NUCLEO-F446RE/BTLD/Build/Object/Src/main.o
 .group         0x00000000        0xc C:/Users/s_a_a/Desktop/NUCLEO-F446RE/BTLD/Build/Object/Src/main.o
 .debug_macro   0x00000000      0xa66 C:/Users/s_a_a/Desktop/NUCLEO-F446RE/BTLD/Build/Object/Src/main.o
 .debug_macro   0x00000000       0x1c C:/Users/s_a_a/Desktop/NUCLEO-F446RE/BTLD/Build/Object/Src/main.o
 .debug_macro   0x00000000       0x22 C:/Users/s_a_a/Desktop/NUCLEO-F446RE/BTLD/Build/Object/Src/main.o
 .debug_macro   0x00000000       0x22 C:/Users/s_a_a/Desktop/NUCLEO-F446RE/BTLD/Build/Object/Src/main.o
 .debug_macro   0x00000000       0x2e C:/Users/s_a_a/Desktop/NUCLEO-F446RE/BTLD/Build/Object/Src/main.o
 .debug_macro   0x00000000       0x6a C:/Users/s_a_a/Desktop/NUCLEO-F446RE/BTLD/Build/Object/Src/main.o
 .debug_macro   0x00000000       0x10 C:/Users/s_a_a/Desktop/NUCLEO-F446RE/BTLD/Build/Object/Src/main.o
 .debug_macro   0x00000000      0x136 C:/Users/s_a_a/Desktop/NUCLEO-F446RE/BTLD/Build/Object/Src/main.o
 .debug_macro   0x00000000       0x16 C:/Users/s_a_a/Desktop/NUCLEO-F446RE/BTLD/Build/Object/Src/main.o

Memory Configuration

Name             Origin             Length             Attributes
FLASH            0x08004000         0x00004000         xr
RAM              0x20000000         0x00020000         xrw
*default*        0x00000000         0xffffffff

Linker script and memory map

                0x20020000                _estack = (ORIGIN (RAM) + LENGTH (RAM))
                0x00000200                _Min_Heap_Size = 0x200
                0x00001000                _Min_Stack_Size = 0x1000

.isr_vector     0x08004000      0x178
                0x08004000                . = ALIGN (0x4)
 *(.isr_vector)
 .isr_vector    0x08004000      0x178 C:/Users/s_a_a/Desktop/NUCLEO-F446RE/BTLD/Build/Object/Startup/startup_stm32f103.o
                0x08004000                Vector_Table
                0x08004178                . = ALIGN (0x4)

.text           0x08004178     0x1fec
                0x08004178                . = ALIGN (0x4)
 *(.text)
 .text          0x08004178        0x0 C:/Users/s_a_a/Desktop/NUCLEO-F446RE/BTLD/Build/Object/MCAL/RCC/src/RCC_program.o
 .text          0x08004178        0x0 C:/Users/s_a_a/Desktop/NUCLEO-F446RE/BTLD/Build/Object/MCAL/NVIC/src/NVIC_program.o
 .text          0x08004178        0x0 C:/Users/s_a_a/Desktop/NUCLEO-F446RE/BTLD/Build/Object/MCAL/SysTick/src/SysTick_program.o
 .text          0x08004178        0x0 C:/Users/s_a_a/Desktop/NUCLEO-F446RE/BTLD/Build/Object/MCAL/GPIO/src/GPIO_program.o
 .text          0x08004178        0x0 C:/Users/s_a_a/Desktop/NUCLEO-F446RE/BTLD/Build/Object/MCAL/UART/src/UART.o
 .text          0x08004178        0x0 C:/Users/s_a_a/Desktop/NUCLEO-F446RE/BTLD/Build/Object/MCAL/FLASH/src/FLASH.o
 .text          0x08004178        0x0 C:/Users/s_a_a/Desktop/NUCLEO-F446RE/BTLD/Build/Object/Parse/Parse.o
 .text          0x08004178        0x0 C:/Users/s_a_a/Desktop/NUCLEO-F446RE/BTLD/Build/Object/Startup/startup_stm32f103.o
 .text          0x08004178        0x0 C:/Users/s_a_a/Desktop/NUCLEO-F446RE/BTLD/Build/Object/Src/main.o
 *(.text*)
 .text.RCC_EnableHSI
                0x08004178       0x30 C:/Users/s_a_a/Desktop/NUCLEO-F446RE/BTLD/Build/Object/MCAL/RCC/src/RCC_program.o
 .text.RCC_EnableHSE
                0x080041a8       0x3c C:/Users/s_a_a/Desktop/NUCLEO-F446RE/BTLD/Build/Object/MCAL/RCC/src/RCC_program.o
 .text.RCC_EnablePLL
                0x080041e4       0x30 C:/Users/s_a_a/Desktop/NUCLEO-F446RE/BTLD/Build/Object/MCAL/RCC/src/RCC_program.o
 .text.RCC_DisablePLL
                0x08004214       0x30 C:/Users/s_a_a/Desktop/NUCLEO-F446RE/BTLD/Build/Object/MCAL/RCC/src/RCC_program.o
 .text.RCC_SelectSystemClock
                0x08004244       0x60 C:/Users/s_a_a/Desktop/NUCLEO-F446RE/BTLD/Build/Object/MCAL/RCC/src/RCC_program.o
 .text.RCC_ConfigPLL
                0x080042a4       0x78 C:/Users/s_a_a/Desktop/NUCLEO-F446RE/BTLD/Build/Object/MCAL/RCC/src/RCC_program.o
 .text.RCC_SetAHBPrescaler
                0x0800431c       0x38 C:/Users/s_a_a/Desktop/NUCLEO-F446RE/BTLD/Build/Object/MCAL/RCC/src/RCC_program.o
 .text.RCC_SetAPB1Prescaler
                0x08004354       0x38 C:/Users/s_a_a/Desktop/NUCLEO-F446RE/BTLD/Build/Object/MCAL/RCC/src/RCC_program.o
 .text.RCC_SetAPB2Prescaler
                0x0800438c       0x38 C:/Users/s_a_a/Desktop/NUCLEO-F446RE/BTLD/Build/Object/MCAL/RCC/src/RCC_program.o
 .text.RCC_Init
                0x080043c4       0x98 C:/Users/s_a_a/Desktop/NUCLEO-F446RE/BTLD/Build/Object/MCAL/RCC/src/RCC_program.o
                0x080043c4                RCC_Init
 .text.RCC_EnableClock
                0x0800445c       0xc0 C:/Users/s_a_a/Desktop/NUCLEO-F446RE/BTLD/Build/Object/MCAL/RCC/src/RCC_program.o
                0x0800445c                RCC_EnableClock
 .text.RCC_DisableClock
                0x0800451c       0xcc C:/Users/s_a_a/Desktop/NUCLEO-F446RE/BTLD/Build/Object/MCAL/RCC/src/RCC_program.o
                0x0800451c                RCC_DisableClock
 .text.NVIC_EnableInterrupt
                0x080045e8       0x54 C:/Users/s_a_a/Desktop/NUCLEO-F446RE/BTLD/Build/Object/MCAL/NVIC/src/NVIC_program.o
                0x080045e8                NVIC_EnableInterrupt
 .text.NVIC_DisableInterrupt
                0x0800463c       0x54 C:/Users/s_a_a/Desktop/NUCLEO-F446RE/BTLD/Build/Object/MCAL/NVIC/src/NVIC_program.o
                0x0800463c                NVIC_DisableInterrupt
 .text.NVIC_SetPendingFlag
                0x08004690       0x54 C:/Users/s_a_a/Desktop/NUCLEO-F446RE/BTLD/Build/Object/MCAL/NVIC/src/NVIC_program.o
                0x08004690                NVIC_SetPendingFlag
 .text.NVIC_ClearPendingFlag
                0x080046e4       0x54 C:/Users/s_a_a/Desktop/NUCLEO-F446RE/BTLD/Build/Object/MCAL/NVIC/src/NVIC_program.o
                0x080046e4                NVIC_ClearPendingFlag
 .text.NVIC_GetActiveInterrupt
                0x08004738       0x6c C:/Users/s_a_a/Desktop/NUCLEO-F446RE/BTLD/Build/Object/MCAL/NVIC/src/NVIC_program.o
                0x08004738                NVIC_GetActiveInterrupt
 .text.NVIC_SetPriority
                0x080047a4       0x68 C:/Users/s_a_a/Desktop/NUCLEO-F446RE/BTLD/Build/Object/MCAL/NVIC/src/NVIC_program.o
                0x080047a4                NVIC_SetPriority
 .text.SysTick_voidInit
                0x0800480c       0x1c C:/Users/s_a_a/Desktop/NUCLEO-F446RE/BTLD/Build/Object/MCAL/SysTick/src/SysTick_program.o
                0x0800480c                SysTick_voidInit
 .text.SysTick_voidSetBusyWait
                0x08004828       0x54 C:/Users/s_a_a/Desktop/NUCLEO-F446RE/BTLD/Build/Object/MCAL/SysTick/src/SysTick_program.o
                0x08004828                SysTick_voidSetBusyWait
 .text.SysTick_voidSetIntervalSingle
                0x0800487c       0x58 C:/Users/s_a_a/Desktop/NUCLEO-F446RE/BTLD/Build/Object/MCAL/SysTick/src/SysTick_program.o
                0x0800487c                SysTick_voidSetIntervalSingle
 .text.SysTick_voidSetIntervalPeriodoc
                0x080048d4       0x64 C:/Users/s_a_a/Desktop/NUCLEO-F446RE/BTLD/Build/Object/MCAL/SysTick/src/SysTick_program.o
                0x080048d4                SysTick_voidSetIntervalPeriodoc
 .text.SysTick_voidStopTimer
                0x08004938       0x1c C:/Users/s_a_a/Desktop/NUCLEO-F446RE/BTLD/Build/Object/MCAL/SysTick/src/SysTick_program.o
                0x08004938                SysTick_voidStopTimer
 .text.SysTick_GetElapsedTime
                0x08004954       0x20 C:/Users/s_a_a/Desktop/NUCLEO-F446RE/BTLD/Build/Object/MCAL/SysTick/src/SysTick_program.o
                0x08004954                SysTick_GetElapsedTime
 .text.SysTick_GetRemaningTime
                0x08004974       0x18 C:/Users/s_a_a/Desktop/NUCLEO-F446RE/BTLD/Build/Object/MCAL/SysTick/src/SysTick_program.o
                0x08004974                SysTick_GetRemaningTime
 .text.SysTick_Handler
                0x0800498c       0x14 C:/Users/s_a_a/Desktop/NUCLEO-F446RE/BTLD/Build/Object/MCAL/SysTick/src/SysTick_program.o
                0x0800498c                SysTick_Handler
 .text.GPIO_GetPort
                0x080049a0       0x88 C:/Users/s_a_a/Desktop/NUCLEO-F446RE/BTLD/Build/Object/MCAL/GPIO/src/GPIO_program.o
 .text.GPIO_InitPin
                0x08004a28      0x106 C:/Users/s_a_a/Desktop/NUCLEO-F446RE/BTLD/Build/Object/MCAL/GPIO/src/GPIO_program.o
                0x08004a28                GPIO_InitPin
 .text.GPIO_WritePin
                0x08004b2e       0x60 C:/Users/s_a_a/Desktop/NUCLEO-F446RE/BTLD/Build/Object/MCAL/GPIO/src/GPIO_program.o
                0x08004b2e                GPIO_WritePin
 .text.GPIO_TogglePin
                0x08004b8e       0x4a C:/Users/s_a_a/Desktop/NUCLEO-F446RE/BTLD/Build/Object/MCAL/GPIO/src/GPIO_program.o
                0x08004b8e                GPIO_TogglePin
 .text.GPIO_ReadPin
                0x08004bd8       0x4e C:/Users/s_a_a/Desktop/NUCLEO-F446RE/BTLD/Build/Object/MCAL/GPIO/src/GPIO_program.o
                0x08004bd8                GPIO_ReadPin
 *fill*         0x08004c26        0x2 
 .text.GPIO_SetAF
                0x08004c28      0x118 C:/Users/s_a_a/Desktop/NUCLEO-F446RE/BTLD/Build/Object/MCAL/GPIO/src/GPIO_program.o
                0x08004c28                GPIO_SetAF
 .text.Get_BASE_ADD
                0x08004d40       0x50 C:/Users/s_a_a/Desktop/NUCLEO-F446RE/BTLD/Build/Object/MCAL/UART/src/UART.o
                0x08004d40                Get_BASE_ADD
 .text.Write_UART_Number
                0x08004d90       0x88 C:/Users/s_a_a/Desktop/NUCLEO-F446RE/BTLD/Build/Object/MCAL/UART/src/UART.o
                0x08004d90                Write_UART_Number
 .text.UART_Init
                0x08004e18      0x134 C:/Users/s_a_a/Desktop/NUCLEO-F446RE/BTLD/Build/Object/MCAL/UART/src/UART.o
                0x08004e18                UART_Init
 .text.UART_SendSyncBuffer
                0x08004f4c       0x56 C:/Users/s_a_a/Desktop/NUCLEO-F446RE/BTLD/Build/Object/MCAL/UART/src/UART.o
                0x08004f4c                UART_SendSyncBuffer
 *fill*         0x08004fa2        0x2 
 .text.UART_voidSendNumber
                0x08004fa4       0x50 C:/Users/s_a_a/Desktop/NUCLEO-F446RE/BTLD/Build/Object/MCAL/UART/src/UART.o
                0x08004fa4                UART_voidSendNumber
 .text.UART1_CALLBACK
                0x08004ff4       0x24 C:/Users/s_a_a/Desktop/NUCLEO-F446RE/BTLD/Build/Object/MCAL/UART/src/UART.o
                0x08004ff4                UART1_CALLBACK
 .text.UART2_CALLBACK
                0x08005018       0x24 C:/Users/s_a_a/Desktop/NUCLEO-F446RE/BTLD/Build/Object/MCAL/UART/src/UART.o
                0x08005018                UART2_CALLBACK
 .text.UART3_CALLBACK
                0x0800503c       0x24 C:/Users/s_a_a/Desktop/NUCLEO-F446RE/BTLD/Build/Object/MCAL/UART/src/UART.o
                0x0800503c                UART3_CALLBACK
 .text.USART2_IRQHandler
                0x08005060       0x84 C:/Users/s_a_a/Desktop/NUCLEO-F446RE/BTLD/Build/Object/MCAL/UART/src/UART.o
                0x08005060                USART2_IRQHandler
 .text.USART3_IRQHandler
                0x080050e4       0x84 C:/Users/s_a_a/Desktop/NUCLEO-F446RE/BTLD/Build/Object/MCAL/UART/src/UART.o
                0x080050e4                USART3_IRQHandler
 .text.USART1_IRQHandler
                0x08005168       0x84 C:/Users/s_a_a/Desktop/NUCLEO-F446RE/BTLD/Build/Object/MCAL/UART/src/UART.o
                0x08005168                USART1_IRQHandler
 .text.FlashDrv_Unlock
                0x080051ec       0x34 C:/Users/s_a_a/Desktop/NUCLEO-F446RE/BTLD/Build/Object/MCAL/FLASH/src/FLASH.o
                0x080051ec                FlashDrv_Unlock
 .text.FlashDrv_Lock
                0x08005220       0x20 C:/Users/s_a_a/Desktop/NUCLEO-F446RE/BTLD/Build/Object/MCAL/FLASH/src/FLASH.o
                0x08005220                FlashDrv_Lock
 .text.FlashDrv_IsLocked
                0x08005240       0x1c C:/Users/s_a_a/Desktop/NUCLEO-F446RE/BTLD/Build/Object/MCAL/FLASH/src/FLASH.o
                0x08005240                FlashDrv_IsLocked
 .text.FlashDrv_ClearErrors
                0x0800525c       0x20 C:/Users/s_a_a/Desktop/NUCLEO-F446RE/BTLD/Build/Object/MCAL/FLASH/src/FLASH.o
                0x0800525c                FlashDrv_ClearErrors
 .text.FlashDrv_WaitForLastOperation
                0x0800527c       0x54 C:/Users/s_a_a/Desktop/NUCLEO-F446RE/BTLD/Build/Object/MCAL/FLASH/src/FLASH.o
 .text.FlashDrv_IsValidAddress
                0x080052d0       0x30 C:/Users/s_a_a/Desktop/NUCLEO-F446RE/BTLD/Build/Object/MCAL/FLASH/src/FLASH.o
 .text.FlashDrv_GetSector
                0x08005300       0x88 C:/Users/s_a_a/Desktop/NUCLEO-F446RE/BTLD/Build/Object/MCAL/FLASH/src/FLASH.o
                0x08005300                FlashDrv_GetSector
 .text.FlashDrv_GetSectorBase
                0x08005388       0x80 C:/Users/s_a_a/Desktop/NUCLEO-F446RE/BTLD/Build/Object/MCAL/FLASH/src/FLASH.o
                0x08005388                FlashDrv_GetSectorBase
 .text.FlashDrv_GetSectorSize
                0x08005408       0x74 C:/Users/s_a_a/Desktop/NUCLEO-F446RE/BTLD/Build/Object/MCAL/FLASH/src/FLASH.o
                0x08005408                FlashDrv_GetSectorSize
 .text.FlashDrv_EraseSector
                0x0800547c       0x88 C:/Users/s_a_a/Desktop/NUCLEO-F446RE/BTLD/Build/Object/MCAL/FLASH/src/FLASH.o
                0x0800547c                FlashDrv_EraseSector
 .text.FlashDrv_EraseRange
                0x08005504       0x76 C:/Users/s_a_a/Desktop/NUCLEO-F446RE/BTLD/Build/Object/MCAL/FLASH/src/FLASH.o
                0x08005504                FlashDrv_EraseRange
 *fill*         0x0800557a        0x2 
 .text.FlashDrv_MassErase
                0x0800557c       0x64 C:/Users/s_a_a/Desktop/NUCLEO-F446RE/BTLD/Build/Object/MCAL/FLASH/src/FLASH.o
                0x0800557c                FlashDrv_MassErase
 .text.FlashDrv_ProgramByte
                0x080055e0       0x88 C:/Users/s_a_a/Desktop/NUCLEO-F446RE/BTLD/Build/Object/MCAL/FLASH/src/FLASH.o
                0x080055e0                FlashDrv_ProgramByte
 .text.FlashDrv_ProgramHalfWord
                0x08005668       0x98 C:/Users/s_a_a/Desktop/NUCLEO-F446RE/BTLD/Build/Object/MCAL/FLASH/src/FLASH.o
                0x08005668                FlashDrv_ProgramHalfWord
 .text.FlashDrv_ProgramWord
                0x08005700       0x98 C:/Users/s_a_a/Desktop/NUCLEO-F446RE/BTLD/Build/Object/MCAL/FLASH/src/FLASH.o
                0x08005700                FlashDrv_ProgramWord
 .text.FlashDrv_ProgramBuffer
                0x08005798       0x80 C:/Users/s_a_a/Desktop/NUCLEO-F446RE/BTLD/Build/Object/MCAL/FLASH/src/FLASH.o
                0x08005798                FlashDrv_ProgramBuffer
 .text.FlashDrv_ProgramBufferAligned
                0x08005818       0xc6 C:/Users/s_a_a/Desktop/NUCLEO-F446RE/BTLD/Build/Object/MCAL/FLASH/src/FLASH.o
                0x08005818                FlashDrv_ProgramBufferAligned
 .text.FlashDrv_Verify
                0x080058de       0x4c C:/Users/s_a_a/Desktop/NUCLEO-F446RE/BTLD/Build/Object/MCAL/FLASH/src/FLASH.o
                0x080058de                FlashDrv_Verify
 .text.FlashDrv_IsErased
                0x0800592a       0x40 C:/Users/s_a_a/Desktop/NUCLEO-F446RE/BTLD/Build/Object/MCAL/FLASH/src/FLASH.o
                0x0800592a                FlashDrv_IsErased
 .text.FlashDrv_Read
                0x0800596a       0x62 C:/Users/s_a_a/Desktop/NUCLEO-F446RE/BTLD/Build/Object/MCAL/FLASH/src/FLASH.o
                0x0800596a                FlashDrv_Read
 .text.FlashDrv_PrepareForWrite
                0x080059cc       0x10 C:/Users/s_a_a/Desktop/NUCLEO-F446RE/BTLD/Build/Object/MCAL/FLASH/src/FLASH.o
                0x080059cc                FlashDrv_PrepareForWrite
 .text.FlashDrv_FinishWrite
                0x080059dc       0x10 C:/Users/s_a_a/Desktop/NUCLEO-F446RE/BTLD/Build/Object/MCAL/FLASH/src/FLASH.o
                0x080059dc                FlashDrv_FinishWrite
 .text.FlashDrv_ProgramWordSafe
                0x080059ec       0x28 C:/Users/s_a_a/Desktop/NUCLEO-F446RE/BTLD/Build/Object/MCAL/FLASH/src/FLASH.o
                0x080059ec                FlashDrv_ProgramWordSafe
 .text.CRC32_Init
                0x08005a14       0x74 C:/Users/s_a_a/Desktop/NUCLEO-F446RE/BTLD/Build/Object/Parse/Parse.o
                0x08005a14                CRC32_Init
 .text.CRC32_Calculate
                0x08005a88       0x58 C:/Users/s_a_a/Desktop/NUCLEO-F446RE/BTLD/Build/Object/Parse/Parse.o
                0x08005a88                CRC32_Calculate
 .text.BootLoader_Handler
                0x08005ae0       0x74 C:/Users/s_a_a/Desktop/NUCLEO-F446RE/BTLD/Build/Object/Parse/Parse.o
                0x08005ae0                BootLoader_Handler
 .text.BootLoader_MainFunction
                0x08005b54      0x3b4 C:/Users/s_a_a/Desktop/NUCLEO-F446RE/BTLD/Build/Object/Parse/Parse.o
                0x08005b54                BootLoader_MainFunction
 .text.Reset_Handler
                0x08005f08       0x94 C:/Users/s_a_a/Desktop/NUCLEO-F446RE/BTLD/Build/Object/Startup/startup_stm32f103.o
                0x08005f08                Reset_Handler
 .text.Default_Handler
                0x08005f9c        0x6 C:/Users/s_a_a/Desktop/NUCLEO-F446RE/BTLD/Build/Object/Startup/startup_stm32f103.o
                0x08005f9c                RTC_Alarm_IRQHandler
                0x08005f9c                EXTI2_IRQHandler
                0x08005f9c                TIM8_CC_IRQHandler
                0x08005f9c                DebugMon_Handler
                0x08005f9c                SPI4_IRQHandler
                0x08005f9c                TIM1_CC_IRQHandler
                0x08005f9c                DMA2_Stream5_IRQHandler
                0x08005f9c                HardFault_Handler
                0x08005f9c                DMA1_Stream5_IRQHandler
                0x08005f9c                PVD_IRQHandler
                0x08005f9c                SDIO_IRQHandler
                0x08005f9c                TAMP_STAMP_IRQHandler
                0x08005f9c                PendSV_Handler
                0x08005f9c                NMI_Handler
                0x08005f9c                CAN2_RX1_IRQHandler
                0x08005f9c                EXTI3_IRQHandler
                0x08005f9c                TIM8_TRG_COM_TIM14_IRQHandler
                0x08005f9c                TIM1_UP_TIM10_IRQHandler
                0x08005f9c                TIM8_UP_TIM13_IRQHandler
                0x08005f9c                I2C3_ER_IRQHandler
                0x08005f9c                EXTI0_IRQHandler
                0x08005f9c                I2C2_EV_IRQHandler
                0x08005f9c                DMA1_Stream2_IRQHandler
                0x08005f9c                CAN1_RX0_IRQHandler
                0x08005f9c                FPU_IRQHandler
                0x08005f9c                UsageFault_Handler
                0x08005f9c                CAN2_SCE_IRQHandler
                0x08005f9c                DMA2_Stream2_IRQHandler
                0x08005f9c                SPI1_IRQHandler
                0x08005f9c                TIM6_DAC_IRQHandler
                0x08005f9c                TIM1_BRK_TIM9_IRQHandler
                0x08005f9c                CAN2_RX0_IRQHandler
                0x08005f9c                DMA2_Stream3_IRQHandler
                0x08005f9c                USART6_IRQHandler
                0x08005f9c                CAN1_RX1_IRQHandler
                0x08005f9c                UART5_IRQHandler
                0x08005f9c                DMA2_Stream0_IRQHandler
                0x08005f9c                TIM4_IRQHandler
                0x08005f9c                I2C1_EV_IRQHandler
                0x08005f9c                DMA1_Stream6_IRQHandler
                0x08005f9c                DMA1_Stream1_IRQHandler
                0x08005f9c                UART4_IRQHandler
                0x08005f9c                TIM3_IRQHandler
                0x08005f9c                RCC_IRQHandler
                0x08005f9c                TIM8_BRK_TIM12_IRQHandler
                0x08005f9c                Default_Handler
                0x08005f9c                EXTI15_10_IRQHandler
                0x08005f9c                ADC_IRQHandler
                0x08005f9c                DMA1_Stream7_IRQHandler
                0x08005f9c                SPI5_IRQHandler
                0x08005f9c                TIM7_IRQHandler
                0x08005f9c                CAN2_TX_IRQHandler
                0x08005f9c                TIM5_IRQHandler
                0x08005f9c                DMA2_Stream7_IRQHandler
                0x08005f9c                I2C3_EV_IRQHandler
                0x08005f9c                EXTI9_5_IRQHandler
                0x08005f9c                RTC_WKUP_IRQHandler
                0x08005f9c                SPI2_IRQHandler
                0x08005f9c                MemManage_Handler
                0x08005f9c                DMA1_Stream0_IRQHandler
                0x08005f9c                CAN1_TX_IRQHandler
                0x08005f9c                SVC_Handler
                0x08005f9c                EXTI4_IRQHandler
                0x08005f9c                WWDG_IRQHandler
                0x08005f9c                SPI6_IRQHandler
                0x08005f9c                TIM2_IRQHandler
                0x08005f9c                OTG_FS_WKUP_IRQHandler
                0x08005f9c                TIM1_TRG_COM_TIM11_IRQHandler
                0x08005f9c                DMA2D_IRQHandler
                0x08005f9c                EXTI1_IRQHandler
                0x08005f9c                I2C2_ER_IRQHandler
                0x08005f9c                DMA2_Stream1_IRQHandler
                0x08005f9c                CAN1_SCE_IRQHandler
                0x08005f9c                FLASH_IRQHandler
                0x08005f9c                DMA2_Stream4_IRQHandler
                0x08005f9c                BusFault_Handler
                0x08005f9c                OTG_FS_IRQHandler
                0x08005f9c                SPI3_IRQHandler
                0x08005f9c                DMA1_Stream4_IRQHandler
                0x08005f9c                I2C1_ER_IRQHandler
                0x08005f9c                FMC_IRQHandler
                0x08005f9c                DMA2_Stream6_IRQHandler
                0x08005f9c                SAI1_IRQHandler
                0x08005f9c                DMA1_Stream3_IRQHandler
 *fill*         0x08005fa2        0x2 
 .text.systick_handler
                0x08005fa4       0x44 C:/Users/s_a_a/Desktop/NUCLEO-F446RE/BTLD/Build/Object/Src/main.o
                0x08005fa4                systick_handler
 .text.main     0x08005fe8       0x7c C:/Users/s_a_a/Desktop/NUCLEO-F446RE/BTLD/Build/Object/Src/main.o
                0x08005fe8                main
 .text.APP_init
                0x08006064       0x2c C:/Users/s_a_a/Desktop/NUCLEO-F446RE/BTLD/Build/Object/Src/main.o
                0x08006064                APP_init
 .text.GPIO_PIN_CONFIG
                0x08006090       0x84 C:/Users/s_a_a/Desktop/NUCLEO-F446RE/BTLD/Build/Object/Src/main.o
                0x08006090                GPIO_PIN_CONFIG
 .text.SystemInit
                0x08006114       0x3c C:/Users/s_a_a/Desktop/NUCLEO-F446RE/BTLD/Build/Object/Src/main.o
                0x08006114                SystemInit
 .text.CallBackFunctions
                0x08006150       0x14 C:/Users/s_a_a/Desktop/NUCLEO-F446RE/BTLD/Build/Object/Src/main.o
                0x08006150                CallBackFunctions
                0x08006164                . = ALIGN (0x4)
                0x08006164                _etext = .

.glue_7         0x08006164        0x0
 .glue_7        0x08006164        0x0 linker stubs

.glue_7t        0x08006164        0x0
 .glue_7t       0x08006164        0x0 linker stubs

.vfp11_veneer   0x08006164        0x0
 .vfp11_veneer  0x08006164        0x0 linker stubs

.v4_bx          0x08006164        0x0
 .v4_bx         0x08006164        0x0 linker stubs

.iplt           0x08006164        0x0
 .iplt          0x08006164        0x0 C:/Users/s_a_a/Desktop/NUCLEO-F446RE/BTLD/Build/Object/MCAL/RCC/src/RCC_program.o

.rodata         0x08006164      0x1d0
                0x08006164                . = ALIGN (0x4)
 *(.rodata)
 .rodata        0x08006164        0x6 C:/Users/s_a_a/Desktop/NUCLEO-F446RE/BTLD/Build/Object/MCAL/UART/src/UART.o
 *fill*         0x0800616a        0x2 
 .rodata        0x0800616c       0x7f C:/Users/s_a_a/Desktop/NUCLEO-F446RE/BTLD/Build/Object/Parse/Parse.o
 *fill*         0x080061eb        0x1 
 .rodata        0x080061ec       0x69 C:/Users/s_a_a/Desktop/NUCLEO-F446RE/BTLD/Build/Object/Src/main.o
 *(.rodata*)
 *fill*         0x08006255        0x3 
 .rodata.asciiToHex
                0x08006258       0x69 C:/Users/s_a_a/Desktop/NUCLEO-F446RE/BTLD/Build/Object/Parse/Parse.o
 *fill*         0x080062c1        0x3 
 .rodata.MSP_Value
                0x080062c4        0x4 C:/Users/s_a_a/Desktop/NUCLEO-F446RE/BTLD/Build/Object/Startup/startup_stm32f103.o
                0x080062c4                MSP_Value
 .rodata.asciiToHex
                0x080062c8       0x69 C:/Users/s_a_a/Desktop/NUCLEO-F446RE/BTLD/Build/Object/Src/main.o
                0x08006334                . = ALIGN (0x4)
 *fill*         0x08006331        0x3 
                0x08006334                _sidata = LOADADDR (.data)

.rel.dyn        0x08006334        0x0
 .rel.iplt      0x08006334        0x0 C:/Users/s_a_a/Desktop/NUCLEO-F446RE/BTLD/Build/Object/MCAL/RCC/src/RCC_program.o

.data           0x20000000       0x28 load address 0x08006334
                0x20000000                . = ALIGN (0x4)
                0x20000000                _sdata = .
 *(.data)
 .data          0x20000000        0x0 C:/Users/s_a_a/Desktop/NUCLEO-F446RE/BTLD/Build/Object/MCAL/RCC/src/RCC_program.o
 .data          0x20000000        0x0 C:/Users/s_a_a/Desktop/NUCLEO-F446RE/BTLD/Build/Object/MCAL/NVIC/src/NVIC_program.o
 .data          0x20000000        0x0 C:/Users/s_a_a/Desktop/NUCLEO-F446RE/BTLD/Build/Object/MCAL/SysTick/src/SysTick_program.o
 .data          0x20000000        0x0 C:/Users/s_a_a/Desktop/NUCLEO-F446RE/BTLD/Build/Object/MCAL/GPIO/src/GPIO_program.o
 .data          0x20000000        0x0 C:/Users/s_a_a/Desktop/NUCLEO-F446RE/BTLD/Build/Object/MCAL/UART/src/UART.o
 .data          0x20000000        0x0 C:/Users/s_a_a/Desktop/NUCLEO-F446RE/BTLD/Build/Object/MCAL/FLASH/src/FLASH.o
 .data          0x20000000        0x0 C:/Users/s_a_a/Desktop/NUCLEO-F446RE/BTLD/Build/Object/Parse/Parse.o
 .data          0x20000000        0x0 C:/Users/s_a_a/Desktop/NUCLEO-F446RE/BTLD/Build/Object/Startup/startup_stm32f103.o
 .data          0x20000000        0x0 C:/Users/s_a_a/Desktop/NUCLEO-F446RE/BTLD/Build/Object/Src/main.o
 *(.data*)
 .data.flash_address
                0x20000000        0x4 C:/Users/s_a_a/Desktop/NUCLEO-F446RE/BTLD/Build/Object/Parse/Parse.o
                0x20000000                flash_address
 .data.RCC_Configuration
                0x20000004        0xc C:/Users/s_a_a/Desktop/NUCLEO-F446RE/BTLD/Build/Object/Src/main.o
                0x20000004                RCC_Configuration
 .data.Uart1_configuration
                0x20000010        0xc C:/Users/s_a_a/Desktop/NUCLEO-F446RE/BTLD/Build/Object/Src/main.o
                0x20000010                Uart1_configuration
 .data.Uart2_configuration
                0x2000001c        0xc C:/Users/s_a_a/Desktop/NUCLEO-F446RE/BTLD/Build/Object/Src/main.o
                0x2000001c                Uart2_configuration
                0x20000028                . = ALIGN (0x4)
                0x20000028                _edata = .

.igot.plt       0x20000028        0x0 load address 0x0800635c
 .igot.plt      0x20000028        0x0 C:/Users/s_a_a/Desktop/NUCLEO-F446RE/BTLD/Build/Object/MCAL/RCC/src/RCC_program.o

.bss            0x20000028     0xa3fc load address 0x0800635c
                0x20000028                _sbss = .
 *(.bss)
 .bss           0x20000028        0x0 C:/Users/s_a_a/Desktop/NUCLEO-F446RE/BTLD/Build/Object/MCAL/RCC/src/RCC_program.o
 .bss           0x20000028        0x0 C:/Users/s_a_a/Desktop/NUCLEO-F446RE/BTLD/Build/Object/MCAL/NVIC/src/NVIC_program.o
 .bss           0x20000028        0x0 C:/Users/s_a_a/Desktop/NUCLEO-F446RE/BTLD/Build/Object/MCAL/SysTick/src/SysTick_program.o
 .bss           0x20000028        0x0 C:/Users/s_a_a/Desktop/NUCLEO-F446RE/BTLD/Build/Object/MCAL/GPIO/src/GPIO_program.o
 .bss           0x20000028        0x0 C:/Users/s_a_a/Desktop/NUCLEO-F446RE/BTLD/Build/Object/MCAL/UART/src/UART.o
 .bss           0x20000028        0x0 C:/Users/s_a_a/Desktop/NUCLEO-F446RE/BTLD/Build/Object/MCAL/FLASH/src/FLASH.o
 .bss           0x20000028        0x0 C:/Users/s_a_a/Desktop/NUCLEO-F446RE/BTLD/Build/Object/Parse/Parse.o
 .bss           0x20000028        0x0 C:/Users/s_a_a/Desktop/NUCLEO-F446RE/BTLD/Build/Object/Startup/startup_stm32f103.o
 .bss           0x20000028        0x0 C:/Users/s_a_a/Desktop/NUCLEO-F446RE/BTLD/Build/Object/Src/main.o
 *(.bss*)
 .bss.Local_PvFunction
                0x20000028        0x4 C:/Users/s_a_a/Desktop/NUCLEO-F446RE/BTLD/Build/Object/MCAL/SysTick/src/SysTick_program.o
 .bss.rx_test   0x2000002c        0x1 C:/Users/s_a_a/Desktop/NUCLEO-F446RE/BTLD/Build/Object/MCAL/UART/src/UART.o
                0x2000002c                rx_test
 *fill*         0x2000002d        0x3 
 .bss.uart1_funcPtr
                0x20000030        0x4 C:/Users/s_a_a/Desktop/NUCLEO-F446RE/BTLD/Build/Object/MCAL/UART/src/UART.o
                0x20000030                uart1_funcPtr
 .bss.uart2_funcPtr
                0x20000034        0x4 C:/Users/s_a_a/Desktop/NUCLEO-F446RE/BTLD/Build/Object/MCAL/UART/src/UART.o
                0x20000034                uart2_funcPtr
 .bss.uart3_funcPtr
                0x20000038        0x4 C:/Users/s_a_a/Desktop/NUCLEO-F446RE/BTLD/Build/Object/MCAL/UART/src/UART.o
                0x20000038                uart3_funcPtr
 .bss.UART_START
                0x2000003c        0x1 C:/Users/s_a_a/Desktop/NUCLEO-F446RE/BTLD/Build/Object/Parse/Parse.o
                0x2000003c                UART_START
 .bss.flash_done
                0x2000003d        0x1 C:/Users/s_a_a/Desktop/NUCLEO-F446RE/BTLD/Build/Object/Parse/Parse.o
 *fill*         0x2000003e        0x2 
 .bss.ImageSize
                0x20000040        0x4 C:/Users/s_a_a/Desktop/NUCLEO-F446RE/BTLD/Build/Object/Parse/Parse.o
                0x20000040                ImageSize
 .bss.MagicNumber
                0x20000044        0x4 C:/Users/s_a_a/Desktop/NUCLEO-F446RE/BTLD/Build/Object/Parse/Parse.o
                0x20000044                MagicNumber
 .bss.received_crc
                0x20000048        0x4 C:/Users/s_a_a/Desktop/NUCLEO-F446RE/BTLD/Build/Object/Parse/Parse.o
                0x20000048                received_crc
 .bss.crc32_table
                0x2000004c      0x400 C:/Users/s_a_a/Desktop/NUCLEO-F446RE/BTLD/Build/Object/Parse/Parse.o
                0x2000004c                crc32_table
 .bss.crc32_table_ready
                0x2000044c        0x1 C:/Users/s_a_a/Desktop/NUCLEO-F446RE/BTLD/Build/Object/Parse/Parse.o
                0x2000044c                crc32_table_ready
 *fill*         0x2000044d        0x3 
 .bss.bin_buffer
                0x20000450     0x9fc4 C:/Users/s_a_a/Desktop/NUCLEO-F446RE/BTLD/Build/Object/Parse/Parse.o
                0x20000450                bin_buffer
 .bss.bin_index
                0x2000a414        0x4 C:/Users/s_a_a/Desktop/NUCLEO-F446RE/BTLD/Build/Object/Parse/Parse.o
                0x2000a414                bin_index
 .bss.Start_Flashing
                0x2000a418        0x1 C:/Users/s_a_a/Desktop/NUCLEO-F446RE/BTLD/Build/Object/Parse/Parse.o
                0x2000a418                Start_Flashing
 .bss.sync_received
                0x2000a419        0x1 C:/Users/s_a_a/Desktop/NUCLEO-F446RE/BTLD/Build/Object/Parse/Parse.o
 .bss.retry_count
                0x2000a41a        0x1 C:/Users/s_a_a/Desktop/NUCLEO-F446RE/BTLD/Build/Object/Parse/Parse.o
 *fill*         0x2000a41b        0x1 
 .bss.Pt2Func_App
                0x2000a41c        0x4 C:/Users/s_a_a/Desktop/NUCLEO-F446RE/BTLD/Build/Object/Src/main.o
                0x2000a41c                Pt2Func_App
 .bss.ms_ticks  0x2000a420        0x4 C:/Users/s_a_a/Desktop/NUCLEO-F446RE/BTLD/Build/Object/Src/main.o
                0x2000a420                ms_ticks
                0x2000a424                . = ALIGN (0x4)
                0x2000a424                _ebss = .

._user_heap_stack
                0x2000a424     0x1204 load address 0x0800635c
                0x2000a428                . = ALIGN (0x8)
 *fill*         0x2000a424        0x4 
                0x2000a628                . = (. + _Min_Heap_Size)
 *fill*         0x2000a428      0x200 
                0x2000b628                . = (. + _Min_Stack_Size)
 *fill*         0x2000a628     0x1000 
                0x2000b628                . = ALIGN (0x8)
LOAD C:/Users/s_a_a/Desktop/NUCLEO-F446RE/BTLD/Build/Object/MCAL/RCC/src/RCC_program.o
LOAD C:/Users/s_a_a/Desktop/NUCLEO-F446RE/BTLD/Build/Object/MCAL/NVIC/src/NVIC_program.o
LOAD C:/Users/s_a_a/Desktop/NUCLEO-F446RE/BTLD/Build/Object/MCAL/SysTick/src/SysTick_program.o
LOAD C:/Users/s_a_a/Desktop/NUCLEO-F446RE/BTLD/Build/Object/MCAL/GPIO/src/GPIO_program.o
LOAD C:/Users/s_a_a/Desktop/NUCLEO-F446RE/BTLD/Build/Object/MCAL/UART/src/UART.o
LOAD C:/Users/s_a_a/Desktop/NUCLEO-F446RE/BTLD/Build/Object/MCAL/FLASH/src/FLASH.o
LOAD C:/Users/s_a_a/Desktop/NUCLEO-F446RE/BTLD/Build/Object/Parse/Parse.o
LOAD C:/Users/s_a_a/Desktop/NUCLEO-F446RE/BTLD/Build/Object/Startup/startup_stm32f103.o
LOAD C:/Users/s_a_a/Desktop/NUCLEO-F446RE/BTLD/Build/Object/Src/main.o
OUTPUT(C:/Users/s_a_a/Desktop/NUCLEO-F446RE/BTLD/Tools/BTLD.elf elf32-littlearm)
LOAD linker stubs

.debug_info     0x00000000     0x2766
 .debug_info    0x00000000      0x3e2 C:/Users/s_a_a/Desktop/NUCLEO-F446RE/BTLD/Build/Object/MCAL/RCC/src/RCC_program.o
 .debug_info    0x000003e2      0x303 C:/Users/s_a_a/Desktop/NUCLEO-F446RE/BTLD/Build/Object/MCAL/NVIC/src/NVIC_program.o
 .debug_info    0x000006e5      0x26b C:/Users/s_a_a/Desktop/NUCLEO-F446RE/BTLD/Build/Object/MCAL/SysTick/src/SysTick_program.o
 .debug_info    0x00000950      0x531 C:/Users/s_a_a/Desktop/NUCLEO-F446RE/BTLD/Build/Object/MCAL/GPIO/src/GPIO_program.o
 .debug_info    0x00000e81      0x63a C:/Users/s_a_a/Desktop/NUCLEO-F446RE/BTLD/Build/Object/MCAL/UART/src/UART.o
 .debug_info    0x000014bb      0x684 C:/Users/s_a_a/Desktop/NUCLEO-F446RE/BTLD/Build/Object/MCAL/FLASH/src/FLASH.o
 .debug_info    0x00001b3f      0x3d1 C:/Users/s_a_a/Desktop/NUCLEO-F446RE/BTLD/Build/Object/Parse/Parse.o
 .debug_info    0x00001f10      0x148 C:/Users/s_a_a/Desktop/NUCLEO-F446RE/BTLD/Build/Object/Startup/startup_stm32f103.o
 .debug_info    0x00002058      0x70e C:/Users/s_a_a/Desktop/NUCLEO-F446RE/BTLD/Build/Object/Src/main.o

.debug_abbrev   0x00000000      0xb18
 .debug_abbrev  0x00000000      0x134 C:/Users/s_a_a/Desktop/NUCLEO-F446RE/BTLD/Build/Object/MCAL/RCC/src/RCC_program.o
 .debug_abbrev  0x00000134      0x12e C:/Users/s_a_a/Desktop/NUCLEO-F446RE/BTLD/Build/Object/MCAL/NVIC/src/NVIC_program.o
 .debug_abbrev  0x00000262      0x144 C:/Users/s_a_a/Desktop/NUCLEO-F446RE/BTLD/Build/Object/MCAL/SysTick/src/SysTick_program.o
 .debug_abbrev  0x000003a6      0x129 C:/Users/s_a_a/Desktop/NUCLEO-F446RE/BTLD/Build/Object/MCAL/GPIO/src/GPIO_program.o
 .debug_abbrev  0x000004cf      0x165 C:/Users/s_a_a/Desktop/NUCLEO-F446RE/BTLD/Build/Object/MCAL/UART/src/UART.o
 .debug_abbrev  0x00000634      0x1aa C:/Users/s_a_a/Desktop/NUCLEO-F446RE/BTLD/Build/Object/MCAL/FLASH/src/FLASH.o
 .debug_abbrev  0x000007de      0x15c C:/Users/s_a_a/Desktop/NUCLEO-F446RE/BTLD/Build/Object/Parse/Parse.o
 .debug_abbrev  0x0000093a       0xe3 C:/Users/s_a_a/Desktop/NUCLEO-F446RE/BTLD/Build/Object/Startup/startup_stm32f103.o
 .debug_abbrev  0x00000a1d       0xfb C:/Users/s_a_a/Desktop/NUCLEO-F446RE/BTLD/Build/Object/Src/main.o

.debug_aranges  0x00000000      0x348
 .debug_aranges
                0x00000000       0x78 C:/Users/s_a_a/Desktop/NUCLEO-F446RE/BTLD/Build/Object/MCAL/RCC/src/RCC_program.o
 .debug_aranges
                0x00000078       0x48 C:/Users/s_a_a/Desktop/NUCLEO-F446RE/BTLD/Build/Object/MCAL/NVIC/src/NVIC_program.o
 .debug_aranges
                0x000000c0       0x58 C:/Users/s_a_a/Desktop/NUCLEO-F446RE/BTLD/Build/Object/MCAL/SysTick/src/SysTick_program.o
 .debug_aranges
                0x00000118       0x48 C:/Users/s_a_a/Desktop/NUCLEO-F446RE/BTLD/Build/Object/MCAL/GPIO/src/GPIO_program.o
 .debug_aranges
                0x00000160       0x70 C:/Users/s_a_a/Desktop/NUCLEO-F446RE/BTLD/Build/Object/MCAL/UART/src/UART.o
 .debug_aranges
                0x000001d0       0xd0 C:/Users/s_a_a/Desktop/NUCLEO-F446RE/BTLD/Build/Object/MCAL/FLASH/src/FLASH.o
 .debug_aranges
                0x000002a0       0x38 C:/Users/s_a_a/Desktop/NUCLEO-F446RE/BTLD/Build/Object/Parse/Parse.o
 .debug_aranges
                0x000002d8       0x28 C:/Users/s_a_a/Desktop/NUCLEO-F446RE/BTLD/Build/Object/Startup/startup_stm32f103.o
 .debug_aranges
                0x00000300       0x48 C:/Users/s_a_a/Desktop/NUCLEO-F446RE/BTLD/Build/Object/Src/main.o

.debug_ranges   0x00000000      0x2b8
 .debug_ranges  0x00000000       0x68 C:/Users/s_a_a/Desktop/NUCLEO-F446RE/BTLD/Build/Object/MCAL/RCC/src/RCC_program.o
 .debug_ranges  0x00000068       0x38 C:/Users/s_a_a/Desktop/NUCLEO-F446RE/BTLD/Build/Object/MCAL/NVIC/src/NVIC_program.o
 .debug_ranges  0x000000a0       0x48 C:/Users/s_a_a/Desktop/NUCLEO-F446RE/BTLD/Build/Object/MCAL/SysTick/src/SysTick_program.o
 .debug_ranges  0x000000e8       0x38 C:/Users/s_a_a/Desktop/NUCLEO-F446RE/BTLD/Build/Object/MCAL/GPIO/src/GPIO_program.o
 .debug_ranges  0x00000120       0x60 C:/Users/s_a_a/Desktop/NUCLEO-F446RE/BTLD/Build/Object/MCAL/UART/src/UART.o
 .debug_ranges  0x00000180       0xc0 C:/Users/s_a_a/Desktop/NUCLEO-F446RE/BTLD/Build/Object/MCAL/FLASH/src/FLASH.o
 .debug_ranges  0x00000240       0x28 C:/Users/s_a_a/Desktop/NUCLEO-F446RE/BTLD/Build/Object/Parse/Parse.o
 .debug_ranges  0x00000268       0x18 C:/Users/s_a_a/Desktop/NUCLEO-F446RE/BTLD/Build/Object/Startup/startup_stm32f103.o
 .debug_ranges  0x00000280       0x38 C:/Users/s_a_a/Desktop/NUCLEO-F446RE/BTLD/Build/Object/Src/main.o

.debug_macro    0x00000000     0x12d0
 .debug_macro   0x00000000       0x38 C:/Users/s_a_a/Desktop/NUCLEO-F446RE/BTLD/Build/Object/MCAL/RCC/src/RCC_program.o
 .debug_macro   0x00000038      0xa66 C:/Users/s_a_a/Desktop/NUCLEO-F446RE/BTLD/Build/Object/MCAL/RCC/src/RCC_program.o
 .debug_macro   0x00000a9e       0x1c C:/Users/s_a_a/Desktop/NUCLEO-F446RE/BTLD/Build/Object/MCAL/RCC/src/RCC_program.o
 .debug_macro   0x00000aba       0x22 C:/Users/s_a_a/Desktop/NUCLEO-F446RE/BTLD/Build/Object/MCAL/RCC/src/RCC_program.o
 .debug_macro   0x00000adc       0x94 C:/Users/s_a_a/Desktop/NUCLEO-F446RE/BTLD/Build/Object/MCAL/RCC/src/RCC_program.o
 .debug_macro   0x00000b70       0x49 C:/Users/s_a_a/Desktop/NUCLEO-F446RE/BTLD/Build/Object/MCAL/NVIC/src/NVIC_program.o
 .debug_macro   0x00000bb9       0x58 C:/Users/s_a_a/Desktop/NUCLEO-F446RE/BTLD/Build/Object/MCAL/NVIC/src/NVIC_program.o
 .debug_macro   0x00000c11       0x10 C:/Users/s_a_a/Desktop/NUCLEO-F446RE/BTLD/Build/Object/MCAL/NVIC/src/NVIC_program.o
 .debug_macro   0x00000c21       0x3b C:/Users/s_a_a/Desktop/NUCLEO-F446RE/BTLD/Build/Object/MCAL/SysTick/src/SysTick_program.o
 .debug_macro   0x00000c5c       0x22 C:/Users/s_a_a/Desktop/NUCLEO-F446RE/BTLD/Build/Object/MCAL/SysTick/src/SysTick_program.o
 .debug_macro   0x00000c7e       0x2e C:/Users/s_a_a/Desktop/NUCLEO-F446RE/BTLD/Build/Object/MCAL/SysTick/src/SysTick_program.o
 .debug_macro   0x00000cac       0x3b C:/Users/s_a_a/Desktop/NUCLEO-F446RE/BTLD/Build/Object/MCAL/GPIO/src/GPIO_program.o
 .debug_macro   0x00000ce7       0x6a C:/Users/s_a_a/Desktop/NUCLEO-F446RE/BTLD/Build/Object/MCAL/GPIO/src/GPIO_program.o
 .debug_macro   0x00000d51       0x10 C:/Users/s_a_a/Desktop/NUCLEO-F446RE/BTLD/Build/Object/MCAL/GPIO/src/GPIO_program.o
 .debug_macro   0x00000d61       0x32 C:/Users/s_a_a/Desktop/NUCLEO-F446RE/BTLD/Build/Object/MCAL/UART/src/UART.o
 .debug_macro   0x00000d93       0x70 C:/Users/s_a_a/Desktop/NUCLEO-F446RE/BTLD/Build/Object/MCAL/UART/src/UART.o
 .debug_macro   0x00000e03       0x29 C:/Users/s_a_a/Desktop/NUCLEO-F446RE/BTLD/Build/Object/MCAL/FLASH/src/FLASH.o
 .debug_macro   0x00000e2c      0x130 C:/Users/s_a_a/Desktop/NUCLEO-F446RE/BTLD/Build/Object/MCAL/FLASH/src/FLASH.o
 .debug_macro   0x00000f5c       0x74 C:/Users/s_a_a/Desktop/NUCLEO-F446RE/BTLD/Build/Object/Parse/Parse.o
 .debug_macro   0x00000fd0      0x136 C:/Users/s_a_a/Desktop/NUCLEO-F446RE/BTLD/Build/Object/Parse/Parse.o
 .debug_macro   0x00001106       0x16 C:/Users/s_a_a/Desktop/NUCLEO-F446RE/BTLD/Build/Object/Parse/Parse.o
 .debug_macro   0x0000111c       0x17 C:/Users/s_a_a/Desktop/NUCLEO-F446RE/BTLD/Build/Object/Startup/startup_stm32f103.o
 .debug_macro   0x00001133       0x8d C:/Users/s_a_a/Desktop/NUCLEO-F446RE/BTLD/Build/Object/Src/main.o
 .debug_macro   0x000011c0       0x9a C:/Users/s_a_a/Desktop/NUCLEO-F446RE/BTLD/Build/Object/Src/main.o
 .debug_macro   0x0000125a       0x76 C:/Users/s_a_a/Desktop/NUCLEO-F446RE/BTLD/Build/Object/Src/main.o

.debug_line     0x00000000     0x182e
 .debug_line    0x00000000      0x2c6 C:/Users/s_a_a/Desktop/NUCLEO-F446RE/BTLD/Build/Object/MCAL/RCC/src/RCC_program.o
 .debug_line    0x000002c6      0x206 C:/Users/s_a_a/Desktop/NUCLEO-F446RE/BTLD/Build/Object/MCAL/NVIC/src/NVIC_program.o
 .debug_line    0x000004cc      0x1da C:/Users/s_a_a/Desktop/NUCLEO-F446RE/BTLD/Build/Object/MCAL/SysTick/src/SysTick_program.o
 .debug_line    0x000006a6      0x295 C:/Users/s_a_a/Desktop/NUCLEO-F446RE/BTLD/Build/Object/MCAL/GPIO/src/GPIO_program.o
 .debug_line    0x0000093b      0x369 C:/Users/s_a_a/Desktop/NUCLEO-F446RE/BTLD/Build/Object/MCAL/UART/src/UART.o
 .debug_line    0x00000ca4      0x597 C:/Users/s_a_a/Desktop/NUCLEO-F446RE/BTLD/Build/Object/MCAL/FLASH/src/FLASH.o
 .debug_line    0x0000123b      0x30b C:/Users/s_a_a/Desktop/NUCLEO-F446RE/BTLD/Build/Object/Parse/Parse.o
 .debug_line    0x00001546       0xe1 C:/Users/s_a_a/Desktop/NUCLEO-F446RE/BTLD/Build/Object/Startup/startup_stm32f103.o
 .debug_line    0x00001627      0x207 C:/Users/s_a_a/Desktop/NUCLEO-F446RE/BTLD/Build/Object/Src/main.o

.debug_str      0x00000000     0x5523
 .debug_str     0x00000000     0x34e4 C:/Users/s_a_a/Desktop/NUCLEO-F446RE/BTLD/Build/Object/MCAL/RCC/src/RCC_program.o
                               0x3562 (size before relaxing)
 .debug_str     0x000034e4      0x4c4 C:/Users/s_a_a/Desktop/NUCLEO-F446RE/BTLD/Build/Object/MCAL/NVIC/src/NVIC_program.o
                               0x32aa (size before relaxing)
 .debug_str     0x000039a8      0x334 C:/Users/s_a_a/Desktop/NUCLEO-F446RE/BTLD/Build/Object/MCAL/SysTick/src/SysTick_program.o
                               0x3123 (size before relaxing)
 .debug_str     0x00003cdc      0x4e9 C:/Users/s_a_a/Desktop/NUCLEO-F446RE/BTLD/Build/Object/MCAL/GPIO/src/GPIO_program.o
                               0x32c8 (size before relaxing)
 .debug_str     0x000041c5      0x4d9 C:/Users/s_a_a/Desktop/NUCLEO-F446RE/BTLD/Build/Object/MCAL/UART/src/UART.o
                               0x32de (size before relaxing)
 .debug_str     0x0000469e      0x8f8 C:/Users/s_a_a/Desktop/NUCLEO-F446RE/BTLD/Build/Object/MCAL/FLASH/src/FLASH.o
                               0x3659 (size before relaxing)
 .debug_str     0x00004f96      0x218 C:/Users/s_a_a/Desktop/NUCLEO-F446RE/BTLD/Build/Object/Parse/Parse.o
                               0x3822 (size before relaxing)
 .debug_str     0x000051ae       0xa5 C:/Users/s_a_a/Desktop/NUCLEO-F446RE/BTLD/Build/Object/Startup/startup_stm32f103.o
                               0x2d43 (size before relaxing)
 .debug_str     0x00005253      0x2d0 C:/Users/s_a_a/Desktop/NUCLEO-F446RE/BTLD/Build/Object/Src/main.o
                               0x4613 (size before relaxing)

.comment        0x00000000       0x49
 .comment       0x00000000       0x49 C:/Users/s_a_a/Desktop/NUCLEO-F446RE/BTLD/Build/Object/MCAL/RCC/src/RCC_program.o
                                 0x4a (size before relaxing)
 .comment       0x00000049       0x4a C:/Users/s_a_a/Desktop/NUCLEO-F446RE/BTLD/Build/Object/MCAL/NVIC/src/NVIC_program.o
 .comment       0x00000049       0x4a C:/Users/s_a_a/Desktop/NUCLEO-F446RE/BTLD/Build/Object/MCAL/SysTick/src/SysTick_program.o
 .comment       0x00000049       0x4a C:/Users/s_a_a/Desktop/NUCLEO-F446RE/BTLD/Build/Object/MCAL/GPIO/src/GPIO_program.o
 .comment       0x00000049       0x4a C:/Users/s_a_a/Desktop/NUCLEO-F446RE/BTLD/Build/Object/MCAL/UART/src/UART.o
 .comment       0x00000049       0x4a C:/Users/s_a_a/Desktop/NUCLEO-F446RE/BTLD/Build/Object/MCAL/FLASH/src/FLASH.o
 .comment       0x00000049       0x4a C:/Users/s_a_a/Desktop/NUCLEO-F446RE/BTLD/Build/Object/Parse/Parse.o
 .comment       0x00000049       0x4a C:/Users/s_a_a/Desktop/NUCLEO-F446RE/BTLD/Build/Object/Startup/startup_stm32f103.o
 .comment       0x00000049       0x4a C:/Users/s_a_a/Desktop/NUCLEO-F446RE/BTLD/Build/Object/Src/main.o

.ARM.attributes
                0x00000000       0x34
 .ARM.attributes
                0x00000000       0x34 C:/Users/s_a_a/Desktop/NUCLEO-F446RE/BTLD/Build/Object/MCAL/RCC/src/RCC_program.o
 .ARM.attributes
                0x00000034       0x34 C:/Users/s_a_a/Desktop/NUCLEO-F446RE/BTLD/Build/Object/MCAL/NVIC/src/NVIC_program.o
 .ARM.attributes
                0x00000068       0x34 C:/Users/s_a_a/Desktop/NUCLEO-F446RE/BTLD/Build/Object/MCAL/SysTick/src/SysTick_program.o
 .ARM.attributes
                0x0000009c       0x34 C:/Users/s_a_a/Desktop/NUCLEO-F446RE/BTLD/Build/Object/MCAL/GPIO/src/GPIO_program.o
 .ARM.attributes
                0x000000d0       0x34 C:/Users/s_a_a/Desktop/NUCLEO-F446RE/BTLD/Build/Object/MCAL/UART/src/UART.o
 .ARM.attributes
                0x00000104       0x34 C:/Users/s_a_a/Desktop/NUCLEO-F446RE/BTLD/Build/Object/MCAL/FLASH/src/FLASH.o
 .ARM.attributes
                0x00000138       0x34 C:/Users/s_a_a/Desktop/NUCLEO-F446RE/BTLD/Build/Object/Parse/Parse.o
 .ARM.attributes
                0x0000016c       0x34 C:/Users/s_a_a/Desktop/NUCLEO-F446RE/BTLD/Build/Object/Startup/startup_stm32f103.o
 .ARM.attributes
                0x000001a0       0x34 C:/Users/s_a_a/Desktop/NUCLEO-F446RE/BTLD/Build/Object/Src/main.o

.debug_frame    0x00000000      0xb94
 .debug_frame   0x00000000      0x1c8 C:/Users/s_a_a/Desktop/NUCLEO-F446RE/BTLD/Build/Object/MCAL/RCC/src/RCC_program.o
 .debug_frame   0x000001c8      0x100 C:/Users/s_a_a/Desktop/NUCLEO-F446RE/BTLD/Build/Object/MCAL/NVIC/src/NVIC_program.o
 .debug_frame   0x000002c8      0x120 C:/Users/s_a_a/Desktop/NUCLEO-F446RE/BTLD/Build/Object/MCAL/SysTick/src/SysTick_program.o
 .debug_frame   0x000003e8       0xf4 C:/Users/s_a_a/Desktop/NUCLEO-F446RE/BTLD/Build/Object/MCAL/GPIO/src/GPIO_program.o
 .debug_frame   0x000004dc      0x1ac C:/Users/s_a_a/Desktop/NUCLEO-F446RE/BTLD/Build/Object/MCAL/UART/src/UART.o
 .debug_frame   0x00000688      0x354 C:/Users/s_a_a/Desktop/NUCLEO-F446RE/BTLD/Build/Object/MCAL/FLASH/src/FLASH.o
 .debug_frame   0x000009dc       0xb0 C:/Users/s_a_a/Desktop/NUCLEO-F446RE/BTLD/Build/Object/Parse/Parse.o
 .debug_frame   0x00000a8c       0x48 C:/Users/s_a_a/Desktop/NUCLEO-F446RE/BTLD/Build/Object/Startup/startup_stm32f103.o
 .debug_frame   0x00000ad4       0xc0 C:/Users/s_a_a/Desktop/NUCLEO-F446RE/BTLD/Build/Object/Src/main.o
