
Discarded input sections

 .group         0x00000000        0xc C:/NUCLEO-F446RE/BTLD/Build/Object/MCAL/RCC/src/RCC_program.o
 .group         0x00000000        0xc C:/NUCLEO-F446RE/BTLD/Build/Object/MCAL/RCC/src/RCC_program.o
 .group         0x00000000        0xc C:/NUCLEO-F446RE/BTLD/Build/Object/MCAL/RCC/src/RCC_program.o
 .group         0x00000000        0xc C:/NUCLEO-F446RE/BTLD/Build/Object/MCAL/RCC/src/RCC_program.o
 .group         0x00000000        0xc C:/NUCLEO-F446RE/BTLD/Build/Object/MCAL/NVIC/src/NVIC_program.o
 .group         0x00000000        0xc C:/NUCLEO-F446RE/BTLD/Build/Object/MCAL/NVIC/src/NVIC_program.o
 .group         0x00000000        0xc C:/NUCLEO-F446RE/BTLD/Build/Object/MCAL/NVIC/src/NVIC_program.o
 .group         0x00000000        0xc C:/NUCLEO-F446RE/BTLD/Build/Object/MCAL/NVIC/src/NVIC_program.o
 .group         0x00000000        0xc C:/NUCLEO-F446RE/BTLD/Build/Object/MCAL/NVIC/src/NVIC_program.o
 .debug_macro   0x00000000      0xa66 C:/NUCLEO-F446RE/BTLD/Build/Object/MCAL/NVIC/src/NVIC_program.o
 .debug_macro   0x00000000       0x10 C:/NUCLEO-F446RE/BTLD/Build/Object/MCAL/NVIC/src/NVIC_program.o
 .debug_macro   0x00000000       0x22 C:/NUCLEO-F446RE/BTLD/Build/Object/MCAL/NVIC/src/NVIC_program.o
 .group         0x00000000        0xc C:/NUCLEO-F446RE/BTLD/Build/Object/MCAL/SysTick/src/SysTick_program.o
 .group         0x00000000        0xc C:/NUCLEO-F446RE/BTLD/Build/Object/MCAL/SysTick/src/SysTick_program.o
 .group         0x00000000        0xc C:/NUCLEO-F446RE/BTLD/Build/Object/MCAL/SysTick/src/SysTick_program.o
 .group         0x00000000        0xc C:/NUCLEO-F446RE/BTLD/Build/Object/MCAL/SysTick/src/SysTick_program.o
 .group         0x00000000        0xc C:/NUCLEO-F446RE/BTLD/Build/Object/MCAL/SysTick/src/SysTick_program.o
 .debug_macro   0x00000000      0xa66 C:/NUCLEO-F446RE/BTLD/Build/Object/MCAL/SysTick/src/SysTick_program.o
 .debug_macro   0x00000000       0x10 C:/NUCLEO-F446RE/BTLD/Build/Object/MCAL/SysTick/src/SysTick_program.o
 .debug_macro   0x00000000       0x22 C:/NUCLEO-F446RE/BTLD/Build/Object/MCAL/SysTick/src/SysTick_program.o
 .group         0x00000000        0xc C:/NUCLEO-F446RE/BTLD/Build/Object/MCAL/GPIO/src/GPIO_program.o
 .group         0x00000000        0xc C:/NUCLEO-F446RE/BTLD/Build/Object/MCAL/GPIO/src/GPIO_program.o
 .group         0x00000000        0xc C:/NUCLEO-F446RE/BTLD/Build/Object/MCAL/GPIO/src/GPIO_program.o
 .group         0x00000000        0xc C:/NUCLEO-F446RE/BTLD/Build/Object/MCAL/GPIO/src/GPIO_program.o
 .group         0x00000000        0xc C:/NUCLEO-F446RE/BTLD/Build/Object/MCAL/GPIO/src/GPIO_program.o
 .debug_macro   0x00000000      0xa66 C:/NUCLEO-F446RE/BTLD/Build/Object/MCAL/GPIO/src/GPIO_program.o
 .debug_macro   0x00000000       0x10 C:/NUCLEO-F446RE/BTLD/Build/Object/MCAL/GPIO/src/GPIO_program.o
 .debug_macro   0x00000000       0x22 C:/NUCLEO-F446RE/BTLD/Build/Object/MCAL/GPIO/src/GPIO_program.o
 .group         0x00000000        0xc C:/NUCLEO-F446RE/BTLD/Build/Object/MCAL/UART/src/UART.o
 .group         0x00000000        0xc C:/NUCLEO-F446RE/BTLD/Build/Object/MCAL/UART/src/UART.o
 .group         0x00000000        0xc C:/NUCLEO-F446RE/BTLD/Build/Object/MCAL/UART/src/UART.o
 .group         0x00000000        0xc C:/NUCLEO-F446RE/BTLD/Build/Object/MCAL/UART/src/UART.o
 .debug_macro   0x00000000      0xa66 C:/NUCLEO-F446RE/BTLD/Build/Object/MCAL/UART/src/UART.o
 .debug_macro   0x00000000       0x10 C:/NUCLEO-F446RE/BTLD/Build/Object/MCAL/UART/src/UART.o
 .debug_macro   0x00000000       0x22 C:/NUCLEO-F446RE/BTLD/Build/Object/MCAL/UART/src/UART.o
 .group         0x00000000        0xc C:/NUCLEO-F446RE/BTLD/Build/Object/MCAL/FLASH/src/FLASH.o
 .group         0x00000000        0xc C:/NUCLEO-F446RE/BTLD/Build/Object/MCAL/FLASH/src/FLASH.o
 .group         0x00000000        0xc C:/NUCLEO-F446RE/BTLD/Build/Object/MCAL/FLASH/src/FLASH.o
 .debug_macro   0x00000000      0xa66 C:/NUCLEO-F446RE/BTLD/Build/Object/MCAL/FLASH/src/FLASH.o
 .debug_macro   0x00000000       0x10 C:/NUCLEO-F446RE/BTLD/Build/Object/MCAL/FLASH/src/FLASH.o
 .group         0x00000000        0xc C:/NUCLEO-F446RE/BTLD/Build/Object/Parse/Parse.o
 .group         0x00000000        0xc C:/NUCLEO-F446RE/BTLD/Build/Object/Parse/Parse.o
 .group         0x00000000        0xc C:/NUCLEO-F446RE/BTLD/Build/Object/Parse/Parse.o
 .group         0x00000000        0xc C:/NUCLEO-F446RE/BTLD/Build/Object/Parse/Parse.o
 .group         0x00000000        0xc C:/NUCLEO-F446RE/BTLD/Build/Object/Parse/Parse.o
 .group         0x00000000        0xc C:/NUCLEO-F446RE/BTLD/Build/Object/Parse/Parse.o
 .debug_macro   0x00000000      0xa66 C:/NUCLEO-F446RE/BTLD/Build/Object/Parse/Parse.o
 .debug_macro   0x00000000       0x10 C:/NUCLEO-F446RE/BTLD/Build/Object/Parse/Parse.o
 .debug_macro   0x00000000       0x22 C:/NUCLEO-F446RE/BTLD/Build/Object/Parse/Parse.o
 .debug_macro   0x00000000       0x5e C:/NUCLEO-F446RE/BTLD/Build/Object/Parse/Parse.o
 .group         0x00000000        0xc C:/NUCLEO-F446RE/BTLD/Build/Object/Startup/startup_stm32f103.o
 .debug_macro   0x00000000      0xa66 C:/NUCLEO-F446RE/BTLD/Build/Object/Startup/startup_stm32f103.o
 .group         0x00000000        0xc C:/NUCLEO-F446RE/BTLD/Build/Object/Src/main.o
 .group         0x00000000        0xc C:/NUCLEO-F446RE/BTLD/Build/Object/Src/main.o
 .group         0x00000000        0xc C:/NUCLEO-F446RE/BTLD/Build/Object/Src/main.o
 .group         0x00000000        0xc C:/NUCLEO-F446RE/BTLD/Build/Object/Src/main.o
 .group         0x00000000        0xc C:/NUCLEO-F446RE/BTLD/Build/Object/Src/main.o
 .group         0x00000000        0xc C:/NUCLEO-F446RE/BTLD/Build/Object/Src/main.o
 .group         0x00000000        0xc C:/NUCLEO-F446RE/BTLD/Build/Object/Src/main.o
 .group         0x00000000        0xc C:/NUCLEO-F446RE/BTLD/Build/Object/Src/main.o
 .group         0x00000000        0xc C:/NUCLEO-F446RE/BTLD/Build/Object/Src/main.o
 .group         0x00000000        0xc C:/NUCLEO-F446RE/BTLD/Build/Object/Src/main.o
 .group         0x00000000        0xc C:/NUCLEO-F446RE/BTLD/Build/Object/Src/main.o
 .debug_macro   0x00000000      0xa66 C:/NUCLEO-F446RE/BTLD/Build/Object/Src/main.o
 .debug_macro   0x00000000       0x10 C:/NUCLEO-F446RE/BTLD/Build/Object/Src/main.o
 .debug_macro   0x00000000       0x22 C:/NUCLEO-F446RE/BTLD/Build/Object/Src/main.o
 .debug_macro   0x00000000       0x22 C:/NUCLEO-F446RE/BTLD/Build/Object/Src/main.o
 .debug_macro   0x00000000       0x2e C:/NUCLEO-F446RE/BTLD/Build/Object/Src/main.o
 .debug_macro   0x00000000       0x6a C:/NUCLEO-F446RE/BTLD/Build/Object/Src/main.o
 .debug_macro   0x00000000       0x10 C:/NUCLEO-F446RE/BTLD/Build/Object/Src/main.o
 .debug_macro   0x00000000      0x136 C:/NUCLEO-F446RE/BTLD/Build/Object/Src/main.o
 .debug_macro   0x00000000       0x16 C:/NUCLEO-F446RE/BTLD/Build/Object/Src/main.o

Memory Configuration

Name             Origin             Length             Attributes
FLASH            0x08004000         0x00004000         xr
RAM              0x20000000         0x00020000         xrw
*default*        0x00000000         0xffffffff

Linker script and memory map

                0x20020000                _estack = (ORIGIN (RAM) + LENGTH (RAM))
                0x00000200                _Min_Heap_Size = 0x200
                0x00001000                _Min_Stack_Size = 0x1000

.isr_vector     0x08004000      0x178
                0x08004000                . = ALIGN (0x4)
 *(.isr_vector)
 .isr_vector    0x08004000      0x178 C:/NUCLEO-F446RE/BTLD/Build/Object/Startup/startup_stm32f103.o
                0x08004000                Vector_Table
                0x08004178                . = ALIGN (0x4)

.text           0x08004178     0x19d8
                0x08004178                . = ALIGN (0x4)
 *(.text)
 .text          0x08004178        0x0 C:/NUCLEO-F446RE/BTLD/Build/Object/MCAL/RCC/src/RCC_program.o
 .text          0x08004178        0x0 C:/NUCLEO-F446RE/BTLD/Build/Object/MCAL/NVIC/src/NVIC_program.o
 .text          0x08004178        0x0 C:/NUCLEO-F446RE/BTLD/Build/Object/MCAL/SysTick/src/SysTick_program.o
 .text          0x08004178        0x0 C:/NUCLEO-F446RE/BTLD/Build/Object/MCAL/GPIO/src/GPIO_program.o
 .text          0x08004178        0x0 C:/NUCLEO-F446RE/BTLD/Build/Object/MCAL/UART/src/UART.o
 .text          0x08004178        0x0 C:/NUCLEO-F446RE/BTLD/Build/Object/MCAL/FLASH/src/FLASH.o
 .text          0x08004178        0x0 C:/NUCLEO-F446RE/BTLD/Build/Object/Parse/Parse.o
 .text          0x08004178        0x0 C:/NUCLEO-F446RE/BTLD/Build/Object/Startup/startup_stm32f103.o
 .text          0x08004178        0x0 C:/NUCLEO-F446RE/BTLD/Build/Object/Src/main.o
 *(.text*)
 .text.RCC_EnableHSI
                0x08004178       0x30 C:/NUCLEO-F446RE/BTLD/Build/Object/MCAL/RCC/src/RCC_program.o
 .text.RCC_EnableHSE
                0x080041a8       0x30 C:/NUCLEO-F446RE/BTLD/Build/Object/MCAL/RCC/src/RCC_program.o
 .text.RCC_EnablePLL
                0x080041d8       0x30 C:/NUCLEO-F446RE/BTLD/Build/Object/MCAL/RCC/src/RCC_program.o
 .text.RCC_DisablePLL
                0x08004208       0x30 C:/NUCLEO-F446RE/BTLD/Build/Object/MCAL/RCC/src/RCC_program.o
 .text.RCC_SelectSystemClock
                0x08004238       0x4c C:/NUCLEO-F446RE/BTLD/Build/Object/MCAL/RCC/src/RCC_program.o
 .text.RCC_ConfigPLL
                0x08004284       0x78 C:/NUCLEO-F446RE/BTLD/Build/Object/MCAL/RCC/src/RCC_program.o
 .text.RCC_SetAHBPrescaler
                0x080042fc       0x38 C:/NUCLEO-F446RE/BTLD/Build/Object/MCAL/RCC/src/RCC_program.o
 .text.RCC_SetAPB1Prescaler
                0x08004334       0x38 C:/NUCLEO-F446RE/BTLD/Build/Object/MCAL/RCC/src/RCC_program.o
 .text.RCC_SetAPB2Prescaler
                0x0800436c       0x38 C:/NUCLEO-F446RE/BTLD/Build/Object/MCAL/RCC/src/RCC_program.o
 .text.RCC_Init
                0x080043a4       0x8e C:/NUCLEO-F446RE/BTLD/Build/Object/MCAL/RCC/src/RCC_program.o
                0x080043a4                RCC_Init
 *fill*         0x08004432        0x2 
 .text.RCC_EnableClock
                0x08004434       0xc0 C:/NUCLEO-F446RE/BTLD/Build/Object/MCAL/RCC/src/RCC_program.o
                0x08004434                RCC_EnableClock
 .text.RCC_DisableClock
                0x080044f4       0xcc C:/NUCLEO-F446RE/BTLD/Build/Object/MCAL/RCC/src/RCC_program.o
                0x080044f4                RCC_DisableClock
 .text.NVIC_EnableInterrupt
                0x080045c0       0x54 C:/NUCLEO-F446RE/BTLD/Build/Object/MCAL/NVIC/src/NVIC_program.o
                0x080045c0                NVIC_EnableInterrupt
 .text.NVIC_DisableInterrupt
                0x08004614       0x54 C:/NUCLEO-F446RE/BTLD/Build/Object/MCAL/NVIC/src/NVIC_program.o
                0x08004614                NVIC_DisableInterrupt
 .text.NVIC_SetPendingFlag
                0x08004668       0x54 C:/NUCLEO-F446RE/BTLD/Build/Object/MCAL/NVIC/src/NVIC_program.o
                0x08004668                NVIC_SetPendingFlag
 .text.NVIC_ClearPendingFlag
                0x080046bc       0x54 C:/NUCLEO-F446RE/BTLD/Build/Object/MCAL/NVIC/src/NVIC_program.o
                0x080046bc                NVIC_ClearPendingFlag
 .text.NVIC_GetActiveInterrupt
                0x08004710       0x6c C:/NUCLEO-F446RE/BTLD/Build/Object/MCAL/NVIC/src/NVIC_program.o
                0x08004710                NVIC_GetActiveInterrupt
 .text.NVIC_SetPriority
                0x0800477c       0x68 C:/NUCLEO-F446RE/BTLD/Build/Object/MCAL/NVIC/src/NVIC_program.o
                0x0800477c                NVIC_SetPriority
 .text.SysTick_voidInit
                0x080047e4       0x1c C:/NUCLEO-F446RE/BTLD/Build/Object/MCAL/SysTick/src/SysTick_program.o
                0x080047e4                SysTick_voidInit
 .text.SysTick_voidSetBusyWait
                0x08004800       0x54 C:/NUCLEO-F446RE/BTLD/Build/Object/MCAL/SysTick/src/SysTick_program.o
                0x08004800                SysTick_voidSetBusyWait
 .text.SysTick_voidSetIntervalSingle
                0x08004854       0x58 C:/NUCLEO-F446RE/BTLD/Build/Object/MCAL/SysTick/src/SysTick_program.o
                0x08004854                SysTick_voidSetIntervalSingle
 .text.SysTick_voidSetIntervalPeriodoc
                0x080048ac       0x64 C:/NUCLEO-F446RE/BTLD/Build/Object/MCAL/SysTick/src/SysTick_program.o
                0x080048ac                SysTick_voidSetIntervalPeriodoc
 .text.SysTick_voidStopTimer
                0x08004910       0x1c C:/NUCLEO-F446RE/BTLD/Build/Object/MCAL/SysTick/src/SysTick_program.o
                0x08004910                SysTick_voidStopTimer
 .text.SysTick_GetElapsedTime
                0x0800492c       0x20 C:/NUCLEO-F446RE/BTLD/Build/Object/MCAL/SysTick/src/SysTick_program.o
                0x0800492c                SysTick_GetElapsedTime
 .text.SysTick_GetRemaningTime
                0x0800494c       0x18 C:/NUCLEO-F446RE/BTLD/Build/Object/MCAL/SysTick/src/SysTick_program.o
                0x0800494c                SysTick_GetRemaningTime
 .text.SysTick_Handler
                0x08004964       0x14 C:/NUCLEO-F446RE/BTLD/Build/Object/MCAL/SysTick/src/SysTick_program.o
                0x08004964                SysTick_Handler
 .text.GPIO_GetPort
                0x08004978       0x88 C:/NUCLEO-F446RE/BTLD/Build/Object/MCAL/GPIO/src/GPIO_program.o
 .text.GPIO_InitPin
                0x08004a00      0x106 C:/NUCLEO-F446RE/BTLD/Build/Object/MCAL/GPIO/src/GPIO_program.o
                0x08004a00                GPIO_InitPin
 .text.GPIO_WritePin
                0x08004b06       0x60 C:/NUCLEO-F446RE/BTLD/Build/Object/MCAL/GPIO/src/GPIO_program.o
                0x08004b06                GPIO_WritePin
 .text.GPIO_TogglePin
                0x08004b66       0x4a C:/NUCLEO-F446RE/BTLD/Build/Object/MCAL/GPIO/src/GPIO_program.o
                0x08004b66                GPIO_TogglePin
 .text.GPIO_ReadPin
                0x08004bb0       0x4e C:/NUCLEO-F446RE/BTLD/Build/Object/MCAL/GPIO/src/GPIO_program.o
                0x08004bb0                GPIO_ReadPin
 *fill*         0x08004bfe        0x2 
 .text.GPIO_SetAF
                0x08004c00      0x118 C:/NUCLEO-F446RE/BTLD/Build/Object/MCAL/GPIO/src/GPIO_program.o
                0x08004c00                GPIO_SetAF
 .text.Get_BASE_ADD
                0x08004d18       0x50 C:/NUCLEO-F446RE/BTLD/Build/Object/MCAL/UART/src/UART.o
                0x08004d18                Get_BASE_ADD
 .text.Write_UART_Number
                0x08004d68       0x88 C:/NUCLEO-F446RE/BTLD/Build/Object/MCAL/UART/src/UART.o
                0x08004d68                Write_UART_Number
 .text.UART_Init
                0x08004df0      0x134 C:/NUCLEO-F446RE/BTLD/Build/Object/MCAL/UART/src/UART.o
                0x08004df0                UART_Init
 .text.UART_SendSyncBuffer
                0x08004f24       0x56 C:/NUCLEO-F446RE/BTLD/Build/Object/MCAL/UART/src/UART.o
                0x08004f24                UART_SendSyncBuffer
 *fill*         0x08004f7a        0x2 
 .text.UART_voidSendNumber
                0x08004f7c       0x50 C:/NUCLEO-F446RE/BTLD/Build/Object/MCAL/UART/src/UART.o
                0x08004f7c                UART_voidSendNumber
 .text.UART2_CALLBACK
                0x08004fcc       0x24 C:/NUCLEO-F446RE/BTLD/Build/Object/MCAL/UART/src/UART.o
                0x08004fcc                UART2_CALLBACK
 .text.USART2_IRQHandler
                0x08004ff0       0x90 C:/NUCLEO-F446RE/BTLD/Build/Object/MCAL/UART/src/UART.o
                0x08004ff0                USART2_IRQHandler
 .text.FlashDrv_Unlock
                0x08005080       0x34 C:/NUCLEO-F446RE/BTLD/Build/Object/MCAL/FLASH/src/FLASH.o
                0x08005080                FlashDrv_Unlock
 .text.FlashDrv_Lock
                0x080050b4       0x20 C:/NUCLEO-F446RE/BTLD/Build/Object/MCAL/FLASH/src/FLASH.o
                0x080050b4                FlashDrv_Lock
 .text.FlashDrv_IsLocked
                0x080050d4       0x1c C:/NUCLEO-F446RE/BTLD/Build/Object/MCAL/FLASH/src/FLASH.o
                0x080050d4                FlashDrv_IsLocked
 .text.FlashDrv_ClearErrors
                0x080050f0       0x20 C:/NUCLEO-F446RE/BTLD/Build/Object/MCAL/FLASH/src/FLASH.o
                0x080050f0                FlashDrv_ClearErrors
 .text.FlashDrv_WaitForLastOperation
                0x08005110       0x54 C:/NUCLEO-F446RE/BTLD/Build/Object/MCAL/FLASH/src/FLASH.o
 .text.FlashDrv_IsValidAddress
                0x08005164       0x30 C:/NUCLEO-F446RE/BTLD/Build/Object/MCAL/FLASH/src/FLASH.o
 .text.FlashDrv_GetSector
                0x08005194       0x88 C:/NUCLEO-F446RE/BTLD/Build/Object/MCAL/FLASH/src/FLASH.o
                0x08005194                FlashDrv_GetSector
 .text.FlashDrv_GetSectorBase
                0x0800521c       0x80 C:/NUCLEO-F446RE/BTLD/Build/Object/MCAL/FLASH/src/FLASH.o
                0x0800521c                FlashDrv_GetSectorBase
 .text.FlashDrv_GetSectorSize
                0x0800529c       0x74 C:/NUCLEO-F446RE/BTLD/Build/Object/MCAL/FLASH/src/FLASH.o
                0x0800529c                FlashDrv_GetSectorSize
 .text.FlashDrv_EraseSector
                0x08005310       0x88 C:/NUCLEO-F446RE/BTLD/Build/Object/MCAL/FLASH/src/FLASH.o
                0x08005310                FlashDrv_EraseSector
 .text.FlashDrv_EraseRange
                0x08005398       0x76 C:/NUCLEO-F446RE/BTLD/Build/Object/MCAL/FLASH/src/FLASH.o
                0x08005398                FlashDrv_EraseRange
 *fill*         0x0800540e        0x2 
 .text.FlashDrv_MassErase
                0x08005410       0x64 C:/NUCLEO-F446RE/BTLD/Build/Object/MCAL/FLASH/src/FLASH.o
                0x08005410                FlashDrv_MassErase
 .text.FlashDrv_ProgramByte
                0x08005474       0x88 C:/NUCLEO-F446RE/BTLD/Build/Object/MCAL/FLASH/src/FLASH.o
                0x08005474                FlashDrv_ProgramByte
 .text.FlashDrv_ProgramHalfWord
                0x080054fc       0x98 C:/NUCLEO-F446RE/BTLD/Build/Object/MCAL/FLASH/src/FLASH.o
                0x080054fc                FlashDrv_ProgramHalfWord
 .text.FlashDrv_ProgramWord
                0x08005594       0x98 C:/NUCLEO-F446RE/BTLD/Build/Object/MCAL/FLASH/src/FLASH.o
                0x08005594                FlashDrv_ProgramWord
 .text.FlashDrv_ProgramBuffer
                0x0800562c       0x80 C:/NUCLEO-F446RE/BTLD/Build/Object/MCAL/FLASH/src/FLASH.o
                0x0800562c                FlashDrv_ProgramBuffer
 .text.FlashDrv_ProgramBufferAligned
                0x080056ac       0xc6 C:/NUCLEO-F446RE/BTLD/Build/Object/MCAL/FLASH/src/FLASH.o
                0x080056ac                FlashDrv_ProgramBufferAligned
 .text.FlashDrv_Verify
                0x08005772       0x4c C:/NUCLEO-F446RE/BTLD/Build/Object/MCAL/FLASH/src/FLASH.o
                0x08005772                FlashDrv_Verify
 .text.FlashDrv_IsErased
                0x080057be       0x40 C:/NUCLEO-F446RE/BTLD/Build/Object/MCAL/FLASH/src/FLASH.o
                0x080057be                FlashDrv_IsErased
 .text.FlashDrv_Read
                0x080057fe       0x62 C:/NUCLEO-F446RE/BTLD/Build/Object/MCAL/FLASH/src/FLASH.o
                0x080057fe                FlashDrv_Read
 .text.FlashDrv_PrepareForWrite
                0x08005860       0x10 C:/NUCLEO-F446RE/BTLD/Build/Object/MCAL/FLASH/src/FLASH.o
                0x08005860                FlashDrv_PrepareForWrite
 .text.FlashDrv_FinishWrite
                0x08005870       0x10 C:/NUCLEO-F446RE/BTLD/Build/Object/MCAL/FLASH/src/FLASH.o
                0x08005870                FlashDrv_FinishWrite
 .text.FlashDrv_ProgramWordSafe
                0x08005880       0x28 C:/NUCLEO-F446RE/BTLD/Build/Object/MCAL/FLASH/src/FLASH.o
                0x08005880                FlashDrv_ProgramWordSafe
 .text.processRecord
                0x080058a8       0x16 C:/NUCLEO-F446RE/BTLD/Build/Object/Parse/Parse.o
                0x080058a8                processRecord
 *fill*         0x080058be        0x2 
 .text.parseByte
                0x080058c0       0x38 C:/NUCLEO-F446RE/BTLD/Build/Object/Parse/Parse.o
                0x080058c0                parseByte
 .text.BootLoader_Handler
                0x080058f8       0x38 C:/NUCLEO-F446RE/BTLD/Build/Object/Parse/Parse.o
                0x080058f8                BootLoader_Handler
 .text.BootLoader_MainFunction
                0x08005930       0x98 C:/NUCLEO-F446RE/BTLD/Build/Object/Parse/Parse.o
                0x08005930                BootLoader_MainFunction
 .text.Reset_Handler
                0x080059c8       0x94 C:/NUCLEO-F446RE/BTLD/Build/Object/Startup/startup_stm32f103.o
                0x080059c8                Reset_Handler
 .text.Default_Handler
                0x08005a5c        0x6 C:/NUCLEO-F446RE/BTLD/Build/Object/Startup/startup_stm32f103.o
                0x08005a5c                RTC_Alarm_IRQHandler
                0x08005a5c                EXTI2_IRQHandler
                0x08005a5c                TIM8_CC_IRQHandler
                0x08005a5c                DebugMon_Handler
                0x08005a5c                SPI4_IRQHandler
                0x08005a5c                TIM1_CC_IRQHandler
                0x08005a5c                DMA2_Stream5_IRQHandler
                0x08005a5c                HardFault_Handler
                0x08005a5c                DMA1_Stream5_IRQHandler
                0x08005a5c                PVD_IRQHandler
                0x08005a5c                SDIO_IRQHandler
                0x08005a5c                TAMP_STAMP_IRQHandler
                0x08005a5c                PendSV_Handler
                0x08005a5c                NMI_Handler
                0x08005a5c                CAN2_RX1_IRQHandler
                0x08005a5c                EXTI3_IRQHandler
                0x08005a5c                TIM8_TRG_COM_TIM14_IRQHandler
                0x08005a5c                TIM1_UP_TIM10_IRQHandler
                0x08005a5c                TIM8_UP_TIM13_IRQHandler
                0x08005a5c                I2C3_ER_IRQHandler
                0x08005a5c                EXTI0_IRQHandler
                0x08005a5c                I2C2_EV_IRQHandler
                0x08005a5c                DMA1_Stream2_IRQHandler
                0x08005a5c                CAN1_RX0_IRQHandler
                0x08005a5c                FPU_IRQHandler
                0x08005a5c                UsageFault_Handler
                0x08005a5c                CAN2_SCE_IRQHandler
                0x08005a5c                DMA2_Stream2_IRQHandler
                0x08005a5c                SPI1_IRQHandler
                0x08005a5c                TIM6_DAC_IRQHandler
                0x08005a5c                TIM1_BRK_TIM9_IRQHandler
                0x08005a5c                CAN2_RX0_IRQHandler
                0x08005a5c                DMA2_Stream3_IRQHandler
                0x08005a5c                USART6_IRQHandler
                0x08005a5c                USART3_IRQHandler
                0x08005a5c                CAN1_RX1_IRQHandler
                0x08005a5c                UART5_IRQHandler
                0x08005a5c                DMA2_Stream0_IRQHandler
                0x08005a5c                TIM4_IRQHandler
                0x08005a5c                I2C1_EV_IRQHandler
                0x08005a5c                DMA1_Stream6_IRQHandler
                0x08005a5c                DMA1_Stream1_IRQHandler
                0x08005a5c                UART4_IRQHandler
                0x08005a5c                TIM3_IRQHandler
                0x08005a5c                RCC_IRQHandler
                0x08005a5c                TIM8_BRK_TIM12_IRQHandler
                0x08005a5c                Default_Handler
                0x08005a5c                EXTI15_10_IRQHandler
                0x08005a5c                ADC_IRQHandler
                0x08005a5c                DMA1_Stream7_IRQHandler
                0x08005a5c                SPI5_IRQHandler
                0x08005a5c                TIM7_IRQHandler
                0x08005a5c                CAN2_TX_IRQHandler
                0x08005a5c                TIM5_IRQHandler
                0x08005a5c                DMA2_Stream7_IRQHandler
                0x08005a5c                I2C3_EV_IRQHandler
                0x08005a5c                EXTI9_5_IRQHandler
                0x08005a5c                RTC_WKUP_IRQHandler
                0x08005a5c                SPI2_IRQHandler
                0x08005a5c                MemManage_Handler
                0x08005a5c                DMA1_Stream0_IRQHandler
                0x08005a5c                CAN1_TX_IRQHandler
                0x08005a5c                SVC_Handler
                0x08005a5c                EXTI4_IRQHandler
                0x08005a5c                WWDG_IRQHandler
                0x08005a5c                SPI6_IRQHandler
                0x08005a5c                TIM2_IRQHandler
                0x08005a5c                OTG_FS_WKUP_IRQHandler
                0x08005a5c                TIM1_TRG_COM_TIM11_IRQHandler
                0x08005a5c                DMA2D_IRQHandler
                0x08005a5c                EXTI1_IRQHandler
                0x08005a5c                I2C2_ER_IRQHandler
                0x08005a5c                DMA2_Stream1_IRQHandler
                0x08005a5c                CAN1_SCE_IRQHandler
                0x08005a5c                FLASH_IRQHandler
                0x08005a5c                DMA2_Stream4_IRQHandler
                0x08005a5c                BusFault_Handler
                0x08005a5c                USART1_IRQHandler
                0x08005a5c                OTG_FS_IRQHandler
                0x08005a5c                SPI3_IRQHandler
                0x08005a5c                DMA1_Stream4_IRQHandler
                0x08005a5c                I2C1_ER_IRQHandler
                0x08005a5c                FMC_IRQHandler
                0x08005a5c                DMA2_Stream6_IRQHandler
                0x08005a5c                SAI1_IRQHandler
                0x08005a5c                DMA1_Stream3_IRQHandler
 *fill*         0x08005a62        0x2 
 .text.systick_handler
                0x08005a64       0x1c C:/NUCLEO-F446RE/BTLD/Build/Object/Src/main.o
                0x08005a64                systick_handler
 .text.main     0x08005a80       0x48 C:/NUCLEO-F446RE/BTLD/Build/Object/Src/main.o
                0x08005a80                main
 .text.APP_init
                0x08005ac8       0x1c C:/NUCLEO-F446RE/BTLD/Build/Object/Src/main.o
                0x08005ac8                APP_init
 .text.GPIO_PIN_CONFIG
                0x08005ae4       0x48 C:/NUCLEO-F446RE/BTLD/Build/Object/Src/main.o
                0x08005ae4                GPIO_PIN_CONFIG
 .text.SystemInit
                0x08005b2c       0x24 C:/NUCLEO-F446RE/BTLD/Build/Object/Src/main.o
                0x08005b2c                SystemInit
                0x08005b50                . = ALIGN (0x4)
                0x08005b50                _etext = .

.glue_7         0x08005b50        0x0
 .glue_7        0x08005b50        0x0 linker stubs

.glue_7t        0x08005b50        0x0
 .glue_7t       0x08005b50        0x0 linker stubs

.vfp11_veneer   0x08005b50        0x0
 .vfp11_veneer  0x08005b50        0x0 linker stubs

.v4_bx          0x08005b50        0x0
 .v4_bx         0x08005b50        0x0 linker stubs

.iplt           0x08005b50        0x0
 .iplt          0x08005b50        0x0 C:/NUCLEO-F446RE/BTLD/Build/Object/MCAL/RCC/src/RCC_program.o

.rodata         0x08005b50       0xf0
                0x08005b50                . = ALIGN (0x4)
 *(.rodata)
 .rodata        0x08005b50        0x6 C:/NUCLEO-F446RE/BTLD/Build/Object/MCAL/UART/src/UART.o
 *fill*         0x08005b56        0x2 
 .rodata        0x08005b58        0x9 C:/NUCLEO-F446RE/BTLD/Build/Object/Src/main.o
 *(.rodata*)
 *fill*         0x08005b61        0x3 
 .rodata.asciiToHex
                0x08005b64       0x69 C:/NUCLEO-F446RE/BTLD/Build/Object/Parse/Parse.o
 *fill*         0x08005bcd        0x3 
 .rodata.MSP_Value
                0x08005bd0        0x4 C:/NUCLEO-F446RE/BTLD/Build/Object/Startup/startup_stm32f103.o
                0x08005bd0                MSP_Value
 .rodata.asciiToHex
                0x08005bd4       0x69 C:/NUCLEO-F446RE/BTLD/Build/Object/Src/main.o
                0x08005c40                . = ALIGN (0x4)
 *fill*         0x08005c3d        0x3 
                0x08005c40                _sidata = LOADADDR (.data)

.rel.dyn        0x08005c40        0x0
 .rel.iplt      0x08005c40        0x0 C:/NUCLEO-F446RE/BTLD/Build/Object/MCAL/RCC/src/RCC_program.o

.data           0x20000000       0x18 load address 0x08005c40
                0x20000000                . = ALIGN (0x4)
                0x20000000                _sdata = .
 *(.data)
 .data          0x20000000        0x0 C:/NUCLEO-F446RE/BTLD/Build/Object/MCAL/RCC/src/RCC_program.o
 .data          0x20000000        0x0 C:/NUCLEO-F446RE/BTLD/Build/Object/MCAL/NVIC/src/NVIC_program.o
 .data          0x20000000        0x0 C:/NUCLEO-F446RE/BTLD/Build/Object/MCAL/SysTick/src/SysTick_program.o
 .data          0x20000000        0x0 C:/NUCLEO-F446RE/BTLD/Build/Object/MCAL/GPIO/src/GPIO_program.o
 .data          0x20000000        0x0 C:/NUCLEO-F446RE/BTLD/Build/Object/MCAL/UART/src/UART.o
 .data          0x20000000        0x0 C:/NUCLEO-F446RE/BTLD/Build/Object/MCAL/FLASH/src/FLASH.o
 .data          0x20000000        0x0 C:/NUCLEO-F446RE/BTLD/Build/Object/Parse/Parse.o
 .data          0x20000000        0x0 C:/NUCLEO-F446RE/BTLD/Build/Object/Startup/startup_stm32f103.o
 .data          0x20000000        0x0 C:/NUCLEO-F446RE/BTLD/Build/Object/Src/main.o
 *(.data*)
 .data.flash_address
                0x20000000        0x4 C:/NUCLEO-F446RE/BTLD/Build/Object/Parse/Parse.o
                0x20000000                flash_address
 .data.APP_FLAG
                0x20000004        0x4 C:/NUCLEO-F446RE/BTLD/Build/Object/Parse/Parse.o
                0x20000004                APP_FLAG
 .data.flag     0x20000008        0x1 C:/NUCLEO-F446RE/BTLD/Build/Object/Parse/Parse.o
                0x20000008                flag
 *fill*         0x20000009        0x3 
 .data.Uart_configuration
                0x2000000c        0xc C:/NUCLEO-F446RE/BTLD/Build/Object/Src/main.o
                0x2000000c                Uart_configuration
                0x20000018                . = ALIGN (0x4)
                0x20000018                _edata = .

.igot.plt       0x20000018        0x0 load address 0x08005c58
 .igot.plt      0x20000018        0x0 C:/NUCLEO-F446RE/BTLD/Build/Object/MCAL/RCC/src/RCC_program.o

.bss            0x20000018       0x34 load address 0x08005c58
                0x20000018                _sbss = .
 *(.bss)
 .bss           0x20000018        0x0 C:/NUCLEO-F446RE/BTLD/Build/Object/MCAL/RCC/src/RCC_program.o
 .bss           0x20000018        0x0 C:/NUCLEO-F446RE/BTLD/Build/Object/MCAL/NVIC/src/NVIC_program.o
 .bss           0x20000018        0x0 C:/NUCLEO-F446RE/BTLD/Build/Object/MCAL/SysTick/src/SysTick_program.o
 .bss           0x20000018        0x0 C:/NUCLEO-F446RE/BTLD/Build/Object/MCAL/GPIO/src/GPIO_program.o
 .bss           0x20000018        0x0 C:/NUCLEO-F446RE/BTLD/Build/Object/MCAL/UART/src/UART.o
 .bss           0x20000018        0x0 C:/NUCLEO-F446RE/BTLD/Build/Object/MCAL/FLASH/src/FLASH.o
 .bss           0x20000018        0x0 C:/NUCLEO-F446RE/BTLD/Build/Object/Parse/Parse.o
 .bss           0x20000018        0x0 C:/NUCLEO-F446RE/BTLD/Build/Object/Startup/startup_stm32f103.o
 .bss           0x20000018        0x0 C:/NUCLEO-F446RE/BTLD/Build/Object/Src/main.o
 *(.bss*)
 .bss.Local_PvFunction
                0x20000018        0x4 C:/NUCLEO-F446RE/BTLD/Build/Object/MCAL/SysTick/src/SysTick_program.o
 .bss.rx_test   0x2000001c        0x1 C:/NUCLEO-F446RE/BTLD/Build/Object/MCAL/UART/src/UART.o
                0x2000001c                rx_test
 *fill*         0x2000001d        0x3 
 .bss.funcPtr   0x20000020        0x4 C:/NUCLEO-F446RE/BTLD/Build/Object/MCAL/UART/src/UART.o
                0x20000020                funcPtr
 .bss.last_uart_rx_tick
                0x20000024        0x4 C:/NUCLEO-F446RE/BTLD/Build/Object/MCAL/UART/src/UART.o
                0x20000024                last_uart_rx_tick
 .bss.UART_START
                0x20000028        0x1 C:/NUCLEO-F446RE/BTLD/Build/Object/Parse/Parse.o
                0x20000028                UART_START
 *fill*         0x20000029        0x3 
 .bss.bin_buffer
                0x2000002c        0x4 C:/NUCLEO-F446RE/BTLD/Build/Object/Parse/Parse.o
                0x2000002c                bin_buffer
 .bss.bin_index
                0x20000030        0x4 C:/NUCLEO-F446RE/BTLD/Build/Object/Parse/Parse.o
                0x20000030                bin_index
 .bss.Local_PvFunction
                0x20000034        0x4 C:/NUCLEO-F446RE/BTLD/Build/Object/Src/main.o
 .bss.Pt2Func_App
                0x20000038        0x4 C:/NUCLEO-F446RE/BTLD/Build/Object/Src/main.o
                0x20000038                Pt2Func_App
 .bss.RCC_Configuration
                0x2000003c        0xc C:/NUCLEO-F446RE/BTLD/Build/Object/Src/main.o
                0x2000003c                RCC_Configuration
 .bss.ms_ticks  0x20000048        0x4 C:/NUCLEO-F446RE/BTLD/Build/Object/Src/main.o
                0x20000048                ms_ticks
                0x2000004c                . = ALIGN (0x4)
                0x2000004c                _ebss = .

._user_heap_stack
                0x2000004c     0x1204 load address 0x08005c58
                0x20000050                . = ALIGN (0x8)
 *fill*         0x2000004c        0x4 
                0x20000250                . = (. + _Min_Heap_Size)
 *fill*         0x20000050      0x200 
                0x20001250                . = (. + _Min_Stack_Size)
 *fill*         0x20000250     0x1000 
                0x20001250                . = ALIGN (0x8)
LOAD C:/NUCLEO-F446RE/BTLD/Build/Object/MCAL/RCC/src/RCC_program.o
LOAD C:/NUCLEO-F446RE/BTLD/Build/Object/MCAL/NVIC/src/NVIC_program.o
LOAD C:/NUCLEO-F446RE/BTLD/Build/Object/MCAL/SysTick/src/SysTick_program.o
LOAD C:/NUCLEO-F446RE/BTLD/Build/Object/MCAL/GPIO/src/GPIO_program.o
LOAD C:/NUCLEO-F446RE/BTLD/Build/Object/MCAL/UART/src/UART.o
LOAD C:/NUCLEO-F446RE/BTLD/Build/Object/MCAL/FLASH/src/FLASH.o
LOAD C:/NUCLEO-F446RE/BTLD/Build/Object/Parse/Parse.o
LOAD C:/NUCLEO-F446RE/BTLD/Build/Object/Startup/startup_stm32f103.o
LOAD C:/NUCLEO-F446RE/BTLD/Build/Object/Src/main.o
OUTPUT(C:/NUCLEO-F446RE/BTLD/Tools/BTLD.elf elf32-littlearm)
LOAD linker stubs

.debug_info     0x00000000     0x2401
 .debug_info    0x00000000      0x3e2 C:/NUCLEO-F446RE/BTLD/Build/Object/MCAL/RCC/src/RCC_program.o
 .debug_info    0x000003e2      0x303 C:/NUCLEO-F446RE/BTLD/Build/Object/MCAL/NVIC/src/NVIC_program.o
 .debug_info    0x000006e5      0x26b C:/NUCLEO-F446RE/BTLD/Build/Object/MCAL/SysTick/src/SysTick_program.o
 .debug_info    0x00000950      0x531 C:/NUCLEO-F446RE/BTLD/Build/Object/MCAL/GPIO/src/GPIO_program.o
 .debug_info    0x00000e81      0x4d8 C:/NUCLEO-F446RE/BTLD/Build/Object/MCAL/UART/src/UART.o
 .debug_info    0x00001359      0x684 C:/NUCLEO-F446RE/BTLD/Build/Object/MCAL/FLASH/src/FLASH.o
 .debug_info    0x000019dd      0x1eb C:/NUCLEO-F446RE/BTLD/Build/Object/Parse/Parse.o
 .debug_info    0x00001bc8      0x148 C:/NUCLEO-F446RE/BTLD/Build/Object/Startup/startup_stm32f103.o
 .debug_info    0x00001d10      0x6f1 C:/NUCLEO-F446RE/BTLD/Build/Object/Src/main.o

.debug_abbrev   0x00000000      0xac2
 .debug_abbrev  0x00000000      0x134 C:/NUCLEO-F446RE/BTLD/Build/Object/MCAL/RCC/src/RCC_program.o
 .debug_abbrev  0x00000134      0x12e C:/NUCLEO-F446RE/BTLD/Build/Object/MCAL/NVIC/src/NVIC_program.o
 .debug_abbrev  0x00000262      0x144 C:/NUCLEO-F446RE/BTLD/Build/Object/MCAL/SysTick/src/SysTick_program.o
 .debug_abbrev  0x000003a6      0x129 C:/NUCLEO-F446RE/BTLD/Build/Object/MCAL/GPIO/src/GPIO_program.o
 .debug_abbrev  0x000004cf      0x178 C:/NUCLEO-F446RE/BTLD/Build/Object/MCAL/UART/src/UART.o
 .debug_abbrev  0x00000647      0x1aa C:/NUCLEO-F446RE/BTLD/Build/Object/MCAL/FLASH/src/FLASH.o
 .debug_abbrev  0x000007f1      0x100 C:/NUCLEO-F446RE/BTLD/Build/Object/Parse/Parse.o
 .debug_abbrev  0x000008f1       0xe3 C:/NUCLEO-F446RE/BTLD/Build/Object/Startup/startup_stm32f103.o
 .debug_abbrev  0x000009d4       0xee C:/NUCLEO-F446RE/BTLD/Build/Object/Src/main.o

.debug_aranges  0x00000000      0x320
 .debug_aranges
                0x00000000       0x78 C:/NUCLEO-F446RE/BTLD/Build/Object/MCAL/RCC/src/RCC_program.o
 .debug_aranges
                0x00000078       0x48 C:/NUCLEO-F446RE/BTLD/Build/Object/MCAL/NVIC/src/NVIC_program.o
 .debug_aranges
                0x000000c0       0x58 C:/NUCLEO-F446RE/BTLD/Build/Object/MCAL/SysTick/src/SysTick_program.o
 .debug_aranges
                0x00000118       0x48 C:/NUCLEO-F446RE/BTLD/Build/Object/MCAL/GPIO/src/GPIO_program.o
 .debug_aranges
                0x00000160       0x50 C:/NUCLEO-F446RE/BTLD/Build/Object/MCAL/UART/src/UART.o
 .debug_aranges
                0x000001b0       0xd0 C:/NUCLEO-F446RE/BTLD/Build/Object/MCAL/FLASH/src/FLASH.o
 .debug_aranges
                0x00000280       0x38 C:/NUCLEO-F446RE/BTLD/Build/Object/Parse/Parse.o
 .debug_aranges
                0x000002b8       0x28 C:/NUCLEO-F446RE/BTLD/Build/Object/Startup/startup_stm32f103.o
 .debug_aranges
                0x000002e0       0x40 C:/NUCLEO-F446RE/BTLD/Build/Object/Src/main.o

.debug_ranges   0x00000000      0x290
 .debug_ranges  0x00000000       0x68 C:/NUCLEO-F446RE/BTLD/Build/Object/MCAL/RCC/src/RCC_program.o
 .debug_ranges  0x00000068       0x38 C:/NUCLEO-F446RE/BTLD/Build/Object/MCAL/NVIC/src/NVIC_program.o
 .debug_ranges  0x000000a0       0x48 C:/NUCLEO-F446RE/BTLD/Build/Object/MCAL/SysTick/src/SysTick_program.o
 .debug_ranges  0x000000e8       0x38 C:/NUCLEO-F446RE/BTLD/Build/Object/MCAL/GPIO/src/GPIO_program.o
 .debug_ranges  0x00000120       0x40 C:/NUCLEO-F446RE/BTLD/Build/Object/MCAL/UART/src/UART.o
 .debug_ranges  0x00000160       0xc0 C:/NUCLEO-F446RE/BTLD/Build/Object/MCAL/FLASH/src/FLASH.o
 .debug_ranges  0x00000220       0x28 C:/NUCLEO-F446RE/BTLD/Build/Object/Parse/Parse.o
 .debug_ranges  0x00000248       0x18 C:/NUCLEO-F446RE/BTLD/Build/Object/Startup/startup_stm32f103.o
 .debug_ranges  0x00000260       0x30 C:/NUCLEO-F446RE/BTLD/Build/Object/Src/main.o

.debug_macro    0x00000000     0x1282
 .debug_macro   0x00000000       0x32 C:/NUCLEO-F446RE/BTLD/Build/Object/MCAL/RCC/src/RCC_program.o
 .debug_macro   0x00000032      0xa66 C:/NUCLEO-F446RE/BTLD/Build/Object/MCAL/RCC/src/RCC_program.o
 .debug_macro   0x00000a98       0x10 C:/NUCLEO-F446RE/BTLD/Build/Object/MCAL/RCC/src/RCC_program.o
 .debug_macro   0x00000aa8       0x22 C:/NUCLEO-F446RE/BTLD/Build/Object/MCAL/RCC/src/RCC_program.o
 .debug_macro   0x00000aca       0x94 C:/NUCLEO-F446RE/BTLD/Build/Object/MCAL/RCC/src/RCC_program.o
 .debug_macro   0x00000b5e       0x49 C:/NUCLEO-F446RE/BTLD/Build/Object/MCAL/NVIC/src/NVIC_program.o
 .debug_macro   0x00000ba7       0x58 C:/NUCLEO-F446RE/BTLD/Build/Object/MCAL/NVIC/src/NVIC_program.o
 .debug_macro   0x00000bff       0x10 C:/NUCLEO-F446RE/BTLD/Build/Object/MCAL/NVIC/src/NVIC_program.o
 .debug_macro   0x00000c0f       0x3b C:/NUCLEO-F446RE/BTLD/Build/Object/MCAL/SysTick/src/SysTick_program.o
 .debug_macro   0x00000c4a       0x22 C:/NUCLEO-F446RE/BTLD/Build/Object/MCAL/SysTick/src/SysTick_program.o
 .debug_macro   0x00000c6c       0x2e C:/NUCLEO-F446RE/BTLD/Build/Object/MCAL/SysTick/src/SysTick_program.o
 .debug_macro   0x00000c9a       0x3b C:/NUCLEO-F446RE/BTLD/Build/Object/MCAL/GPIO/src/GPIO_program.o
 .debug_macro   0x00000cd5       0x6a C:/NUCLEO-F446RE/BTLD/Build/Object/MCAL/GPIO/src/GPIO_program.o
 .debug_macro   0x00000d3f       0x10 C:/NUCLEO-F446RE/BTLD/Build/Object/MCAL/GPIO/src/GPIO_program.o
 .debug_macro   0x00000d4f       0x32 C:/NUCLEO-F446RE/BTLD/Build/Object/MCAL/UART/src/UART.o
 .debug_macro   0x00000d81       0x5e C:/NUCLEO-F446RE/BTLD/Build/Object/MCAL/UART/src/UART.o
 .debug_macro   0x00000ddf       0x29 C:/NUCLEO-F446RE/BTLD/Build/Object/MCAL/FLASH/src/FLASH.o
 .debug_macro   0x00000e08      0x130 C:/NUCLEO-F446RE/BTLD/Build/Object/MCAL/FLASH/src/FLASH.o
 .debug_macro   0x00000f38       0x5c C:/NUCLEO-F446RE/BTLD/Build/Object/Parse/Parse.o
 .debug_macro   0x00000f94      0x136 C:/NUCLEO-F446RE/BTLD/Build/Object/Parse/Parse.o
 .debug_macro   0x000010ca       0x16 C:/NUCLEO-F446RE/BTLD/Build/Object/Parse/Parse.o
 .debug_macro   0x000010e0       0x17 C:/NUCLEO-F446RE/BTLD/Build/Object/Startup/startup_stm32f103.o
 .debug_macro   0x000010f7       0x8d C:/NUCLEO-F446RE/BTLD/Build/Object/Src/main.o
 .debug_macro   0x00001184       0x9a C:/NUCLEO-F446RE/BTLD/Build/Object/Src/main.o
 .debug_macro   0x0000121e       0x64 C:/NUCLEO-F446RE/BTLD/Build/Object/Src/main.o

.debug_line     0x00000000     0x1533
 .debug_line    0x00000000      0x2c0 C:/NUCLEO-F446RE/BTLD/Build/Object/MCAL/RCC/src/RCC_program.o
 .debug_line    0x000002c0      0x206 C:/NUCLEO-F446RE/BTLD/Build/Object/MCAL/NVIC/src/NVIC_program.o
 .debug_line    0x000004c6      0x1da C:/NUCLEO-F446RE/BTLD/Build/Object/MCAL/SysTick/src/SysTick_program.o
 .debug_line    0x000006a0      0x295 C:/NUCLEO-F446RE/BTLD/Build/Object/MCAL/GPIO/src/GPIO_program.o
 .debug_line    0x00000935      0x270 C:/NUCLEO-F446RE/BTLD/Build/Object/MCAL/UART/src/UART.o
 .debug_line    0x00000ba5      0x597 C:/NUCLEO-F446RE/BTLD/Build/Object/MCAL/FLASH/src/FLASH.o
 .debug_line    0x0000113c      0x148 C:/NUCLEO-F446RE/BTLD/Build/Object/Parse/Parse.o
 .debug_line    0x00001284       0xe1 C:/NUCLEO-F446RE/BTLD/Build/Object/Startup/startup_stm32f103.o
 .debug_line    0x00001365      0x1ce C:/NUCLEO-F446RE/BTLD/Build/Object/Src/main.o

.debug_str      0x00000000     0x5367
 .debug_str     0x00000000     0x3497 C:/NUCLEO-F446RE/BTLD/Build/Object/MCAL/RCC/src/RCC_program.o
                               0x3515 (size before relaxing)
 .debug_str     0x00003497      0x4c4 C:/NUCLEO-F446RE/BTLD/Build/Object/MCAL/NVIC/src/NVIC_program.o
                               0x3287 (size before relaxing)
 .debug_str     0x0000395b      0x333 C:/NUCLEO-F446RE/BTLD/Build/Object/MCAL/SysTick/src/SysTick_program.o
                               0x30ff (size before relaxing)
 .debug_str     0x00003c8e      0x4e9 C:/NUCLEO-F446RE/BTLD/Build/Object/MCAL/GPIO/src/GPIO_program.o
                               0x32a5 (size before relaxing)
 .debug_str     0x00004177      0x460 C:/NUCLEO-F446RE/BTLD/Build/Object/MCAL/UART/src/UART.o
                               0x3242 (size before relaxing)
 .debug_str     0x000045d7      0x8f8 C:/NUCLEO-F446RE/BTLD/Build/Object/MCAL/FLASH/src/FLASH.o
                               0x3636 (size before relaxing)
 .debug_str     0x00004ecf      0x14a C:/NUCLEO-F446RE/BTLD/Build/Object/Parse/Parse.o
                               0x36ec (size before relaxing)
 .debug_str     0x00005019       0xa5 C:/NUCLEO-F446RE/BTLD/Build/Object/Startup/startup_stm32f103.o
                               0x2d2f (size before relaxing)
 .debug_str     0x000050be      0x2a9 C:/NUCLEO-F446RE/BTLD/Build/Object/Src/main.o
                               0x45a9 (size before relaxing)

.comment        0x00000000       0x49
 .comment       0x00000000       0x49 C:/NUCLEO-F446RE/BTLD/Build/Object/MCAL/RCC/src/RCC_program.o
                                 0x4a (size before relaxing)
 .comment       0x00000049       0x4a C:/NUCLEO-F446RE/BTLD/Build/Object/MCAL/NVIC/src/NVIC_program.o
 .comment       0x00000049       0x4a C:/NUCLEO-F446RE/BTLD/Build/Object/MCAL/SysTick/src/SysTick_program.o
 .comment       0x00000049       0x4a C:/NUCLEO-F446RE/BTLD/Build/Object/MCAL/GPIO/src/GPIO_program.o
 .comment       0x00000049       0x4a C:/NUCLEO-F446RE/BTLD/Build/Object/MCAL/UART/src/UART.o
 .comment       0x00000049       0x4a C:/NUCLEO-F446RE/BTLD/Build/Object/MCAL/FLASH/src/FLASH.o
 .comment       0x00000049       0x4a C:/NUCLEO-F446RE/BTLD/Build/Object/Parse/Parse.o
 .comment       0x00000049       0x4a C:/NUCLEO-F446RE/BTLD/Build/Object/Startup/startup_stm32f103.o
 .comment       0x00000049       0x4a C:/NUCLEO-F446RE/BTLD/Build/Object/Src/main.o

.ARM.attributes
                0x00000000       0x34
 .ARM.attributes
                0x00000000       0x34 C:/NUCLEO-F446RE/BTLD/Build/Object/MCAL/RCC/src/RCC_program.o
 .ARM.attributes
                0x00000034       0x34 C:/NUCLEO-F446RE/BTLD/Build/Object/MCAL/NVIC/src/NVIC_program.o
 .ARM.attributes
                0x00000068       0x34 C:/NUCLEO-F446RE/BTLD/Build/Object/MCAL/SysTick/src/SysTick_program.o
 .ARM.attributes
                0x0000009c       0x34 C:/NUCLEO-F446RE/BTLD/Build/Object/MCAL/GPIO/src/GPIO_program.o
 .ARM.attributes
                0x000000d0       0x34 C:/NUCLEO-F446RE/BTLD/Build/Object/MCAL/UART/src/UART.o
 .ARM.attributes
                0x00000104       0x34 C:/NUCLEO-F446RE/BTLD/Build/Object/MCAL/FLASH/src/FLASH.o
 .ARM.attributes
                0x00000138       0x34 C:/NUCLEO-F446RE/BTLD/Build/Object/Parse/Parse.o
 .ARM.attributes
                0x0000016c       0x34 C:/NUCLEO-F446RE/BTLD/Build/Object/Startup/startup_stm32f103.o
 .ARM.attributes
                0x000001a0       0x34 C:/NUCLEO-F446RE/BTLD/Build/Object/Src/main.o

.debug_frame    0x00000000      0xad8
 .debug_frame   0x00000000      0x1c8 C:/NUCLEO-F446RE/BTLD/Build/Object/MCAL/RCC/src/RCC_program.o
 .debug_frame   0x000001c8      0x100 C:/NUCLEO-F446RE/BTLD/Build/Object/MCAL/NVIC/src/NVIC_program.o
 .debug_frame   0x000002c8      0x120 C:/NUCLEO-F446RE/BTLD/Build/Object/MCAL/SysTick/src/SysTick_program.o
 .debug_frame   0x000003e8       0xf4 C:/NUCLEO-F446RE/BTLD/Build/Object/MCAL/GPIO/src/GPIO_program.o
 .debug_frame   0x000004dc      0x114 C:/NUCLEO-F446RE/BTLD/Build/Object/MCAL/UART/src/UART.o
 .debug_frame   0x000005f0      0x354 C:/NUCLEO-F446RE/BTLD/Build/Object/MCAL/FLASH/src/FLASH.o
 .debug_frame   0x00000944       0xa4 C:/NUCLEO-F446RE/BTLD/Build/Object/Parse/Parse.o
 .debug_frame   0x000009e8       0x48 C:/NUCLEO-F446RE/BTLD/Build/Object/Startup/startup_stm32f103.o
 .debug_frame   0x00000a30       0xa8 C:/NUCLEO-F446RE/BTLD/Build/Object/Src/main.o
