
Discarded input sections

 .group         0x00000000        0xc C:/NUCLEO-F446RE/BTLD/Build/Object/MCAL/RCC/src/RCC_program.o
 .group         0x00000000        0xc C:/NUCLEO-F446RE/BTLD/Build/Object/MCAL/RCC/src/RCC_program.o
 .group         0x00000000        0xc C:/NUCLEO-F446RE/BTLD/Build/Object/MCAL/RCC/src/RCC_program.o
 .group         0x00000000        0xc C:/NUCLEO-F446RE/BTLD/Build/Object/MCAL/RCC/src/RCC_program.o
 .group         0x00000000        0xc C:/NUCLEO-F446RE/BTLD/Build/Object/MCAL/NVIC/src/NVIC_program.o
 .group         0x00000000        0xc C:/NUCLEO-F446RE/BTLD/Build/Object/MCAL/NVIC/src/NVIC_program.o
 .group         0x00000000        0xc C:/NUCLEO-F446RE/BTLD/Build/Object/MCAL/NVIC/src/NVIC_program.o
 .group         0x00000000        0xc C:/NUCLEO-F446RE/BTLD/Build/Object/MCAL/NVIC/src/NVIC_program.o
 .group         0x00000000        0xc C:/NUCLEO-F446RE/BTLD/Build/Object/MCAL/NVIC/src/NVIC_program.o
 .debug_macro   0x00000000      0xa66 C:/NUCLEO-F446RE/BTLD/Build/Object/MCAL/NVIC/src/NVIC_program.o
 .debug_macro   0x00000000       0x10 C:/NUCLEO-F446RE/BTLD/Build/Object/MCAL/NVIC/src/NVIC_program.o
 .debug_macro   0x00000000       0x22 C:/NUCLEO-F446RE/BTLD/Build/Object/MCAL/NVIC/src/NVIC_program.o
 .group         0x00000000        0xc C:/NUCLEO-F446RE/BTLD/Build/Object/MCAL/SysTick/src/SysTick_program.o
 .group         0x00000000        0xc C:/NUCLEO-F446RE/BTLD/Build/Object/MCAL/SysTick/src/SysTick_program.o
 .group         0x00000000        0xc C:/NUCLEO-F446RE/BTLD/Build/Object/MCAL/SysTick/src/SysTick_program.o
 .group         0x00000000        0xc C:/NUCLEO-F446RE/BTLD/Build/Object/MCAL/SysTick/src/SysTick_program.o
 .group         0x00000000        0xc C:/NUCLEO-F446RE/BTLD/Build/Object/MCAL/SysTick/src/SysTick_program.o
 .debug_macro   0x00000000      0xa66 C:/NUCLEO-F446RE/BTLD/Build/Object/MCAL/SysTick/src/SysTick_program.o
 .debug_macro   0x00000000       0x10 C:/NUCLEO-F446RE/BTLD/Build/Object/MCAL/SysTick/src/SysTick_program.o
 .debug_macro   0x00000000       0x22 C:/NUCLEO-F446RE/BTLD/Build/Object/MCAL/SysTick/src/SysTick_program.o
 .group         0x00000000        0xc C:/NUCLEO-F446RE/BTLD/Build/Object/MCAL/GPIO/src/GPIO_program.o
 .group         0x00000000        0xc C:/NUCLEO-F446RE/BTLD/Build/Object/MCAL/GPIO/src/GPIO_program.o
 .group         0x00000000        0xc C:/NUCLEO-F446RE/BTLD/Build/Object/MCAL/GPIO/src/GPIO_program.o
 .group         0x00000000        0xc C:/NUCLEO-F446RE/BTLD/Build/Object/MCAL/GPIO/src/GPIO_program.o
 .group         0x00000000        0xc C:/NUCLEO-F446RE/BTLD/Build/Object/MCAL/GPIO/src/GPIO_program.o
 .debug_macro   0x00000000      0xa66 C:/NUCLEO-F446RE/BTLD/Build/Object/MCAL/GPIO/src/GPIO_program.o
 .debug_macro   0x00000000       0x10 C:/NUCLEO-F446RE/BTLD/Build/Object/MCAL/GPIO/src/GPIO_program.o
 .debug_macro   0x00000000       0x22 C:/NUCLEO-F446RE/BTLD/Build/Object/MCAL/GPIO/src/GPIO_program.o
 .group         0x00000000        0xc C:/NUCLEO-F446RE/BTLD/Build/Object/MCAL/UART/src/UART.o
 .group         0x00000000        0xc C:/NUCLEO-F446RE/BTLD/Build/Object/MCAL/UART/src/UART.o
 .group         0x00000000        0xc C:/NUCLEO-F446RE/BTLD/Build/Object/MCAL/UART/src/UART.o
 .group         0x00000000        0xc C:/NUCLEO-F446RE/BTLD/Build/Object/MCAL/UART/src/UART.o
 .debug_macro   0x00000000      0xa66 C:/NUCLEO-F446RE/BTLD/Build/Object/MCAL/UART/src/UART.o
 .debug_macro   0x00000000       0x10 C:/NUCLEO-F446RE/BTLD/Build/Object/MCAL/UART/src/UART.o
 .debug_macro   0x00000000       0x22 C:/NUCLEO-F446RE/BTLD/Build/Object/MCAL/UART/src/UART.o
 .group         0x00000000        0xc C:/NUCLEO-F446RE/BTLD/Build/Object/MCAL/FLASH/src/FLASH.o
 .group         0x00000000        0xc C:/NUCLEO-F446RE/BTLD/Build/Object/MCAL/FLASH/src/FLASH.o
 .group         0x00000000        0xc C:/NUCLEO-F446RE/BTLD/Build/Object/MCAL/FLASH/src/FLASH.o
 .debug_macro   0x00000000      0xa66 C:/NUCLEO-F446RE/BTLD/Build/Object/MCAL/FLASH/src/FLASH.o
 .debug_macro   0x00000000       0x10 C:/NUCLEO-F446RE/BTLD/Build/Object/MCAL/FLASH/src/FLASH.o
 .group         0x00000000        0xc C:/NUCLEO-F446RE/BTLD/Build/Object/Parse/Parse.o
 .debug_macro   0x00000000      0xa66 C:/NUCLEO-F446RE/BTLD/Build/Object/Parse/Parse.o
 .group         0x00000000        0xc C:/NUCLEO-F446RE/BTLD/Build/Object/Startup/startup_stm32f103.o
 .debug_macro   0x00000000      0xa66 C:/NUCLEO-F446RE/BTLD/Build/Object/Startup/startup_stm32f103.o
 .group         0x00000000        0xc C:/NUCLEO-F446RE/BTLD/Build/Object/Src/main.o
 .group         0x00000000        0xc C:/NUCLEO-F446RE/BTLD/Build/Object/Src/main.o
 .group         0x00000000        0xc C:/NUCLEO-F446RE/BTLD/Build/Object/Src/main.o
 .group         0x00000000        0xc C:/NUCLEO-F446RE/BTLD/Build/Object/Src/main.o
 .group         0x00000000        0xc C:/NUCLEO-F446RE/BTLD/Build/Object/Src/main.o
 .group         0x00000000        0xc C:/NUCLEO-F446RE/BTLD/Build/Object/Src/main.o
 .group         0x00000000        0xc C:/NUCLEO-F446RE/BTLD/Build/Object/Src/main.o
 .group         0x00000000        0xc C:/NUCLEO-F446RE/BTLD/Build/Object/Src/main.o
 .group         0x00000000        0xc C:/NUCLEO-F446RE/BTLD/Build/Object/Src/main.o
 .debug_macro   0x00000000      0xa66 C:/NUCLEO-F446RE/BTLD/Build/Object/Src/main.o
 .debug_macro   0x00000000       0x10 C:/NUCLEO-F446RE/BTLD/Build/Object/Src/main.o
 .debug_macro   0x00000000       0x22 C:/NUCLEO-F446RE/BTLD/Build/Object/Src/main.o
 .debug_macro   0x00000000       0x94 C:/NUCLEO-F446RE/BTLD/Build/Object/Src/main.o
 .debug_macro   0x00000000       0x6a C:/NUCLEO-F446RE/BTLD/Build/Object/Src/main.o
 .debug_macro   0x00000000       0x10 C:/NUCLEO-F446RE/BTLD/Build/Object/Src/main.o

Memory Configuration

Name             Origin             Length             Attributes
FLASH            0x08004000         0x00004000         xr
RAM              0x20000000         0x00020000         xrw
*default*        0x00000000         0xffffffff

Linker script and memory map

                0x20020000                _estack = (ORIGIN (RAM) + LENGTH (RAM))
                0x00000200                _Min_Heap_Size = 0x200
                0x00001000                _Min_Stack_Size = 0x1000

.isr_vector     0x08004000      0x178
                0x08004000                . = ALIGN (0x4)
 *(.isr_vector)
 .isr_vector    0x08004000      0x178 C:/NUCLEO-F446RE/BTLD/Build/Object/Startup/startup_stm32f103.o
                0x08004000                Vector_Table
                0x08004178                . = ALIGN (0x4)

.text           0x08004178     0x1520
                0x08004178                . = ALIGN (0x4)
 *(.text)
 .text          0x08004178        0x0 C:/NUCLEO-F446RE/BTLD/Build/Object/MCAL/RCC/src/RCC_program.o
 .text          0x08004178        0x0 C:/NUCLEO-F446RE/BTLD/Build/Object/MCAL/NVIC/src/NVIC_program.o
 .text          0x08004178        0x0 C:/NUCLEO-F446RE/BTLD/Build/Object/MCAL/SysTick/src/SysTick_program.o
 .text          0x08004178        0x0 C:/NUCLEO-F446RE/BTLD/Build/Object/MCAL/GPIO/src/GPIO_program.o
 .text          0x08004178        0x0 C:/NUCLEO-F446RE/BTLD/Build/Object/MCAL/UART/src/UART.o
 .text          0x08004178        0x0 C:/NUCLEO-F446RE/BTLD/Build/Object/MCAL/FLASH/src/FLASH.o
 .text          0x08004178        0x0 C:/NUCLEO-F446RE/BTLD/Build/Object/Parse/Parse.o
 .text          0x08004178        0x0 C:/NUCLEO-F446RE/BTLD/Build/Object/Startup/startup_stm32f103.o
 .text          0x08004178        0x0 C:/NUCLEO-F446RE/BTLD/Build/Object/Src/main.o
 *(.text*)
 .text.RCC_EnableHSI
                0x08004178       0x30 C:/NUCLEO-F446RE/BTLD/Build/Object/MCAL/RCC/src/RCC_program.o
 .text.RCC_EnableHSE
                0x080041a8       0x30 C:/NUCLEO-F446RE/BTLD/Build/Object/MCAL/RCC/src/RCC_program.o
 .text.RCC_EnablePLL
                0x080041d8       0x30 C:/NUCLEO-F446RE/BTLD/Build/Object/MCAL/RCC/src/RCC_program.o
 .text.RCC_DisablePLL
                0x08004208       0x30 C:/NUCLEO-F446RE/BTLD/Build/Object/MCAL/RCC/src/RCC_program.o
 .text.RCC_SelectSystemClock
                0x08004238       0x4c C:/NUCLEO-F446RE/BTLD/Build/Object/MCAL/RCC/src/RCC_program.o
 .text.RCC_ConfigPLL
                0x08004284       0x78 C:/NUCLEO-F446RE/BTLD/Build/Object/MCAL/RCC/src/RCC_program.o
 .text.RCC_SetAHBPrescaler
                0x080042fc       0x38 C:/NUCLEO-F446RE/BTLD/Build/Object/MCAL/RCC/src/RCC_program.o
 .text.RCC_SetAPB1Prescaler
                0x08004334       0x38 C:/NUCLEO-F446RE/BTLD/Build/Object/MCAL/RCC/src/RCC_program.o
 .text.RCC_SetAPB2Prescaler
                0x0800436c       0x38 C:/NUCLEO-F446RE/BTLD/Build/Object/MCAL/RCC/src/RCC_program.o
 .text.RCC_Init
                0x080043a4       0x8e C:/NUCLEO-F446RE/BTLD/Build/Object/MCAL/RCC/src/RCC_program.o
                0x080043a4                RCC_Init
 *fill*         0x08004432        0x2 
 .text.RCC_EnableClock
                0x08004434       0xc0 C:/NUCLEO-F446RE/BTLD/Build/Object/MCAL/RCC/src/RCC_program.o
                0x08004434                RCC_EnableClock
 .text.RCC_DisableClock
                0x080044f4       0xcc C:/NUCLEO-F446RE/BTLD/Build/Object/MCAL/RCC/src/RCC_program.o
                0x080044f4                RCC_DisableClock
 .text.NVIC_EnableInterrupt
                0x080045c0       0x54 C:/NUCLEO-F446RE/BTLD/Build/Object/MCAL/NVIC/src/NVIC_program.o
                0x080045c0                NVIC_EnableInterrupt
 .text.NVIC_DisableInterrupt
                0x08004614       0x54 C:/NUCLEO-F446RE/BTLD/Build/Object/MCAL/NVIC/src/NVIC_program.o
                0x08004614                NVIC_DisableInterrupt
 .text.NVIC_SetPendingFlag
                0x08004668       0x54 C:/NUCLEO-F446RE/BTLD/Build/Object/MCAL/NVIC/src/NVIC_program.o
                0x08004668                NVIC_SetPendingFlag
 .text.NVIC_ClearPendingFlag
                0x080046bc       0x54 C:/NUCLEO-F446RE/BTLD/Build/Object/MCAL/NVIC/src/NVIC_program.o
                0x080046bc                NVIC_ClearPendingFlag
 .text.NVIC_GetActiveInterrupt
                0x08004710       0x6c C:/NUCLEO-F446RE/BTLD/Build/Object/MCAL/NVIC/src/NVIC_program.o
                0x08004710                NVIC_GetActiveInterrupt
 .text.NVIC_SetPriority
                0x0800477c       0x68 C:/NUCLEO-F446RE/BTLD/Build/Object/MCAL/NVIC/src/NVIC_program.o
                0x0800477c                NVIC_SetPriority
 .text.SysTick_voidInit
                0x080047e4       0x1c C:/NUCLEO-F446RE/BTLD/Build/Object/MCAL/SysTick/src/SysTick_program.o
                0x080047e4                SysTick_voidInit
 .text.SysTick_voidSetBusyWait
                0x08004800       0x54 C:/NUCLEO-F446RE/BTLD/Build/Object/MCAL/SysTick/src/SysTick_program.o
                0x08004800                SysTick_voidSetBusyWait
 .text.SysTick_voidSetIntervalSingle
                0x08004854       0x58 C:/NUCLEO-F446RE/BTLD/Build/Object/MCAL/SysTick/src/SysTick_program.o
                0x08004854                SysTick_voidSetIntervalSingle
 .text.SysTick_voidSetIntervalPeriodoc
                0x080048ac       0x64 C:/NUCLEO-F446RE/BTLD/Build/Object/MCAL/SysTick/src/SysTick_program.o
                0x080048ac                SysTick_voidSetIntervalPeriodoc
 .text.SysTick_voidStopTimer
                0x08004910       0x1c C:/NUCLEO-F446RE/BTLD/Build/Object/MCAL/SysTick/src/SysTick_program.o
                0x08004910                SysTick_voidStopTimer
 .text.SysTick_GetElapsedTime
                0x0800492c       0x20 C:/NUCLEO-F446RE/BTLD/Build/Object/MCAL/SysTick/src/SysTick_program.o
                0x0800492c                SysTick_GetElapsedTime
 .text.SysTick_GetRemaningTime
                0x0800494c       0x18 C:/NUCLEO-F446RE/BTLD/Build/Object/MCAL/SysTick/src/SysTick_program.o
                0x0800494c                SysTick_GetRemaningTime
 .text.SysTick_Handler
                0x08004964       0x14 C:/NUCLEO-F446RE/BTLD/Build/Object/MCAL/SysTick/src/SysTick_program.o
                0x08004964                SysTick_Handler
 .text.GPIO_GetPort
                0x08004978       0x88 C:/NUCLEO-F446RE/BTLD/Build/Object/MCAL/GPIO/src/GPIO_program.o
 .text.GPIO_InitPin
                0x08004a00      0x106 C:/NUCLEO-F446RE/BTLD/Build/Object/MCAL/GPIO/src/GPIO_program.o
                0x08004a00                GPIO_InitPin
 .text.GPIO_WritePin
                0x08004b06       0x60 C:/NUCLEO-F446RE/BTLD/Build/Object/MCAL/GPIO/src/GPIO_program.o
                0x08004b06                GPIO_WritePin
 .text.GPIO_TogglePin
                0x08004b66       0x4a C:/NUCLEO-F446RE/BTLD/Build/Object/MCAL/GPIO/src/GPIO_program.o
                0x08004b66                GPIO_TogglePin
 .text.GPIO_ReadPin
                0x08004bb0       0x4e C:/NUCLEO-F446RE/BTLD/Build/Object/MCAL/GPIO/src/GPIO_program.o
                0x08004bb0                GPIO_ReadPin
 *fill*         0x08004bfe        0x2 
 .text.GPIO_SetAF
                0x08004c00      0x118 C:/NUCLEO-F446RE/BTLD/Build/Object/MCAL/GPIO/src/GPIO_program.o
                0x08004c00                GPIO_SetAF
 .text.Get_BASE_ADD
                0x08004d18       0x50 C:/NUCLEO-F446RE/BTLD/Build/Object/MCAL/UART/src/UART.o
                0x08004d18                Get_BASE_ADD
 .text.UART_Init
                0x08004d68      0x134 C:/NUCLEO-F446RE/BTLD/Build/Object/MCAL/UART/src/UART.o
                0x08004d68                UART_Init
 .text.UART_SendByte
                0x08004e9c       0x3c C:/NUCLEO-F446RE/BTLD/Build/Object/MCAL/UART/src/UART.o
                0x08004e9c                UART_SendByte
 .text.UART_SendString
                0x08004ed8       0x32 C:/NUCLEO-F446RE/BTLD/Build/Object/MCAL/UART/src/UART.o
                0x08004ed8                UART_SendString
 .text.UART_ReceiveByte
                0x08004f0a       0x34 C:/NUCLEO-F446RE/BTLD/Build/Object/MCAL/UART/src/UART.o
                0x08004f0a                UART_ReceiveByte
 .text.UART_ReceiveByte_Timeout
                0x08004f3e       0x4a C:/NUCLEO-F446RE/BTLD/Build/Object/MCAL/UART/src/UART.o
                0x08004f3e                UART_ReceiveByte_Timeout
 .text.UART_voidSendNumber
                0x08004f88       0x90 C:/NUCLEO-F446RE/BTLD/Build/Object/MCAL/UART/src/UART.o
                0x08004f88                UART_voidSendNumber
 .text.USART2_IRQHandler
                0x08005018       0x7c C:/NUCLEO-F446RE/BTLD/Build/Object/MCAL/UART/src/UART.o
                0x08005018                USART2_IRQHandler
 .text.FlashDrv_Unlock
                0x08005094       0x34 C:/NUCLEO-F446RE/BTLD/Build/Object/MCAL/FLASH/src/FLASH.o
                0x08005094                FlashDrv_Unlock
 .text.FlashDrv_Lock
                0x080050c8       0x20 C:/NUCLEO-F446RE/BTLD/Build/Object/MCAL/FLASH/src/FLASH.o
                0x080050c8                FlashDrv_Lock
 .text.FlashDrv_ClearErrors
                0x080050e8       0x18 C:/NUCLEO-F446RE/BTLD/Build/Object/MCAL/FLASH/src/FLASH.o
                0x080050e8                FlashDrv_ClearErrors
 .text.FlashDrv_WaitForLastOperation
                0x08005100       0x54 C:/NUCLEO-F446RE/BTLD/Build/Object/MCAL/FLASH/src/FLASH.o
 .text.FlashDrv_GetSector
                0x08005154       0x88 C:/NUCLEO-F446RE/BTLD/Build/Object/MCAL/FLASH/src/FLASH.o
                0x08005154                FlashDrv_GetSector
 .text.FlashDrv_EraseSector
                0x080051dc       0x60 C:/NUCLEO-F446RE/BTLD/Build/Object/MCAL/FLASH/src/FLASH.o
                0x080051dc                FlashDrv_EraseSector
 .text.FlashDrv_EraseRange
                0x0800523c       0xc4 C:/NUCLEO-F446RE/BTLD/Build/Object/MCAL/FLASH/src/FLASH.o
                0x0800523c                FlashDrv_EraseRange
 .text.FlashDrv_ProgramHalfWord
                0x08005300       0x68 C:/NUCLEO-F446RE/BTLD/Build/Object/MCAL/FLASH/src/FLASH.o
                0x08005300                FlashDrv_ProgramHalfWord
 .text.FlashDrv_ProgramWord
                0x08005368       0x70 C:/NUCLEO-F446RE/BTLD/Build/Object/MCAL/FLASH/src/FLASH.o
                0x08005368                FlashDrv_ProgramWord
 .text.FlashDrv_ProgramBuffer
                0x080053d8       0xe6 C:/NUCLEO-F446RE/BTLD/Build/Object/MCAL/FLASH/src/FLASH.o
                0x080053d8                FlashDrv_ProgramBuffer
 .text.FlashDrv_Verify
                0x080054be       0x4e C:/NUCLEO-F446RE/BTLD/Build/Object/MCAL/FLASH/src/FLASH.o
                0x080054be                FlashDrv_Verify
 .text.FlashDrv_PrepareForWrite
                0x0800550c       0x10 C:/NUCLEO-F446RE/BTLD/Build/Object/MCAL/FLASH/src/FLASH.o
                0x0800550c                FlashDrv_PrepareForWrite
 .text.FlashDrv_FinishWrite
                0x0800551c       0x10 C:/NUCLEO-F446RE/BTLD/Build/Object/MCAL/FLASH/src/FLASH.o
                0x0800551c                FlashDrv_FinishWrite
 .text.Reset_Handler
                0x0800552c       0x94 C:/NUCLEO-F446RE/BTLD/Build/Object/Startup/startup_stm32f103.o
                0x0800552c                Reset_Handler
 .text.Default_Handler
                0x080055c0        0x6 C:/NUCLEO-F446RE/BTLD/Build/Object/Startup/startup_stm32f103.o
                0x080055c0                RTC_Alarm_IRQHandler
                0x080055c0                EXTI2_IRQHandler
                0x080055c0                TIM8_CC_IRQHandler
                0x080055c0                DebugMon_Handler
                0x080055c0                SPI4_IRQHandler
                0x080055c0                TIM1_CC_IRQHandler
                0x080055c0                DMA2_Stream5_IRQHandler
                0x080055c0                HardFault_Handler
                0x080055c0                DMA1_Stream5_IRQHandler
                0x080055c0                PVD_IRQHandler
                0x080055c0                SDIO_IRQHandler
                0x080055c0                TAMP_STAMP_IRQHandler
                0x080055c0                PendSV_Handler
                0x080055c0                NMI_Handler
                0x080055c0                CAN2_RX1_IRQHandler
                0x080055c0                EXTI3_IRQHandler
                0x080055c0                TIM8_TRG_COM_TIM14_IRQHandler
                0x080055c0                TIM1_UP_TIM10_IRQHandler
                0x080055c0                TIM8_UP_TIM13_IRQHandler
                0x080055c0                I2C3_ER_IRQHandler
                0x080055c0                EXTI0_IRQHandler
                0x080055c0                I2C2_EV_IRQHandler
                0x080055c0                DMA1_Stream2_IRQHandler
                0x080055c0                CAN1_RX0_IRQHandler
                0x080055c0                FPU_IRQHandler
                0x080055c0                UsageFault_Handler
                0x080055c0                CAN2_SCE_IRQHandler
                0x080055c0                DMA2_Stream2_IRQHandler
                0x080055c0                SPI1_IRQHandler
                0x080055c0                TIM6_DAC_IRQHandler
                0x080055c0                TIM1_BRK_TIM9_IRQHandler
                0x080055c0                CAN2_RX0_IRQHandler
                0x080055c0                DMA2_Stream3_IRQHandler
                0x080055c0                USART6_IRQHandler
                0x080055c0                USART3_IRQHandler
                0x080055c0                CAN1_RX1_IRQHandler
                0x080055c0                UART5_IRQHandler
                0x080055c0                DMA2_Stream0_IRQHandler
                0x080055c0                TIM4_IRQHandler
                0x080055c0                I2C1_EV_IRQHandler
                0x080055c0                DMA1_Stream6_IRQHandler
                0x080055c0                DMA1_Stream1_IRQHandler
                0x080055c0                UART4_IRQHandler
                0x080055c0                TIM3_IRQHandler
                0x080055c0                RCC_IRQHandler
                0x080055c0                TIM8_BRK_TIM12_IRQHandler
                0x080055c0                Default_Handler
                0x080055c0                EXTI15_10_IRQHandler
                0x080055c0                ADC_IRQHandler
                0x080055c0                DMA1_Stream7_IRQHandler
                0x080055c0                SPI5_IRQHandler
                0x080055c0                TIM7_IRQHandler
                0x080055c0                CAN2_TX_IRQHandler
                0x080055c0                TIM5_IRQHandler
                0x080055c0                DMA2_Stream7_IRQHandler
                0x080055c0                I2C3_EV_IRQHandler
                0x080055c0                EXTI9_5_IRQHandler
                0x080055c0                RTC_WKUP_IRQHandler
                0x080055c0                SPI2_IRQHandler
                0x080055c0                MemManage_Handler
                0x080055c0                DMA1_Stream0_IRQHandler
                0x080055c0                CAN1_TX_IRQHandler
                0x080055c0                SVC_Handler
                0x080055c0                EXTI4_IRQHandler
                0x080055c0                WWDG_IRQHandler
                0x080055c0                SPI6_IRQHandler
                0x080055c0                TIM2_IRQHandler
                0x080055c0                OTG_FS_WKUP_IRQHandler
                0x080055c0                TIM1_TRG_COM_TIM11_IRQHandler
                0x080055c0                DMA2D_IRQHandler
                0x080055c0                EXTI1_IRQHandler
                0x080055c0                I2C2_ER_IRQHandler
                0x080055c0                DMA2_Stream1_IRQHandler
                0x080055c0                CAN1_SCE_IRQHandler
                0x080055c0                FLASH_IRQHandler
                0x080055c0                DMA2_Stream4_IRQHandler
                0x080055c0                BusFault_Handler
                0x080055c0                USART1_IRQHandler
                0x080055c0                OTG_FS_IRQHandler
                0x080055c0                SPI3_IRQHandler
                0x080055c0                DMA1_Stream4_IRQHandler
                0x080055c0                I2C1_ER_IRQHandler
                0x080055c0                FMC_IRQHandler
                0x080055c0                DMA2_Stream6_IRQHandler
                0x080055c0                SAI1_IRQHandler
                0x080055c0                DMA1_Stream3_IRQHandler
 *fill*         0x080055c6        0x2 
 .text.main     0x080055c8       0x48 C:/NUCLEO-F446RE/BTLD/Build/Object/Src/main.o
                0x080055c8                main
 .text.APP_init
                0x08005610       0x1c C:/NUCLEO-F446RE/BTLD/Build/Object/Src/main.o
                0x08005610                APP_init
 .text.GPIO_PIN_CONFIG
                0x0800562c       0x48 C:/NUCLEO-F446RE/BTLD/Build/Object/Src/main.o
                0x0800562c                GPIO_PIN_CONFIG
 .text.SystemInit
                0x08005674       0x24 C:/NUCLEO-F446RE/BTLD/Build/Object/Src/main.o
                0x08005674                SystemInit
                0x08005698                . = ALIGN (0x4)
                0x08005698                _etext = .

.glue_7         0x08005698        0x0
 .glue_7        0x08005698        0x0 linker stubs

.glue_7t        0x08005698        0x0
 .glue_7t       0x08005698        0x0 linker stubs

.vfp11_veneer   0x08005698        0x0
 .vfp11_veneer  0x08005698        0x0 linker stubs

.v4_bx          0x08005698        0x0
 .v4_bx         0x08005698        0x0 linker stubs

.iplt           0x08005698        0x0
 .iplt          0x08005698        0x0 C:/NUCLEO-F446RE/BTLD/Build/Object/MCAL/RCC/src/RCC_program.o

.rodata         0x08005698       0x7c
                0x08005698                . = ALIGN (0x4)
 *(.rodata)
 .rodata        0x08005698        0x9 C:/NUCLEO-F446RE/BTLD/Build/Object/Src/main.o
 *(.rodata*)
 *fill*         0x080056a1        0x3 
 .rodata.MSP_Value
                0x080056a4        0x4 C:/NUCLEO-F446RE/BTLD/Build/Object/Startup/startup_stm32f103.o
                0x080056a4                MSP_Value
 .rodata.asciiToHex
                0x080056a8       0x69 C:/NUCLEO-F446RE/BTLD/Build/Object/Src/main.o
                0x08005714                . = ALIGN (0x4)
 *fill*         0x08005711        0x3 
                0x08005714                _sidata = LOADADDR (.data)

.rel.dyn        0x08005714        0x0
 .rel.iplt      0x08005714        0x0 C:/NUCLEO-F446RE/BTLD/Build/Object/MCAL/RCC/src/RCC_program.o

.data           0x20000000       0x14 load address 0x08005714
                0x20000000                . = ALIGN (0x4)
                0x20000000                _sdata = .
 *(.data)
 .data          0x20000000        0x0 C:/NUCLEO-F446RE/BTLD/Build/Object/MCAL/RCC/src/RCC_program.o
 .data          0x20000000        0x0 C:/NUCLEO-F446RE/BTLD/Build/Object/MCAL/NVIC/src/NVIC_program.o
 .data          0x20000000        0x0 C:/NUCLEO-F446RE/BTLD/Build/Object/MCAL/SysTick/src/SysTick_program.o
 .data          0x20000000        0x0 C:/NUCLEO-F446RE/BTLD/Build/Object/MCAL/GPIO/src/GPIO_program.o
 .data          0x20000000        0x0 C:/NUCLEO-F446RE/BTLD/Build/Object/MCAL/UART/src/UART.o
 .data          0x20000000        0x0 C:/NUCLEO-F446RE/BTLD/Build/Object/MCAL/FLASH/src/FLASH.o
 .data          0x20000000        0x0 C:/NUCLEO-F446RE/BTLD/Build/Object/Parse/Parse.o
 .data          0x20000000        0x0 C:/NUCLEO-F446RE/BTLD/Build/Object/Startup/startup_stm32f103.o
 .data          0x20000000        0x0 C:/NUCLEO-F446RE/BTLD/Build/Object/Src/main.o
 *(.data*)
 .data.processing_buffer
                0x20000000        0x4 C:/NUCLEO-F446RE/BTLD/Build/Object/Src/main.o
                0x20000000                processing_buffer
 .data.current_buffer
                0x20000004        0x4 C:/NUCLEO-F446RE/BTLD/Build/Object/Src/main.o
                0x20000004                current_buffer
 .data.Uart_configuration
                0x20000008        0xc C:/NUCLEO-F446RE/BTLD/Build/Object/Src/main.o
                0x20000008                Uart_configuration
                0x20000014                . = ALIGN (0x4)
                0x20000014                _edata = .

.igot.plt       0x20000014        0x0 load address 0x08005728
 .igot.plt      0x20000014        0x0 C:/NUCLEO-F446RE/BTLD/Build/Object/MCAL/RCC/src/RCC_program.o

.bss            0x20000014       0x98 load address 0x08005728
                0x20000014                _sbss = .
 *(.bss)
 .bss           0x20000014        0x0 C:/NUCLEO-F446RE/BTLD/Build/Object/MCAL/RCC/src/RCC_program.o
 .bss           0x20000014        0x0 C:/NUCLEO-F446RE/BTLD/Build/Object/MCAL/NVIC/src/NVIC_program.o
 .bss           0x20000014        0x0 C:/NUCLEO-F446RE/BTLD/Build/Object/MCAL/SysTick/src/SysTick_program.o
 .bss           0x20000014        0x0 C:/NUCLEO-F446RE/BTLD/Build/Object/MCAL/GPIO/src/GPIO_program.o
 .bss           0x20000014        0x0 C:/NUCLEO-F446RE/BTLD/Build/Object/MCAL/UART/src/UART.o
 .bss           0x20000014        0x0 C:/NUCLEO-F446RE/BTLD/Build/Object/MCAL/FLASH/src/FLASH.o
 .bss           0x20000014        0x0 C:/NUCLEO-F446RE/BTLD/Build/Object/Parse/Parse.o
 .bss           0x20000014        0x0 C:/NUCLEO-F446RE/BTLD/Build/Object/Startup/startup_stm32f103.o
 .bss           0x20000014        0x0 C:/NUCLEO-F446RE/BTLD/Build/Object/Src/main.o
 *(.bss*)
 .bss.Local_PvFunction
                0x20000014        0x4 C:/NUCLEO-F446RE/BTLD/Build/Object/MCAL/SysTick/src/SysTick_program.o
 .bss.rx_test   0x20000018        0x1 C:/NUCLEO-F446RE/BTLD/Build/Object/MCAL/UART/src/UART.o
                0x20000018                rx_test
 *fill*         0x20000019        0x3 
 .bss.lineBufferA
                0x2000001c       0x40 C:/NUCLEO-F446RE/BTLD/Build/Object/Src/main.o
                0x2000001c                lineBufferA
 .bss.lineBufferB
                0x2000005c       0x40 C:/NUCLEO-F446RE/BTLD/Build/Object/Src/main.o
                0x2000005c                lineBufferB
 .bss.Receive_Uart
                0x2000009c        0x1 C:/NUCLEO-F446RE/BTLD/Build/Object/Src/main.o
                0x2000009c                Receive_Uart
 .bss.line_ready
                0x2000009d        0x1 C:/NUCLEO-F446RE/BTLD/Build/Object/Src/main.o
                0x2000009d                line_ready
 *fill*         0x2000009e        0x2 
 .bss.RCC_Configuration
                0x200000a0        0xc C:/NUCLEO-F446RE/BTLD/Build/Object/Src/main.o
                0x200000a0                RCC_Configuration
                0x200000ac                . = ALIGN (0x4)
                0x200000ac                _ebss = .

._user_heap_stack
                0x200000ac     0x1204 load address 0x08005728
                0x200000b0                . = ALIGN (0x8)
 *fill*         0x200000ac        0x4 
                0x200002b0                . = (. + _Min_Heap_Size)
 *fill*         0x200000b0      0x200 
                0x200012b0                . = (. + _Min_Stack_Size)
 *fill*         0x200002b0     0x1000 
                0x200012b0                . = ALIGN (0x8)
LOAD C:/NUCLEO-F446RE/BTLD/Build/Object/MCAL/RCC/src/RCC_program.o
LOAD C:/NUCLEO-F446RE/BTLD/Build/Object/MCAL/NVIC/src/NVIC_program.o
LOAD C:/NUCLEO-F446RE/BTLD/Build/Object/MCAL/SysTick/src/SysTick_program.o
LOAD C:/NUCLEO-F446RE/BTLD/Build/Object/MCAL/GPIO/src/GPIO_program.o
LOAD C:/NUCLEO-F446RE/BTLD/Build/Object/MCAL/UART/src/UART.o
LOAD C:/NUCLEO-F446RE/BTLD/Build/Object/MCAL/FLASH/src/FLASH.o
LOAD C:/NUCLEO-F446RE/BTLD/Build/Object/Parse/Parse.o
LOAD C:/NUCLEO-F446RE/BTLD/Build/Object/Startup/startup_stm32f103.o
LOAD C:/NUCLEO-F446RE/BTLD/Build/Object/Src/main.o
OUTPUT(C:/NUCLEO-F446RE/BTLD/Tools/BTLD.elf elf32-littlearm)
LOAD linker stubs

.debug_info     0x00000000     0x1fdb
 .debug_info    0x00000000      0x3e2 C:/NUCLEO-F446RE/BTLD/Build/Object/MCAL/RCC/src/RCC_program.o
 .debug_info    0x000003e2      0x303 C:/NUCLEO-F446RE/BTLD/Build/Object/MCAL/NVIC/src/NVIC_program.o
 .debug_info    0x000006e5      0x26b C:/NUCLEO-F446RE/BTLD/Build/Object/MCAL/SysTick/src/SysTick_program.o
 .debug_info    0x00000950      0x531 C:/NUCLEO-F446RE/BTLD/Build/Object/MCAL/GPIO/src/GPIO_program.o
 .debug_info    0x00000e81      0x4c7 C:/NUCLEO-F446RE/BTLD/Build/Object/MCAL/UART/src/UART.o
 .debug_info    0x00001348      0x3d7 C:/NUCLEO-F446RE/BTLD/Build/Object/MCAL/FLASH/src/FLASH.o
 .debug_info    0x0000171f       0x21 C:/NUCLEO-F446RE/BTLD/Build/Object/Parse/Parse.o
 .debug_info    0x00001740      0x148 C:/NUCLEO-F446RE/BTLD/Build/Object/Startup/startup_stm32f103.o
 .debug_info    0x00001888      0x753 C:/NUCLEO-F446RE/BTLD/Build/Object/Src/main.o

.debug_abbrev   0x00000000      0x95e
 .debug_abbrev  0x00000000      0x134 C:/NUCLEO-F446RE/BTLD/Build/Object/MCAL/RCC/src/RCC_program.o
 .debug_abbrev  0x00000134      0x12e C:/NUCLEO-F446RE/BTLD/Build/Object/MCAL/NVIC/src/NVIC_program.o
 .debug_abbrev  0x00000262      0x144 C:/NUCLEO-F446RE/BTLD/Build/Object/MCAL/SysTick/src/SysTick_program.o
 .debug_abbrev  0x000003a6      0x129 C:/NUCLEO-F446RE/BTLD/Build/Object/MCAL/GPIO/src/GPIO_program.o
 .debug_abbrev  0x000004cf      0x157 C:/NUCLEO-F446RE/BTLD/Build/Object/MCAL/UART/src/UART.o
 .debug_abbrev  0x00000626      0x121 C:/NUCLEO-F446RE/BTLD/Build/Object/MCAL/FLASH/src/FLASH.o
 .debug_abbrev  0x00000747       0x13 C:/NUCLEO-F446RE/BTLD/Build/Object/Parse/Parse.o
 .debug_abbrev  0x0000075a       0xe3 C:/NUCLEO-F446RE/BTLD/Build/Object/Startup/startup_stm32f103.o
 .debug_abbrev  0x0000083d      0x121 C:/NUCLEO-F446RE/BTLD/Build/Object/Src/main.o

.debug_aranges  0x00000000      0x2b0
 .debug_aranges
                0x00000000       0x78 C:/NUCLEO-F446RE/BTLD/Build/Object/MCAL/RCC/src/RCC_program.o
 .debug_aranges
                0x00000078       0x48 C:/NUCLEO-F446RE/BTLD/Build/Object/MCAL/NVIC/src/NVIC_program.o
 .debug_aranges
                0x000000c0       0x58 C:/NUCLEO-F446RE/BTLD/Build/Object/MCAL/SysTick/src/SysTick_program.o
 .debug_aranges
                0x00000118       0x48 C:/NUCLEO-F446RE/BTLD/Build/Object/MCAL/GPIO/src/GPIO_program.o
 .debug_aranges
                0x00000160       0x58 C:/NUCLEO-F446RE/BTLD/Build/Object/MCAL/UART/src/UART.o
 .debug_aranges
                0x000001b8       0x80 C:/NUCLEO-F446RE/BTLD/Build/Object/MCAL/FLASH/src/FLASH.o
 .debug_aranges
                0x00000238       0x18 C:/NUCLEO-F446RE/BTLD/Build/Object/Parse/Parse.o
 .debug_aranges
                0x00000250       0x28 C:/NUCLEO-F446RE/BTLD/Build/Object/Startup/startup_stm32f103.o
 .debug_aranges
                0x00000278       0x38 C:/NUCLEO-F446RE/BTLD/Build/Object/Src/main.o

.debug_ranges   0x00000000      0x218
 .debug_ranges  0x00000000       0x68 C:/NUCLEO-F446RE/BTLD/Build/Object/MCAL/RCC/src/RCC_program.o
 .debug_ranges  0x00000068       0x38 C:/NUCLEO-F446RE/BTLD/Build/Object/MCAL/NVIC/src/NVIC_program.o
 .debug_ranges  0x000000a0       0x48 C:/NUCLEO-F446RE/BTLD/Build/Object/MCAL/SysTick/src/SysTick_program.o
 .debug_ranges  0x000000e8       0x38 C:/NUCLEO-F446RE/BTLD/Build/Object/MCAL/GPIO/src/GPIO_program.o
 .debug_ranges  0x00000120       0x48 C:/NUCLEO-F446RE/BTLD/Build/Object/MCAL/UART/src/UART.o
 .debug_ranges  0x00000168       0x70 C:/NUCLEO-F446RE/BTLD/Build/Object/MCAL/FLASH/src/FLASH.o
 .debug_ranges  0x000001d8       0x18 C:/NUCLEO-F446RE/BTLD/Build/Object/Startup/startup_stm32f103.o
 .debug_ranges  0x000001f0       0x28 C:/NUCLEO-F446RE/BTLD/Build/Object/Src/main.o

.debug_macro    0x00000000     0x1053
 .debug_macro   0x00000000       0x32 C:/NUCLEO-F446RE/BTLD/Build/Object/MCAL/RCC/src/RCC_program.o
 .debug_macro   0x00000032      0xa66 C:/NUCLEO-F446RE/BTLD/Build/Object/MCAL/RCC/src/RCC_program.o
 .debug_macro   0x00000a98       0x10 C:/NUCLEO-F446RE/BTLD/Build/Object/MCAL/RCC/src/RCC_program.o
 .debug_macro   0x00000aa8       0x22 C:/NUCLEO-F446RE/BTLD/Build/Object/MCAL/RCC/src/RCC_program.o
 .debug_macro   0x00000aca       0x94 C:/NUCLEO-F446RE/BTLD/Build/Object/MCAL/RCC/src/RCC_program.o
 .debug_macro   0x00000b5e       0x49 C:/NUCLEO-F446RE/BTLD/Build/Object/MCAL/NVIC/src/NVIC_program.o
 .debug_macro   0x00000ba7       0x58 C:/NUCLEO-F446RE/BTLD/Build/Object/MCAL/NVIC/src/NVIC_program.o
 .debug_macro   0x00000bff       0x10 C:/NUCLEO-F446RE/BTLD/Build/Object/MCAL/NVIC/src/NVIC_program.o
 .debug_macro   0x00000c0f       0x3b C:/NUCLEO-F446RE/BTLD/Build/Object/MCAL/SysTick/src/SysTick_program.o
 .debug_macro   0x00000c4a       0x22 C:/NUCLEO-F446RE/BTLD/Build/Object/MCAL/SysTick/src/SysTick_program.o
 .debug_macro   0x00000c6c       0x2e C:/NUCLEO-F446RE/BTLD/Build/Object/MCAL/SysTick/src/SysTick_program.o
 .debug_macro   0x00000c9a       0x3b C:/NUCLEO-F446RE/BTLD/Build/Object/MCAL/GPIO/src/GPIO_program.o
 .debug_macro   0x00000cd5       0x6a C:/NUCLEO-F446RE/BTLD/Build/Object/MCAL/GPIO/src/GPIO_program.o
 .debug_macro   0x00000d3f       0x10 C:/NUCLEO-F446RE/BTLD/Build/Object/MCAL/GPIO/src/GPIO_program.o
 .debug_macro   0x00000d4f       0x32 C:/NUCLEO-F446RE/BTLD/Build/Object/MCAL/UART/src/UART.o
 .debug_macro   0x00000d81       0x5e C:/NUCLEO-F446RE/BTLD/Build/Object/MCAL/UART/src/UART.o
 .debug_macro   0x00000ddf       0x29 C:/NUCLEO-F446RE/BTLD/Build/Object/MCAL/FLASH/src/FLASH.o
 .debug_macro   0x00000e08       0x9a C:/NUCLEO-F446RE/BTLD/Build/Object/MCAL/FLASH/src/FLASH.o
 .debug_macro   0x00000ea2       0x11 C:/NUCLEO-F446RE/BTLD/Build/Object/Parse/Parse.o
 .debug_macro   0x00000eb3       0x17 C:/NUCLEO-F446RE/BTLD/Build/Object/Startup/startup_stm32f103.o
 .debug_macro   0x00000eca       0x75 C:/NUCLEO-F446RE/BTLD/Build/Object/Src/main.o
 .debug_macro   0x00000f3f       0x64 C:/NUCLEO-F446RE/BTLD/Build/Object/Src/main.o
 .debug_macro   0x00000fa3       0xa0 C:/NUCLEO-F446RE/BTLD/Build/Object/Src/main.o
 .debug_macro   0x00001043       0x10 C:/NUCLEO-F446RE/BTLD/Build/Object/Src/main.o

.debug_line     0x00000000     0x11f7
 .debug_line    0x00000000      0x2c0 C:/NUCLEO-F446RE/BTLD/Build/Object/MCAL/RCC/src/RCC_program.o
 .debug_line    0x000002c0      0x206 C:/NUCLEO-F446RE/BTLD/Build/Object/MCAL/NVIC/src/NVIC_program.o
 .debug_line    0x000004c6      0x1da C:/NUCLEO-F446RE/BTLD/Build/Object/MCAL/SysTick/src/SysTick_program.o
 .debug_line    0x000006a0      0x295 C:/NUCLEO-F446RE/BTLD/Build/Object/MCAL/GPIO/src/GPIO_program.o
 .debug_line    0x00000935      0x2a0 C:/NUCLEO-F446RE/BTLD/Build/Object/MCAL/UART/src/UART.o
 .debug_line    0x00000bd5      0x38b C:/NUCLEO-F446RE/BTLD/Build/Object/MCAL/FLASH/src/FLASH.o
 .debug_line    0x00000f60       0x31 C:/NUCLEO-F446RE/BTLD/Build/Object/Parse/Parse.o
 .debug_line    0x00000f91       0xe1 C:/NUCLEO-F446RE/BTLD/Build/Object/Startup/startup_stm32f103.o
 .debug_line    0x00001072      0x185 C:/NUCLEO-F446RE/BTLD/Build/Object/Src/main.o

.debug_str      0x00000000     0x4ea0
 .debug_str     0x00000000     0x3497 C:/NUCLEO-F446RE/BTLD/Build/Object/MCAL/RCC/src/RCC_program.o
                               0x3515 (size before relaxing)
 .debug_str     0x00003497      0x4c4 C:/NUCLEO-F446RE/BTLD/Build/Object/MCAL/NVIC/src/NVIC_program.o
                               0x3287 (size before relaxing)
 .debug_str     0x0000395b      0x339 C:/NUCLEO-F446RE/BTLD/Build/Object/MCAL/SysTick/src/SysTick_program.o
                               0x30ff (size before relaxing)
 .debug_str     0x00003c94      0x4e9 C:/NUCLEO-F446RE/BTLD/Build/Object/MCAL/GPIO/src/GPIO_program.o
                               0x32a5 (size before relaxing)
 .debug_str     0x0000417d      0x441 C:/NUCLEO-F446RE/BTLD/Build/Object/MCAL/UART/src/UART.o
                               0x322d (size before relaxing)
 .debug_str     0x000045be      0x521 C:/NUCLEO-F446RE/BTLD/Build/Object/MCAL/FLASH/src/FLASH.o
                               0x3260 (size before relaxing)
 .debug_str     0x00004adf       0x11 C:/NUCLEO-F446RE/BTLD/Build/Object/Parse/Parse.o
                               0x2c80 (size before relaxing)
 .debug_str     0x00004af0       0xa5 C:/NUCLEO-F446RE/BTLD/Build/Object/Startup/startup_stm32f103.o
                               0x2d2f (size before relaxing)
 .debug_str     0x00004b95      0x30b C:/NUCLEO-F446RE/BTLD/Build/Object/Src/main.o
                               0x417b (size before relaxing)

.comment        0x00000000       0x49
 .comment       0x00000000       0x49 C:/NUCLEO-F446RE/BTLD/Build/Object/MCAL/RCC/src/RCC_program.o
                                 0x4a (size before relaxing)
 .comment       0x00000049       0x4a C:/NUCLEO-F446RE/BTLD/Build/Object/MCAL/NVIC/src/NVIC_program.o
 .comment       0x00000049       0x4a C:/NUCLEO-F446RE/BTLD/Build/Object/MCAL/SysTick/src/SysTick_program.o
 .comment       0x00000049       0x4a C:/NUCLEO-F446RE/BTLD/Build/Object/MCAL/GPIO/src/GPIO_program.o
 .comment       0x00000049       0x4a C:/NUCLEO-F446RE/BTLD/Build/Object/MCAL/UART/src/UART.o
 .comment       0x00000049       0x4a C:/NUCLEO-F446RE/BTLD/Build/Object/MCAL/FLASH/src/FLASH.o
 .comment       0x00000049       0x4a C:/NUCLEO-F446RE/BTLD/Build/Object/Parse/Parse.o
 .comment       0x00000049       0x4a C:/NUCLEO-F446RE/BTLD/Build/Object/Startup/startup_stm32f103.o
 .comment       0x00000049       0x4a C:/NUCLEO-F446RE/BTLD/Build/Object/Src/main.o

.ARM.attributes
                0x00000000       0x34
 .ARM.attributes
                0x00000000       0x34 C:/NUCLEO-F446RE/BTLD/Build/Object/MCAL/RCC/src/RCC_program.o
 .ARM.attributes
                0x00000034       0x34 C:/NUCLEO-F446RE/BTLD/Build/Object/MCAL/NVIC/src/NVIC_program.o
 .ARM.attributes
                0x00000068       0x34 C:/NUCLEO-F446RE/BTLD/Build/Object/MCAL/SysTick/src/SysTick_program.o
 .ARM.attributes
                0x0000009c       0x34 C:/NUCLEO-F446RE/BTLD/Build/Object/MCAL/GPIO/src/GPIO_program.o
 .ARM.attributes
                0x000000d0       0x34 C:/NUCLEO-F446RE/BTLD/Build/Object/MCAL/UART/src/UART.o
 .ARM.attributes
                0x00000104       0x34 C:/NUCLEO-F446RE/BTLD/Build/Object/MCAL/FLASH/src/FLASH.o
 .ARM.attributes
                0x00000138       0x34 C:/NUCLEO-F446RE/BTLD/Build/Object/Parse/Parse.o
 .ARM.attributes
                0x0000016c       0x34 C:/NUCLEO-F446RE/BTLD/Build/Object/Startup/startup_stm32f103.o
 .ARM.attributes
                0x000001a0       0x34 C:/NUCLEO-F446RE/BTLD/Build/Object/Src/main.o

.debug_frame    0x00000000      0x8c0
 .debug_frame   0x00000000      0x1c8 C:/NUCLEO-F446RE/BTLD/Build/Object/MCAL/RCC/src/RCC_program.o
 .debug_frame   0x000001c8      0x100 C:/NUCLEO-F446RE/BTLD/Build/Object/MCAL/NVIC/src/NVIC_program.o
 .debug_frame   0x000002c8      0x120 C:/NUCLEO-F446RE/BTLD/Build/Object/MCAL/SysTick/src/SysTick_program.o
 .debug_frame   0x000003e8       0xf4 C:/NUCLEO-F446RE/BTLD/Build/Object/MCAL/GPIO/src/GPIO_program.o
 .debug_frame   0x000004dc      0x134 C:/NUCLEO-F446RE/BTLD/Build/Object/MCAL/UART/src/UART.o
 .debug_frame   0x00000610      0x1dc C:/NUCLEO-F446RE/BTLD/Build/Object/MCAL/FLASH/src/FLASH.o
 .debug_frame   0x000007ec       0x48 C:/NUCLEO-F446RE/BTLD/Build/Object/Startup/startup_stm32f103.o
 .debug_frame   0x00000834       0x8c C:/NUCLEO-F446RE/BTLD/Build/Object/Src/main.o
