
Discarded input sections

 .group         0x00000000        0xc C:/Users/s_a_a/Desktop/NUCLEO-F446RE/BTLD/Build/Object/MCAL/RCC/src/RCC_program.o
 .group         0x00000000        0xc C:/Users/s_a_a/Desktop/NUCLEO-F446RE/BTLD/Build/Object/MCAL/RCC/src/RCC_program.o
 .group         0x00000000        0xc C:/Users/s_a_a/Desktop/NUCLEO-F446RE/BTLD/Build/Object/MCAL/RCC/src/RCC_program.o
 .group         0x00000000        0xc C:/Users/s_a_a/Desktop/NUCLEO-F446RE/BTLD/Build/Object/MCAL/RCC/src/RCC_program.o
 .group         0x00000000        0xc C:/Users/s_a_a/Desktop/NUCLEO-F446RE/BTLD/Build/Object/MCAL/NVIC/src/NVIC_program.o
 .group         0x00000000        0xc C:/Users/s_a_a/Desktop/NUCLEO-F446RE/BTLD/Build/Object/MCAL/NVIC/src/NVIC_program.o
 .group         0x00000000        0xc C:/Users/s_a_a/Desktop/NUCLEO-F446RE/BTLD/Build/Object/MCAL/NVIC/src/NVIC_program.o
 .group         0x00000000        0xc C:/Users/s_a_a/Desktop/NUCLEO-F446RE/BTLD/Build/Object/MCAL/NVIC/src/NVIC_program.o
 .group         0x00000000        0xc C:/Users/s_a_a/Desktop/NUCLEO-F446RE/BTLD/Build/Object/MCAL/NVIC/src/NVIC_program.o
 .debug_macro   0x00000000      0xa66 C:/Users/s_a_a/Desktop/NUCLEO-F446RE/BTLD/Build/Object/MCAL/NVIC/src/NVIC_program.o
 .debug_macro   0x00000000       0x1c C:/Users/s_a_a/Desktop/NUCLEO-F446RE/BTLD/Build/Object/MCAL/NVIC/src/NVIC_program.o
 .debug_macro   0x00000000       0x22 C:/Users/s_a_a/Desktop/NUCLEO-F446RE/BTLD/Build/Object/MCAL/NVIC/src/NVIC_program.o
 .group         0x00000000        0xc C:/Users/s_a_a/Desktop/NUCLEO-F446RE/BTLD/Build/Object/MCAL/SysTick/src/SysTick_program.o
 .group         0x00000000        0xc C:/Users/s_a_a/Desktop/NUCLEO-F446RE/BTLD/Build/Object/MCAL/SysTick/src/SysTick_program.o
 .group         0x00000000        0xc C:/Users/s_a_a/Desktop/NUCLEO-F446RE/BTLD/Build/Object/MCAL/SysTick/src/SysTick_program.o
 .group         0x00000000        0xc C:/Users/s_a_a/Desktop/NUCLEO-F446RE/BTLD/Build/Object/MCAL/SysTick/src/SysTick_program.o
 .group         0x00000000        0xc C:/Users/s_a_a/Desktop/NUCLEO-F446RE/BTLD/Build/Object/MCAL/SysTick/src/SysTick_program.o
 .debug_macro   0x00000000      0xa66 C:/Users/s_a_a/Desktop/NUCLEO-F446RE/BTLD/Build/Object/MCAL/SysTick/src/SysTick_program.o
 .debug_macro   0x00000000       0x1c C:/Users/s_a_a/Desktop/NUCLEO-F446RE/BTLD/Build/Object/MCAL/SysTick/src/SysTick_program.o
 .debug_macro   0x00000000       0x22 C:/Users/s_a_a/Desktop/NUCLEO-F446RE/BTLD/Build/Object/MCAL/SysTick/src/SysTick_program.o
 .group         0x00000000        0xc C:/Users/s_a_a/Desktop/NUCLEO-F446RE/BTLD/Build/Object/MCAL/GPIO/src/GPIO_program.o
 .group         0x00000000        0xc C:/Users/s_a_a/Desktop/NUCLEO-F446RE/BTLD/Build/Object/MCAL/GPIO/src/GPIO_program.o
 .group         0x00000000        0xc C:/Users/s_a_a/Desktop/NUCLEO-F446RE/BTLD/Build/Object/MCAL/GPIO/src/GPIO_program.o
 .group         0x00000000        0xc C:/Users/s_a_a/Desktop/NUCLEO-F446RE/BTLD/Build/Object/MCAL/GPIO/src/GPIO_program.o
 .group         0x00000000        0xc C:/Users/s_a_a/Desktop/NUCLEO-F446RE/BTLD/Build/Object/MCAL/GPIO/src/GPIO_program.o
 .debug_macro   0x00000000      0xa66 C:/Users/s_a_a/Desktop/NUCLEO-F446RE/BTLD/Build/Object/MCAL/GPIO/src/GPIO_program.o
 .debug_macro   0x00000000       0x1c C:/Users/s_a_a/Desktop/NUCLEO-F446RE/BTLD/Build/Object/MCAL/GPIO/src/GPIO_program.o
 .debug_macro   0x00000000       0x22 C:/Users/s_a_a/Desktop/NUCLEO-F446RE/BTLD/Build/Object/MCAL/GPIO/src/GPIO_program.o
 .group         0x00000000        0xc C:/Users/s_a_a/Desktop/NUCLEO-F446RE/BTLD/Build/Object/MCAL/UART/src/UART.o
 .group         0x00000000        0xc C:/Users/s_a_a/Desktop/NUCLEO-F446RE/BTLD/Build/Object/MCAL/UART/src/UART.o
 .group         0x00000000        0xc C:/Users/s_a_a/Desktop/NUCLEO-F446RE/BTLD/Build/Object/MCAL/UART/src/UART.o
 .group         0x00000000        0xc C:/Users/s_a_a/Desktop/NUCLEO-F446RE/BTLD/Build/Object/MCAL/UART/src/UART.o
 .debug_macro   0x00000000      0xa66 C:/Users/s_a_a/Desktop/NUCLEO-F446RE/BTLD/Build/Object/MCAL/UART/src/UART.o
 .debug_macro   0x00000000       0x1c C:/Users/s_a_a/Desktop/NUCLEO-F446RE/BTLD/Build/Object/MCAL/UART/src/UART.o
 .debug_macro   0x00000000       0x22 C:/Users/s_a_a/Desktop/NUCLEO-F446RE/BTLD/Build/Object/MCAL/UART/src/UART.o
 .group         0x00000000        0xc C:/Users/s_a_a/Desktop/NUCLEO-F446RE/BTLD/Build/Object/MCAL/FLASH/src/FLASH.o
 .group         0x00000000        0xc C:/Users/s_a_a/Desktop/NUCLEO-F446RE/BTLD/Build/Object/MCAL/FLASH/src/FLASH.o
 .group         0x00000000        0xc C:/Users/s_a_a/Desktop/NUCLEO-F446RE/BTLD/Build/Object/MCAL/FLASH/src/FLASH.o
 .debug_macro   0x00000000      0xa66 C:/Users/s_a_a/Desktop/NUCLEO-F446RE/BTLD/Build/Object/MCAL/FLASH/src/FLASH.o
 .debug_macro   0x00000000       0x1c C:/Users/s_a_a/Desktop/NUCLEO-F446RE/BTLD/Build/Object/MCAL/FLASH/src/FLASH.o
 .group         0x00000000        0xc C:/Users/s_a_a/Desktop/NUCLEO-F446RE/BTLD/Build/Object/Parse/Parse.o
 .group         0x00000000        0xc C:/Users/s_a_a/Desktop/NUCLEO-F446RE/BTLD/Build/Object/Parse/Parse.o
 .group         0x00000000        0xc C:/Users/s_a_a/Desktop/NUCLEO-F446RE/BTLD/Build/Object/Parse/Parse.o
 .group         0x00000000        0xc C:/Users/s_a_a/Desktop/NUCLEO-F446RE/BTLD/Build/Object/Parse/Parse.o
 .group         0x00000000        0xc C:/Users/s_a_a/Desktop/NUCLEO-F446RE/BTLD/Build/Object/Parse/Parse.o
 .group         0x00000000        0xc C:/Users/s_a_a/Desktop/NUCLEO-F446RE/BTLD/Build/Object/Parse/Parse.o
 .debug_macro   0x00000000      0xa66 C:/Users/s_a_a/Desktop/NUCLEO-F446RE/BTLD/Build/Object/Parse/Parse.o
 .debug_macro   0x00000000       0x1c C:/Users/s_a_a/Desktop/NUCLEO-F446RE/BTLD/Build/Object/Parse/Parse.o
 .debug_macro   0x00000000       0x22 C:/Users/s_a_a/Desktop/NUCLEO-F446RE/BTLD/Build/Object/Parse/Parse.o
 .debug_macro   0x00000000       0x70 C:/Users/s_a_a/Desktop/NUCLEO-F446RE/BTLD/Build/Object/Parse/Parse.o
 .group         0x00000000        0xc C:/Users/s_a_a/Desktop/NUCLEO-F446RE/BTLD/Build/Object/Startup/startup_stm32f103.o
 .debug_macro   0x00000000      0xa66 C:/Users/s_a_a/Desktop/NUCLEO-F446RE/BTLD/Build/Object/Startup/startup_stm32f103.o
 .group         0x00000000        0xc C:/Users/s_a_a/Desktop/NUCLEO-F446RE/BTLD/Build/Object/Src/main.o
 .group         0x00000000        0xc C:/Users/s_a_a/Desktop/NUCLEO-F446RE/BTLD/Build/Object/Src/main.o
 .group         0x00000000        0xc C:/Users/s_a_a/Desktop/NUCLEO-F446RE/BTLD/Build/Object/Src/main.o
 .group         0x00000000        0xc C:/Users/s_a_a/Desktop/NUCLEO-F446RE/BTLD/Build/Object/Src/main.o
 .group         0x00000000        0xc C:/Users/s_a_a/Desktop/NUCLEO-F446RE/BTLD/Build/Object/Src/main.o
 .group         0x00000000        0xc C:/Users/s_a_a/Desktop/NUCLEO-F446RE/BTLD/Build/Object/Src/main.o
 .group         0x00000000        0xc C:/Users/s_a_a/Desktop/NUCLEO-F446RE/BTLD/Build/Object/Src/main.o
 .group         0x00000000        0xc C:/Users/s_a_a/Desktop/NUCLEO-F446RE/BTLD/Build/Object/Src/main.o
 .group         0x00000000        0xc C:/Users/s_a_a/Desktop/NUCLEO-F446RE/BTLD/Build/Object/Src/main.o
 .group         0x00000000        0xc C:/Users/s_a_a/Desktop/NUCLEO-F446RE/BTLD/Build/Object/Src/main.o
 .group         0x00000000        0xc C:/Users/s_a_a/Desktop/NUCLEO-F446RE/BTLD/Build/Object/Src/main.o
 .debug_macro   0x00000000      0xa66 C:/Users/s_a_a/Desktop/NUCLEO-F446RE/BTLD/Build/Object/Src/main.o
 .debug_macro   0x00000000       0x1c C:/Users/s_a_a/Desktop/NUCLEO-F446RE/BTLD/Build/Object/Src/main.o
 .debug_macro   0x00000000       0x22 C:/Users/s_a_a/Desktop/NUCLEO-F446RE/BTLD/Build/Object/Src/main.o
 .debug_macro   0x00000000       0x22 C:/Users/s_a_a/Desktop/NUCLEO-F446RE/BTLD/Build/Object/Src/main.o
 .debug_macro   0x00000000       0x2e C:/Users/s_a_a/Desktop/NUCLEO-F446RE/BTLD/Build/Object/Src/main.o
 .debug_macro   0x00000000       0x6a C:/Users/s_a_a/Desktop/NUCLEO-F446RE/BTLD/Build/Object/Src/main.o
 .debug_macro   0x00000000       0x10 C:/Users/s_a_a/Desktop/NUCLEO-F446RE/BTLD/Build/Object/Src/main.o
 .debug_macro   0x00000000      0x136 C:/Users/s_a_a/Desktop/NUCLEO-F446RE/BTLD/Build/Object/Src/main.o
 .debug_macro   0x00000000       0x16 C:/Users/s_a_a/Desktop/NUCLEO-F446RE/BTLD/Build/Object/Src/main.o

Memory Configuration

Name             Origin             Length             Attributes
FLASH            0x08004000         0x00004000         xr
RAM              0x20000000         0x00020000         xrw
*default*        0x00000000         0xffffffff

Linker script and memory map

                0x20020000                _estack = (ORIGIN (RAM) + LENGTH (RAM))
                0x00000200                _Min_Heap_Size = 0x200
                0x00001000                _Min_Stack_Size = 0x1000

.isr_vector     0x08004000      0x178
                0x08004000                . = ALIGN (0x4)
 *(.isr_vector)
 .isr_vector    0x08004000      0x178 C:/Users/s_a_a/Desktop/NUCLEO-F446RE/BTLD/Build/Object/Startup/startup_stm32f103.o
                0x08004000                Vector_Table
                0x08004178                . = ALIGN (0x4)

.text           0x08004178     0x1fc0
                0x08004178                . = ALIGN (0x4)
 *(.text)
 .text          0x08004178        0x0 C:/Users/s_a_a/Desktop/NUCLEO-F446RE/BTLD/Build/Object/MCAL/RCC/src/RCC_program.o
 .text          0x08004178        0x0 C:/Users/s_a_a/Desktop/NUCLEO-F446RE/BTLD/Build/Object/MCAL/NVIC/src/NVIC_program.o
 .text          0x08004178        0x0 C:/Users/s_a_a/Desktop/NUCLEO-F446RE/BTLD/Build/Object/MCAL/SysTick/src/SysTick_program.o
 .text          0x08004178        0x0 C:/Users/s_a_a/Desktop/NUCLEO-F446RE/BTLD/Build/Object/MCAL/GPIO/src/GPIO_program.o
 .text          0x08004178        0x0 C:/Users/s_a_a/Desktop/NUCLEO-F446RE/BTLD/Build/Object/MCAL/UART/src/UART.o
 .text          0x08004178        0x0 C:/Users/s_a_a/Desktop/NUCLEO-F446RE/BTLD/Build/Object/MCAL/FLASH/src/FLASH.o
 .text          0x08004178        0x0 C:/Users/s_a_a/Desktop/NUCLEO-F446RE/BTLD/Build/Object/Parse/Parse.o
 .text          0x08004178        0x0 C:/Users/s_a_a/Desktop/NUCLEO-F446RE/BTLD/Build/Object/Startup/startup_stm32f103.o
 .text          0x08004178        0x0 C:/Users/s_a_a/Desktop/NUCLEO-F446RE/BTLD/Build/Object/Src/main.o
 *(.text*)
 .text.RCC_EnableHSI
                0x08004178       0x30 C:/Users/s_a_a/Desktop/NUCLEO-F446RE/BTLD/Build/Object/MCAL/RCC/src/RCC_program.o
 .text.RCC_EnableHSE
                0x080041a8       0x30 C:/Users/s_a_a/Desktop/NUCLEO-F446RE/BTLD/Build/Object/MCAL/RCC/src/RCC_program.o
 .text.RCC_EnablePLL
                0x080041d8       0x30 C:/Users/s_a_a/Desktop/NUCLEO-F446RE/BTLD/Build/Object/MCAL/RCC/src/RCC_program.o
 .text.RCC_DisablePLL
                0x08004208       0x30 C:/Users/s_a_a/Desktop/NUCLEO-F446RE/BTLD/Build/Object/MCAL/RCC/src/RCC_program.o
 .text.RCC_SelectSystemClock
                0x08004238       0x4c C:/Users/s_a_a/Desktop/NUCLEO-F446RE/BTLD/Build/Object/MCAL/RCC/src/RCC_program.o
 .text.RCC_ConfigPLL
                0x08004284       0x78 C:/Users/s_a_a/Desktop/NUCLEO-F446RE/BTLD/Build/Object/MCAL/RCC/src/RCC_program.o
 .text.RCC_SetAHBPrescaler
                0x080042fc       0x38 C:/Users/s_a_a/Desktop/NUCLEO-F446RE/BTLD/Build/Object/MCAL/RCC/src/RCC_program.o
 .text.RCC_SetAPB1Prescaler
                0x08004334       0x38 C:/Users/s_a_a/Desktop/NUCLEO-F446RE/BTLD/Build/Object/MCAL/RCC/src/RCC_program.o
 .text.RCC_SetAPB2Prescaler
                0x0800436c       0x38 C:/Users/s_a_a/Desktop/NUCLEO-F446RE/BTLD/Build/Object/MCAL/RCC/src/RCC_program.o
 .text.RCC_Init
                0x080043a4       0x8e C:/Users/s_a_a/Desktop/NUCLEO-F446RE/BTLD/Build/Object/MCAL/RCC/src/RCC_program.o
                0x080043a4                RCC_Init
 *fill*         0x08004432        0x2 
 .text.RCC_EnableClock
                0x08004434       0xc0 C:/Users/s_a_a/Desktop/NUCLEO-F446RE/BTLD/Build/Object/MCAL/RCC/src/RCC_program.o
                0x08004434                RCC_EnableClock
 .text.RCC_DisableClock
                0x080044f4       0xcc C:/Users/s_a_a/Desktop/NUCLEO-F446RE/BTLD/Build/Object/MCAL/RCC/src/RCC_program.o
                0x080044f4                RCC_DisableClock
 .text.NVIC_EnableInterrupt
                0x080045c0       0x54 C:/Users/s_a_a/Desktop/NUCLEO-F446RE/BTLD/Build/Object/MCAL/NVIC/src/NVIC_program.o
                0x080045c0                NVIC_EnableInterrupt
 .text.NVIC_DisableInterrupt
                0x08004614       0x54 C:/Users/s_a_a/Desktop/NUCLEO-F446RE/BTLD/Build/Object/MCAL/NVIC/src/NVIC_program.o
                0x08004614                NVIC_DisableInterrupt
 .text.NVIC_SetPendingFlag
                0x08004668       0x54 C:/Users/s_a_a/Desktop/NUCLEO-F446RE/BTLD/Build/Object/MCAL/NVIC/src/NVIC_program.o
                0x08004668                NVIC_SetPendingFlag
 .text.NVIC_ClearPendingFlag
                0x080046bc       0x54 C:/Users/s_a_a/Desktop/NUCLEO-F446RE/BTLD/Build/Object/MCAL/NVIC/src/NVIC_program.o
                0x080046bc                NVIC_ClearPendingFlag
 .text.NVIC_GetActiveInterrupt
                0x08004710       0x6c C:/Users/s_a_a/Desktop/NUCLEO-F446RE/BTLD/Build/Object/MCAL/NVIC/src/NVIC_program.o
                0x08004710                NVIC_GetActiveInterrupt
 .text.NVIC_SetPriority
                0x0800477c       0x68 C:/Users/s_a_a/Desktop/NUCLEO-F446RE/BTLD/Build/Object/MCAL/NVIC/src/NVIC_program.o
                0x0800477c                NVIC_SetPriority
 .text.SysTick_voidInit
                0x080047e4       0x1c C:/Users/s_a_a/Desktop/NUCLEO-F446RE/BTLD/Build/Object/MCAL/SysTick/src/SysTick_program.o
                0x080047e4                SysTick_voidInit
 .text.SysTick_voidSetBusyWait
                0x08004800       0x54 C:/Users/s_a_a/Desktop/NUCLEO-F446RE/BTLD/Build/Object/MCAL/SysTick/src/SysTick_program.o
                0x08004800                SysTick_voidSetBusyWait
 .text.SysTick_voidSetIntervalSingle
                0x08004854       0x58 C:/Users/s_a_a/Desktop/NUCLEO-F446RE/BTLD/Build/Object/MCAL/SysTick/src/SysTick_program.o
                0x08004854                SysTick_voidSetIntervalSingle
 .text.SysTick_voidSetIntervalPeriodoc
                0x080048ac       0x64 C:/Users/s_a_a/Desktop/NUCLEO-F446RE/BTLD/Build/Object/MCAL/SysTick/src/SysTick_program.o
                0x080048ac                SysTick_voidSetIntervalPeriodoc
 .text.SysTick_voidStopTimer
                0x08004910       0x1c C:/Users/s_a_a/Desktop/NUCLEO-F446RE/BTLD/Build/Object/MCAL/SysTick/src/SysTick_program.o
                0x08004910                SysTick_voidStopTimer
 .text.SysTick_GetElapsedTime
                0x0800492c       0x20 C:/Users/s_a_a/Desktop/NUCLEO-F446RE/BTLD/Build/Object/MCAL/SysTick/src/SysTick_program.o
                0x0800492c                SysTick_GetElapsedTime
 .text.SysTick_GetRemaningTime
                0x0800494c       0x18 C:/Users/s_a_a/Desktop/NUCLEO-F446RE/BTLD/Build/Object/MCAL/SysTick/src/SysTick_program.o
                0x0800494c                SysTick_GetRemaningTime
 .text.SysTick_Handler
                0x08004964       0x14 C:/Users/s_a_a/Desktop/NUCLEO-F446RE/BTLD/Build/Object/MCAL/SysTick/src/SysTick_program.o
                0x08004964                SysTick_Handler
 .text.GPIO_GetPort
                0x08004978       0x88 C:/Users/s_a_a/Desktop/NUCLEO-F446RE/BTLD/Build/Object/MCAL/GPIO/src/GPIO_program.o
 .text.GPIO_InitPin
                0x08004a00      0x106 C:/Users/s_a_a/Desktop/NUCLEO-F446RE/BTLD/Build/Object/MCAL/GPIO/src/GPIO_program.o
                0x08004a00                GPIO_InitPin
 .text.GPIO_WritePin
                0x08004b06       0x60 C:/Users/s_a_a/Desktop/NUCLEO-F446RE/BTLD/Build/Object/MCAL/GPIO/src/GPIO_program.o
                0x08004b06                GPIO_WritePin
 .text.GPIO_TogglePin
                0x08004b66       0x4a C:/Users/s_a_a/Desktop/NUCLEO-F446RE/BTLD/Build/Object/MCAL/GPIO/src/GPIO_program.o
                0x08004b66                GPIO_TogglePin
 .text.GPIO_ReadPin
                0x08004bb0       0x4e C:/Users/s_a_a/Desktop/NUCLEO-F446RE/BTLD/Build/Object/MCAL/GPIO/src/GPIO_program.o
                0x08004bb0                GPIO_ReadPin
 *fill*         0x08004bfe        0x2 
 .text.GPIO_SetAF
                0x08004c00      0x118 C:/Users/s_a_a/Desktop/NUCLEO-F446RE/BTLD/Build/Object/MCAL/GPIO/src/GPIO_program.o
                0x08004c00                GPIO_SetAF
 .text.Get_BASE_ADD
                0x08004d18       0x50 C:/Users/s_a_a/Desktop/NUCLEO-F446RE/BTLD/Build/Object/MCAL/UART/src/UART.o
                0x08004d18                Get_BASE_ADD
 .text.Write_UART_Number
                0x08004d68       0x88 C:/Users/s_a_a/Desktop/NUCLEO-F446RE/BTLD/Build/Object/MCAL/UART/src/UART.o
                0x08004d68                Write_UART_Number
 .text.UART_Init
                0x08004df0      0x134 C:/Users/s_a_a/Desktop/NUCLEO-F446RE/BTLD/Build/Object/MCAL/UART/src/UART.o
                0x08004df0                UART_Init
 .text.UART_SendSyncBuffer
                0x08004f24       0x56 C:/Users/s_a_a/Desktop/NUCLEO-F446RE/BTLD/Build/Object/MCAL/UART/src/UART.o
                0x08004f24                UART_SendSyncBuffer
 *fill*         0x08004f7a        0x2 
 .text.UART_voidSendNumber
                0x08004f7c       0x50 C:/Users/s_a_a/Desktop/NUCLEO-F446RE/BTLD/Build/Object/MCAL/UART/src/UART.o
                0x08004f7c                UART_voidSendNumber
 .text.UART1_CALLBACK
                0x08004fcc       0x24 C:/Users/s_a_a/Desktop/NUCLEO-F446RE/BTLD/Build/Object/MCAL/UART/src/UART.o
                0x08004fcc                UART1_CALLBACK
 .text.UART2_CALLBACK
                0x08004ff0       0x24 C:/Users/s_a_a/Desktop/NUCLEO-F446RE/BTLD/Build/Object/MCAL/UART/src/UART.o
                0x08004ff0                UART2_CALLBACK
 .text.UART3_CALLBACK
                0x08005014       0x24 C:/Users/s_a_a/Desktop/NUCLEO-F446RE/BTLD/Build/Object/MCAL/UART/src/UART.o
                0x08005014                UART3_CALLBACK
 .text.USART2_IRQHandler
                0x08005038       0x84 C:/Users/s_a_a/Desktop/NUCLEO-F446RE/BTLD/Build/Object/MCAL/UART/src/UART.o
                0x08005038                USART2_IRQHandler
 .text.USART3_IRQHandler
                0x080050bc       0x84 C:/Users/s_a_a/Desktop/NUCLEO-F446RE/BTLD/Build/Object/MCAL/UART/src/UART.o
                0x080050bc                USART3_IRQHandler
 .text.USART1_IRQHandler
                0x08005140       0x84 C:/Users/s_a_a/Desktop/NUCLEO-F446RE/BTLD/Build/Object/MCAL/UART/src/UART.o
                0x08005140                USART1_IRQHandler
 .text.FlashDrv_Unlock
                0x080051c4       0x34 C:/Users/s_a_a/Desktop/NUCLEO-F446RE/BTLD/Build/Object/MCAL/FLASH/src/FLASH.o
                0x080051c4                FlashDrv_Unlock
 .text.FlashDrv_Lock
                0x080051f8       0x20 C:/Users/s_a_a/Desktop/NUCLEO-F446RE/BTLD/Build/Object/MCAL/FLASH/src/FLASH.o
                0x080051f8                FlashDrv_Lock
 .text.FlashDrv_IsLocked
                0x08005218       0x1c C:/Users/s_a_a/Desktop/NUCLEO-F446RE/BTLD/Build/Object/MCAL/FLASH/src/FLASH.o
                0x08005218                FlashDrv_IsLocked
 .text.FlashDrv_ClearErrors
                0x08005234       0x20 C:/Users/s_a_a/Desktop/NUCLEO-F446RE/BTLD/Build/Object/MCAL/FLASH/src/FLASH.o
                0x08005234                FlashDrv_ClearErrors
 .text.FlashDrv_WaitForLastOperation
                0x08005254       0x54 C:/Users/s_a_a/Desktop/NUCLEO-F446RE/BTLD/Build/Object/MCAL/FLASH/src/FLASH.o
 .text.FlashDrv_IsValidAddress
                0x080052a8       0x30 C:/Users/s_a_a/Desktop/NUCLEO-F446RE/BTLD/Build/Object/MCAL/FLASH/src/FLASH.o
 .text.FlashDrv_GetSector
                0x080052d8       0x88 C:/Users/s_a_a/Desktop/NUCLEO-F446RE/BTLD/Build/Object/MCAL/FLASH/src/FLASH.o
                0x080052d8                FlashDrv_GetSector
 .text.FlashDrv_GetSectorBase
                0x08005360       0x80 C:/Users/s_a_a/Desktop/NUCLEO-F446RE/BTLD/Build/Object/MCAL/FLASH/src/FLASH.o
                0x08005360                FlashDrv_GetSectorBase
 .text.FlashDrv_GetSectorSize
                0x080053e0       0x74 C:/Users/s_a_a/Desktop/NUCLEO-F446RE/BTLD/Build/Object/MCAL/FLASH/src/FLASH.o
                0x080053e0                FlashDrv_GetSectorSize
 .text.FlashDrv_EraseSector
                0x08005454       0x88 C:/Users/s_a_a/Desktop/NUCLEO-F446RE/BTLD/Build/Object/MCAL/FLASH/src/FLASH.o
                0x08005454                FlashDrv_EraseSector
 .text.FlashDrv_EraseRange
                0x080054dc       0x76 C:/Users/s_a_a/Desktop/NUCLEO-F446RE/BTLD/Build/Object/MCAL/FLASH/src/FLASH.o
                0x080054dc                FlashDrv_EraseRange
 *fill*         0x08005552        0x2 
 .text.FlashDrv_MassErase
                0x08005554       0x64 C:/Users/s_a_a/Desktop/NUCLEO-F446RE/BTLD/Build/Object/MCAL/FLASH/src/FLASH.o
                0x08005554                FlashDrv_MassErase
 .text.FlashDrv_ProgramByte
                0x080055b8       0x88 C:/Users/s_a_a/Desktop/NUCLEO-F446RE/BTLD/Build/Object/MCAL/FLASH/src/FLASH.o
                0x080055b8                FlashDrv_ProgramByte
 .text.FlashDrv_ProgramHalfWord
                0x08005640       0x98 C:/Users/s_a_a/Desktop/NUCLEO-F446RE/BTLD/Build/Object/MCAL/FLASH/src/FLASH.o
                0x08005640                FlashDrv_ProgramHalfWord
 .text.FlashDrv_ProgramWord
                0x080056d8       0x98 C:/Users/s_a_a/Desktop/NUCLEO-F446RE/BTLD/Build/Object/MCAL/FLASH/src/FLASH.o
                0x080056d8                FlashDrv_ProgramWord
 .text.FlashDrv_ProgramBuffer
                0x08005770       0x80 C:/Users/s_a_a/Desktop/NUCLEO-F446RE/BTLD/Build/Object/MCAL/FLASH/src/FLASH.o
                0x08005770                FlashDrv_ProgramBuffer
 .text.FlashDrv_ProgramBufferAligned
                0x080057f0       0xc6 C:/Users/s_a_a/Desktop/NUCLEO-F446RE/BTLD/Build/Object/MCAL/FLASH/src/FLASH.o
                0x080057f0                FlashDrv_ProgramBufferAligned
 .text.FlashDrv_Verify
                0x080058b6       0x4c C:/Users/s_a_a/Desktop/NUCLEO-F446RE/BTLD/Build/Object/MCAL/FLASH/src/FLASH.o
                0x080058b6                FlashDrv_Verify
 .text.FlashDrv_IsErased
                0x08005902       0x40 C:/Users/s_a_a/Desktop/NUCLEO-F446RE/BTLD/Build/Object/MCAL/FLASH/src/FLASH.o
                0x08005902                FlashDrv_IsErased
 .text.FlashDrv_Read
                0x08005942       0x62 C:/Users/s_a_a/Desktop/NUCLEO-F446RE/BTLD/Build/Object/MCAL/FLASH/src/FLASH.o
                0x08005942                FlashDrv_Read
 .text.FlashDrv_PrepareForWrite
                0x080059a4       0x10 C:/Users/s_a_a/Desktop/NUCLEO-F446RE/BTLD/Build/Object/MCAL/FLASH/src/FLASH.o
                0x080059a4                FlashDrv_PrepareForWrite
 .text.FlashDrv_FinishWrite
                0x080059b4       0x10 C:/Users/s_a_a/Desktop/NUCLEO-F446RE/BTLD/Build/Object/MCAL/FLASH/src/FLASH.o
                0x080059b4                FlashDrv_FinishWrite
 .text.FlashDrv_ProgramWordSafe
                0x080059c4       0x28 C:/Users/s_a_a/Desktop/NUCLEO-F446RE/BTLD/Build/Object/MCAL/FLASH/src/FLASH.o
                0x080059c4                FlashDrv_ProgramWordSafe
 .text.CRC32_Init
                0x080059ec       0x74 C:/Users/s_a_a/Desktop/NUCLEO-F446RE/BTLD/Build/Object/Parse/Parse.o
                0x080059ec                CRC32_Init
 .text.CRC32_Calculate
                0x08005a60       0x58 C:/Users/s_a_a/Desktop/NUCLEO-F446RE/BTLD/Build/Object/Parse/Parse.o
                0x08005a60                CRC32_Calculate
 .text.BootLoader_Handler
                0x08005ab8       0x74 C:/Users/s_a_a/Desktop/NUCLEO-F446RE/BTLD/Build/Object/Parse/Parse.o
                0x08005ab8                BootLoader_Handler
 .text.BootLoader_MainFunction
                0x08005b2c      0x3b4 C:/Users/s_a_a/Desktop/NUCLEO-F446RE/BTLD/Build/Object/Parse/Parse.o
                0x08005b2c                BootLoader_MainFunction
 .text.Reset_Handler
                0x08005ee0       0x94 C:/Users/s_a_a/Desktop/NUCLEO-F446RE/BTLD/Build/Object/Startup/startup_stm32f103.o
                0x08005ee0                Reset_Handler
 .text.Default_Handler
                0x08005f74        0x6 C:/Users/s_a_a/Desktop/NUCLEO-F446RE/BTLD/Build/Object/Startup/startup_stm32f103.o
                0x08005f74                RTC_Alarm_IRQHandler
                0x08005f74                EXTI2_IRQHandler
                0x08005f74                TIM8_CC_IRQHandler
                0x08005f74                DebugMon_Handler
                0x08005f74                SPI4_IRQHandler
                0x08005f74                TIM1_CC_IRQHandler
                0x08005f74                DMA2_Stream5_IRQHandler
                0x08005f74                HardFault_Handler
                0x08005f74                DMA1_Stream5_IRQHandler
                0x08005f74                PVD_IRQHandler
                0x08005f74                SDIO_IRQHandler
                0x08005f74                TAMP_STAMP_IRQHandler
                0x08005f74                PendSV_Handler
                0x08005f74                NMI_Handler
                0x08005f74                CAN2_RX1_IRQHandler
                0x08005f74                EXTI3_IRQHandler
                0x08005f74                TIM8_TRG_COM_TIM14_IRQHandler
                0x08005f74                TIM1_UP_TIM10_IRQHandler
                0x08005f74                TIM8_UP_TIM13_IRQHandler
                0x08005f74                I2C3_ER_IRQHandler
                0x08005f74                EXTI0_IRQHandler
                0x08005f74                I2C2_EV_IRQHandler
                0x08005f74                DMA1_Stream2_IRQHandler
                0x08005f74                CAN1_RX0_IRQHandler
                0x08005f74                FPU_IRQHandler
                0x08005f74                UsageFault_Handler
                0x08005f74                CAN2_SCE_IRQHandler
                0x08005f74                DMA2_Stream2_IRQHandler
                0x08005f74                SPI1_IRQHandler
                0x08005f74                TIM6_DAC_IRQHandler
                0x08005f74                TIM1_BRK_TIM9_IRQHandler
                0x08005f74                CAN2_RX0_IRQHandler
                0x08005f74                DMA2_Stream3_IRQHandler
                0x08005f74                USART6_IRQHandler
                0x08005f74                CAN1_RX1_IRQHandler
                0x08005f74                UART5_IRQHandler
                0x08005f74                DMA2_Stream0_IRQHandler
                0x08005f74                TIM4_IRQHandler
                0x08005f74                I2C1_EV_IRQHandler
                0x08005f74                DMA1_Stream6_IRQHandler
                0x08005f74                DMA1_Stream1_IRQHandler
                0x08005f74                UART4_IRQHandler
                0x08005f74                TIM3_IRQHandler
                0x08005f74                RCC_IRQHandler
                0x08005f74                TIM8_BRK_TIM12_IRQHandler
                0x08005f74                Default_Handler
                0x08005f74                EXTI15_10_IRQHandler
                0x08005f74                ADC_IRQHandler
                0x08005f74                DMA1_Stream7_IRQHandler
                0x08005f74                SPI5_IRQHandler
                0x08005f74                TIM7_IRQHandler
                0x08005f74                CAN2_TX_IRQHandler
                0x08005f74                TIM5_IRQHandler
                0x08005f74                DMA2_Stream7_IRQHandler
                0x08005f74                I2C3_EV_IRQHandler
                0x08005f74                EXTI9_5_IRQHandler
                0x08005f74                RTC_WKUP_IRQHandler
                0x08005f74                SPI2_IRQHandler
                0x08005f74                MemManage_Handler
                0x08005f74                DMA1_Stream0_IRQHandler
                0x08005f74                CAN1_TX_IRQHandler
                0x08005f74                SVC_Handler
                0x08005f74                EXTI4_IRQHandler
                0x08005f74                WWDG_IRQHandler
                0x08005f74                SPI6_IRQHandler
                0x08005f74                TIM2_IRQHandler
                0x08005f74                OTG_FS_WKUP_IRQHandler
                0x08005f74                TIM1_TRG_COM_TIM11_IRQHandler
                0x08005f74                DMA2D_IRQHandler
                0x08005f74                EXTI1_IRQHandler
                0x08005f74                I2C2_ER_IRQHandler
                0x08005f74                DMA2_Stream1_IRQHandler
                0x08005f74                CAN1_SCE_IRQHandler
                0x08005f74                FLASH_IRQHandler
                0x08005f74                DMA2_Stream4_IRQHandler
                0x08005f74                BusFault_Handler
                0x08005f74                OTG_FS_IRQHandler
                0x08005f74                SPI3_IRQHandler
                0x08005f74                DMA1_Stream4_IRQHandler
                0x08005f74                I2C1_ER_IRQHandler
                0x08005f74                FMC_IRQHandler
                0x08005f74                DMA2_Stream6_IRQHandler
                0x08005f74                SAI1_IRQHandler
                0x08005f74                DMA1_Stream3_IRQHandler
 *fill*         0x08005f7a        0x2 
 .text.systick_handler
                0x08005f7c       0x44 C:/Users/s_a_a/Desktop/NUCLEO-F446RE/BTLD/Build/Object/Src/main.o
                0x08005f7c                systick_handler
 .text.main     0x08005fc0       0x7c C:/Users/s_a_a/Desktop/NUCLEO-F446RE/BTLD/Build/Object/Src/main.o
                0x08005fc0                main
 .text.APP_init
                0x0800603c       0x28 C:/Users/s_a_a/Desktop/NUCLEO-F446RE/BTLD/Build/Object/Src/main.o
                0x0800603c                APP_init
 .text.GPIO_PIN_CONFIG
                0x08006064       0x84 C:/Users/s_a_a/Desktop/NUCLEO-F446RE/BTLD/Build/Object/Src/main.o
                0x08006064                GPIO_PIN_CONFIG
 .text.SystemInit
                0x080060e8       0x3c C:/Users/s_a_a/Desktop/NUCLEO-F446RE/BTLD/Build/Object/Src/main.o
                0x080060e8                SystemInit
 .text.CallBackFunctions
                0x08006124       0x14 C:/Users/s_a_a/Desktop/NUCLEO-F446RE/BTLD/Build/Object/Src/main.o
                0x08006124                CallBackFunctions
                0x08006138                . = ALIGN (0x4)
                0x08006138                _etext = .

.glue_7         0x08006138        0x0
 .glue_7        0x08006138        0x0 linker stubs

.glue_7t        0x08006138        0x0
 .glue_7t       0x08006138        0x0 linker stubs

.vfp11_veneer   0x08006138        0x0
 .vfp11_veneer  0x08006138        0x0 linker stubs

.v4_bx          0x08006138        0x0
 .v4_bx         0x08006138        0x0 linker stubs

.iplt           0x08006138        0x0
 .iplt          0x08006138        0x0 C:/Users/s_a_a/Desktop/NUCLEO-F446RE/BTLD/Build/Object/MCAL/RCC/src/RCC_program.o

.rodata         0x08006138      0x1d0
                0x08006138                . = ALIGN (0x4)
 *(.rodata)
 .rodata        0x08006138        0x6 C:/Users/s_a_a/Desktop/NUCLEO-F446RE/BTLD/Build/Object/MCAL/UART/src/UART.o
 *fill*         0x0800613e        0x2 
 .rodata        0x08006140       0x7f C:/Users/s_a_a/Desktop/NUCLEO-F446RE/BTLD/Build/Object/Parse/Parse.o
 *fill*         0x080061bf        0x1 
 .rodata        0x080061c0       0x69 C:/Users/s_a_a/Desktop/NUCLEO-F446RE/BTLD/Build/Object/Src/main.o
 *(.rodata*)
 *fill*         0x08006229        0x3 
 .rodata.asciiToHex
                0x0800622c       0x69 C:/Users/s_a_a/Desktop/NUCLEO-F446RE/BTLD/Build/Object/Parse/Parse.o
 *fill*         0x08006295        0x3 
 .rodata.MSP_Value
                0x08006298        0x4 C:/Users/s_a_a/Desktop/NUCLEO-F446RE/BTLD/Build/Object/Startup/startup_stm32f103.o
                0x08006298                MSP_Value
 .rodata.asciiToHex
                0x0800629c       0x69 C:/Users/s_a_a/Desktop/NUCLEO-F446RE/BTLD/Build/Object/Src/main.o
                0x08006308                . = ALIGN (0x4)
 *fill*         0x08006305        0x3 
                0x08006308                _sidata = LOADADDR (.data)

.rel.dyn        0x08006308        0x0
 .rel.iplt      0x08006308        0x0 C:/Users/s_a_a/Desktop/NUCLEO-F446RE/BTLD/Build/Object/MCAL/RCC/src/RCC_program.o

.data           0x20000000       0x1c load address 0x08006308
                0x20000000                . = ALIGN (0x4)
                0x20000000                _sdata = .
 *(.data)
 .data          0x20000000        0x0 C:/Users/s_a_a/Desktop/NUCLEO-F446RE/BTLD/Build/Object/MCAL/RCC/src/RCC_program.o
 .data          0x20000000        0x0 C:/Users/s_a_a/Desktop/NUCLEO-F446RE/BTLD/Build/Object/MCAL/NVIC/src/NVIC_program.o
 .data          0x20000000        0x0 C:/Users/s_a_a/Desktop/NUCLEO-F446RE/BTLD/Build/Object/MCAL/SysTick/src/SysTick_program.o
 .data          0x20000000        0x0 C:/Users/s_a_a/Desktop/NUCLEO-F446RE/BTLD/Build/Object/MCAL/GPIO/src/GPIO_program.o
 .data          0x20000000        0x0 C:/Users/s_a_a/Desktop/NUCLEO-F446RE/BTLD/Build/Object/MCAL/UART/src/UART.o
 .data          0x20000000        0x0 C:/Users/s_a_a/Desktop/NUCLEO-F446RE/BTLD/Build/Object/MCAL/FLASH/src/FLASH.o
 .data          0x20000000        0x0 C:/Users/s_a_a/Desktop/NUCLEO-F446RE/BTLD/Build/Object/Parse/Parse.o
 .data          0x20000000        0x0 C:/Users/s_a_a/Desktop/NUCLEO-F446RE/BTLD/Build/Object/Startup/startup_stm32f103.o
 .data          0x20000000        0x0 C:/Users/s_a_a/Desktop/NUCLEO-F446RE/BTLD/Build/Object/Src/main.o
 *(.data*)
 .data.flash_address
                0x20000000        0x4 C:/Users/s_a_a/Desktop/NUCLEO-F446RE/BTLD/Build/Object/Parse/Parse.o
                0x20000000                flash_address
 .data.Uart1_configuration
                0x20000004        0xc C:/Users/s_a_a/Desktop/NUCLEO-F446RE/BTLD/Build/Object/Src/main.o
                0x20000004                Uart1_configuration
 .data.Uart2_configuration
                0x20000010        0xc C:/Users/s_a_a/Desktop/NUCLEO-F446RE/BTLD/Build/Object/Src/main.o
                0x20000010                Uart2_configuration
                0x2000001c                . = ALIGN (0x4)
                0x2000001c                _edata = .

.igot.plt       0x2000001c        0x0 load address 0x08006324
 .igot.plt      0x2000001c        0x0 C:/Users/s_a_a/Desktop/NUCLEO-F446RE/BTLD/Build/Object/MCAL/RCC/src/RCC_program.o

.bss            0x2000001c     0xa408 load address 0x08006324
                0x2000001c                _sbss = .
 *(.bss)
 .bss           0x2000001c        0x0 C:/Users/s_a_a/Desktop/NUCLEO-F446RE/BTLD/Build/Object/MCAL/RCC/src/RCC_program.o
 .bss           0x2000001c        0x0 C:/Users/s_a_a/Desktop/NUCLEO-F446RE/BTLD/Build/Object/MCAL/NVIC/src/NVIC_program.o
 .bss           0x2000001c        0x0 C:/Users/s_a_a/Desktop/NUCLEO-F446RE/BTLD/Build/Object/MCAL/SysTick/src/SysTick_program.o
 .bss           0x2000001c        0x0 C:/Users/s_a_a/Desktop/NUCLEO-F446RE/BTLD/Build/Object/MCAL/GPIO/src/GPIO_program.o
 .bss           0x2000001c        0x0 C:/Users/s_a_a/Desktop/NUCLEO-F446RE/BTLD/Build/Object/MCAL/UART/src/UART.o
 .bss           0x2000001c        0x0 C:/Users/s_a_a/Desktop/NUCLEO-F446RE/BTLD/Build/Object/MCAL/FLASH/src/FLASH.o
 .bss           0x2000001c        0x0 C:/Users/s_a_a/Desktop/NUCLEO-F446RE/BTLD/Build/Object/Parse/Parse.o
 .bss           0x2000001c        0x0 C:/Users/s_a_a/Desktop/NUCLEO-F446RE/BTLD/Build/Object/Startup/startup_stm32f103.o
 .bss           0x2000001c        0x0 C:/Users/s_a_a/Desktop/NUCLEO-F446RE/BTLD/Build/Object/Src/main.o
 *(.bss*)
 .bss.Local_PvFunction
                0x2000001c        0x4 C:/Users/s_a_a/Desktop/NUCLEO-F446RE/BTLD/Build/Object/MCAL/SysTick/src/SysTick_program.o
 .bss.rx_test   0x20000020        0x1 C:/Users/s_a_a/Desktop/NUCLEO-F446RE/BTLD/Build/Object/MCAL/UART/src/UART.o
                0x20000020                rx_test
 *fill*         0x20000021        0x3 
 .bss.uart1_funcPtr
                0x20000024        0x4 C:/Users/s_a_a/Desktop/NUCLEO-F446RE/BTLD/Build/Object/MCAL/UART/src/UART.o
                0x20000024                uart1_funcPtr
 .bss.uart2_funcPtr
                0x20000028        0x4 C:/Users/s_a_a/Desktop/NUCLEO-F446RE/BTLD/Build/Object/MCAL/UART/src/UART.o
                0x20000028                uart2_funcPtr
 .bss.uart3_funcPtr
                0x2000002c        0x4 C:/Users/s_a_a/Desktop/NUCLEO-F446RE/BTLD/Build/Object/MCAL/UART/src/UART.o
                0x2000002c                uart3_funcPtr
 .bss.UART_START
                0x20000030        0x1 C:/Users/s_a_a/Desktop/NUCLEO-F446RE/BTLD/Build/Object/Parse/Parse.o
                0x20000030                UART_START
 .bss.flash_done
                0x20000031        0x1 C:/Users/s_a_a/Desktop/NUCLEO-F446RE/BTLD/Build/Object/Parse/Parse.o
 *fill*         0x20000032        0x2 
 .bss.ImageSize
                0x20000034        0x4 C:/Users/s_a_a/Desktop/NUCLEO-F446RE/BTLD/Build/Object/Parse/Parse.o
                0x20000034                ImageSize
 .bss.MagicNumber
                0x20000038        0x4 C:/Users/s_a_a/Desktop/NUCLEO-F446RE/BTLD/Build/Object/Parse/Parse.o
                0x20000038                MagicNumber
 .bss.received_crc
                0x2000003c        0x4 C:/Users/s_a_a/Desktop/NUCLEO-F446RE/BTLD/Build/Object/Parse/Parse.o
                0x2000003c                received_crc
 .bss.crc32_table
                0x20000040      0x400 C:/Users/s_a_a/Desktop/NUCLEO-F446RE/BTLD/Build/Object/Parse/Parse.o
                0x20000040                crc32_table
 .bss.crc32_table_ready
                0x20000440        0x1 C:/Users/s_a_a/Desktop/NUCLEO-F446RE/BTLD/Build/Object/Parse/Parse.o
                0x20000440                crc32_table_ready
 *fill*         0x20000441        0x3 
 .bss.bin_buffer
                0x20000444     0x9fc4 C:/Users/s_a_a/Desktop/NUCLEO-F446RE/BTLD/Build/Object/Parse/Parse.o
                0x20000444                bin_buffer
 .bss.bin_index
                0x2000a408        0x4 C:/Users/s_a_a/Desktop/NUCLEO-F446RE/BTLD/Build/Object/Parse/Parse.o
                0x2000a408                bin_index
 .bss.Start_Flashing
                0x2000a40c        0x1 C:/Users/s_a_a/Desktop/NUCLEO-F446RE/BTLD/Build/Object/Parse/Parse.o
                0x2000a40c                Start_Flashing
 .bss.sync_received
                0x2000a40d        0x1 C:/Users/s_a_a/Desktop/NUCLEO-F446RE/BTLD/Build/Object/Parse/Parse.o
 .bss.retry_count
                0x2000a40e        0x1 C:/Users/s_a_a/Desktop/NUCLEO-F446RE/BTLD/Build/Object/Parse/Parse.o
 *fill*         0x2000a40f        0x1 
 .bss.Pt2Func_App
                0x2000a410        0x4 C:/Users/s_a_a/Desktop/NUCLEO-F446RE/BTLD/Build/Object/Src/main.o
                0x2000a410                Pt2Func_App
 .bss.RCC_Configuration
                0x2000a414        0xc C:/Users/s_a_a/Desktop/NUCLEO-F446RE/BTLD/Build/Object/Src/main.o
                0x2000a414                RCC_Configuration
 .bss.ms_ticks  0x2000a420        0x4 C:/Users/s_a_a/Desktop/NUCLEO-F446RE/BTLD/Build/Object/Src/main.o
                0x2000a420                ms_ticks
                0x2000a424                . = ALIGN (0x4)
                0x2000a424                _ebss = .

._user_heap_stack
                0x2000a424     0x1204 load address 0x08006324
                0x2000a428                . = ALIGN (0x8)
 *fill*         0x2000a424        0x4 
                0x2000a628                . = (. + _Min_Heap_Size)
 *fill*         0x2000a428      0x200 
                0x2000b628                . = (. + _Min_Stack_Size)
 *fill*         0x2000a628     0x1000 
                0x2000b628                . = ALIGN (0x8)
LOAD C:/Users/s_a_a/Desktop/NUCLEO-F446RE/BTLD/Build/Object/MCAL/RCC/src/RCC_program.o
LOAD C:/Users/s_a_a/Desktop/NUCLEO-F446RE/BTLD/Build/Object/MCAL/NVIC/src/NVIC_program.o
LOAD C:/Users/s_a_a/Desktop/NUCLEO-F446RE/BTLD/Build/Object/MCAL/SysTick/src/SysTick_program.o
LOAD C:/Users/s_a_a/Desktop/NUCLEO-F446RE/BTLD/Build/Object/MCAL/GPIO/src/GPIO_program.o
LOAD C:/Users/s_a_a/Desktop/NUCLEO-F446RE/BTLD/Build/Object/MCAL/UART/src/UART.o
LOAD C:/Users/s_a_a/Desktop/NUCLEO-F446RE/BTLD/Build/Object/MCAL/FLASH/src/FLASH.o
LOAD C:/Users/s_a_a/Desktop/NUCLEO-F446RE/BTLD/Build/Object/Parse/Parse.o
LOAD C:/Users/s_a_a/Desktop/NUCLEO-F446RE/BTLD/Build/Object/Startup/startup_stm32f103.o
LOAD C:/Users/s_a_a/Desktop/NUCLEO-F446RE/BTLD/Build/Object/Src/main.o
OUTPUT(C:/Users/s_a_a/Desktop/NUCLEO-F446RE/BTLD/Tools/BTLD.elf elf32-littlearm)
LOAD linker stubs

.debug_info     0x00000000     0x2766
 .debug_info    0x00000000      0x3e2 C:/Users/s_a_a/Desktop/NUCLEO-F446RE/BTLD/Build/Object/MCAL/RCC/src/RCC_program.o
 .debug_info    0x000003e2      0x303 C:/Users/s_a_a/Desktop/NUCLEO-F446RE/BTLD/Build/Object/MCAL/NVIC/src/NVIC_program.o
 .debug_info    0x000006e5      0x26b C:/Users/s_a_a/Desktop/NUCLEO-F446RE/BTLD/Build/Object/MCAL/SysTick/src/SysTick_program.o
 .debug_info    0x00000950      0x531 C:/Users/s_a_a/Desktop/NUCLEO-F446RE/BTLD/Build/Object/MCAL/GPIO/src/GPIO_program.o
 .debug_info    0x00000e81      0x63a C:/Users/s_a_a/Desktop/NUCLEO-F446RE/BTLD/Build/Object/MCAL/UART/src/UART.o
 .debug_info    0x000014bb      0x684 C:/Users/s_a_a/Desktop/NUCLEO-F446RE/BTLD/Build/Object/MCAL/FLASH/src/FLASH.o
 .debug_info    0x00001b3f      0x3d1 C:/Users/s_a_a/Desktop/NUCLEO-F446RE/BTLD/Build/Object/Parse/Parse.o
 .debug_info    0x00001f10      0x148 C:/Users/s_a_a/Desktop/NUCLEO-F446RE/BTLD/Build/Object/Startup/startup_stm32f103.o
 .debug_info    0x00002058      0x70e C:/Users/s_a_a/Desktop/NUCLEO-F446RE/BTLD/Build/Object/Src/main.o

.debug_abbrev   0x00000000      0xb18
 .debug_abbrev  0x00000000      0x134 C:/Users/s_a_a/Desktop/NUCLEO-F446RE/BTLD/Build/Object/MCAL/RCC/src/RCC_program.o
 .debug_abbrev  0x00000134      0x12e C:/Users/s_a_a/Desktop/NUCLEO-F446RE/BTLD/Build/Object/MCAL/NVIC/src/NVIC_program.o
 .debug_abbrev  0x00000262      0x144 C:/Users/s_a_a/Desktop/NUCLEO-F446RE/BTLD/Build/Object/MCAL/SysTick/src/SysTick_program.o
 .debug_abbrev  0x000003a6      0x129 C:/Users/s_a_a/Desktop/NUCLEO-F446RE/BTLD/Build/Object/MCAL/GPIO/src/GPIO_program.o
 .debug_abbrev  0x000004cf      0x165 C:/Users/s_a_a/Desktop/NUCLEO-F446RE/BTLD/Build/Object/MCAL/UART/src/UART.o
 .debug_abbrev  0x00000634      0x1aa C:/Users/s_a_a/Desktop/NUCLEO-F446RE/BTLD/Build/Object/MCAL/FLASH/src/FLASH.o
 .debug_abbrev  0x000007de      0x15c C:/Users/s_a_a/Desktop/NUCLEO-F446RE/BTLD/Build/Object/Parse/Parse.o
 .debug_abbrev  0x0000093a       0xe3 C:/Users/s_a_a/Desktop/NUCLEO-F446RE/BTLD/Build/Object/Startup/startup_stm32f103.o
 .debug_abbrev  0x00000a1d       0xfb C:/Users/s_a_a/Desktop/NUCLEO-F446RE/BTLD/Build/Object/Src/main.o

.debug_aranges  0x00000000      0x348
 .debug_aranges
                0x00000000       0x78 C:/Users/s_a_a/Desktop/NUCLEO-F446RE/BTLD/Build/Object/MCAL/RCC/src/RCC_program.o
 .debug_aranges
                0x00000078       0x48 C:/Users/s_a_a/Desktop/NUCLEO-F446RE/BTLD/Build/Object/MCAL/NVIC/src/NVIC_program.o
 .debug_aranges
                0x000000c0       0x58 C:/Users/s_a_a/Desktop/NUCLEO-F446RE/BTLD/Build/Object/MCAL/SysTick/src/SysTick_program.o
 .debug_aranges
                0x00000118       0x48 C:/Users/s_a_a/Desktop/NUCLEO-F446RE/BTLD/Build/Object/MCAL/GPIO/src/GPIO_program.o
 .debug_aranges
                0x00000160       0x70 C:/Users/s_a_a/Desktop/NUCLEO-F446RE/BTLD/Build/Object/MCAL/UART/src/UART.o
 .debug_aranges
                0x000001d0       0xd0 C:/Users/s_a_a/Desktop/NUCLEO-F446RE/BTLD/Build/Object/MCAL/FLASH/src/FLASH.o
 .debug_aranges
                0x000002a0       0x38 C:/Users/s_a_a/Desktop/NUCLEO-F446RE/BTLD/Build/Object/Parse/Parse.o
 .debug_aranges
                0x000002d8       0x28 C:/Users/s_a_a/Desktop/NUCLEO-F446RE/BTLD/Build/Object/Startup/startup_stm32f103.o
 .debug_aranges
                0x00000300       0x48 C:/Users/s_a_a/Desktop/NUCLEO-F446RE/BTLD/Build/Object/Src/main.o

.debug_ranges   0x00000000      0x2b8
 .debug_ranges  0x00000000       0x68 C:/Users/s_a_a/Desktop/NUCLEO-F446RE/BTLD/Build/Object/MCAL/RCC/src/RCC_program.o
 .debug_ranges  0x00000068       0x38 C:/Users/s_a_a/Desktop/NUCLEO-F446RE/BTLD/Build/Object/MCAL/NVIC/src/NVIC_program.o
 .debug_ranges  0x000000a0       0x48 C:/Users/s_a_a/Desktop/NUCLEO-F446RE/BTLD/Build/Object/MCAL/SysTick/src/SysTick_program.o
 .debug_ranges  0x000000e8       0x38 C:/Users/s_a_a/Desktop/NUCLEO-F446RE/BTLD/Build/Object/MCAL/GPIO/src/GPIO_program.o
 .debug_ranges  0x00000120       0x60 C:/Users/s_a_a/Desktop/NUCLEO-F446RE/BTLD/Build/Object/MCAL/UART/src/UART.o
 .debug_ranges  0x00000180       0xc0 C:/Users/s_a_a/Desktop/NUCLEO-F446RE/BTLD/Build/Object/MCAL/FLASH/src/FLASH.o
 .debug_ranges  0x00000240       0x28 C:/Users/s_a_a/Desktop/NUCLEO-F446RE/BTLD/Build/Object/Parse/Parse.o
 .debug_ranges  0x00000268       0x18 C:/Users/s_a_a/Desktop/NUCLEO-F446RE/BTLD/Build/Object/Startup/startup_stm32f103.o
 .debug_ranges  0x00000280       0x38 C:/Users/s_a_a/Desktop/NUCLEO-F446RE/BTLD/Build/Object/Src/main.o

.debug_macro    0x00000000     0x12ca
 .debug_macro   0x00000000       0x32 C:/Users/s_a_a/Desktop/NUCLEO-F446RE/BTLD/Build/Object/MCAL/RCC/src/RCC_program.o
 .debug_macro   0x00000032      0xa66 C:/Users/s_a_a/Desktop/NUCLEO-F446RE/BTLD/Build/Object/MCAL/RCC/src/RCC_program.o
 .debug_macro   0x00000a98       0x1c C:/Users/s_a_a/Desktop/NUCLEO-F446RE/BTLD/Build/Object/MCAL/RCC/src/RCC_program.o
 .debug_macro   0x00000ab4       0x22 C:/Users/s_a_a/Desktop/NUCLEO-F446RE/BTLD/Build/Object/MCAL/RCC/src/RCC_program.o
 .debug_macro   0x00000ad6       0x94 C:/Users/s_a_a/Desktop/NUCLEO-F446RE/BTLD/Build/Object/MCAL/RCC/src/RCC_program.o
 .debug_macro   0x00000b6a       0x49 C:/Users/s_a_a/Desktop/NUCLEO-F446RE/BTLD/Build/Object/MCAL/NVIC/src/NVIC_program.o
 .debug_macro   0x00000bb3       0x58 C:/Users/s_a_a/Desktop/NUCLEO-F446RE/BTLD/Build/Object/MCAL/NVIC/src/NVIC_program.o
 .debug_macro   0x00000c0b       0x10 C:/Users/s_a_a/Desktop/NUCLEO-F446RE/BTLD/Build/Object/MCAL/NVIC/src/NVIC_program.o
 .debug_macro   0x00000c1b       0x3b C:/Users/s_a_a/Desktop/NUCLEO-F446RE/BTLD/Build/Object/MCAL/SysTick/src/SysTick_program.o
 .debug_macro   0x00000c56       0x22 C:/Users/s_a_a/Desktop/NUCLEO-F446RE/BTLD/Build/Object/MCAL/SysTick/src/SysTick_program.o
 .debug_macro   0x00000c78       0x2e C:/Users/s_a_a/Desktop/NUCLEO-F446RE/BTLD/Build/Object/MCAL/SysTick/src/SysTick_program.o
 .debug_macro   0x00000ca6       0x3b C:/Users/s_a_a/Desktop/NUCLEO-F446RE/BTLD/Build/Object/MCAL/GPIO/src/GPIO_program.o
 .debug_macro   0x00000ce1       0x6a C:/Users/s_a_a/Desktop/NUCLEO-F446RE/BTLD/Build/Object/MCAL/GPIO/src/GPIO_program.o
 .debug_macro   0x00000d4b       0x10 C:/Users/s_a_a/Desktop/NUCLEO-F446RE/BTLD/Build/Object/MCAL/GPIO/src/GPIO_program.o
 .debug_macro   0x00000d5b       0x32 C:/Users/s_a_a/Desktop/NUCLEO-F446RE/BTLD/Build/Object/MCAL/UART/src/UART.o
 .debug_macro   0x00000d8d       0x70 C:/Users/s_a_a/Desktop/NUCLEO-F446RE/BTLD/Build/Object/MCAL/UART/src/UART.o
 .debug_macro   0x00000dfd       0x29 C:/Users/s_a_a/Desktop/NUCLEO-F446RE/BTLD/Build/Object/MCAL/FLASH/src/FLASH.o
 .debug_macro   0x00000e26      0x130 C:/Users/s_a_a/Desktop/NUCLEO-F446RE/BTLD/Build/Object/MCAL/FLASH/src/FLASH.o
 .debug_macro   0x00000f56       0x74 C:/Users/s_a_a/Desktop/NUCLEO-F446RE/BTLD/Build/Object/Parse/Parse.o
 .debug_macro   0x00000fca      0x136 C:/Users/s_a_a/Desktop/NUCLEO-F446RE/BTLD/Build/Object/Parse/Parse.o
 .debug_macro   0x00001100       0x16 C:/Users/s_a_a/Desktop/NUCLEO-F446RE/BTLD/Build/Object/Parse/Parse.o
 .debug_macro   0x00001116       0x17 C:/Users/s_a_a/Desktop/NUCLEO-F446RE/BTLD/Build/Object/Startup/startup_stm32f103.o
 .debug_macro   0x0000112d       0x8d C:/Users/s_a_a/Desktop/NUCLEO-F446RE/BTLD/Build/Object/Src/main.o
 .debug_macro   0x000011ba       0x9a C:/Users/s_a_a/Desktop/NUCLEO-F446RE/BTLD/Build/Object/Src/main.o
 .debug_macro   0x00001254       0x76 C:/Users/s_a_a/Desktop/NUCLEO-F446RE/BTLD/Build/Object/Src/main.o

.debug_line     0x00000000     0x1828
 .debug_line    0x00000000      0x2c0 C:/Users/s_a_a/Desktop/NUCLEO-F446RE/BTLD/Build/Object/MCAL/RCC/src/RCC_program.o
 .debug_line    0x000002c0      0x206 C:/Users/s_a_a/Desktop/NUCLEO-F446RE/BTLD/Build/Object/MCAL/NVIC/src/NVIC_program.o
 .debug_line    0x000004c6      0x1da C:/Users/s_a_a/Desktop/NUCLEO-F446RE/BTLD/Build/Object/MCAL/SysTick/src/SysTick_program.o
 .debug_line    0x000006a0      0x295 C:/Users/s_a_a/Desktop/NUCLEO-F446RE/BTLD/Build/Object/MCAL/GPIO/src/GPIO_program.o
 .debug_line    0x00000935      0x369 C:/Users/s_a_a/Desktop/NUCLEO-F446RE/BTLD/Build/Object/MCAL/UART/src/UART.o
 .debug_line    0x00000c9e      0x597 C:/Users/s_a_a/Desktop/NUCLEO-F446RE/BTLD/Build/Object/MCAL/FLASH/src/FLASH.o
 .debug_line    0x00001235      0x30b C:/Users/s_a_a/Desktop/NUCLEO-F446RE/BTLD/Build/Object/Parse/Parse.o
 .debug_line    0x00001540       0xe1 C:/Users/s_a_a/Desktop/NUCLEO-F446RE/BTLD/Build/Object/Startup/startup_stm32f103.o
 .debug_line    0x00001621      0x207 C:/Users/s_a_a/Desktop/NUCLEO-F446RE/BTLD/Build/Object/Src/main.o

.debug_str      0x00000000     0x54f8
 .debug_str     0x00000000     0x34ba C:/Users/s_a_a/Desktop/NUCLEO-F446RE/BTLD/Build/Object/MCAL/RCC/src/RCC_program.o
                               0x3538 (size before relaxing)
 .debug_str     0x000034ba      0x4c4 C:/Users/s_a_a/Desktop/NUCLEO-F446RE/BTLD/Build/Object/MCAL/NVIC/src/NVIC_program.o
                               0x32aa (size before relaxing)
 .debug_str     0x0000397e      0x333 C:/Users/s_a_a/Desktop/NUCLEO-F446RE/BTLD/Build/Object/MCAL/SysTick/src/SysTick_program.o
                               0x3122 (size before relaxing)
 .debug_str     0x00003cb1      0x4e9 C:/Users/s_a_a/Desktop/NUCLEO-F446RE/BTLD/Build/Object/MCAL/GPIO/src/GPIO_program.o
                               0x32c8 (size before relaxing)
 .debug_str     0x0000419a      0x4d9 C:/Users/s_a_a/Desktop/NUCLEO-F446RE/BTLD/Build/Object/MCAL/UART/src/UART.o
                               0x32de (size before relaxing)
 .debug_str     0x00004673      0x8f8 C:/Users/s_a_a/Desktop/NUCLEO-F446RE/BTLD/Build/Object/MCAL/FLASH/src/FLASH.o
                               0x3659 (size before relaxing)
 .debug_str     0x00004f6b      0x218 C:/Users/s_a_a/Desktop/NUCLEO-F446RE/BTLD/Build/Object/Parse/Parse.o
                               0x3822 (size before relaxing)
 .debug_str     0x00005183       0xa5 C:/Users/s_a_a/Desktop/NUCLEO-F446RE/BTLD/Build/Object/Startup/startup_stm32f103.o
                               0x2d43 (size before relaxing)
 .debug_str     0x00005228      0x2d0 C:/Users/s_a_a/Desktop/NUCLEO-F446RE/BTLD/Build/Object/Src/main.o
                               0x4612 (size before relaxing)

.comment        0x00000000       0x49
 .comment       0x00000000       0x49 C:/Users/s_a_a/Desktop/NUCLEO-F446RE/BTLD/Build/Object/MCAL/RCC/src/RCC_program.o
                                 0x4a (size before relaxing)
 .comment       0x00000049       0x4a C:/Users/s_a_a/Desktop/NUCLEO-F446RE/BTLD/Build/Object/MCAL/NVIC/src/NVIC_program.o
 .comment       0x00000049       0x4a C:/Users/s_a_a/Desktop/NUCLEO-F446RE/BTLD/Build/Object/MCAL/SysTick/src/SysTick_program.o
 .comment       0x00000049       0x4a C:/Users/s_a_a/Desktop/NUCLEO-F446RE/BTLD/Build/Object/MCAL/GPIO/src/GPIO_program.o
 .comment       0x00000049       0x4a C:/Users/s_a_a/Desktop/NUCLEO-F446RE/BTLD/Build/Object/MCAL/UART/src/UART.o
 .comment       0x00000049       0x4a C:/Users/s_a_a/Desktop/NUCLEO-F446RE/BTLD/Build/Object/MCAL/FLASH/src/FLASH.o
 .comment       0x00000049       0x4a C:/Users/s_a_a/Desktop/NUCLEO-F446RE/BTLD/Build/Object/Parse/Parse.o
 .comment       0x00000049       0x4a C:/Users/s_a_a/Desktop/NUCLEO-F446RE/BTLD/Build/Object/Startup/startup_stm32f103.o
 .comment       0x00000049       0x4a C:/Users/s_a_a/Desktop/NUCLEO-F446RE/BTLD/Build/Object/Src/main.o

.ARM.attributes
                0x00000000       0x34
 .ARM.attributes
                0x00000000       0x34 C:/Users/s_a_a/Desktop/NUCLEO-F446RE/BTLD/Build/Object/MCAL/RCC/src/RCC_program.o
 .ARM.attributes
                0x00000034       0x34 C:/Users/s_a_a/Desktop/NUCLEO-F446RE/BTLD/Build/Object/MCAL/NVIC/src/NVIC_program.o
 .ARM.attributes
                0x00000068       0x34 C:/Users/s_a_a/Desktop/NUCLEO-F446RE/BTLD/Build/Object/MCAL/SysTick/src/SysTick_program.o
 .ARM.attributes
                0x0000009c       0x34 C:/Users/s_a_a/Desktop/NUCLEO-F446RE/BTLD/Build/Object/MCAL/GPIO/src/GPIO_program.o
 .ARM.attributes
                0x000000d0       0x34 C:/Users/s_a_a/Desktop/NUCLEO-F446RE/BTLD/Build/Object/MCAL/UART/src/UART.o
 .ARM.attributes
                0x00000104       0x34 C:/Users/s_a_a/Desktop/NUCLEO-F446RE/BTLD/Build/Object/MCAL/FLASH/src/FLASH.o
 .ARM.attributes
                0x00000138       0x34 C:/Users/s_a_a/Desktop/NUCLEO-F446RE/BTLD/Build/Object/Parse/Parse.o
 .ARM.attributes
                0x0000016c       0x34 C:/Users/s_a_a/Desktop/NUCLEO-F446RE/BTLD/Build/Object/Startup/startup_stm32f103.o
 .ARM.attributes
                0x000001a0       0x34 C:/Users/s_a_a/Desktop/NUCLEO-F446RE/BTLD/Build/Object/Src/main.o

.debug_frame    0x00000000      0xb94
 .debug_frame   0x00000000      0x1c8 C:/Users/s_a_a/Desktop/NUCLEO-F446RE/BTLD/Build/Object/MCAL/RCC/src/RCC_program.o
 .debug_frame   0x000001c8      0x100 C:/Users/s_a_a/Desktop/NUCLEO-F446RE/BTLD/Build/Object/MCAL/NVIC/src/NVIC_program.o
 .debug_frame   0x000002c8      0x120 C:/Users/s_a_a/Desktop/NUCLEO-F446RE/BTLD/Build/Object/MCAL/SysTick/src/SysTick_program.o
 .debug_frame   0x000003e8       0xf4 C:/Users/s_a_a/Desktop/NUCLEO-F446RE/BTLD/Build/Object/MCAL/GPIO/src/GPIO_program.o
 .debug_frame   0x000004dc      0x1ac C:/Users/s_a_a/Desktop/NUCLEO-F446RE/BTLD/Build/Object/MCAL/UART/src/UART.o
 .debug_frame   0x00000688      0x354 C:/Users/s_a_a/Desktop/NUCLEO-F446RE/BTLD/Build/Object/MCAL/FLASH/src/FLASH.o
 .debug_frame   0x000009dc       0xb0 C:/Users/s_a_a/Desktop/NUCLEO-F446RE/BTLD/Build/Object/Parse/Parse.o
 .debug_frame   0x00000a8c       0x48 C:/Users/s_a_a/Desktop/NUCLEO-F446RE/BTLD/Build/Object/Startup/startup_stm32f103.o
 .debug_frame   0x00000ad4       0xc0 C:/Users/s_a_a/Desktop/NUCLEO-F446RE/BTLD/Build/Object/Src/main.o
