
Discarded input sections

 .group         0x00000000        0xc C:/NUCLEO-F446RE/BTLD/Build/Object/MCAL/RCC/src/RCC_program.o
 .group         0x00000000        0xc C:/NUCLEO-F446RE/BTLD/Build/Object/MCAL/RCC/src/RCC_program.o
 .group         0x00000000        0xc C:/NUCLEO-F446RE/BTLD/Build/Object/MCAL/RCC/src/RCC_program.o
 .group         0x00000000        0xc C:/NUCLEO-F446RE/BTLD/Build/Object/MCAL/RCC/src/RCC_program.o
 .group         0x00000000        0xc C:/NUCLEO-F446RE/BTLD/Build/Object/MCAL/NVIC/src/NVIC_program.o
 .group         0x00000000        0xc C:/NUCLEO-F446RE/BTLD/Build/Object/MCAL/NVIC/src/NVIC_program.o
 .group         0x00000000        0xc C:/NUCLEO-F446RE/BTLD/Build/Object/MCAL/NVIC/src/NVIC_program.o
 .group         0x00000000        0xc C:/NUCLEO-F446RE/BTLD/Build/Object/MCAL/NVIC/src/NVIC_program.o
 .group         0x00000000        0xc C:/NUCLEO-F446RE/BTLD/Build/Object/MCAL/NVIC/src/NVIC_program.o
 .debug_macro   0x00000000      0xa66 C:/NUCLEO-F446RE/BTLD/Build/Object/MCAL/NVIC/src/NVIC_program.o
 .debug_macro   0x00000000       0x10 C:/NUCLEO-F446RE/BTLD/Build/Object/MCAL/NVIC/src/NVIC_program.o
 .debug_macro   0x00000000       0x22 C:/NUCLEO-F446RE/BTLD/Build/Object/MCAL/NVIC/src/NVIC_program.o
 .group         0x00000000        0xc C:/NUCLEO-F446RE/BTLD/Build/Object/MCAL/SysTick/src/SysTick_program.o
 .group         0x00000000        0xc C:/NUCLEO-F446RE/BTLD/Build/Object/MCAL/SysTick/src/SysTick_program.o
 .group         0x00000000        0xc C:/NUCLEO-F446RE/BTLD/Build/Object/MCAL/SysTick/src/SysTick_program.o
 .group         0x00000000        0xc C:/NUCLEO-F446RE/BTLD/Build/Object/MCAL/SysTick/src/SysTick_program.o
 .group         0x00000000        0xc C:/NUCLEO-F446RE/BTLD/Build/Object/MCAL/SysTick/src/SysTick_program.o
 .debug_macro   0x00000000      0xa66 C:/NUCLEO-F446RE/BTLD/Build/Object/MCAL/SysTick/src/SysTick_program.o
 .debug_macro   0x00000000       0x10 C:/NUCLEO-F446RE/BTLD/Build/Object/MCAL/SysTick/src/SysTick_program.o
 .debug_macro   0x00000000       0x22 C:/NUCLEO-F446RE/BTLD/Build/Object/MCAL/SysTick/src/SysTick_program.o
 .group         0x00000000        0xc C:/NUCLEO-F446RE/BTLD/Build/Object/MCAL/GPIO/src/GPIO_program.o
 .group         0x00000000        0xc C:/NUCLEO-F446RE/BTLD/Build/Object/MCAL/GPIO/src/GPIO_program.o
 .group         0x00000000        0xc C:/NUCLEO-F446RE/BTLD/Build/Object/MCAL/GPIO/src/GPIO_program.o
 .group         0x00000000        0xc C:/NUCLEO-F446RE/BTLD/Build/Object/MCAL/GPIO/src/GPIO_program.o
 .group         0x00000000        0xc C:/NUCLEO-F446RE/BTLD/Build/Object/MCAL/GPIO/src/GPIO_program.o
 .debug_macro   0x00000000      0xa66 C:/NUCLEO-F446RE/BTLD/Build/Object/MCAL/GPIO/src/GPIO_program.o
 .debug_macro   0x00000000       0x10 C:/NUCLEO-F446RE/BTLD/Build/Object/MCAL/GPIO/src/GPIO_program.o
 .debug_macro   0x00000000       0x22 C:/NUCLEO-F446RE/BTLD/Build/Object/MCAL/GPIO/src/GPIO_program.o
 .group         0x00000000        0xc C:/NUCLEO-F446RE/BTLD/Build/Object/MCAL/UART/src/UART.o
 .group         0x00000000        0xc C:/NUCLEO-F446RE/BTLD/Build/Object/MCAL/UART/src/UART.o
 .group         0x00000000        0xc C:/NUCLEO-F446RE/BTLD/Build/Object/MCAL/UART/src/UART.o
 .group         0x00000000        0xc C:/NUCLEO-F446RE/BTLD/Build/Object/MCAL/UART/src/UART.o
 .debug_macro   0x00000000      0xa66 C:/NUCLEO-F446RE/BTLD/Build/Object/MCAL/UART/src/UART.o
 .debug_macro   0x00000000       0x10 C:/NUCLEO-F446RE/BTLD/Build/Object/MCAL/UART/src/UART.o
 .debug_macro   0x00000000       0x22 C:/NUCLEO-F446RE/BTLD/Build/Object/MCAL/UART/src/UART.o
 .group         0x00000000        0xc C:/NUCLEO-F446RE/BTLD/Build/Object/Startup/startup_stm32f103.o
 .debug_macro   0x00000000      0xa66 C:/NUCLEO-F446RE/BTLD/Build/Object/Startup/startup_stm32f103.o
 .group         0x00000000        0xc C:/NUCLEO-F446RE/BTLD/Build/Object/Src/main.o
 .group         0x00000000        0xc C:/NUCLEO-F446RE/BTLD/Build/Object/Src/main.o
 .group         0x00000000        0xc C:/NUCLEO-F446RE/BTLD/Build/Object/Src/main.o
 .group         0x00000000        0xc C:/NUCLEO-F446RE/BTLD/Build/Object/Src/main.o
 .group         0x00000000        0xc C:/NUCLEO-F446RE/BTLD/Build/Object/Src/main.o
 .group         0x00000000        0xc C:/NUCLEO-F446RE/BTLD/Build/Object/Src/main.o
 .group         0x00000000        0xc C:/NUCLEO-F446RE/BTLD/Build/Object/Src/main.o
 .debug_macro   0x00000000      0xa66 C:/NUCLEO-F446RE/BTLD/Build/Object/Src/main.o
 .debug_macro   0x00000000       0x10 C:/NUCLEO-F446RE/BTLD/Build/Object/Src/main.o
 .debug_macro   0x00000000       0x22 C:/NUCLEO-F446RE/BTLD/Build/Object/Src/main.o
 .debug_macro   0x00000000       0x94 C:/NUCLEO-F446RE/BTLD/Build/Object/Src/main.o
 .debug_macro   0x00000000       0x6a C:/NUCLEO-F446RE/BTLD/Build/Object/Src/main.o
 .debug_macro   0x00000000       0x10 C:/NUCLEO-F446RE/BTLD/Build/Object/Src/main.o

Memory Configuration

Name             Origin             Length             Attributes
FLASH            0x08005000         0x00005000         xr
RAM              0x20000000         0x00020000         xrw
*default*        0x00000000         0xffffffff

Linker script and memory map

                0x20020000                _estack = (ORIGIN (RAM) + LENGTH (RAM))
                0x00000200                _Min_Heap_Size = 0x200
                0x00001000                _Min_Stack_Size = 0x1000

.isr_vector     0x08005000      0x178
                0x08005000                . = ALIGN (0x4)
 *(.isr_vector)
 .isr_vector    0x08005000      0x178 C:/NUCLEO-F446RE/BTLD/Build/Object/Startup/startup_stm32f103.o
                0x08005000                Vector_Table
                0x08005178                . = ALIGN (0x4)

.text           0x08005178      0xfd0
                0x08005178                . = ALIGN (0x4)
 *(.text)
 .text          0x08005178        0x0 C:/NUCLEO-F446RE/BTLD/Build/Object/MCAL/RCC/src/RCC_program.o
 .text          0x08005178        0x0 C:/NUCLEO-F446RE/BTLD/Build/Object/MCAL/NVIC/src/NVIC_program.o
 .text          0x08005178        0x0 C:/NUCLEO-F446RE/BTLD/Build/Object/MCAL/SysTick/src/SysTick_program.o
 .text          0x08005178        0x0 C:/NUCLEO-F446RE/BTLD/Build/Object/MCAL/GPIO/src/GPIO_program.o
 .text          0x08005178        0x0 C:/NUCLEO-F446RE/BTLD/Build/Object/MCAL/UART/src/UART.o
 .text          0x08005178        0x0 C:/NUCLEO-F446RE/BTLD/Build/Object/Startup/startup_stm32f103.o
 .text          0x08005178        0x0 C:/NUCLEO-F446RE/BTLD/Build/Object/Src/main.o
 *(.text*)
 .text.RCC_EnableHSI
                0x08005178       0x30 C:/NUCLEO-F446RE/BTLD/Build/Object/MCAL/RCC/src/RCC_program.o
 .text.RCC_EnableHSE
                0x080051a8       0x30 C:/NUCLEO-F446RE/BTLD/Build/Object/MCAL/RCC/src/RCC_program.o
 .text.RCC_EnablePLL
                0x080051d8       0x30 C:/NUCLEO-F446RE/BTLD/Build/Object/MCAL/RCC/src/RCC_program.o
 .text.RCC_DisablePLL
                0x08005208       0x30 C:/NUCLEO-F446RE/BTLD/Build/Object/MCAL/RCC/src/RCC_program.o
 .text.RCC_SelectSystemClock
                0x08005238       0x4c C:/NUCLEO-F446RE/BTLD/Build/Object/MCAL/RCC/src/RCC_program.o
 .text.RCC_ConfigPLL
                0x08005284       0x78 C:/NUCLEO-F446RE/BTLD/Build/Object/MCAL/RCC/src/RCC_program.o
 .text.RCC_SetAHBPrescaler
                0x080052fc       0x38 C:/NUCLEO-F446RE/BTLD/Build/Object/MCAL/RCC/src/RCC_program.o
 .text.RCC_SetAPB1Prescaler
                0x08005334       0x38 C:/NUCLEO-F446RE/BTLD/Build/Object/MCAL/RCC/src/RCC_program.o
 .text.RCC_SetAPB2Prescaler
                0x0800536c       0x38 C:/NUCLEO-F446RE/BTLD/Build/Object/MCAL/RCC/src/RCC_program.o
 .text.RCC_Init
                0x080053a4       0x8e C:/NUCLEO-F446RE/BTLD/Build/Object/MCAL/RCC/src/RCC_program.o
                0x080053a4                RCC_Init
 *fill*         0x08005432        0x2 
 .text.RCC_EnableClock
                0x08005434       0xc0 C:/NUCLEO-F446RE/BTLD/Build/Object/MCAL/RCC/src/RCC_program.o
                0x08005434                RCC_EnableClock
 .text.RCC_DisableClock
                0x080054f4       0xcc C:/NUCLEO-F446RE/BTLD/Build/Object/MCAL/RCC/src/RCC_program.o
                0x080054f4                RCC_DisableClock
 .text.NVIC_EnableInterrupt
                0x080055c0       0x54 C:/NUCLEO-F446RE/BTLD/Build/Object/MCAL/NVIC/src/NVIC_program.o
                0x080055c0                NVIC_EnableInterrupt
 .text.NVIC_DisableInterrupt
                0x08005614       0x54 C:/NUCLEO-F446RE/BTLD/Build/Object/MCAL/NVIC/src/NVIC_program.o
                0x08005614                NVIC_DisableInterrupt
 .text.NVIC_SetPendingFlag
                0x08005668       0x54 C:/NUCLEO-F446RE/BTLD/Build/Object/MCAL/NVIC/src/NVIC_program.o
                0x08005668                NVIC_SetPendingFlag
 .text.NVIC_ClearPendingFlag
                0x080056bc       0x54 C:/NUCLEO-F446RE/BTLD/Build/Object/MCAL/NVIC/src/NVIC_program.o
                0x080056bc                NVIC_ClearPendingFlag
 .text.NVIC_GetActiveInterrupt
                0x08005710       0x6c C:/NUCLEO-F446RE/BTLD/Build/Object/MCAL/NVIC/src/NVIC_program.o
                0x08005710                NVIC_GetActiveInterrupt
 .text.NVIC_SetPriority
                0x0800577c       0x68 C:/NUCLEO-F446RE/BTLD/Build/Object/MCAL/NVIC/src/NVIC_program.o
                0x0800577c                NVIC_SetPriority
 .text.SysTick_voidInit
                0x080057e4       0x1c C:/NUCLEO-F446RE/BTLD/Build/Object/MCAL/SysTick/src/SysTick_program.o
                0x080057e4                SysTick_voidInit
 .text.SysTick_voidSetBusyWait
                0x08005800       0x54 C:/NUCLEO-F446RE/BTLD/Build/Object/MCAL/SysTick/src/SysTick_program.o
                0x08005800                SysTick_voidSetBusyWait
 .text.SysTick_voidSetIntervalSingle
                0x08005854       0x58 C:/NUCLEO-F446RE/BTLD/Build/Object/MCAL/SysTick/src/SysTick_program.o
                0x08005854                SysTick_voidSetIntervalSingle
 .text.SysTick_voidSetIntervalPeriodoc
                0x080058ac       0x64 C:/NUCLEO-F446RE/BTLD/Build/Object/MCAL/SysTick/src/SysTick_program.o
                0x080058ac                SysTick_voidSetIntervalPeriodoc
 .text.SysTick_voidStopTimer
                0x08005910       0x1c C:/NUCLEO-F446RE/BTLD/Build/Object/MCAL/SysTick/src/SysTick_program.o
                0x08005910                SysTick_voidStopTimer
 .text.SysTick_GetElapsedTime
                0x0800592c       0x20 C:/NUCLEO-F446RE/BTLD/Build/Object/MCAL/SysTick/src/SysTick_program.o
                0x0800592c                SysTick_GetElapsedTime
 .text.SysTick_GetRemaningTime
                0x0800594c       0x18 C:/NUCLEO-F446RE/BTLD/Build/Object/MCAL/SysTick/src/SysTick_program.o
                0x0800594c                SysTick_GetRemaningTime
 .text.SysTick_Handler
                0x08005964       0x14 C:/NUCLEO-F446RE/BTLD/Build/Object/MCAL/SysTick/src/SysTick_program.o
                0x08005964                SysTick_Handler
 .text.GPIO_GetPort
                0x08005978       0x88 C:/NUCLEO-F446RE/BTLD/Build/Object/MCAL/GPIO/src/GPIO_program.o
 .text.GPIO_InitPin
                0x08005a00      0x106 C:/NUCLEO-F446RE/BTLD/Build/Object/MCAL/GPIO/src/GPIO_program.o
                0x08005a00                GPIO_InitPin
 .text.GPIO_WritePin
                0x08005b06       0x60 C:/NUCLEO-F446RE/BTLD/Build/Object/MCAL/GPIO/src/GPIO_program.o
                0x08005b06                GPIO_WritePin
 .text.GPIO_TogglePin
                0x08005b66       0x4a C:/NUCLEO-F446RE/BTLD/Build/Object/MCAL/GPIO/src/GPIO_program.o
                0x08005b66                GPIO_TogglePin
 .text.GPIO_ReadPin
                0x08005bb0       0x4e C:/NUCLEO-F446RE/BTLD/Build/Object/MCAL/GPIO/src/GPIO_program.o
                0x08005bb0                GPIO_ReadPin
 *fill*         0x08005bfe        0x2 
 .text.GPIO_SetAF
                0x08005c00      0x118 C:/NUCLEO-F446RE/BTLD/Build/Object/MCAL/GPIO/src/GPIO_program.o
                0x08005c00                GPIO_SetAF
 .text.Get_BASE_ADD
                0x08005d18       0x50 C:/NUCLEO-F446RE/BTLD/Build/Object/MCAL/UART/src/UART.o
                0x08005d18                Get_BASE_ADD
 .text.UART_Init
                0x08005d68      0x120 C:/NUCLEO-F446RE/BTLD/Build/Object/MCAL/UART/src/UART.o
                0x08005d68                UART_Init
 .text.UART_SendByte
                0x08005e88       0x3c C:/NUCLEO-F446RE/BTLD/Build/Object/MCAL/UART/src/UART.o
                0x08005e88                UART_SendByte
 .text.UART_SendString
                0x08005ec4       0x32 C:/NUCLEO-F446RE/BTLD/Build/Object/MCAL/UART/src/UART.o
                0x08005ec4                UART_SendString
 .text.UART_ReceiveByte
                0x08005ef6       0x34 C:/NUCLEO-F446RE/BTLD/Build/Object/MCAL/UART/src/UART.o
                0x08005ef6                UART_ReceiveByte
 .text.UART_ReceiveByte_Timeout
                0x08005f2a       0x4a C:/NUCLEO-F446RE/BTLD/Build/Object/MCAL/UART/src/UART.o
                0x08005f2a                UART_ReceiveByte_Timeout
 .text.UART_voidSendNumber
                0x08005f74       0xb0 C:/NUCLEO-F446RE/BTLD/Build/Object/MCAL/UART/src/UART.o
                0x08005f74                UART_voidSendNumber
 .text.Reset_Handler
                0x08006024       0x94 C:/NUCLEO-F446RE/BTLD/Build/Object/Startup/startup_stm32f103.o
                0x08006024                Reset_Handler
 .text.Default_Handler
                0x080060b8        0x6 C:/NUCLEO-F446RE/BTLD/Build/Object/Startup/startup_stm32f103.o
                0x080060b8                RTC_Alarm_IRQHandler
                0x080060b8                EXTI2_IRQHandler
                0x080060b8                TIM8_CC_IRQHandler
                0x080060b8                DebugMon_Handler
                0x080060b8                SPI4_IRQHandler
                0x080060b8                TIM1_CC_IRQHandler
                0x080060b8                DMA2_Stream5_IRQHandler
                0x080060b8                HardFault_Handler
                0x080060b8                DMA1_Stream5_IRQHandler
                0x080060b8                PVD_IRQHandler
                0x080060b8                SDIO_IRQHandler
                0x080060b8                TAMP_STAMP_IRQHandler
                0x080060b8                PendSV_Handler
                0x080060b8                NMI_Handler
                0x080060b8                CAN2_RX1_IRQHandler
                0x080060b8                EXTI3_IRQHandler
                0x080060b8                TIM8_TRG_COM_TIM14_IRQHandler
                0x080060b8                TIM1_UP_TIM10_IRQHandler
                0x080060b8                TIM8_UP_TIM13_IRQHandler
                0x080060b8                I2C3_ER_IRQHandler
                0x080060b8                EXTI0_IRQHandler
                0x080060b8                I2C2_EV_IRQHandler
                0x080060b8                DMA1_Stream2_IRQHandler
                0x080060b8                CAN1_RX0_IRQHandler
                0x080060b8                FPU_IRQHandler
                0x080060b8                UsageFault_Handler
                0x080060b8                CAN2_SCE_IRQHandler
                0x080060b8                DMA2_Stream2_IRQHandler
                0x080060b8                SPI1_IRQHandler
                0x080060b8                TIM6_DAC_IRQHandler
                0x080060b8                TIM1_BRK_TIM9_IRQHandler
                0x080060b8                CAN2_RX0_IRQHandler
                0x080060b8                DMA2_Stream3_IRQHandler
                0x080060b8                USART6_IRQHandler
                0x080060b8                USART3_IRQHandler
                0x080060b8                CAN1_RX1_IRQHandler
                0x080060b8                UART5_IRQHandler
                0x080060b8                DMA2_Stream0_IRQHandler
                0x080060b8                TIM4_IRQHandler
                0x080060b8                I2C1_EV_IRQHandler
                0x080060b8                DMA1_Stream6_IRQHandler
                0x080060b8                DMA1_Stream1_IRQHandler
                0x080060b8                UART4_IRQHandler
                0x080060b8                TIM3_IRQHandler
                0x080060b8                RCC_IRQHandler
                0x080060b8                TIM8_BRK_TIM12_IRQHandler
                0x080060b8                Default_Handler
                0x080060b8                EXTI15_10_IRQHandler
                0x080060b8                ADC_IRQHandler
                0x080060b8                DMA1_Stream7_IRQHandler
                0x080060b8                SPI5_IRQHandler
                0x080060b8                TIM7_IRQHandler
                0x080060b8                CAN2_TX_IRQHandler
                0x080060b8                TIM5_IRQHandler
                0x080060b8                DMA2_Stream7_IRQHandler
                0x080060b8                I2C3_EV_IRQHandler
                0x080060b8                EXTI9_5_IRQHandler
                0x080060b8                RTC_WKUP_IRQHandler
                0x080060b8                SPI2_IRQHandler
                0x080060b8                MemManage_Handler
                0x080060b8                DMA1_Stream0_IRQHandler
                0x080060b8                CAN1_TX_IRQHandler
                0x080060b8                SVC_Handler
                0x080060b8                EXTI4_IRQHandler
                0x080060b8                WWDG_IRQHandler
                0x080060b8                SPI6_IRQHandler
                0x080060b8                TIM2_IRQHandler
                0x080060b8                OTG_FS_WKUP_IRQHandler
                0x080060b8                TIM1_TRG_COM_TIM11_IRQHandler
                0x080060b8                DMA2D_IRQHandler
                0x080060b8                EXTI1_IRQHandler
                0x080060b8                USART2_IRQHandler
                0x080060b8                I2C2_ER_IRQHandler
                0x080060b8                DMA2_Stream1_IRQHandler
                0x080060b8                CAN1_SCE_IRQHandler
                0x080060b8                FLASH_IRQHandler
                0x080060b8                DMA2_Stream4_IRQHandler
                0x080060b8                BusFault_Handler
                0x080060b8                USART1_IRQHandler
                0x080060b8                OTG_FS_IRQHandler
                0x080060b8                SPI3_IRQHandler
                0x080060b8                DMA1_Stream4_IRQHandler
                0x080060b8                I2C1_ER_IRQHandler
                0x080060b8                FMC_IRQHandler
                0x080060b8                DMA2_Stream6_IRQHandler
                0x080060b8                SAI1_IRQHandler
                0x080060b8                DMA1_Stream3_IRQHandler
 *fill*         0x080060be        0x2 
 .text.main     0x080060c0       0x1c C:/NUCLEO-F446RE/BTLD/Build/Object/Src/main.o
                0x080060c0                main
 .text.APP_init
                0x080060dc       0x1c C:/NUCLEO-F446RE/BTLD/Build/Object/Src/main.o
                0x080060dc                APP_init
 .text.GPIO_PIN_CONFIG
                0x080060f8       0x2a C:/NUCLEO-F446RE/BTLD/Build/Object/Src/main.o
                0x080060f8                GPIO_PIN_CONFIG
 *fill*         0x08006122        0x2 
 .text.SystemInit
                0x08006124       0x24 C:/NUCLEO-F446RE/BTLD/Build/Object/Src/main.o
                0x08006124                SystemInit
                0x08006148                . = ALIGN (0x4)
                0x08006148                _etext = .

.glue_7         0x08006148        0x0
 .glue_7        0x08006148        0x0 linker stubs

.glue_7t        0x08006148        0x0
 .glue_7t       0x08006148        0x0 linker stubs

.vfp11_veneer   0x08006148        0x0
 .vfp11_veneer  0x08006148        0x0 linker stubs

.v4_bx          0x08006148        0x0
 .v4_bx         0x08006148        0x0 linker stubs

.iplt           0x08006148        0x0
 .iplt          0x08006148        0x0 C:/NUCLEO-F446RE/BTLD/Build/Object/MCAL/RCC/src/RCC_program.o

.rodata         0x08006148       0x10
                0x08006148                . = ALIGN (0x4)
 *(.rodata)
 .rodata        0x08006148        0x9 C:/NUCLEO-F446RE/BTLD/Build/Object/Src/main.o
 *(.rodata*)
 *fill*         0x08006151        0x3 
 .rodata.MSP_Value
                0x08006154        0x4 C:/NUCLEO-F446RE/BTLD/Build/Object/Startup/startup_stm32f103.o
                0x08006154                MSP_Value
                0x08006158                . = ALIGN (0x4)
                0x08006158                _sidata = LOADADDR (.data)

.rel.dyn        0x08006158        0x0
 .rel.iplt      0x08006158        0x0 C:/NUCLEO-F446RE/BTLD/Build/Object/MCAL/RCC/src/RCC_program.o

.data           0x20000000        0x8 load address 0x08006158
                0x20000000                . = ALIGN (0x4)
                0x20000000                _sdata = .
 *(.data)
 .data          0x20000000        0x0 C:/NUCLEO-F446RE/BTLD/Build/Object/MCAL/RCC/src/RCC_program.o
 .data          0x20000000        0x0 C:/NUCLEO-F446RE/BTLD/Build/Object/MCAL/NVIC/src/NVIC_program.o
 .data          0x20000000        0x0 C:/NUCLEO-F446RE/BTLD/Build/Object/MCAL/SysTick/src/SysTick_program.o
 .data          0x20000000        0x0 C:/NUCLEO-F446RE/BTLD/Build/Object/MCAL/GPIO/src/GPIO_program.o
 .data          0x20000000        0x0 C:/NUCLEO-F446RE/BTLD/Build/Object/MCAL/UART/src/UART.o
 .data          0x20000000        0x0 C:/NUCLEO-F446RE/BTLD/Build/Object/Startup/startup_stm32f103.o
 .data          0x20000000        0x0 C:/NUCLEO-F446RE/BTLD/Build/Object/Src/main.o
 *(.data*)
 .data.Uart_configuration
                0x20000000        0x8 C:/NUCLEO-F446RE/BTLD/Build/Object/Src/main.o
                0x20000000                Uart_configuration
                0x20000008                . = ALIGN (0x4)
                0x20000008                _edata = .

.igot.plt       0x20000008        0x0 load address 0x08006160
 .igot.plt      0x20000008        0x0 C:/NUCLEO-F446RE/BTLD/Build/Object/MCAL/RCC/src/RCC_program.o

.bss            0x20000008       0x10 load address 0x08006160
                0x20000008                _sbss = .
 *(.bss)
 .bss           0x20000008        0x0 C:/NUCLEO-F446RE/BTLD/Build/Object/MCAL/RCC/src/RCC_program.o
 .bss           0x20000008        0x0 C:/NUCLEO-F446RE/BTLD/Build/Object/MCAL/NVIC/src/NVIC_program.o
 .bss           0x20000008        0x0 C:/NUCLEO-F446RE/BTLD/Build/Object/MCAL/SysTick/src/SysTick_program.o
 .bss           0x20000008        0x0 C:/NUCLEO-F446RE/BTLD/Build/Object/MCAL/GPIO/src/GPIO_program.o
 .bss           0x20000008        0x0 C:/NUCLEO-F446RE/BTLD/Build/Object/MCAL/UART/src/UART.o
 .bss           0x20000008        0x0 C:/NUCLEO-F446RE/BTLD/Build/Object/Startup/startup_stm32f103.o
 .bss           0x20000008        0x0 C:/NUCLEO-F446RE/BTLD/Build/Object/Src/main.o
 *(.bss*)
 .bss.Local_PvFunction
                0x20000008        0x4 C:/NUCLEO-F446RE/BTLD/Build/Object/MCAL/SysTick/src/SysTick_program.o
 .bss.RCC_Configuration
                0x2000000c        0xc C:/NUCLEO-F446RE/BTLD/Build/Object/Src/main.o
                0x2000000c                RCC_Configuration
                0x20000018                . = ALIGN (0x4)
                0x20000018                _ebss = .

._user_heap_stack
                0x20000018     0x1200 load address 0x08006160
                0x20000018                . = ALIGN (0x8)
                0x20000218                . = (. + _Min_Heap_Size)
 *fill*         0x20000018      0x200 
                0x20001218                . = (. + _Min_Stack_Size)
 *fill*         0x20000218     0x1000 
                0x20001218                . = ALIGN (0x8)
LOAD C:/NUCLEO-F446RE/BTLD/Build/Object/MCAL/RCC/src/RCC_program.o
LOAD C:/NUCLEO-F446RE/BTLD/Build/Object/MCAL/NVIC/src/NVIC_program.o
LOAD C:/NUCLEO-F446RE/BTLD/Build/Object/MCAL/SysTick/src/SysTick_program.o
LOAD C:/NUCLEO-F446RE/BTLD/Build/Object/MCAL/GPIO/src/GPIO_program.o
LOAD C:/NUCLEO-F446RE/BTLD/Build/Object/MCAL/UART/src/UART.o
LOAD C:/NUCLEO-F446RE/BTLD/Build/Object/Startup/startup_stm32f103.o
LOAD C:/NUCLEO-F446RE/BTLD/Build/Object/Src/main.o
OUTPUT(C:/NUCLEO-F446RE/BTLD/Tools/BTLD.elf elf32-littlearm)
LOAD linker stubs

.debug_info     0x00000000     0x1a04
 .debug_info    0x00000000      0x3e2 C:/NUCLEO-F446RE/BTLD/Build/Object/MCAL/RCC/src/RCC_program.o
 .debug_info    0x000003e2      0x303 C:/NUCLEO-F446RE/BTLD/Build/Object/MCAL/NVIC/src/NVIC_program.o
 .debug_info    0x000006e5      0x26b C:/NUCLEO-F446RE/BTLD/Build/Object/MCAL/SysTick/src/SysTick_program.o
 .debug_info    0x00000950      0x531 C:/NUCLEO-F446RE/BTLD/Build/Object/MCAL/GPIO/src/GPIO_program.o
 .debug_info    0x00000e81      0x400 C:/NUCLEO-F446RE/BTLD/Build/Object/MCAL/UART/src/UART.o
 .debug_info    0x00001281      0x148 C:/NUCLEO-F446RE/BTLD/Build/Object/Startup/startup_stm32f103.o
 .debug_info    0x000013c9      0x63b C:/NUCLEO-F446RE/BTLD/Build/Object/Src/main.o

.debug_abbrev   0x00000000      0x77e
 .debug_abbrev  0x00000000      0x134 C:/NUCLEO-F446RE/BTLD/Build/Object/MCAL/RCC/src/RCC_program.o
 .debug_abbrev  0x00000134      0x12e C:/NUCLEO-F446RE/BTLD/Build/Object/MCAL/NVIC/src/NVIC_program.o
 .debug_abbrev  0x00000262      0x144 C:/NUCLEO-F446RE/BTLD/Build/Object/MCAL/SysTick/src/SysTick_program.o
 .debug_abbrev  0x000003a6      0x129 C:/NUCLEO-F446RE/BTLD/Build/Object/MCAL/GPIO/src/GPIO_program.o
 .debug_abbrev  0x000004cf      0x132 C:/NUCLEO-F446RE/BTLD/Build/Object/MCAL/UART/src/UART.o
 .debug_abbrev  0x00000601       0xe3 C:/NUCLEO-F446RE/BTLD/Build/Object/Startup/startup_stm32f103.o
 .debug_abbrev  0x000006e4       0x9a C:/NUCLEO-F446RE/BTLD/Build/Object/Src/main.o

.debug_aranges  0x00000000      0x210
 .debug_aranges
                0x00000000       0x78 C:/NUCLEO-F446RE/BTLD/Build/Object/MCAL/RCC/src/RCC_program.o
 .debug_aranges
                0x00000078       0x48 C:/NUCLEO-F446RE/BTLD/Build/Object/MCAL/NVIC/src/NVIC_program.o
 .debug_aranges
                0x000000c0       0x58 C:/NUCLEO-F446RE/BTLD/Build/Object/MCAL/SysTick/src/SysTick_program.o
 .debug_aranges
                0x00000118       0x48 C:/NUCLEO-F446RE/BTLD/Build/Object/MCAL/GPIO/src/GPIO_program.o
 .debug_aranges
                0x00000160       0x50 C:/NUCLEO-F446RE/BTLD/Build/Object/MCAL/UART/src/UART.o
 .debug_aranges
                0x000001b0       0x28 C:/NUCLEO-F446RE/BTLD/Build/Object/Startup/startup_stm32f103.o
 .debug_aranges
                0x000001d8       0x38 C:/NUCLEO-F446RE/BTLD/Build/Object/Src/main.o

.debug_ranges   0x00000000      0x1a0
 .debug_ranges  0x00000000       0x68 C:/NUCLEO-F446RE/BTLD/Build/Object/MCAL/RCC/src/RCC_program.o
 .debug_ranges  0x00000068       0x38 C:/NUCLEO-F446RE/BTLD/Build/Object/MCAL/NVIC/src/NVIC_program.o
 .debug_ranges  0x000000a0       0x48 C:/NUCLEO-F446RE/BTLD/Build/Object/MCAL/SysTick/src/SysTick_program.o
 .debug_ranges  0x000000e8       0x38 C:/NUCLEO-F446RE/BTLD/Build/Object/MCAL/GPIO/src/GPIO_program.o
 .debug_ranges  0x00000120       0x40 C:/NUCLEO-F446RE/BTLD/Build/Object/MCAL/UART/src/UART.o
 .debug_ranges  0x00000160       0x18 C:/NUCLEO-F446RE/BTLD/Build/Object/Startup/startup_stm32f103.o
 .debug_ranges  0x00000178       0x28 C:/NUCLEO-F446RE/BTLD/Build/Object/Src/main.o

.debug_macro    0x00000000      0xead
 .debug_macro   0x00000000       0x32 C:/NUCLEO-F446RE/BTLD/Build/Object/MCAL/RCC/src/RCC_program.o
 .debug_macro   0x00000032      0xa66 C:/NUCLEO-F446RE/BTLD/Build/Object/MCAL/RCC/src/RCC_program.o
 .debug_macro   0x00000a98       0x10 C:/NUCLEO-F446RE/BTLD/Build/Object/MCAL/RCC/src/RCC_program.o
 .debug_macro   0x00000aa8       0x22 C:/NUCLEO-F446RE/BTLD/Build/Object/MCAL/RCC/src/RCC_program.o
 .debug_macro   0x00000aca       0x94 C:/NUCLEO-F446RE/BTLD/Build/Object/MCAL/RCC/src/RCC_program.o
 .debug_macro   0x00000b5e       0x49 C:/NUCLEO-F446RE/BTLD/Build/Object/MCAL/NVIC/src/NVIC_program.o
 .debug_macro   0x00000ba7       0x58 C:/NUCLEO-F446RE/BTLD/Build/Object/MCAL/NVIC/src/NVIC_program.o
 .debug_macro   0x00000bff       0x10 C:/NUCLEO-F446RE/BTLD/Build/Object/MCAL/NVIC/src/NVIC_program.o
 .debug_macro   0x00000c0f       0x3b C:/NUCLEO-F446RE/BTLD/Build/Object/MCAL/SysTick/src/SysTick_program.o
 .debug_macro   0x00000c4a       0x22 C:/NUCLEO-F446RE/BTLD/Build/Object/MCAL/SysTick/src/SysTick_program.o
 .debug_macro   0x00000c6c       0x2e C:/NUCLEO-F446RE/BTLD/Build/Object/MCAL/SysTick/src/SysTick_program.o
 .debug_macro   0x00000c9a       0x3b C:/NUCLEO-F446RE/BTLD/Build/Object/MCAL/GPIO/src/GPIO_program.o
 .debug_macro   0x00000cd5       0x6a C:/NUCLEO-F446RE/BTLD/Build/Object/MCAL/GPIO/src/GPIO_program.o
 .debug_macro   0x00000d3f       0x10 C:/NUCLEO-F446RE/BTLD/Build/Object/MCAL/GPIO/src/GPIO_program.o
 .debug_macro   0x00000d4f       0x32 C:/NUCLEO-F446RE/BTLD/Build/Object/MCAL/UART/src/UART.o
 .debug_macro   0x00000d81       0x5e C:/NUCLEO-F446RE/BTLD/Build/Object/MCAL/UART/src/UART.o
 .debug_macro   0x00000ddf       0x17 C:/NUCLEO-F446RE/BTLD/Build/Object/Startup/startup_stm32f103.o
 .debug_macro   0x00000df6       0x53 C:/NUCLEO-F446RE/BTLD/Build/Object/Src/main.o
 .debug_macro   0x00000e49       0x64 C:/NUCLEO-F446RE/BTLD/Build/Object/Src/main.o

.debug_line     0x00000000      0xd73
 .debug_line    0x00000000      0x2c0 C:/NUCLEO-F446RE/BTLD/Build/Object/MCAL/RCC/src/RCC_program.o
 .debug_line    0x000002c0      0x206 C:/NUCLEO-F446RE/BTLD/Build/Object/MCAL/NVIC/src/NVIC_program.o
 .debug_line    0x000004c6      0x1da C:/NUCLEO-F446RE/BTLD/Build/Object/MCAL/SysTick/src/SysTick_program.o
 .debug_line    0x000006a0      0x295 C:/NUCLEO-F446RE/BTLD/Build/Object/MCAL/GPIO/src/GPIO_program.o
 .debug_line    0x00000935      0x242 C:/NUCLEO-F446RE/BTLD/Build/Object/MCAL/UART/src/UART.o
 .debug_line    0x00000b77       0xe1 C:/NUCLEO-F446RE/BTLD/Build/Object/Startup/startup_stm32f103.o
 .debug_line    0x00000c58      0x11b C:/NUCLEO-F446RE/BTLD/Build/Object/Src/main.o

.debug_str      0x00000000     0x4897
 .debug_str     0x00000000     0x3497 C:/NUCLEO-F446RE/BTLD/Build/Object/MCAL/RCC/src/RCC_program.o
                               0x3515 (size before relaxing)
 .debug_str     0x00003497      0x4c4 C:/NUCLEO-F446RE/BTLD/Build/Object/MCAL/NVIC/src/NVIC_program.o
                               0x3287 (size before relaxing)
 .debug_str     0x0000395b      0x339 C:/NUCLEO-F446RE/BTLD/Build/Object/MCAL/SysTick/src/SysTick_program.o
                               0x30ff (size before relaxing)
 .debug_str     0x00003c94      0x4e9 C:/NUCLEO-F446RE/BTLD/Build/Object/MCAL/GPIO/src/GPIO_program.o
                               0x32a5 (size before relaxing)
 .debug_str     0x0000417d      0x40d C:/NUCLEO-F446RE/BTLD/Build/Object/MCAL/UART/src/UART.o
                               0x31e5 (size before relaxing)
 .debug_str     0x0000458a       0xa5 C:/NUCLEO-F446RE/BTLD/Build/Object/Startup/startup_stm32f103.o
                               0x2d2f (size before relaxing)
 .debug_str     0x0000462f      0x268 C:/NUCLEO-F446RE/BTLD/Build/Object/Src/main.o
                               0x3d23 (size before relaxing)

.comment        0x00000000       0x49
 .comment       0x00000000       0x49 C:/NUCLEO-F446RE/BTLD/Build/Object/MCAL/RCC/src/RCC_program.o
                                 0x4a (size before relaxing)
 .comment       0x00000049       0x4a C:/NUCLEO-F446RE/BTLD/Build/Object/MCAL/NVIC/src/NVIC_program.o
 .comment       0x00000049       0x4a C:/NUCLEO-F446RE/BTLD/Build/Object/MCAL/SysTick/src/SysTick_program.o
 .comment       0x00000049       0x4a C:/NUCLEO-F446RE/BTLD/Build/Object/MCAL/GPIO/src/GPIO_program.o
 .comment       0x00000049       0x4a C:/NUCLEO-F446RE/BTLD/Build/Object/MCAL/UART/src/UART.o
 .comment       0x00000049       0x4a C:/NUCLEO-F446RE/BTLD/Build/Object/Startup/startup_stm32f103.o
 .comment       0x00000049       0x4a C:/NUCLEO-F446RE/BTLD/Build/Object/Src/main.o

.ARM.attributes
                0x00000000       0x34
 .ARM.attributes
                0x00000000       0x34 C:/NUCLEO-F446RE/BTLD/Build/Object/MCAL/RCC/src/RCC_program.o
 .ARM.attributes
                0x00000034       0x34 C:/NUCLEO-F446RE/BTLD/Build/Object/MCAL/NVIC/src/NVIC_program.o
 .ARM.attributes
                0x00000068       0x34 C:/NUCLEO-F446RE/BTLD/Build/Object/MCAL/SysTick/src/SysTick_program.o
 .ARM.attributes
                0x0000009c       0x34 C:/NUCLEO-F446RE/BTLD/Build/Object/MCAL/GPIO/src/GPIO_program.o
 .ARM.attributes
                0x000000d0       0x34 C:/NUCLEO-F446RE/BTLD/Build/Object/MCAL/UART/src/UART.o
 .ARM.attributes
                0x00000104       0x34 C:/NUCLEO-F446RE/BTLD/Build/Object/Startup/startup_stm32f103.o
 .ARM.attributes
                0x00000138       0x34 C:/NUCLEO-F446RE/BTLD/Build/Object/Src/main.o

.debug_frame    0x00000000      0x6bc
 .debug_frame   0x00000000      0x1c8 C:/NUCLEO-F446RE/BTLD/Build/Object/MCAL/RCC/src/RCC_program.o
 .debug_frame   0x000001c8      0x100 C:/NUCLEO-F446RE/BTLD/Build/Object/MCAL/NVIC/src/NVIC_program.o
 .debug_frame   0x000002c8      0x120 C:/NUCLEO-F446RE/BTLD/Build/Object/MCAL/SysTick/src/SysTick_program.o
 .debug_frame   0x000003e8       0xf4 C:/NUCLEO-F446RE/BTLD/Build/Object/MCAL/GPIO/src/GPIO_program.o
 .debug_frame   0x000004dc      0x110 C:/NUCLEO-F446RE/BTLD/Build/Object/MCAL/UART/src/UART.o
 .debug_frame   0x000005ec       0x48 C:/NUCLEO-F446RE/BTLD/Build/Object/Startup/startup_stm32f103.o
 .debug_frame   0x00000634       0x88 C:/NUCLEO-F446RE/BTLD/Build/Object/Src/main.o
