
Discarded input sections

 .group         0x00000000        0xc C:/NUCLEO-F446RE/BTLD/Build/Object/MCAL/RCC/src/RCC_program.o
 .group         0x00000000        0xc C:/NUCLEO-F446RE/BTLD/Build/Object/MCAL/RCC/src/RCC_program.o
 .group         0x00000000        0xc C:/NUCLEO-F446RE/BTLD/Build/Object/MCAL/RCC/src/RCC_program.o
 .group         0x00000000        0xc C:/NUCLEO-F446RE/BTLD/Build/Object/MCAL/RCC/src/RCC_program.o
 .group         0x00000000        0xc C:/NUCLEO-F446RE/BTLD/Build/Object/MCAL/NVIC/src/NVIC_program.o
 .group         0x00000000        0xc C:/NUCLEO-F446RE/BTLD/Build/Object/MCAL/NVIC/src/NVIC_program.o
 .group         0x00000000        0xc C:/NUCLEO-F446RE/BTLD/Build/Object/MCAL/NVIC/src/NVIC_program.o
 .group         0x00000000        0xc C:/NUCLEO-F446RE/BTLD/Build/Object/MCAL/NVIC/src/NVIC_program.o
 .group         0x00000000        0xc C:/NUCLEO-F446RE/BTLD/Build/Object/MCAL/NVIC/src/NVIC_program.o
 .debug_macro   0x00000000      0xa66 C:/NUCLEO-F446RE/BTLD/Build/Object/MCAL/NVIC/src/NVIC_program.o
 .debug_macro   0x00000000       0x10 C:/NUCLEO-F446RE/BTLD/Build/Object/MCAL/NVIC/src/NVIC_program.o
 .debug_macro   0x00000000       0x22 C:/NUCLEO-F446RE/BTLD/Build/Object/MCAL/NVIC/src/NVIC_program.o
 .group         0x00000000        0xc C:/NUCLEO-F446RE/BTLD/Build/Object/MCAL/SysTick/src/SysTick_program.o
 .group         0x00000000        0xc C:/NUCLEO-F446RE/BTLD/Build/Object/MCAL/SysTick/src/SysTick_program.o
 .group         0x00000000        0xc C:/NUCLEO-F446RE/BTLD/Build/Object/MCAL/SysTick/src/SysTick_program.o
 .group         0x00000000        0xc C:/NUCLEO-F446RE/BTLD/Build/Object/MCAL/SysTick/src/SysTick_program.o
 .group         0x00000000        0xc C:/NUCLEO-F446RE/BTLD/Build/Object/MCAL/SysTick/src/SysTick_program.o
 .debug_macro   0x00000000      0xa66 C:/NUCLEO-F446RE/BTLD/Build/Object/MCAL/SysTick/src/SysTick_program.o
 .debug_macro   0x00000000       0x10 C:/NUCLEO-F446RE/BTLD/Build/Object/MCAL/SysTick/src/SysTick_program.o
 .debug_macro   0x00000000       0x22 C:/NUCLEO-F446RE/BTLD/Build/Object/MCAL/SysTick/src/SysTick_program.o
 .group         0x00000000        0xc C:/NUCLEO-F446RE/BTLD/Build/Object/MCAL/GPIO/src/GPIO_program.o
 .group         0x00000000        0xc C:/NUCLEO-F446RE/BTLD/Build/Object/MCAL/GPIO/src/GPIO_program.o
 .group         0x00000000        0xc C:/NUCLEO-F446RE/BTLD/Build/Object/MCAL/GPIO/src/GPIO_program.o
 .group         0x00000000        0xc C:/NUCLEO-F446RE/BTLD/Build/Object/MCAL/GPIO/src/GPIO_program.o
 .group         0x00000000        0xc C:/NUCLEO-F446RE/BTLD/Build/Object/MCAL/GPIO/src/GPIO_program.o
 .debug_macro   0x00000000      0xa66 C:/NUCLEO-F446RE/BTLD/Build/Object/MCAL/GPIO/src/GPIO_program.o
 .debug_macro   0x00000000       0x10 C:/NUCLEO-F446RE/BTLD/Build/Object/MCAL/GPIO/src/GPIO_program.o
 .debug_macro   0x00000000       0x22 C:/NUCLEO-F446RE/BTLD/Build/Object/MCAL/GPIO/src/GPIO_program.o
 .group         0x00000000        0xc C:/NUCLEO-F446RE/BTLD/Build/Object/MCAL/UART/src/UART.o
 .group         0x00000000        0xc C:/NUCLEO-F446RE/BTLD/Build/Object/MCAL/UART/src/UART.o
 .group         0x00000000        0xc C:/NUCLEO-F446RE/BTLD/Build/Object/MCAL/UART/src/UART.o
 .group         0x00000000        0xc C:/NUCLEO-F446RE/BTLD/Build/Object/MCAL/UART/src/UART.o
 .debug_macro   0x00000000      0xa66 C:/NUCLEO-F446RE/BTLD/Build/Object/MCAL/UART/src/UART.o
 .debug_macro   0x00000000       0x10 C:/NUCLEO-F446RE/BTLD/Build/Object/MCAL/UART/src/UART.o
 .debug_macro   0x00000000       0x22 C:/NUCLEO-F446RE/BTLD/Build/Object/MCAL/UART/src/UART.o
 .group         0x00000000        0xc C:/NUCLEO-F446RE/BTLD/Build/Object/MCAL/FLASH/src/FLASH.o
 .group         0x00000000        0xc C:/NUCLEO-F446RE/BTLD/Build/Object/MCAL/FLASH/src/FLASH.o
 .group         0x00000000        0xc C:/NUCLEO-F446RE/BTLD/Build/Object/MCAL/FLASH/src/FLASH.o
 .debug_macro   0x00000000      0xa66 C:/NUCLEO-F446RE/BTLD/Build/Object/MCAL/FLASH/src/FLASH.o
 .debug_macro   0x00000000       0x10 C:/NUCLEO-F446RE/BTLD/Build/Object/MCAL/FLASH/src/FLASH.o
 .group         0x00000000        0xc C:/NUCLEO-F446RE/BTLD/Build/Object/Parse/Parse.o
 .group         0x00000000        0xc C:/NUCLEO-F446RE/BTLD/Build/Object/Parse/Parse.o
 .group         0x00000000        0xc C:/NUCLEO-F446RE/BTLD/Build/Object/Parse/Parse.o
 .group         0x00000000        0xc C:/NUCLEO-F446RE/BTLD/Build/Object/Parse/Parse.o
 .group         0x00000000        0xc C:/NUCLEO-F446RE/BTLD/Build/Object/Parse/Parse.o
 .group         0x00000000        0xc C:/NUCLEO-F446RE/BTLD/Build/Object/Parse/Parse.o
 .debug_macro   0x00000000      0xa66 C:/NUCLEO-F446RE/BTLD/Build/Object/Parse/Parse.o
 .debug_macro   0x00000000       0x10 C:/NUCLEO-F446RE/BTLD/Build/Object/Parse/Parse.o
 .debug_macro   0x00000000       0x22 C:/NUCLEO-F446RE/BTLD/Build/Object/Parse/Parse.o
 .debug_macro   0x00000000       0x5e C:/NUCLEO-F446RE/BTLD/Build/Object/Parse/Parse.o
 .group         0x00000000        0xc C:/NUCLEO-F446RE/BTLD/Build/Object/Startup/startup_stm32f103.o
 .debug_macro   0x00000000      0xa66 C:/NUCLEO-F446RE/BTLD/Build/Object/Startup/startup_stm32f103.o
 .group         0x00000000        0xc C:/NUCLEO-F446RE/BTLD/Build/Object/Src/main.o
 .group         0x00000000        0xc C:/NUCLEO-F446RE/BTLD/Build/Object/Src/main.o
 .group         0x00000000        0xc C:/NUCLEO-F446RE/BTLD/Build/Object/Src/main.o
 .group         0x00000000        0xc C:/NUCLEO-F446RE/BTLD/Build/Object/Src/main.o
 .group         0x00000000        0xc C:/NUCLEO-F446RE/BTLD/Build/Object/Src/main.o
 .group         0x00000000        0xc C:/NUCLEO-F446RE/BTLD/Build/Object/Src/main.o
 .group         0x00000000        0xc C:/NUCLEO-F446RE/BTLD/Build/Object/Src/main.o
 .group         0x00000000        0xc C:/NUCLEO-F446RE/BTLD/Build/Object/Src/main.o
 .group         0x00000000        0xc C:/NUCLEO-F446RE/BTLD/Build/Object/Src/main.o
 .group         0x00000000        0xc C:/NUCLEO-F446RE/BTLD/Build/Object/Src/main.o
 .group         0x00000000        0xc C:/NUCLEO-F446RE/BTLD/Build/Object/Src/main.o
 .debug_macro   0x00000000      0xa66 C:/NUCLEO-F446RE/BTLD/Build/Object/Src/main.o
 .debug_macro   0x00000000       0x10 C:/NUCLEO-F446RE/BTLD/Build/Object/Src/main.o
 .debug_macro   0x00000000       0x22 C:/NUCLEO-F446RE/BTLD/Build/Object/Src/main.o
 .debug_macro   0x00000000       0x22 C:/NUCLEO-F446RE/BTLD/Build/Object/Src/main.o
 .debug_macro   0x00000000       0x2e C:/NUCLEO-F446RE/BTLD/Build/Object/Src/main.o
 .debug_macro   0x00000000       0x6a C:/NUCLEO-F446RE/BTLD/Build/Object/Src/main.o
 .debug_macro   0x00000000       0x10 C:/NUCLEO-F446RE/BTLD/Build/Object/Src/main.o
 .debug_macro   0x00000000      0x136 C:/NUCLEO-F446RE/BTLD/Build/Object/Src/main.o
 .debug_macro   0x00000000       0x16 C:/NUCLEO-F446RE/BTLD/Build/Object/Src/main.o

Memory Configuration

Name             Origin             Length             Attributes
FLASH            0x08004000         0x00004000         xr
RAM              0x20000000         0x00020000         xrw
*default*        0x00000000         0xffffffff

Linker script and memory map

                0x20020000                _estack = (ORIGIN (RAM) + LENGTH (RAM))
                0x00000200                _Min_Heap_Size = 0x200
                0x00001000                _Min_Stack_Size = 0x1000

.isr_vector     0x08004000      0x178
                0x08004000                . = ALIGN (0x4)
 *(.isr_vector)
 .isr_vector    0x08004000      0x178 C:/NUCLEO-F446RE/BTLD/Build/Object/Startup/startup_stm32f103.o
                0x08004000                Vector_Table
                0x08004178                . = ALIGN (0x4)

.text           0x08004178     0x1c58
                0x08004178                . = ALIGN (0x4)
 *(.text)
 .text          0x08004178        0x0 C:/NUCLEO-F446RE/BTLD/Build/Object/MCAL/RCC/src/RCC_program.o
 .text          0x08004178        0x0 C:/NUCLEO-F446RE/BTLD/Build/Object/MCAL/NVIC/src/NVIC_program.o
 .text          0x08004178        0x0 C:/NUCLEO-F446RE/BTLD/Build/Object/MCAL/SysTick/src/SysTick_program.o
 .text          0x08004178        0x0 C:/NUCLEO-F446RE/BTLD/Build/Object/MCAL/GPIO/src/GPIO_program.o
 .text          0x08004178        0x0 C:/NUCLEO-F446RE/BTLD/Build/Object/MCAL/UART/src/UART.o
 .text          0x08004178        0x0 C:/NUCLEO-F446RE/BTLD/Build/Object/MCAL/FLASH/src/FLASH.o
 .text          0x08004178        0x0 C:/NUCLEO-F446RE/BTLD/Build/Object/Parse/Parse.o
 .text          0x08004178        0x0 C:/NUCLEO-F446RE/BTLD/Build/Object/Startup/startup_stm32f103.o
 .text          0x08004178        0x0 C:/NUCLEO-F446RE/BTLD/Build/Object/Src/main.o
 *(.text*)
 .text.RCC_EnableHSI
                0x08004178       0x30 C:/NUCLEO-F446RE/BTLD/Build/Object/MCAL/RCC/src/RCC_program.o
 .text.RCC_EnableHSE
                0x080041a8       0x30 C:/NUCLEO-F446RE/BTLD/Build/Object/MCAL/RCC/src/RCC_program.o
 .text.RCC_EnablePLL
                0x080041d8       0x30 C:/NUCLEO-F446RE/BTLD/Build/Object/MCAL/RCC/src/RCC_program.o
 .text.RCC_DisablePLL
                0x08004208       0x30 C:/NUCLEO-F446RE/BTLD/Build/Object/MCAL/RCC/src/RCC_program.o
 .text.RCC_SelectSystemClock
                0x08004238       0x4c C:/NUCLEO-F446RE/BTLD/Build/Object/MCAL/RCC/src/RCC_program.o
 .text.RCC_ConfigPLL
                0x08004284       0x78 C:/NUCLEO-F446RE/BTLD/Build/Object/MCAL/RCC/src/RCC_program.o
 .text.RCC_SetAHBPrescaler
                0x080042fc       0x38 C:/NUCLEO-F446RE/BTLD/Build/Object/MCAL/RCC/src/RCC_program.o
 .text.RCC_SetAPB1Prescaler
                0x08004334       0x38 C:/NUCLEO-F446RE/BTLD/Build/Object/MCAL/RCC/src/RCC_program.o
 .text.RCC_SetAPB2Prescaler
                0x0800436c       0x38 C:/NUCLEO-F446RE/BTLD/Build/Object/MCAL/RCC/src/RCC_program.o
 .text.RCC_Init
                0x080043a4       0x8e C:/NUCLEO-F446RE/BTLD/Build/Object/MCAL/RCC/src/RCC_program.o
                0x080043a4                RCC_Init
 *fill*         0x08004432        0x2 
 .text.RCC_EnableClock
                0x08004434       0xc0 C:/NUCLEO-F446RE/BTLD/Build/Object/MCAL/RCC/src/RCC_program.o
                0x08004434                RCC_EnableClock
 .text.RCC_DisableClock
                0x080044f4       0xcc C:/NUCLEO-F446RE/BTLD/Build/Object/MCAL/RCC/src/RCC_program.o
                0x080044f4                RCC_DisableClock
 .text.NVIC_EnableInterrupt
                0x080045c0       0x54 C:/NUCLEO-F446RE/BTLD/Build/Object/MCAL/NVIC/src/NVIC_program.o
                0x080045c0                NVIC_EnableInterrupt
 .text.NVIC_DisableInterrupt
                0x08004614       0x54 C:/NUCLEO-F446RE/BTLD/Build/Object/MCAL/NVIC/src/NVIC_program.o
                0x08004614                NVIC_DisableInterrupt
 .text.NVIC_SetPendingFlag
                0x08004668       0x54 C:/NUCLEO-F446RE/BTLD/Build/Object/MCAL/NVIC/src/NVIC_program.o
                0x08004668                NVIC_SetPendingFlag
 .text.NVIC_ClearPendingFlag
                0x080046bc       0x54 C:/NUCLEO-F446RE/BTLD/Build/Object/MCAL/NVIC/src/NVIC_program.o
                0x080046bc                NVIC_ClearPendingFlag
 .text.NVIC_GetActiveInterrupt
                0x08004710       0x6c C:/NUCLEO-F446RE/BTLD/Build/Object/MCAL/NVIC/src/NVIC_program.o
                0x08004710                NVIC_GetActiveInterrupt
 .text.NVIC_SetPriority
                0x0800477c       0x68 C:/NUCLEO-F446RE/BTLD/Build/Object/MCAL/NVIC/src/NVIC_program.o
                0x0800477c                NVIC_SetPriority
 .text.SysTick_voidInit
                0x080047e4       0x1c C:/NUCLEO-F446RE/BTLD/Build/Object/MCAL/SysTick/src/SysTick_program.o
                0x080047e4                SysTick_voidInit
 .text.SysTick_voidSetBusyWait
                0x08004800       0x54 C:/NUCLEO-F446RE/BTLD/Build/Object/MCAL/SysTick/src/SysTick_program.o
                0x08004800                SysTick_voidSetBusyWait
 .text.SysTick_voidSetIntervalSingle
                0x08004854       0x58 C:/NUCLEO-F446RE/BTLD/Build/Object/MCAL/SysTick/src/SysTick_program.o
                0x08004854                SysTick_voidSetIntervalSingle
 .text.SysTick_voidSetIntervalPeriodoc
                0x080048ac       0x64 C:/NUCLEO-F446RE/BTLD/Build/Object/MCAL/SysTick/src/SysTick_program.o
                0x080048ac                SysTick_voidSetIntervalPeriodoc
 .text.SysTick_voidStopTimer
                0x08004910       0x1c C:/NUCLEO-F446RE/BTLD/Build/Object/MCAL/SysTick/src/SysTick_program.o
                0x08004910                SysTick_voidStopTimer
 .text.SysTick_GetElapsedTime
                0x0800492c       0x20 C:/NUCLEO-F446RE/BTLD/Build/Object/MCAL/SysTick/src/SysTick_program.o
                0x0800492c                SysTick_GetElapsedTime
 .text.SysTick_GetRemaningTime
                0x0800494c       0x18 C:/NUCLEO-F446RE/BTLD/Build/Object/MCAL/SysTick/src/SysTick_program.o
                0x0800494c                SysTick_GetRemaningTime
 .text.SysTick_Handler
                0x08004964       0x14 C:/NUCLEO-F446RE/BTLD/Build/Object/MCAL/SysTick/src/SysTick_program.o
                0x08004964                SysTick_Handler
 .text.GPIO_GetPort
                0x08004978       0x88 C:/NUCLEO-F446RE/BTLD/Build/Object/MCAL/GPIO/src/GPIO_program.o
 .text.GPIO_InitPin
                0x08004a00      0x106 C:/NUCLEO-F446RE/BTLD/Build/Object/MCAL/GPIO/src/GPIO_program.o
                0x08004a00                GPIO_InitPin
 .text.GPIO_WritePin
                0x08004b06       0x60 C:/NUCLEO-F446RE/BTLD/Build/Object/MCAL/GPIO/src/GPIO_program.o
                0x08004b06                GPIO_WritePin
 .text.GPIO_TogglePin
                0x08004b66       0x4a C:/NUCLEO-F446RE/BTLD/Build/Object/MCAL/GPIO/src/GPIO_program.o
                0x08004b66                GPIO_TogglePin
 .text.GPIO_ReadPin
                0x08004bb0       0x4e C:/NUCLEO-F446RE/BTLD/Build/Object/MCAL/GPIO/src/GPIO_program.o
                0x08004bb0                GPIO_ReadPin
 *fill*         0x08004bfe        0x2 
 .text.GPIO_SetAF
                0x08004c00      0x118 C:/NUCLEO-F446RE/BTLD/Build/Object/MCAL/GPIO/src/GPIO_program.o
                0x08004c00                GPIO_SetAF
 .text.Get_BASE_ADD
                0x08004d18       0x50 C:/NUCLEO-F446RE/BTLD/Build/Object/MCAL/UART/src/UART.o
                0x08004d18                Get_BASE_ADD
 .text.UART_Init
                0x08004d68      0x134 C:/NUCLEO-F446RE/BTLD/Build/Object/MCAL/UART/src/UART.o
                0x08004d68                UART_Init
 .text.UART_SendByte
                0x08004e9c       0x3c C:/NUCLEO-F446RE/BTLD/Build/Object/MCAL/UART/src/UART.o
                0x08004e9c                UART_SendByte
 .text.UART_SendString
                0x08004ed8       0x32 C:/NUCLEO-F446RE/BTLD/Build/Object/MCAL/UART/src/UART.o
                0x08004ed8                UART_SendString
 .text.UART_ReceiveByte
                0x08004f0a       0x34 C:/NUCLEO-F446RE/BTLD/Build/Object/MCAL/UART/src/UART.o
                0x08004f0a                UART_ReceiveByte
 .text.UART_ReceiveByte_Timeout
                0x08004f3e       0x4a C:/NUCLEO-F446RE/BTLD/Build/Object/MCAL/UART/src/UART.o
                0x08004f3e                UART_ReceiveByte_Timeout
 .text.UART_voidSendNumber
                0x08004f88       0x90 C:/NUCLEO-F446RE/BTLD/Build/Object/MCAL/UART/src/UART.o
                0x08004f88                UART_voidSendNumber
 .text.UART2_CALLBACK
                0x08005018       0x24 C:/NUCLEO-F446RE/BTLD/Build/Object/MCAL/UART/src/UART.o
                0x08005018                UART2_CALLBACK
 .text.USART2_IRQHandler
                0x0800503c       0x90 C:/NUCLEO-F446RE/BTLD/Build/Object/MCAL/UART/src/UART.o
                0x0800503c                USART2_IRQHandler
 .text.FlashDrv_Unlock
                0x080050cc       0x34 C:/NUCLEO-F446RE/BTLD/Build/Object/MCAL/FLASH/src/FLASH.o
                0x080050cc                FlashDrv_Unlock
 .text.FlashDrv_Lock
                0x08005100       0x20 C:/NUCLEO-F446RE/BTLD/Build/Object/MCAL/FLASH/src/FLASH.o
                0x08005100                FlashDrv_Lock
 .text.FlashDrv_IsLocked
                0x08005120       0x1c C:/NUCLEO-F446RE/BTLD/Build/Object/MCAL/FLASH/src/FLASH.o
                0x08005120                FlashDrv_IsLocked
 .text.FlashDrv_ClearErrors
                0x0800513c       0x20 C:/NUCLEO-F446RE/BTLD/Build/Object/MCAL/FLASH/src/FLASH.o
                0x0800513c                FlashDrv_ClearErrors
 .text.FlashDrv_WaitForLastOperation
                0x0800515c       0x54 C:/NUCLEO-F446RE/BTLD/Build/Object/MCAL/FLASH/src/FLASH.o
 .text.FlashDrv_IsValidAddress
                0x080051b0       0x30 C:/NUCLEO-F446RE/BTLD/Build/Object/MCAL/FLASH/src/FLASH.o
 .text.FlashDrv_GetSector
                0x080051e0       0x88 C:/NUCLEO-F446RE/BTLD/Build/Object/MCAL/FLASH/src/FLASH.o
                0x080051e0                FlashDrv_GetSector
 .text.FlashDrv_GetSectorBase
                0x08005268       0x80 C:/NUCLEO-F446RE/BTLD/Build/Object/MCAL/FLASH/src/FLASH.o
                0x08005268                FlashDrv_GetSectorBase
 .text.FlashDrv_GetSectorSize
                0x080052e8       0x74 C:/NUCLEO-F446RE/BTLD/Build/Object/MCAL/FLASH/src/FLASH.o
                0x080052e8                FlashDrv_GetSectorSize
 .text.FlashDrv_EraseSector
                0x0800535c       0x88 C:/NUCLEO-F446RE/BTLD/Build/Object/MCAL/FLASH/src/FLASH.o
                0x0800535c                FlashDrv_EraseSector
 .text.FlashDrv_EraseRange
                0x080053e4       0x76 C:/NUCLEO-F446RE/BTLD/Build/Object/MCAL/FLASH/src/FLASH.o
                0x080053e4                FlashDrv_EraseRange
 *fill*         0x0800545a        0x2 
 .text.FlashDrv_MassErase
                0x0800545c       0x64 C:/NUCLEO-F446RE/BTLD/Build/Object/MCAL/FLASH/src/FLASH.o
                0x0800545c                FlashDrv_MassErase
 .text.FlashDrv_ProgramByte
                0x080054c0       0x88 C:/NUCLEO-F446RE/BTLD/Build/Object/MCAL/FLASH/src/FLASH.o
                0x080054c0                FlashDrv_ProgramByte
 .text.FlashDrv_ProgramHalfWord
                0x08005548       0x98 C:/NUCLEO-F446RE/BTLD/Build/Object/MCAL/FLASH/src/FLASH.o
                0x08005548                FlashDrv_ProgramHalfWord
 .text.FlashDrv_ProgramWord
                0x080055e0       0x98 C:/NUCLEO-F446RE/BTLD/Build/Object/MCAL/FLASH/src/FLASH.o
                0x080055e0                FlashDrv_ProgramWord
 .text.FlashDrv_ProgramBuffer
                0x08005678       0x80 C:/NUCLEO-F446RE/BTLD/Build/Object/MCAL/FLASH/src/FLASH.o
                0x08005678                FlashDrv_ProgramBuffer
 .text.FlashDrv_ProgramBufferAligned
                0x080056f8       0xc6 C:/NUCLEO-F446RE/BTLD/Build/Object/MCAL/FLASH/src/FLASH.o
                0x080056f8                FlashDrv_ProgramBufferAligned
 .text.FlashDrv_Verify
                0x080057be       0x4c C:/NUCLEO-F446RE/BTLD/Build/Object/MCAL/FLASH/src/FLASH.o
                0x080057be                FlashDrv_Verify
 .text.FlashDrv_IsErased
                0x0800580a       0x40 C:/NUCLEO-F446RE/BTLD/Build/Object/MCAL/FLASH/src/FLASH.o
                0x0800580a                FlashDrv_IsErased
 .text.FlashDrv_Read
                0x0800584a       0x62 C:/NUCLEO-F446RE/BTLD/Build/Object/MCAL/FLASH/src/FLASH.o
                0x0800584a                FlashDrv_Read
 .text.FlashDrv_PrepareForWrite
                0x080058ac       0x10 C:/NUCLEO-F446RE/BTLD/Build/Object/MCAL/FLASH/src/FLASH.o
                0x080058ac                FlashDrv_PrepareForWrite
 .text.FlashDrv_FinishWrite
                0x080058bc       0x10 C:/NUCLEO-F446RE/BTLD/Build/Object/MCAL/FLASH/src/FLASH.o
                0x080058bc                FlashDrv_FinishWrite
 .text.FlashDrv_ProgramWordSafe
                0x080058cc       0x28 C:/NUCLEO-F446RE/BTLD/Build/Object/MCAL/FLASH/src/FLASH.o
                0x080058cc                FlashDrv_ProgramWordSafe
 .text.swap_pointer
                0x080058f4       0x30 C:/NUCLEO-F446RE/BTLD/Build/Object/Parse/Parse.o
                0x080058f4                swap_pointer
 .text.processRecord
                0x08005924      0x190 C:/NUCLEO-F446RE/BTLD/Build/Object/Parse/Parse.o
                0x08005924                processRecord
 .text.parseByte
                0x08005ab4       0x38 C:/NUCLEO-F446RE/BTLD/Build/Object/Parse/Parse.o
                0x08005ab4                parseByte
 .text.BootLoader_Handler
                0x08005aec       0xc4 C:/NUCLEO-F446RE/BTLD/Build/Object/Parse/Parse.o
                0x08005aec                BootLoader_Handler
 .text.BootLoader_MainFunction
                0x08005bb0       0x98 C:/NUCLEO-F446RE/BTLD/Build/Object/Parse/Parse.o
                0x08005bb0                BootLoader_MainFunction
 .text.Reset_Handler
                0x08005c48       0x94 C:/NUCLEO-F446RE/BTLD/Build/Object/Startup/startup_stm32f103.o
                0x08005c48                Reset_Handler
 .text.Default_Handler
                0x08005cdc        0x6 C:/NUCLEO-F446RE/BTLD/Build/Object/Startup/startup_stm32f103.o
                0x08005cdc                RTC_Alarm_IRQHandler
                0x08005cdc                EXTI2_IRQHandler
                0x08005cdc                TIM8_CC_IRQHandler
                0x08005cdc                DebugMon_Handler
                0x08005cdc                SPI4_IRQHandler
                0x08005cdc                TIM1_CC_IRQHandler
                0x08005cdc                DMA2_Stream5_IRQHandler
                0x08005cdc                HardFault_Handler
                0x08005cdc                DMA1_Stream5_IRQHandler
                0x08005cdc                PVD_IRQHandler
                0x08005cdc                SDIO_IRQHandler
                0x08005cdc                TAMP_STAMP_IRQHandler
                0x08005cdc                PendSV_Handler
                0x08005cdc                NMI_Handler
                0x08005cdc                CAN2_RX1_IRQHandler
                0x08005cdc                EXTI3_IRQHandler
                0x08005cdc                TIM8_TRG_COM_TIM14_IRQHandler
                0x08005cdc                TIM1_UP_TIM10_IRQHandler
                0x08005cdc                TIM8_UP_TIM13_IRQHandler
                0x08005cdc                I2C3_ER_IRQHandler
                0x08005cdc                EXTI0_IRQHandler
                0x08005cdc                I2C2_EV_IRQHandler
                0x08005cdc                DMA1_Stream2_IRQHandler
                0x08005cdc                CAN1_RX0_IRQHandler
                0x08005cdc                FPU_IRQHandler
                0x08005cdc                UsageFault_Handler
                0x08005cdc                CAN2_SCE_IRQHandler
                0x08005cdc                DMA2_Stream2_IRQHandler
                0x08005cdc                SPI1_IRQHandler
                0x08005cdc                TIM6_DAC_IRQHandler
                0x08005cdc                TIM1_BRK_TIM9_IRQHandler
                0x08005cdc                CAN2_RX0_IRQHandler
                0x08005cdc                DMA2_Stream3_IRQHandler
                0x08005cdc                USART6_IRQHandler
                0x08005cdc                USART3_IRQHandler
                0x08005cdc                CAN1_RX1_IRQHandler
                0x08005cdc                UART5_IRQHandler
                0x08005cdc                DMA2_Stream0_IRQHandler
                0x08005cdc                TIM4_IRQHandler
                0x08005cdc                I2C1_EV_IRQHandler
                0x08005cdc                DMA1_Stream6_IRQHandler
                0x08005cdc                DMA1_Stream1_IRQHandler
                0x08005cdc                UART4_IRQHandler
                0x08005cdc                TIM3_IRQHandler
                0x08005cdc                RCC_IRQHandler
                0x08005cdc                TIM8_BRK_TIM12_IRQHandler
                0x08005cdc                Default_Handler
                0x08005cdc                EXTI15_10_IRQHandler
                0x08005cdc                ADC_IRQHandler
                0x08005cdc                DMA1_Stream7_IRQHandler
                0x08005cdc                SPI5_IRQHandler
                0x08005cdc                TIM7_IRQHandler
                0x08005cdc                CAN2_TX_IRQHandler
                0x08005cdc                TIM5_IRQHandler
                0x08005cdc                DMA2_Stream7_IRQHandler
                0x08005cdc                I2C3_EV_IRQHandler
                0x08005cdc                EXTI9_5_IRQHandler
                0x08005cdc                RTC_WKUP_IRQHandler
                0x08005cdc                SPI2_IRQHandler
                0x08005cdc                MemManage_Handler
                0x08005cdc                DMA1_Stream0_IRQHandler
                0x08005cdc                CAN1_TX_IRQHandler
                0x08005cdc                SVC_Handler
                0x08005cdc                EXTI4_IRQHandler
                0x08005cdc                WWDG_IRQHandler
                0x08005cdc                SPI6_IRQHandler
                0x08005cdc                TIM2_IRQHandler
                0x08005cdc                OTG_FS_WKUP_IRQHandler
                0x08005cdc                TIM1_TRG_COM_TIM11_IRQHandler
                0x08005cdc                DMA2D_IRQHandler
                0x08005cdc                EXTI1_IRQHandler
                0x08005cdc                I2C2_ER_IRQHandler
                0x08005cdc                DMA2_Stream1_IRQHandler
                0x08005cdc                CAN1_SCE_IRQHandler
                0x08005cdc                FLASH_IRQHandler
                0x08005cdc                DMA2_Stream4_IRQHandler
                0x08005cdc                BusFault_Handler
                0x08005cdc                USART1_IRQHandler
                0x08005cdc                OTG_FS_IRQHandler
                0x08005cdc                SPI3_IRQHandler
                0x08005cdc                DMA1_Stream4_IRQHandler
                0x08005cdc                I2C1_ER_IRQHandler
                0x08005cdc                FMC_IRQHandler
                0x08005cdc                DMA2_Stream6_IRQHandler
                0x08005cdc                SAI1_IRQHandler
                0x08005cdc                DMA1_Stream3_IRQHandler
 *fill*         0x08005ce2        0x2 
 .text.systick_handler
                0x08005ce4       0x1c C:/NUCLEO-F446RE/BTLD/Build/Object/Src/main.o
                0x08005ce4                systick_handler
 .text.main     0x08005d00       0x48 C:/NUCLEO-F446RE/BTLD/Build/Object/Src/main.o
                0x08005d00                main
 .text.APP_init
                0x08005d48       0x1c C:/NUCLEO-F446RE/BTLD/Build/Object/Src/main.o
                0x08005d48                APP_init
 .text.GPIO_PIN_CONFIG
                0x08005d64       0x48 C:/NUCLEO-F446RE/BTLD/Build/Object/Src/main.o
                0x08005d64                GPIO_PIN_CONFIG
 .text.SystemInit
                0x08005dac       0x24 C:/NUCLEO-F446RE/BTLD/Build/Object/Src/main.o
                0x08005dac                SystemInit
                0x08005dd0                . = ALIGN (0x4)
                0x08005dd0                _etext = .

.glue_7         0x08005dd0        0x0
 .glue_7        0x08005dd0        0x0 linker stubs

.glue_7t        0x08005dd0        0x0
 .glue_7t       0x08005dd0        0x0 linker stubs

.vfp11_veneer   0x08005dd0        0x0
 .vfp11_veneer  0x08005dd0        0x0 linker stubs

.v4_bx          0x08005dd0        0x0
 .v4_bx         0x08005dd0        0x0 linker stubs

.iplt           0x08005dd0        0x0
 .iplt          0x08005dd0        0x0 C:/NUCLEO-F446RE/BTLD/Build/Object/MCAL/RCC/src/RCC_program.o

.rodata         0x08005dd0      0x13c
                0x08005dd0                . = ALIGN (0x4)
 *(.rodata)
 .rodata        0x08005dd0       0x52 C:/NUCLEO-F446RE/BTLD/Build/Object/Parse/Parse.o
 *fill*         0x08005e22        0x2 
 .rodata        0x08005e24        0x9 C:/NUCLEO-F446RE/BTLD/Build/Object/Src/main.o
 *(.rodata*)
 *fill*         0x08005e2d        0x3 
 .rodata.asciiToHex
                0x08005e30       0x69 C:/NUCLEO-F446RE/BTLD/Build/Object/Parse/Parse.o
 *fill*         0x08005e99        0x3 
 .rodata.MSP_Value
                0x08005e9c        0x4 C:/NUCLEO-F446RE/BTLD/Build/Object/Startup/startup_stm32f103.o
                0x08005e9c                MSP_Value
 .rodata.asciiToHex
                0x08005ea0       0x69 C:/NUCLEO-F446RE/BTLD/Build/Object/Src/main.o
                0x08005f0c                . = ALIGN (0x4)
 *fill*         0x08005f09        0x3 
                0x08005f0c                _sidata = LOADADDR (.data)

.rel.dyn        0x08005f0c        0x0
 .rel.iplt      0x08005f0c        0x0 C:/NUCLEO-F446RE/BTLD/Build/Object/MCAL/RCC/src/RCC_program.o

.data           0x20000000       0x14 load address 0x08005f0c
                0x20000000                . = ALIGN (0x4)
                0x20000000                _sdata = .
 *(.data)
 .data          0x20000000        0x0 C:/NUCLEO-F446RE/BTLD/Build/Object/MCAL/RCC/src/RCC_program.o
 .data          0x20000000        0x0 C:/NUCLEO-F446RE/BTLD/Build/Object/MCAL/NVIC/src/NVIC_program.o
 .data          0x20000000        0x0 C:/NUCLEO-F446RE/BTLD/Build/Object/MCAL/SysTick/src/SysTick_program.o
 .data          0x20000000        0x0 C:/NUCLEO-F446RE/BTLD/Build/Object/MCAL/GPIO/src/GPIO_program.o
 .data          0x20000000        0x0 C:/NUCLEO-F446RE/BTLD/Build/Object/MCAL/UART/src/UART.o
 .data          0x20000000        0x0 C:/NUCLEO-F446RE/BTLD/Build/Object/MCAL/FLASH/src/FLASH.o
 .data          0x20000000        0x0 C:/NUCLEO-F446RE/BTLD/Build/Object/Parse/Parse.o
 .data          0x20000000        0x0 C:/NUCLEO-F446RE/BTLD/Build/Object/Startup/startup_stm32f103.o
 .data          0x20000000        0x0 C:/NUCLEO-F446RE/BTLD/Build/Object/Src/main.o
 *(.data*)
 .data.filling_buffer
                0x20000000        0x4 C:/NUCLEO-F446RE/BTLD/Build/Object/Parse/Parse.o
                0x20000000                filling_buffer
 .data.processing_buffer
                0x20000004        0x4 C:/NUCLEO-F446RE/BTLD/Build/Object/Parse/Parse.o
                0x20000004                processing_buffer
 .data.Uart_configuration
                0x20000008        0xc C:/NUCLEO-F446RE/BTLD/Build/Object/Src/main.o
                0x20000008                Uart_configuration
                0x20000014                . = ALIGN (0x4)
                0x20000014                _edata = .

.igot.plt       0x20000014        0x0 load address 0x08005f20
 .igot.plt      0x20000014        0x0 C:/NUCLEO-F446RE/BTLD/Build/Object/MCAL/RCC/src/RCC_program.o

.bss            0x20000014       0xb0 load address 0x08005f20
                0x20000014                _sbss = .
 *(.bss)
 .bss           0x20000014        0x0 C:/NUCLEO-F446RE/BTLD/Build/Object/MCAL/RCC/src/RCC_program.o
 .bss           0x20000014        0x0 C:/NUCLEO-F446RE/BTLD/Build/Object/MCAL/NVIC/src/NVIC_program.o
 .bss           0x20000014        0x0 C:/NUCLEO-F446RE/BTLD/Build/Object/MCAL/SysTick/src/SysTick_program.o
 .bss           0x20000014        0x0 C:/NUCLEO-F446RE/BTLD/Build/Object/MCAL/GPIO/src/GPIO_program.o
 .bss           0x20000014        0x0 C:/NUCLEO-F446RE/BTLD/Build/Object/MCAL/UART/src/UART.o
 .bss           0x20000014        0x0 C:/NUCLEO-F446RE/BTLD/Build/Object/MCAL/FLASH/src/FLASH.o
 .bss           0x20000014        0x0 C:/NUCLEO-F446RE/BTLD/Build/Object/Parse/Parse.o
 .bss           0x20000014        0x0 C:/NUCLEO-F446RE/BTLD/Build/Object/Startup/startup_stm32f103.o
 .bss           0x20000014        0x0 C:/NUCLEO-F446RE/BTLD/Build/Object/Src/main.o
 *(.bss*)
 .bss.Local_PvFunction
                0x20000014        0x4 C:/NUCLEO-F446RE/BTLD/Build/Object/MCAL/SysTick/src/SysTick_program.o
 .bss.rx_test   0x20000018        0x1 C:/NUCLEO-F446RE/BTLD/Build/Object/MCAL/UART/src/UART.o
                0x20000018                rx_test
 *fill*         0x20000019        0x3 
 .bss.funcPtr   0x2000001c        0x4 C:/NUCLEO-F446RE/BTLD/Build/Object/MCAL/UART/src/UART.o
                0x2000001c                funcPtr
 .bss.last_uart_rx_tick
                0x20000020        0x4 C:/NUCLEO-F446RE/BTLD/Build/Object/MCAL/UART/src/UART.o
                0x20000020                last_uart_rx_tick
 .bss.lineBufferA
                0x20000024       0x40 C:/NUCLEO-F446RE/BTLD/Build/Object/Parse/Parse.o
                0x20000024                lineBufferA
 .bss.lineBufferB
                0x20000064       0x40 C:/NUCLEO-F446RE/BTLD/Build/Object/Parse/Parse.o
                0x20000064                lineBufferB
 .bss.current_index
                0x200000a4        0x1 C:/NUCLEO-F446RE/BTLD/Build/Object/Parse/Parse.o
                0x200000a4                current_index
 .bss.active_buffer
                0x200000a5        0x1 C:/NUCLEO-F446RE/BTLD/Build/Object/Parse/Parse.o
                0x200000a5                active_buffer
 *fill*         0x200000a6        0x2 
 .bss.buffer_state
                0x200000a8        0x2 C:/NUCLEO-F446RE/BTLD/Build/Object/Parse/Parse.o
                0x200000a8                buffer_state
 *fill*         0x200000aa        0x2 
 .bss.Local_PvFunction
                0x200000ac        0x4 C:/NUCLEO-F446RE/BTLD/Build/Object/Src/main.o
 .bss.Pt2Func_App
                0x200000b0        0x4 C:/NUCLEO-F446RE/BTLD/Build/Object/Src/main.o
                0x200000b0                Pt2Func_App
 .bss.RCC_Configuration
                0x200000b4        0xc C:/NUCLEO-F446RE/BTLD/Build/Object/Src/main.o
                0x200000b4                RCC_Configuration
 .bss.ms_ticks  0x200000c0        0x4 C:/NUCLEO-F446RE/BTLD/Build/Object/Src/main.o
                0x200000c0                ms_ticks
                0x200000c4                . = ALIGN (0x4)
                0x200000c4                _ebss = .

._user_heap_stack
                0x200000c4     0x1204 load address 0x08005f20
                0x200000c8                . = ALIGN (0x8)
 *fill*         0x200000c4        0x4 
                0x200002c8                . = (. + _Min_Heap_Size)
 *fill*         0x200000c8      0x200 
                0x200012c8                . = (. + _Min_Stack_Size)
 *fill*         0x200002c8     0x1000 
                0x200012c8                . = ALIGN (0x8)
LOAD C:/NUCLEO-F446RE/BTLD/Build/Object/MCAL/RCC/src/RCC_program.o
LOAD C:/NUCLEO-F446RE/BTLD/Build/Object/MCAL/NVIC/src/NVIC_program.o
LOAD C:/NUCLEO-F446RE/BTLD/Build/Object/MCAL/SysTick/src/SysTick_program.o
LOAD C:/NUCLEO-F446RE/BTLD/Build/Object/MCAL/GPIO/src/GPIO_program.o
LOAD C:/NUCLEO-F446RE/BTLD/Build/Object/MCAL/UART/src/UART.o
LOAD C:/NUCLEO-F446RE/BTLD/Build/Object/MCAL/FLASH/src/FLASH.o
LOAD C:/NUCLEO-F446RE/BTLD/Build/Object/Parse/Parse.o
LOAD C:/NUCLEO-F446RE/BTLD/Build/Object/Startup/startup_stm32f103.o
LOAD C:/NUCLEO-F446RE/BTLD/Build/Object/Src/main.o
OUTPUT(C:/NUCLEO-F446RE/BTLD/Tools/BTLD.elf elf32-littlearm)
LOAD linker stubs

.debug_info     0x00000000     0x25fd
 .debug_info    0x00000000      0x3e2 C:/NUCLEO-F446RE/BTLD/Build/Object/MCAL/RCC/src/RCC_program.o
 .debug_info    0x000003e2      0x303 C:/NUCLEO-F446RE/BTLD/Build/Object/MCAL/NVIC/src/NVIC_program.o
 .debug_info    0x000006e5      0x26b C:/NUCLEO-F446RE/BTLD/Build/Object/MCAL/SysTick/src/SysTick_program.o
 .debug_info    0x00000950      0x531 C:/NUCLEO-F446RE/BTLD/Build/Object/MCAL/GPIO/src/GPIO_program.o
 .debug_info    0x00000e81      0x52e C:/NUCLEO-F446RE/BTLD/Build/Object/MCAL/UART/src/UART.o
 .debug_info    0x000013af      0x684 C:/NUCLEO-F446RE/BTLD/Build/Object/MCAL/FLASH/src/FLASH.o
 .debug_info    0x00001a33      0x391 C:/NUCLEO-F446RE/BTLD/Build/Object/Parse/Parse.o
 .debug_info    0x00001dc4      0x148 C:/NUCLEO-F446RE/BTLD/Build/Object/Startup/startup_stm32f103.o
 .debug_info    0x00001f0c      0x6f1 C:/NUCLEO-F446RE/BTLD/Build/Object/Src/main.o

.debug_abbrev   0x00000000      0xb3b
 .debug_abbrev  0x00000000      0x134 C:/NUCLEO-F446RE/BTLD/Build/Object/MCAL/RCC/src/RCC_program.o
 .debug_abbrev  0x00000134      0x12e C:/NUCLEO-F446RE/BTLD/Build/Object/MCAL/NVIC/src/NVIC_program.o
 .debug_abbrev  0x00000262      0x144 C:/NUCLEO-F446RE/BTLD/Build/Object/MCAL/SysTick/src/SysTick_program.o
 .debug_abbrev  0x000003a6      0x129 C:/NUCLEO-F446RE/BTLD/Build/Object/MCAL/GPIO/src/GPIO_program.o
 .debug_abbrev  0x000004cf      0x196 C:/NUCLEO-F446RE/BTLD/Build/Object/MCAL/UART/src/UART.o
 .debug_abbrev  0x00000665      0x1aa C:/NUCLEO-F446RE/BTLD/Build/Object/MCAL/FLASH/src/FLASH.o
 .debug_abbrev  0x0000080f      0x15b C:/NUCLEO-F446RE/BTLD/Build/Object/Parse/Parse.o
 .debug_abbrev  0x0000096a       0xe3 C:/NUCLEO-F446RE/BTLD/Build/Object/Startup/startup_stm32f103.o
 .debug_abbrev  0x00000a4d       0xee C:/NUCLEO-F446RE/BTLD/Build/Object/Src/main.o

.debug_aranges  0x00000000      0x338
 .debug_aranges
                0x00000000       0x78 C:/NUCLEO-F446RE/BTLD/Build/Object/MCAL/RCC/src/RCC_program.o
 .debug_aranges
                0x00000078       0x48 C:/NUCLEO-F446RE/BTLD/Build/Object/MCAL/NVIC/src/NVIC_program.o
 .debug_aranges
                0x000000c0       0x58 C:/NUCLEO-F446RE/BTLD/Build/Object/MCAL/SysTick/src/SysTick_program.o
 .debug_aranges
                0x00000118       0x48 C:/NUCLEO-F446RE/BTLD/Build/Object/MCAL/GPIO/src/GPIO_program.o
 .debug_aranges
                0x00000160       0x60 C:/NUCLEO-F446RE/BTLD/Build/Object/MCAL/UART/src/UART.o
 .debug_aranges
                0x000001c0       0xd0 C:/NUCLEO-F446RE/BTLD/Build/Object/MCAL/FLASH/src/FLASH.o
 .debug_aranges
                0x00000290       0x40 C:/NUCLEO-F446RE/BTLD/Build/Object/Parse/Parse.o
 .debug_aranges
                0x000002d0       0x28 C:/NUCLEO-F446RE/BTLD/Build/Object/Startup/startup_stm32f103.o
 .debug_aranges
                0x000002f8       0x40 C:/NUCLEO-F446RE/BTLD/Build/Object/Src/main.o

.debug_ranges   0x00000000      0x2a8
 .debug_ranges  0x00000000       0x68 C:/NUCLEO-F446RE/BTLD/Build/Object/MCAL/RCC/src/RCC_program.o
 .debug_ranges  0x00000068       0x38 C:/NUCLEO-F446RE/BTLD/Build/Object/MCAL/NVIC/src/NVIC_program.o
 .debug_ranges  0x000000a0       0x48 C:/NUCLEO-F446RE/BTLD/Build/Object/MCAL/SysTick/src/SysTick_program.o
 .debug_ranges  0x000000e8       0x38 C:/NUCLEO-F446RE/BTLD/Build/Object/MCAL/GPIO/src/GPIO_program.o
 .debug_ranges  0x00000120       0x50 C:/NUCLEO-F446RE/BTLD/Build/Object/MCAL/UART/src/UART.o
 .debug_ranges  0x00000170       0xc0 C:/NUCLEO-F446RE/BTLD/Build/Object/MCAL/FLASH/src/FLASH.o
 .debug_ranges  0x00000230       0x30 C:/NUCLEO-F446RE/BTLD/Build/Object/Parse/Parse.o
 .debug_ranges  0x00000260       0x18 C:/NUCLEO-F446RE/BTLD/Build/Object/Startup/startup_stm32f103.o
 .debug_ranges  0x00000278       0x30 C:/NUCLEO-F446RE/BTLD/Build/Object/Src/main.o

.debug_macro    0x00000000     0x1276
 .debug_macro   0x00000000       0x32 C:/NUCLEO-F446RE/BTLD/Build/Object/MCAL/RCC/src/RCC_program.o
 .debug_macro   0x00000032      0xa66 C:/NUCLEO-F446RE/BTLD/Build/Object/MCAL/RCC/src/RCC_program.o
 .debug_macro   0x00000a98       0x10 C:/NUCLEO-F446RE/BTLD/Build/Object/MCAL/RCC/src/RCC_program.o
 .debug_macro   0x00000aa8       0x22 C:/NUCLEO-F446RE/BTLD/Build/Object/MCAL/RCC/src/RCC_program.o
 .debug_macro   0x00000aca       0x94 C:/NUCLEO-F446RE/BTLD/Build/Object/MCAL/RCC/src/RCC_program.o
 .debug_macro   0x00000b5e       0x49 C:/NUCLEO-F446RE/BTLD/Build/Object/MCAL/NVIC/src/NVIC_program.o
 .debug_macro   0x00000ba7       0x58 C:/NUCLEO-F446RE/BTLD/Build/Object/MCAL/NVIC/src/NVIC_program.o
 .debug_macro   0x00000bff       0x10 C:/NUCLEO-F446RE/BTLD/Build/Object/MCAL/NVIC/src/NVIC_program.o
 .debug_macro   0x00000c0f       0x3b C:/NUCLEO-F446RE/BTLD/Build/Object/MCAL/SysTick/src/SysTick_program.o
 .debug_macro   0x00000c4a       0x22 C:/NUCLEO-F446RE/BTLD/Build/Object/MCAL/SysTick/src/SysTick_program.o
 .debug_macro   0x00000c6c       0x2e C:/NUCLEO-F446RE/BTLD/Build/Object/MCAL/SysTick/src/SysTick_program.o
 .debug_macro   0x00000c9a       0x3b C:/NUCLEO-F446RE/BTLD/Build/Object/MCAL/GPIO/src/GPIO_program.o
 .debug_macro   0x00000cd5       0x6a C:/NUCLEO-F446RE/BTLD/Build/Object/MCAL/GPIO/src/GPIO_program.o
 .debug_macro   0x00000d3f       0x10 C:/NUCLEO-F446RE/BTLD/Build/Object/MCAL/GPIO/src/GPIO_program.o
 .debug_macro   0x00000d4f       0x32 C:/NUCLEO-F446RE/BTLD/Build/Object/MCAL/UART/src/UART.o
 .debug_macro   0x00000d81       0x5e C:/NUCLEO-F446RE/BTLD/Build/Object/MCAL/UART/src/UART.o
 .debug_macro   0x00000ddf       0x29 C:/NUCLEO-F446RE/BTLD/Build/Object/MCAL/FLASH/src/FLASH.o
 .debug_macro   0x00000e08      0x130 C:/NUCLEO-F446RE/BTLD/Build/Object/MCAL/FLASH/src/FLASH.o
 .debug_macro   0x00000f38       0x50 C:/NUCLEO-F446RE/BTLD/Build/Object/Parse/Parse.o
 .debug_macro   0x00000f88      0x136 C:/NUCLEO-F446RE/BTLD/Build/Object/Parse/Parse.o
 .debug_macro   0x000010be       0x16 C:/NUCLEO-F446RE/BTLD/Build/Object/Parse/Parse.o
 .debug_macro   0x000010d4       0x17 C:/NUCLEO-F446RE/BTLD/Build/Object/Startup/startup_stm32f103.o
 .debug_macro   0x000010eb       0x8d C:/NUCLEO-F446RE/BTLD/Build/Object/Src/main.o
 .debug_macro   0x00001178       0x9a C:/NUCLEO-F446RE/BTLD/Build/Object/Src/main.o
 .debug_macro   0x00001212       0x64 C:/NUCLEO-F446RE/BTLD/Build/Object/Src/main.o

.debug_line     0x00000000     0x1779
 .debug_line    0x00000000      0x2c0 C:/NUCLEO-F446RE/BTLD/Build/Object/MCAL/RCC/src/RCC_program.o
 .debug_line    0x000002c0      0x206 C:/NUCLEO-F446RE/BTLD/Build/Object/MCAL/NVIC/src/NVIC_program.o
 .debug_line    0x000004c6      0x1da C:/NUCLEO-F446RE/BTLD/Build/Object/MCAL/SysTick/src/SysTick_program.o
 .debug_line    0x000006a0      0x295 C:/NUCLEO-F446RE/BTLD/Build/Object/MCAL/GPIO/src/GPIO_program.o
 .debug_line    0x00000935      0x2c1 C:/NUCLEO-F446RE/BTLD/Build/Object/MCAL/UART/src/UART.o
 .debug_line    0x00000bf6      0x597 C:/NUCLEO-F446RE/BTLD/Build/Object/MCAL/FLASH/src/FLASH.o
 .debug_line    0x0000118d      0x33d C:/NUCLEO-F446RE/BTLD/Build/Object/Parse/Parse.o
 .debug_line    0x000014ca       0xe1 C:/NUCLEO-F446RE/BTLD/Build/Object/Startup/startup_stm32f103.o
 .debug_line    0x000015ab      0x1ce C:/NUCLEO-F446RE/BTLD/Build/Object/Src/main.o

.debug_str      0x00000000     0x53ea
 .debug_str     0x00000000     0x3497 C:/NUCLEO-F446RE/BTLD/Build/Object/MCAL/RCC/src/RCC_program.o
                               0x3515 (size before relaxing)
 .debug_str     0x00003497      0x4c4 C:/NUCLEO-F446RE/BTLD/Build/Object/MCAL/NVIC/src/NVIC_program.o
                               0x3287 (size before relaxing)
 .debug_str     0x0000395b      0x333 C:/NUCLEO-F446RE/BTLD/Build/Object/MCAL/SysTick/src/SysTick_program.o
                               0x30ff (size before relaxing)
 .debug_str     0x00003c8e      0x4e9 C:/NUCLEO-F446RE/BTLD/Build/Object/MCAL/GPIO/src/GPIO_program.o
                               0x32a5 (size before relaxing)
 .debug_str     0x00004177      0x47e C:/NUCLEO-F446RE/BTLD/Build/Object/MCAL/UART/src/UART.o
                               0x326a (size before relaxing)
 .debug_str     0x000045f5      0x8f0 C:/NUCLEO-F446RE/BTLD/Build/Object/MCAL/FLASH/src/FLASH.o
                               0x3636 (size before relaxing)
 .debug_str     0x00004ee5      0x1b7 C:/NUCLEO-F446RE/BTLD/Build/Object/Parse/Parse.o
                               0x377c (size before relaxing)
 .debug_str     0x0000509c       0xa5 C:/NUCLEO-F446RE/BTLD/Build/Object/Startup/startup_stm32f103.o
                               0x2d2f (size before relaxing)
 .debug_str     0x00005141      0x2a9 C:/NUCLEO-F446RE/BTLD/Build/Object/Src/main.o
                               0x45a9 (size before relaxing)

.comment        0x00000000       0x49
 .comment       0x00000000       0x49 C:/NUCLEO-F446RE/BTLD/Build/Object/MCAL/RCC/src/RCC_program.o
                                 0x4a (size before relaxing)
 .comment       0x00000049       0x4a C:/NUCLEO-F446RE/BTLD/Build/Object/MCAL/NVIC/src/NVIC_program.o
 .comment       0x00000049       0x4a C:/NUCLEO-F446RE/BTLD/Build/Object/MCAL/SysTick/src/SysTick_program.o
 .comment       0x00000049       0x4a C:/NUCLEO-F446RE/BTLD/Build/Object/MCAL/GPIO/src/GPIO_program.o
 .comment       0x00000049       0x4a C:/NUCLEO-F446RE/BTLD/Build/Object/MCAL/UART/src/UART.o
 .comment       0x00000049       0x4a C:/NUCLEO-F446RE/BTLD/Build/Object/MCAL/FLASH/src/FLASH.o
 .comment       0x00000049       0x4a C:/NUCLEO-F446RE/BTLD/Build/Object/Parse/Parse.o
 .comment       0x00000049       0x4a C:/NUCLEO-F446RE/BTLD/Build/Object/Startup/startup_stm32f103.o
 .comment       0x00000049       0x4a C:/NUCLEO-F446RE/BTLD/Build/Object/Src/main.o

.ARM.attributes
                0x00000000       0x34
 .ARM.attributes
                0x00000000       0x34 C:/NUCLEO-F446RE/BTLD/Build/Object/MCAL/RCC/src/RCC_program.o
 .ARM.attributes
                0x00000034       0x34 C:/NUCLEO-F446RE/BTLD/Build/Object/MCAL/NVIC/src/NVIC_program.o
 .ARM.attributes
                0x00000068       0x34 C:/NUCLEO-F446RE/BTLD/Build/Object/MCAL/SysTick/src/SysTick_program.o
 .ARM.attributes
                0x0000009c       0x34 C:/NUCLEO-F446RE/BTLD/Build/Object/MCAL/GPIO/src/GPIO_program.o
 .ARM.attributes
                0x000000d0       0x34 C:/NUCLEO-F446RE/BTLD/Build/Object/MCAL/UART/src/UART.o
 .ARM.attributes
                0x00000104       0x34 C:/NUCLEO-F446RE/BTLD/Build/Object/MCAL/FLASH/src/FLASH.o
 .ARM.attributes
                0x00000138       0x34 C:/NUCLEO-F446RE/BTLD/Build/Object/Parse/Parse.o
 .ARM.attributes
                0x0000016c       0x34 C:/NUCLEO-F446RE/BTLD/Build/Object/Startup/startup_stm32f103.o
 .ARM.attributes
                0x000001a0       0x34 C:/NUCLEO-F446RE/BTLD/Build/Object/Src/main.o

.debug_frame    0x00000000      0xb48
 .debug_frame   0x00000000      0x1c8 C:/NUCLEO-F446RE/BTLD/Build/Object/MCAL/RCC/src/RCC_program.o
 .debug_frame   0x000001c8      0x100 C:/NUCLEO-F446RE/BTLD/Build/Object/MCAL/NVIC/src/NVIC_program.o
 .debug_frame   0x000002c8      0x120 C:/NUCLEO-F446RE/BTLD/Build/Object/MCAL/SysTick/src/SysTick_program.o
 .debug_frame   0x000003e8       0xf4 C:/NUCLEO-F446RE/BTLD/Build/Object/MCAL/GPIO/src/GPIO_program.o
 .debug_frame   0x000004dc      0x15c C:/NUCLEO-F446RE/BTLD/Build/Object/MCAL/UART/src/UART.o
 .debug_frame   0x00000638      0x354 C:/NUCLEO-F446RE/BTLD/Build/Object/MCAL/FLASH/src/FLASH.o
 .debug_frame   0x0000098c       0xcc C:/NUCLEO-F446RE/BTLD/Build/Object/Parse/Parse.o
 .debug_frame   0x00000a58       0x48 C:/NUCLEO-F446RE/BTLD/Build/Object/Startup/startup_stm32f103.o
 .debug_frame   0x00000aa0       0xa8 C:/NUCLEO-F446RE/BTLD/Build/Object/Src/main.o
