
Discarded input sections

 .group         0x00000000        0xc C:/Users/s_a_a/Desktop/NUCLEO-F446RE/APP/Build/Object/MCAL/RCC/src/RCC_program.o
 .group         0x00000000        0xc C:/Users/s_a_a/Desktop/NUCLEO-F446RE/APP/Build/Object/MCAL/RCC/src/RCC_program.o
 .group         0x00000000        0xc C:/Users/s_a_a/Desktop/NUCLEO-F446RE/APP/Build/Object/MCAL/RCC/src/RCC_program.o
 .group         0x00000000        0xc C:/Users/s_a_a/Desktop/NUCLEO-F446RE/APP/Build/Object/MCAL/RCC/src/RCC_program.o
 .group         0x00000000        0xc C:/Users/s_a_a/Desktop/NUCLEO-F446RE/APP/Build/Object/MCAL/NVIC/src/NVIC_program.o
 .group         0x00000000        0xc C:/Users/s_a_a/Desktop/NUCLEO-F446RE/APP/Build/Object/MCAL/NVIC/src/NVIC_program.o
 .group         0x00000000        0xc C:/Users/s_a_a/Desktop/NUCLEO-F446RE/APP/Build/Object/MCAL/NVIC/src/NVIC_program.o
 .group         0x00000000        0xc C:/Users/s_a_a/Desktop/NUCLEO-F446RE/APP/Build/Object/MCAL/NVIC/src/NVIC_program.o
 .group         0x00000000        0xc C:/Users/s_a_a/Desktop/NUCLEO-F446RE/APP/Build/Object/MCAL/NVIC/src/NVIC_program.o
 .debug_macro   0x00000000      0xa66 C:/Users/s_a_a/Desktop/NUCLEO-F446RE/APP/Build/Object/MCAL/NVIC/src/NVIC_program.o
 .debug_macro   0x00000000       0x10 C:/Users/s_a_a/Desktop/NUCLEO-F446RE/APP/Build/Object/MCAL/NVIC/src/NVIC_program.o
 .debug_macro   0x00000000       0x22 C:/Users/s_a_a/Desktop/NUCLEO-F446RE/APP/Build/Object/MCAL/NVIC/src/NVIC_program.o
 .group         0x00000000        0xc C:/Users/s_a_a/Desktop/NUCLEO-F446RE/APP/Build/Object/MCAL/SysTick/src/SysTick_program.o
 .group         0x00000000        0xc C:/Users/s_a_a/Desktop/NUCLEO-F446RE/APP/Build/Object/MCAL/SysTick/src/SysTick_program.o
 .group         0x00000000        0xc C:/Users/s_a_a/Desktop/NUCLEO-F446RE/APP/Build/Object/MCAL/SysTick/src/SysTick_program.o
 .group         0x00000000        0xc C:/Users/s_a_a/Desktop/NUCLEO-F446RE/APP/Build/Object/MCAL/SysTick/src/SysTick_program.o
 .group         0x00000000        0xc C:/Users/s_a_a/Desktop/NUCLEO-F446RE/APP/Build/Object/MCAL/SysTick/src/SysTick_program.o
 .debug_macro   0x00000000      0xa66 C:/Users/s_a_a/Desktop/NUCLEO-F446RE/APP/Build/Object/MCAL/SysTick/src/SysTick_program.o
 .debug_macro   0x00000000       0x10 C:/Users/s_a_a/Desktop/NUCLEO-F446RE/APP/Build/Object/MCAL/SysTick/src/SysTick_program.o
 .debug_macro   0x00000000       0x22 C:/Users/s_a_a/Desktop/NUCLEO-F446RE/APP/Build/Object/MCAL/SysTick/src/SysTick_program.o
 .group         0x00000000        0xc C:/Users/s_a_a/Desktop/NUCLEO-F446RE/APP/Build/Object/MCAL/GPIO/src/GPIO_program.o
 .group         0x00000000        0xc C:/Users/s_a_a/Desktop/NUCLEO-F446RE/APP/Build/Object/MCAL/GPIO/src/GPIO_program.o
 .group         0x00000000        0xc C:/Users/s_a_a/Desktop/NUCLEO-F446RE/APP/Build/Object/MCAL/GPIO/src/GPIO_program.o
 .group         0x00000000        0xc C:/Users/s_a_a/Desktop/NUCLEO-F446RE/APP/Build/Object/MCAL/GPIO/src/GPIO_program.o
 .group         0x00000000        0xc C:/Users/s_a_a/Desktop/NUCLEO-F446RE/APP/Build/Object/MCAL/GPIO/src/GPIO_program.o
 .debug_macro   0x00000000      0xa66 C:/Users/s_a_a/Desktop/NUCLEO-F446RE/APP/Build/Object/MCAL/GPIO/src/GPIO_program.o
 .debug_macro   0x00000000       0x10 C:/Users/s_a_a/Desktop/NUCLEO-F446RE/APP/Build/Object/MCAL/GPIO/src/GPIO_program.o
 .debug_macro   0x00000000       0x22 C:/Users/s_a_a/Desktop/NUCLEO-F446RE/APP/Build/Object/MCAL/GPIO/src/GPIO_program.o
 .group         0x00000000        0xc C:/Users/s_a_a/Desktop/NUCLEO-F446RE/APP/Build/Object/MCAL/ADC/src/ADC.o
 .group         0x00000000        0xc C:/Users/s_a_a/Desktop/NUCLEO-F446RE/APP/Build/Object/MCAL/ADC/src/ADC.o
 .group         0x00000000        0xc C:/Users/s_a_a/Desktop/NUCLEO-F446RE/APP/Build/Object/MCAL/ADC/src/ADC.o
 .debug_macro   0x00000000      0xa66 C:/Users/s_a_a/Desktop/NUCLEO-F446RE/APP/Build/Object/MCAL/ADC/src/ADC.o
 .debug_macro   0x00000000       0x10 C:/Users/s_a_a/Desktop/NUCLEO-F446RE/APP/Build/Object/MCAL/ADC/src/ADC.o
 .group         0x00000000        0xc C:/Users/s_a_a/Desktop/NUCLEO-F446RE/APP/Build/Object/MCAL/UART/src/UART.o
 .group         0x00000000        0xc C:/Users/s_a_a/Desktop/NUCLEO-F446RE/APP/Build/Object/MCAL/UART/src/UART.o
 .group         0x00000000        0xc C:/Users/s_a_a/Desktop/NUCLEO-F446RE/APP/Build/Object/MCAL/UART/src/UART.o
 .group         0x00000000        0xc C:/Users/s_a_a/Desktop/NUCLEO-F446RE/APP/Build/Object/MCAL/UART/src/UART.o
 .debug_macro   0x00000000      0xa66 C:/Users/s_a_a/Desktop/NUCLEO-F446RE/APP/Build/Object/MCAL/UART/src/UART.o
 .debug_macro   0x00000000       0x10 C:/Users/s_a_a/Desktop/NUCLEO-F446RE/APP/Build/Object/MCAL/UART/src/UART.o
 .debug_macro   0x00000000       0x22 C:/Users/s_a_a/Desktop/NUCLEO-F446RE/APP/Build/Object/MCAL/UART/src/UART.o
 .group         0x00000000        0xc C:/Users/s_a_a/Desktop/NUCLEO-F446RE/APP/Build/Object/MCAL/PwrMD/src/LOW_POWER.o
[...]
Memory Configuration

Name             Origin             Length             Attributes
FLASH            0x08008000         0x00078000         xr
RAM              0x20000000         0x00020000         xrw
*default*        0x00000000         0xffffffff

Linker script and memory map

                0x20020000                _estack = (ORIGIN (RAM) + LENGTH (RAM))
                0x00000200                _Min_Heap_Size = 0x200
                0x00001000                _Min_Stack_Size = 0x1000

.isr_vector     0x08008000      0x178
                0x08008000                . = ALIGN (0x4)
 *(.isr_vector)
 .isr_vector    0x08008000      0x178 C:/Users/s_a_a/Desktop/NUCLEO-F446RE/APP/Build/Object/Startup/startup_stm32f103.o
                0x08008000                Vector_Table
                0x08008178                . = ALIGN (0x4)

.text           0x08008178     0x5848
                0x08008178                . = ALIGN (0x4)
 *(.text)
 .text          0x08008178        0x0 C:/Users/s_a_a/Desktop/NUCLEO-F446RE/APP/Build/Object/MCAL/RCC/src/RCC_program.o
 .text          0x08008178        0x0 C:/Users/s_a_a/Desktop/NUCLEO-F446RE/APP/Build/Object/MCAL/NVIC/src/NVIC_program.o
 .text          0x08008178        0x0 C:/Users/s_a_a/Desktop/NUCLEO-F446RE/APP/Build/Object/MCAL/SysTick/src/SysTick_program.o
 .text          0x08008178        0x0 C:/Users/s_a_a/Desktop/NUCLEO-F446RE/APP/Build/Object/MCAL/GPIO/src/GPIO_program.o
 .text          0x08008178        0x0 C:/Users/s_a_a/Desktop/NUCLEO-F446RE/APP/Build/Object/MCAL/ADC/src/ADC.o
 .text          0x08008178        0x0 C:/Users/s_a_a/Desktop/NUCLEO-F446RE/APP/Build/Object/MCAL/UART/src/UART.o
 .text          0x08008178        0x0 C:/Users/s_a_a/Desktop/NUCLEO-F446RE/APP/Build/Object/MCAL/PwrMD/src/LOW_POWER.o
 .text          0x08008178        0x0 C:/Users/s_a_a/Desktop/NUCLEO-F446RE/APP/Build/Object/MCAL/DMA/src/DMA.o
 .text          0x08008178        0x0 C:/Users/s_a_a/Desktop/NUCLEO-F446RE/APP/Build/Object/MCAL/IWDG/src/IWDG.o
 .text          0x08008178        0x0 C:/Users/s_a_a/Desktop/NUCLEO-F446RE/APP/Build/Object/MCAL/WWDG/src/WWDG.o
 .text          0x08008178        0x0 C:/Users/s_a_a/Desktop/NUCLEO-F446RE/APP/Build/Object/MCAL/RTC/src/RTC.o
 .text          0x08008178        0x0 C:/Users/s_a_a/Desktop/NUCLEO-F446RE/APP/Build/Object/MCAL/FPU/src/FPU.o
 .text          0x08008178        0x0 C:/Users/s_a_a/Desktop/NUCLEO-F446RE/APP/Build/Object/MCAL/CRC/src/CRC.o
 .text          0x08008178        0x0 C:/Users/s_a_a/Desktop/NUCLEO-F446RE/APP/Build/Object/MCAL/BASIC_TIMER/src/Basic_Timer.o
 .text          0x08008178        0x0 C:/Users/s_a_a/Desktop/NUCLEO-F446RE/APP/Build/Object/MCAL/I2C/src/I2C.o
 .text          0x08008178        0x0 C:/Users/s_a_a/Desktop/NUCLEO-F446RE/APP/Build/Object/MCAL/FLASH/src/FLASH.o
 .text          0x08008178        0x0 C:/Users/s_a_a/Desktop/NUCLEO-F446RE/APP/Build/Object/MCAL/GP_TIMER/src/GP_Timer.o
 .text          0x08008178        0x0 C:/Users/s_a_a/Desktop/NUCLEO-F446RE/APP/Build/Object/MCAL/PendSV/src/PendSV.o
 .text          0x08008178        0x0 C:/Users/s_a_a/Desktop/NUCLEO-F446RE/APP/Build/Object/HAL/ESP/ESP.o
 .text          0x08008178        0x0 C:/Users/s_a_a/Desktop/NUCLEO-F446RE/APP/Build/Object/HAL/OLED/OLED.o
 .text          0x08008178        0x0 C:/Users/s_a_a/Desktop/NUCLEO-F446RE/APP/Build/Object/P1/FLAPPY_Bird/FLAPPY_Bird.o
 .text          0x08008178        0x0 C:/Users/s_a_a/Desktop/NUCLEO-F446RE/APP/Build/Object/RTOS/RTOS.o
 .text          0x08008178        0x0 C:/Users/s_a_a/Desktop/NUCLEO-F446RE/APP/Build/Object/Startup/startup_stm32f103.o
 .text          0x08008178        0x0 C:/Users/s_a_a/Desktop/NUCLEO-F446RE/APP/Build/Object/Src/main.o
 .text          0x08008178        0x0 C:/Users/s_a_a/Desktop/NUCLEO-F446RE/APP/Build/Object/Src/SwM.o
 *(.text*)
 .text.RCC_EnableHSI
                0x08008178       0x30 C:/Users/s_a_a/Desktop/NUCLEO-F446RE/APP/Build/Object/MCAL/RCC/src/RCC_program.o
 .text.RCC_EnableHSE
                0x080081a8       0x30 C:/Users/s_a_a/Desktop/NUCLEO-F446RE/APP/Build/Object/MCAL/RCC/src/RCC_program.o
 .text.RCC_EnablePLL
                0x080081d8       0x30 C:/Users/s_a_a/Desktop/NUCLEO-F446RE/APP/Build/Object/MCAL/RCC/src/RCC_program.o
 .text.RCC_DisablePLL
                0x08008208       0x30 C:/Users/s_a_a/Desktop/NUCLEO-F446RE/APP/Build/Object/MCAL/RCC/src/RCC_program.o
 .text.RCC_SelectSystemClock
                0x08008238       0x4c C:/Users/s_a_a/Desktop/NUCLEO-F446RE/APP/Build/Object/MCAL/RCC/src/RCC_program.o
 .text.RCC_ConfigPLL
                0x08008284       0x78 C:/Users/s_a_a/Desktop/NUCLEO-F446RE/APP/Build/Object/MCAL/RCC/src/RCC_program.o
 .text.RCC_SetAHBPrescaler
                0x080082fc       0x38 C:/Users/s_a_a/Desktop/NUCLEO-F446RE/APP/Build/Object/MCAL/RCC/src/RCC_program.o
 .text.RCC_SetAPB1Prescaler
                0x08008334       0x38 C:/Users/s_a_a/Desktop/NUCLEO-F446RE/APP/Build/Object/MCAL/RCC/src/RCC_program.o
 .text.RCC_SetAPB2Prescaler
                0x0800836c       0x38 C:/Users/s_a_a/Desktop/NUCLEO-F446RE/APP/Build/Object/MCAL/RCC/src/RCC_program.o
 .text.RCC_Init
                0x080083a4       0x8e C:/Users/s_a_a/Desktop/NUCLEO-F446RE/APP/Build/Object/MCAL/RCC/src/RCC_program.o
                0x080083a4                RCC_Init
 *fill*         0x08008432        0x2 
 .text.RCC_EnableClock
                0x08008434       0xc0 C:/Users/s_a_a/Desktop/NUCLEO-F446RE/APP/Build/Object/MCAL/RCC/src/RCC_program.o
                0x08008434                RCC_EnableClock
 .text.RCC_DisableClock
                0x080084f4       0xcc C:/Users/s_a_a/Desktop/NUCLEO-F446RE/APP/Build/Object/MCAL/RCC/src/RCC_program.o
                0x080084f4                RCC_DisableClock
 .text.NVIC_EnableInterrupt
                0x080085c0       0x54 C:/Users/s_a_a/Desktop/NUCLEO-F446RE/APP/Build/Object/MCAL/NVIC/src/NVIC_program.o
                0x080085c0                NVIC_EnableInterrupt
 .text.NVIC_DisableInterrupt
                0x08008614       0x54 C:/Users/s_a_a/Desktop/NUCLEO-F446RE/APP/Build/Object/MCAL/NVIC/src/NVIC_program.o
                0x08008614                NVIC_DisableInterrupt
 .text.NVIC_SetPendingFlag
                0x08008668       0x54 C:/Users/s_a_a/Desktop/NUCLEO-F446RE/APP/Build/Object/MCAL/NVIC/src/NVIC_program.o
                0x08008668                NVIC_SetPendingFlag
 .text.NVIC_ClearPendingFlag
                0x080086bc       0x54 C:/Users/s_a_a/Desktop/NUCLEO-F446RE/APP/Build/Object/MCAL/NVIC/src/NVIC_program.o
                0x080086bc                NVIC_ClearPendingFlag
 .text.NVIC_GetActiveInterrupt
                0x08008710       0x6c C:/Users/s_a_a/Desktop/NUCLEO-F446RE/APP/Build/Object/MCAL/NVIC/src/NVIC_program.o
                0x08008710                NVIC_GetActiveInterrupt
 .text.NVIC_SetPriority
                0x0800877c       0x68 C:/Users/s_a_a/Desktop/NUCLEO-F446RE/APP/Build/Object/MCAL/NVIC/src/NVIC_program.o
                0x0800877c                NVIC_SetPriority
 .text.SysTick_voidInit
                0x080087e4       0x1c C:/Users/s_a_a/Desktop/NUCLEO-F446RE/APP/Build/Object/MCAL/SysTick/src/SysTick_program.o
                0x080087e4                SysTick_voidInit
 .text.SysTick_voidSetBusyWait
                0x08008800       0x54 C:/Users/s_a_a/Desktop/NUCLEO-F446RE/APP/Build/Object/MCAL/SysTick/src/SysTick_program.o
                0x08008800                SysTick_voidSetBusyWait
 .text.SysTick_voidSetIntervalSingle
                0x08008854       0x58 C:/Users/s_a_a/Desktop/NUCLEO-F446RE/APP/Build/Object/MCAL/SysTick/src/SysTick_program.o
                0x08008854                SysTick_voidSetIntervalSingle
 .text.SysTick_voidSetIntervalPeriodoc
                0x080088ac       0x64 C:/Users/s_a_a/Desktop/NUCLEO-F446RE/APP/Build/Object/MCAL/SysTick/src/SysTick_program.o
                0x080088ac                SysTick_voidSetIntervalPeriodoc
 .text.SysTick_voidStopTimer
                0x08008910       0x1c C:/Users/s_a_a/Desktop/NUCLEO-F446RE/APP/Build/Object/MCAL/SysTick/src/SysTick_program.o
                0x08008910                SysTick_voidStopTimer
 .text.SysTick_GetElapsedTime
                0x0800892c       0x20 C:/Users/s_a_a/Desktop/NUCLEO-F446RE/APP/Build/Object/MCAL/SysTick/src/SysTick_program.o
                0x0800892c                SysTick_GetElapsedTime
 .text.SysTick_GetRemaningTime
                0x0800894c       0x18 C:/Users/s_a_a/Desktop/NUCLEO-F446RE/APP/Build/Object/MCAL/SysTick/src/SysTick_program.o
                0x0800894c                SysTick_GetRemaningTime
 .text.SysTick_Handler
                0x08008964       0x14 C:/Users/s_a_a/Desktop/NUCLEO-F446RE/APP/Build/Object/MCAL/SysTick/src/SysTick_program.o
                0x08008964                SysTick_Handler
 .text.GPIO_GetPort
                0x08008978       0x88 C:/Users/s_a_a/Desktop/NUCLEO-F446RE/APP/Build/Object/MCAL/GPIO/src/GPIO_program.o
 .text.GPIO_InitPin
                0x08008a00      0x106 C:/Users/s_a_a/Desktop/NUCLEO-F446RE/APP/Build/Object/MCAL/GPIO/src/GPIO_program.o
                0x08008a00                GPIO_InitPin
 .text.GPIO_WritePin
                0x08008b06       0x60 C:/Users/s_a_a/Desktop/NUCLEO-F446RE/APP/Build/Object/MCAL/GPIO/src/GPIO_program.o
                0x08008b06                GPIO_WritePin
 .text.GPIO_TogglePin
                0x08008b66       0x4a C:/Users/s_a_a/Desktop/NUCLEO-F446RE/APP/Build/Object/MCAL/GPIO/src/GPIO_program.o
                0x08008b66                GPIO_TogglePin
 .text.GPIO_ReadPin
                0x08008bb0       0x4e C:/Users/s_a_a/Desktop/NUCLEO-F446RE/APP/Build/Object/MCAL/GPIO/src/GPIO_program.o
                0x08008bb0                GPIO_ReadPin
 *fill*         0x08008bfe        0x2 
 .text.GPIO_SetAF
                0x08008c00      0x118 C:/Users/s_a_a/Desktop/NUCLEO-F446RE/APP/Build/Object/MCAL/GPIO/src/GPIO_program.o
                0x08008c00                GPIO_SetAF
 .text.ADC_SetChannelSampleTime
                0x08008d18       0x9c C:/Users/s_a_a/Desktop/NUCLEO-F446RE/APP/Build/Object/MCAL/ADC/src/ADC.o
 .text.ADC_Init
                0x08008db4       0xec C:/Users/s_a_a/Desktop/NUCLEO-F446RE/APP/Build/Object/MCAL/ADC/src/ADC.o
                0x08008db4                ADC_Init
 .text.ADC_Read
                0x08008ea0       0x74 C:/Users/s_a_a/Desktop/NUCLEO-F446RE/APP/Build/Object/MCAL/ADC/src/ADC.o
                0x08008ea0                ADC_Read
 .text.ADC_ReadAveraged
                0x08008f14       0x54 C:/Users/s_a_a/Desktop/NUCLEO-F446RE/APP/Build/Object/MCAL/ADC/src/ADC.o
                0x08008f14                ADC_ReadAveraged
 .text.ADC_ReadVoltage_mV
                0x08008f68       0x2a C:/Users/s_a_a/Desktop/NUCLEO-F446RE/APP/Build/Object/MCAL/ADC/src/ADC.o
                0x08008f68                ADC_ReadVoltage_mV
 .text.ADC_SetSampleTime
                0x08008f92       0x24 C:/Users/s_a_a/Desktop/NUCLEO-F446RE/APP/Build/Object/MCAL/ADC/src/ADC.o
                0x08008f92                ADC_SetSampleTime
 *fill*         0x08008fb6        0x2 
 .text.Get_BASE_ADD
                0x08008fb8       0x50 C:/Users/s_a_a/Desktop/NUCLEO-F446RE/APP/Build/Object/MCAL/UART/src/UART.o
                0x08008fb8                Get_BASE_ADD
 .text.Write_UART_Number
                0x08009008       0x88 C:/Users/s_a_a/Desktop/NUCLEO-F446RE/APP/Build/Object/MCAL/UART/src/UART.o
                0x08009008                Write_UART_Number
 .text.UART_Init
                0x08009090      0x134 C:/Users/s_a_a/Desktop/NUCLEO-F446RE/APP/Build/Object/MCAL/UART/src/UART.o
                0x08009090                UART_Init
 .text.UART_SendSyncBuffer
                0x080091c4       0x56 C:/Users/s_a_a/Desktop/NUCLEO-F446RE/APP/Build/Object/MCAL/UART/src/UART.o
                0x080091c4                UART_SendSyncBuffer
 *fill*         0x0800921a        0x2 
 .text.UART_voidSendNumber
                0x0800921c       0x50 C:/Users/s_a_a/Desktop/NUCLEO-F446RE/APP/Build/Object/MCAL/UART/src/UART.o
                0x0800921c                UART_voidSendNumber
 .text.UART1_CALLBACK
                0x0800926c       0x24 C:/Users/s_a_a/Desktop/NUCLEO-F446RE/APP/Build/Object/MCAL/UART/src/UART.o
                0x0800926c                UART1_CALLBACK
 .text.UART2_CALLBACK
                0x08009290       0x24 C:/Users/s_a_a/Desktop/NUCLEO-F446RE/APP/Build/Object/MCAL/UART/src/UART.o
                0x08009290                UART2_CALLBACK
 .text.UART3_CALLBACK
                0x080092b4       0x24 C:/Users/s_a_a/Desktop/NUCLEO-F446RE/APP/Build/Object/MCAL/UART/src/UART.o
                0x080092b4                UART3_CALLBACK
 .text.USART2_IRQHandler
                0x080092d8       0x84 C:/Users/s_a_a/Desktop/NUCLEO-F446RE/APP/Build/Object/MCAL/UART/src/UART.o
                0x080092d8                USART2_IRQHandler
 .text.USART3_IRQHandler
                0x0800935c       0x84 C:/Users/s_a_a/Desktop/NUCLEO-F446RE/APP/Build/Object/MCAL/UART/src/UART.o
                0x0800935c                USART3_IRQHandler
 .text.USART1_IRQHandler
                0x080093e0       0x84 C:/Users/s_a_a/Desktop/NUCLEO-F446RE/APP/Build/Object/MCAL/UART/src/UART.o
                0x080093e0                USART1_IRQHandler
 .text.exec_wfi
                0x08009464       0x14 C:/Users/s_a_a/Desktop/NUCLEO-F446RE/APP/Build/Object/MCAL/PwrMD/src/LOW_POWER.o
 .text.exec_wfe
                0x08009478       0x14 C:/Users/s_a_a/Desktop/NUCLEO-F446RE/APP/Build/Object/MCAL/PwrMD/src/LOW_POWER.o
 .text.LP_EnterSleep
                0x0800948c       0x34 C:/Users/s_a_a/Desktop/NUCLEO-F446RE/APP/Build/Object/MCAL/PwrMD/src/LOW_POWER.o
                0x0800948c                LP_EnterSleep
 .text.LP_EnableSleepOnExit
                0x080094c0       0x20 C:/Users/s_a_a/Desktop/NUCLEO-F446RE/APP/Build/Object/MCAL/PwrMD/src/LOW_POWER.o
                0x080094c0                LP_EnableSleepOnExit
 .text.LP_DisableSleepOnExit
                0x080094e0       0x20 C:/Users/s_a_a/Desktop/NUCLEO-F446RE/APP/Build/Object/MCAL/PwrMD/src/LOW_POWER.o
                0x080094e0                LP_DisableSleepOnExit
 .text.LP_EnterStop
                0x08009500       0x98 C:/Users/s_a_a/Desktop/NUCLEO-F446RE/APP/Build/Object/MCAL/PwrMD/src/LOW_POWER.o
                0x08009500                LP_EnterStop
 .text.LP_EnterStandby
                0x08009598       0x38 C:/Users/s_a_a/Desktop/NUCLEO-F446RE/APP/Build/Object/MCAL/PwrMD/src/LOW_POWER.o
                0x08009598                LP_EnterStandby
 .text.LP_EnableWakeupPin
                0x080095d0       0x40 C:/Users/s_a_a/Desktop/NUCLEO-F446RE/APP/Build/Object/MCAL/PwrMD/src/LOW_POWER.o
                0x080095d0                LP_EnableWakeupPin
 .text.LP_DisableWakeupPin
                0x08009610       0x40 C:/Users/s_a_a/Desktop/NUCLEO-F446RE/APP/Build/Object/MCAL/PwrMD/src/LOW_POWER.o
                0x08009610                LP_DisableWakeupPin
 .text.LP_IsWakeFromStandby
                0x08009650       0x24 C:/Users/s_a_a/Desktop/NUCLEO-F446RE/APP/Build/Object/MCAL/PwrMD/src/LOW_POWER.o
                0x08009650                LP_IsWakeFromStandby
 .text.LP_IsWakeupPinEvent
                0x08009674       0x20 C:/Users/s_a_a/Desktop/NUCLEO-F446RE/APP/Build/Object/MCAL/PwrMD/src/LOW_POWER.o
                0x08009674                LP_IsWakeupPinEvent
 .text.LP_ClearFlags
                0x08009694       0x20 C:/Users/s_a_a/Desktop/NUCLEO-F446RE/APP/Build/Object/MCAL/PwrMD/src/LOW_POWER.o
                0x08009694                LP_ClearFlags
 .text.LP_EnablePVD
                0x080096b4       0x40 C:/Users/s_a_a/Desktop/NUCLEO-F446RE/APP/Build/Object/MCAL/PwrMD/src/LOW_POWER.o
                0x080096b4                LP_EnablePVD
 .text.LP_DisablePVD
                0x080096f4       0x20 C:/Users/s_a_a/Desktop/NUCLEO-F446RE/APP/Build/Object/MCAL/PwrMD/src/LOW_POWER.o
                0x080096f4                LP_DisablePVD
 .text.LP_GetPVDOutput
                0x08009714       0x24 C:/Users/s_a_a/Desktop/NUCLEO-F446RE/APP/Build/Object/MCAL/PwrMD/src/LOW_POWER.o
                0x08009714                LP_GetPVDOutput
 .text.DMA_GetStreamReg
                0x08009738       0x44 C:/Users/s_a_a/Desktop/NUCLEO-F446RE/APP/Build/Object/MCAL/DMA/src/DMA.o
                0x08009738                DMA_GetStreamReg
 .text.dma_status_offset_for_stream
                0x0800977c       0x26 C:/Users/s_a_a/Desktop/NUCLEO-F446RE/APP/Build/Object/MCAL/DMA/src/DMA.o
 *fill*         0x080097a2        0x2 
 .text.DMA_ReadStatus
                0x080097a4       0x5c C:/Users/s_a_a/Desktop/NUCLEO-F446RE/APP/Build/Object/MCAL/DMA/src/DMA.o
 .text.DMA_ClearFlag
                0x08009800       0x5c C:/Users/s_a_a/Desktop/NUCLEO-F446RE/APP/Build/Object/MCAL/DMA/src/DMA.o
 .text.DMA_DriverInit
                0x0800985c       0x60 C:/Users/s_a_a/Desktop/NUCLEO-F446RE/APP/Build/Object/MCAL/DMA/src/DMA.o
                0x0800985c                DMA_DriverInit
 .text.DMA_ConfigStream
                0x080098bc      0x142 C:/Users/s_a_a/Desktop/NUCLEO-F446RE/APP/Build/Object/MCAL/DMA/src/DMA.o
                0x080098bc                DMA_ConfigStream
 .text.DMA_Start
                0x080099fe       0x76 C:/Users/s_a_a/Desktop/NUCLEO-F446RE/APP/Build/Object/MCAL/DMA/src/DMA.o
                0x080099fe                DMA_Start
 .text.DMA_Abort
                0x08009a74       0x4e C:/Users/s_a_a/Desktop/NUCLEO-F446RE/APP/Build/Object/MCAL/DMA/src/DMA.o
                0x08009a74                DMA_Abort
 *fill*         0x08009ac2        0x2 
 .text.DMA_RegisterCallback
                0x08009ac4       0x64 C:/Users/s_a_a/Desktop/NUCLEO-F446RE/APP/Build/Object/MCAL/DMA/src/DMA.o
                0x08009ac4                DMA_RegisterCallback
 .text.DMA_HandleIRQ
                0x08009b28       0xc0 C:/Users/s_a_a/Desktop/NUCLEO-F446RE/APP/Build/Object/MCAL/DMA/src/DMA.o
                0x08009b28                DMA_HandleIRQ
 .text.IWDG_Init
                0x08009be8       0x74 C:/Users/s_a_a/Desktop/NUCLEO-F446RE/APP/Build/Object/MCAL/IWDG/src/IWDG.o
                0x08009be8                IWDG_Init
 .text.IWDG_Refresh
                0x08009c5c       0x1c C:/Users/s_a_a/Desktop/NUCLEO-F446RE/APP/Build/Object/MCAL/IWDG/src/IWDG.o
                0x08009c5c                IWDG_Refresh
 .text.IWDG_CalcReload
                0x08009c78       0x74 C:/Users/s_a_a/Desktop/NUCLEO-F446RE/APP/Build/Object/MCAL/IWDG/src/IWDG.o
                0x08009c78                IWDG_CalcReload
 .text.WWDG_Init
                0x08009cec       0x6c C:/Users/s_a_a/Desktop/NUCLEO-F446RE/APP/Build/Object/MCAL/WWDG/src/WWDG.o
                0x08009cec                WWDG_Init
 .text.WWDG_Refresh
                0x08009d58       0x28 C:/Users/s_a_a/Desktop/NUCLEO-F446RE/APP/Build/Object/MCAL/WWDG/src/WWDG.o
                0x08009d58                WWDG_Refresh
 .text.WWDG_ClearFlag
                0x08009d80       0x20 C:/Users/s_a_a/Desktop/NUCLEO-F446RE/APP/Build/Object/MCAL/WWDG/src/WWDG.o
                0x08009d80                WWDG_ClearFlag
 .text.WWDG_GetFlag
                0x08009da0       0x20 C:/Users/s_a_a/Desktop/NUCLEO-F446RE/APP/Build/Object/MCAL/WWDG/src/WWDG.o
                0x08009da0                WWDG_GetFlag
 .text.WWDG_CalcCounter
                0x08009dc0       0x70 C:/Users/s_a_a/Desktop/NUCLEO-F446RE/APP/Build/Object/MCAL/WWDG/src/WWDG.o
                0x08009dc0                WWDG_CalcCounter
 .text.bin2bcd  0x08009e30       0x44 C:/Users/s_a_a/Desktop/NUCLEO-F446RE/APP/Build/Object/MCAL/RTC/src/RTC.o
 .text.bcd2bin  0x08009e74       0x32 C:/Users/s_a_a/Desktop/NUCLEO-F446RE/APP/Build/Object/MCAL/RTC/src/RTC.o
 *fill*         0x08009ea6        0x2 
 .text.RTC_Unlock
                0x08009ea8       0x20 C:/Users/s_a_a/Desktop/NUCLEO-F446RE/APP/Build/Object/MCAL/RTC/src/RTC.o
 .text.RTC_Lock
                0x08009ec8       0x18 C:/Users/s_a_a/Desktop/NUCLEO-F446RE/APP/Build/Object/MCAL/RTC/src/RTC.o
 .text.RTC_EnterInitMode
                0x08009ee0       0x4c C:/Users/s_a_a/Desktop/NUCLEO-F446RE/APP/Build/Object/MCAL/RTC/src/RTC.o
 .text.RTC_ExitInitMode
                0x08009f2c       0x20 C:/Users/s_a_a/Desktop/NUCLEO-F446RE/APP/Build/Object/MCAL/RTC/src/RTC.o
 .text.RTC_Init
                0x08009f4c      0x148 C:/Users/s_a_a/Desktop/NUCLEO-F446RE/APP/Build/Object/MCAL/RTC/src/RTC.o
                0x08009f4c                RTC_Init
 .text.RTC_SetTime
                0x0800a094       0xa4 C:/Users/s_a_a/Desktop/NUCLEO-F446RE/APP/Build/Object/MCAL/RTC/src/RTC.o
                0x0800a094                RTC_SetTime
 .text.RTC_GetTime
                0x0800a138       0x84 C:/Users/s_a_a/Desktop/NUCLEO-F446RE/APP/Build/Object/MCAL/RTC/src/RTC.o
                0x0800a138                RTC_GetTime
 .text.RTC_SetDate
                0x0800a1bc       0x9c C:/Users/s_a_a/Desktop/NUCLEO-F446RE/APP/Build/Object/MCAL/RTC/src/RTC.o
                0x0800a1bc                RTC_SetDate
 .text.RTC_GetDate
                0x0800a258       0x84 C:/Users/s_a_a/Desktop/NUCLEO-F446RE/APP/Build/Object/MCAL/RTC/src/RTC.o
                0x0800a258                RTC_GetDate
 .text.RTC_SetAlarm
                0x0800a2dc      0x1bc C:/Users/s_a_a/Desktop/NUCLEO-F446RE/APP/Build/Object/MCAL/RTC/src/RTC.o
                0x0800a2dc                RTC_SetAlarm
 .text.RTC_DisableAlarm
                0x0800a498       0x40 C:/Users/s_a_a/Desktop/NUCLEO-F446RE/APP/Build/Object/MCAL/RTC/src/RTC.o
                0x0800a498                RTC_DisableAlarm
 .text.RTC_ClearAlarmFlag
                0x0800a4d8       0x3c C:/Users/s_a_a/Desktop/NUCLEO-F446RE/APP/Build/Object/MCAL/RTC/src/RTC.o
                0x0800a4d8                RTC_ClearAlarmFlag
 .text.RTC_GetAlarmFlag
                0x0800a514       0x40 C:/Users/s_a_a/Desktop/NUCLEO-F446RE/APP/Build/Object/MCAL/RTC/src/RTC.o
                0x0800a514                RTC_GetAlarmFlag
 .text.RTC_SetWakeup
                0x0800a554       0xa0 C:/Users/s_a_a/Desktop/NUCLEO-F446RE/APP/Build/Object/MCAL/RTC/src/RTC.o
                0x0800a554                RTC_SetWakeup
 .text.RTC_DisableWakeup
                0x0800a5f4       0x20 C:/Users/s_a_a/Desktop/NUCLEO-F446RE/APP/Build/Object/MCAL/RTC/src/RTC.o
                0x0800a5f4                RTC_DisableWakeup
 .text.RTC_ClearWakeupFlag
                0x0800a614       0x20 C:/Users/s_a_a/Desktop/NUCLEO-F446RE/APP/Build/Object/MCAL/RTC/src/RTC.o
                0x0800a614                RTC_ClearWakeupFlag
 .text.RTC_GetWakeupFlag
                0x0800a634       0x24 C:/Users/s_a_a/Desktop/NUCLEO-F446RE/APP/Build/Object/MCAL/RTC/src/RTC.o
                0x0800a634                RTC_GetWakeupFlag
 .text.RTC_EnableTimestamp
                0x0800a658       0x64 C:/Users/s_a_a/Desktop/NUCLEO-F446RE/APP/Build/Object/MCAL/RTC/src/RTC.o
                0x0800a658                RTC_EnableTimestamp
 .text.RTC_DisableTimestamp
                0x0800a6bc       0x20 C:/Users/s_a_a/Desktop/NUCLEO-F446RE/APP/Build/Object/MCAL/RTC/src/RTC.o
                0x0800a6bc                RTC_DisableTimestamp
 .text.RTC_GetTimestamp
                0x0800a6dc       0xd8 C:/Users/s_a_a/Desktop/NUCLEO-F446RE/APP/Build/Object/MCAL/RTC/src/RTC.o
                0x0800a6dc                RTC_GetTimestamp
 .text.RTC_ClearTimestampFlag
                0x0800a7b4       0x20 C:/Users/s_a_a/Desktop/NUCLEO-F446RE/APP/Build/Object/MCAL/RTC/src/RTC.o
                0x0800a7b4                RTC_ClearTimestampFlag
 .text.RTC_WriteBackup
                0x0800a7d4       0x44 C:/Users/s_a_a/Desktop/NUCLEO-F446RE/APP/Build/Object/MCAL/RTC/src/RTC.o
                0x0800a7d4                RTC_WriteBackup
 .text.RTC_ReadBackup
                0x0800a818       0x2e C:/Users/s_a_a/Desktop/NUCLEO-F446RE/APP/Build/Object/MCAL/RTC/src/RTC.o
                0x0800a818                RTC_ReadBackup
 *fill*         0x0800a846        0x2 
 .text.RTC_IsInitialized
                0x0800a848       0x24 C:/Users/s_a_a/Desktop/NUCLEO-F446RE/APP/Build/Object/MCAL/RTC/src/RTC.o
                0x0800a848                RTC_IsInitialized
 .text.RTC_WaitSync
                0x0800a86c       0x44 C:/Users/s_a_a/Desktop/NUCLEO-F446RE/APP/Build/Object/MCAL/RTC/src/RTC.o
                0x0800a86c                RTC_WaitSync
 .text.FPU_GetFPSCR
                0x0800a8b0       0x1a C:/Users/s_a_a/Desktop/NUCLEO-F446RE/APP/Build/Object/MCAL/FPU/src/FPU.o
                0x0800a8b0                FPU_GetFPSCR
 .text.FPU_SetFPSCR
                0x0800a8ca       0x1a C:/Users/s_a_a/Desktop/NUCLEO-F446RE/APP/Build/Object/MCAL/FPU/src/FPU.o
                0x0800a8ca                FPU_SetFPSCR
 .text.FPU_Enable
                0x0800a8e4       0x38 C:/Users/s_a_a/Desktop/NUCLEO-F446RE/APP/Build/Object/MCAL/FPU/src/FPU.o
                0x0800a8e4                FPU_Enable
 .text.FPU_Disable
                0x0800a91c       0x28 C:/Users/s_a_a/Desktop/NUCLEO-F446RE/APP/Build/Object/MCAL/FPU/src/FPU.o
                0x0800a91c                FPU_Disable
 .text.FPU_SetAccess
                0x0800a944       0x50 C:/Users/s_a_a/Desktop/NUCLEO-F446RE/APP/Build/Object/MCAL/FPU/src/FPU.o
                0x0800a944                FPU_SetAccess
 .text.FPU_EnableLazyStacking
                0x0800a994       0x20 C:/Users/s_a_a/Desktop/NUCLEO-F446RE/APP/Build/Object/MCAL/FPU/src/FPU.o
                0x0800a994                FPU_EnableLazyStacking
 .text.FPU_DisableLazyStacking
                0x0800a9b4       0x2c C:/Users/s_a_a/Desktop/NUCLEO-F446RE/APP/Build/Object/MCAL/FPU/src/FPU.o
                0x0800a9b4                FPU_DisableLazyStacking
 .text.FPU_SetRoundMode
                0x0800a9e0       0x34 C:/Users/s_a_a/Desktop/NUCLEO-F446RE/APP/Build/Object/MCAL/FPU/src/FPU.o
                0x0800a9e0                FPU_SetRoundMode
 .text.FPU_GetRoundMode
                0x0800aa14       0x18 C:/Users/s_a_a/Desktop/NUCLEO-F446RE/APP/Build/Object/MCAL/FPU/src/FPU.o
                0x0800aa14                FPU_GetRoundMode
 .text.FPU_SetFlushToZero
                0x0800aa2c       0x36 C:/Users/s_a_a/Desktop/NUCLEO-F446RE/APP/Build/Object/MCAL/FPU/src/FPU.o
                0x0800aa2c                FPU_SetFlushToZero
 .text.FPU_SetDefaultNaN
                0x0800aa62       0x36 C:/Users/s_a_a/Desktop/NUCLEO-F446RE/APP/Build/Object/MCAL/FPU/src/FPU.o
                0x0800aa62                FPU_SetDefaultNaN
 .text.FPU_GetExceptions
                0x0800aa98       0x12 C:/Users/s_a_a/Desktop/NUCLEO-F446RE/APP/Build/Object/MCAL/FPU/src/FPU.o
                0x0800aa98                FPU_GetExceptions
 .text.FPU_ClearExceptions
                0x0800aaaa       0x2a C:/Users/s_a_a/Desktop/NUCLEO-F446RE/APP/Build/Object/MCAL/FPU/src/FPU.o
                0x0800aaaa                FPU_ClearExceptions
 .text.CRC_Init
                0x0800aad4       0x14 C:/Users/s_a_a/Desktop/NUCLEO-F446RE/APP/Build/Object/MCAL/CRC/src/CRC.o
                0x0800aad4                CRC_Init
 .text.CRC_Reset
                0x0800aae8       0x18 C:/Users/s_a_a/Desktop/NUCLEO-F446RE/APP/Build/Object/MCAL/CRC/src/CRC.o
                0x0800aae8                CRC_Reset
 .text.CRC_AccumulateWord
                0x0800ab00       0x24 C:/Users/s_a_a/Desktop/NUCLEO-F446RE/APP/Build/Object/MCAL/CRC/src/CRC.o
                0x0800ab00                CRC_AccumulateWord
 .text.CRC_Calculate
                0x0800ab24       0xec C:/Users/s_a_a/Desktop/NUCLEO-F446RE/APP/Build/Object/MCAL/CRC/src/CRC.o
                0x0800ab24                CRC_Calculate
 .text.CRC_Verify
                0x0800ac10       0x6e C:/Users/s_a_a/Desktop/NUCLEO-F446RE/APP/Build/Object/MCAL/CRC/src/CRC.o
                0x0800ac10                CRC_Verify
 *fill*         0x0800ac7e        0x2 
 .text.CRC_GetResult
                0x0800ac80       0x18 C:/Users/s_a_a/Desktop/NUCLEO-F446RE/APP/Build/Object/MCAL/CRC/src/CRC.o
                0x0800ac80                CRC_GetResult
 .text.GET_TIMER_BASE_ADD
                0x0800ac98       0x34 C:/Users/s_a_a/Desktop/NUCLEO-F446RE/APP/Build/Object/MCAL/BASIC_TIMER/src/Basic_Timer.o
 .text.Timer_Init
                0x0800accc       0xa8 C:/Users/s_a_a/Desktop/NUCLEO-F446RE/APP/Build/Object/MCAL/BASIC_TIMER/src/Basic_Timer.o
                0x0800accc                Timer_Init
 .text.Timer_Start
                0x0800ad74       0x4c C:/Users/s_a_a/Desktop/NUCLEO-F446RE/APP/Build/Object/MCAL/BASIC_TIMER/src/Basic_Timer.o
                0x0800ad74                Timer_Start
 .text.Timer_Stop
                0x0800adc0       0x4c C:/Users/s_a_a/Desktop/NUCLEO-F446RE/APP/Build/Object/MCAL/BASIC_TIMER/src/Basic_Timer.o
                0x0800adc0                Timer_Stop
 .text.Timer_SetCallback
                0x0800ae0c       0x3c C:/Users/s_a_a/Desktop/NUCLEO-F446RE/APP/Build/Object/MCAL/BASIC_TIMER/src/Basic_Timer.o
                0x0800ae0c                Timer_SetCallback
 .text.TIM6_DAC_IRQHandler
                0x0800ae48       0x3c C:/Users/s_a_a/Desktop/NUCLEO-F446RE/APP/Build/Object/MCAL/BASIC_TIMER/src/Basic_Timer.o
                0x0800ae48                TIM6_DAC_IRQHandler
 .text.TIM7_IRQHandler
                0x0800ae84       0x3c C:/Users/s_a_a/Desktop/NUCLEO-F446RE/APP/Build/Object/MCAL/BASIC_TIMER/src/Basic_Timer.o
                0x0800ae84                TIM7_IRQHandler
 .text.I2C_GetBase
                0x0800aec0       0x2c C:/Users/s_a_a/Desktop/NUCLEO-F446RE/APP/Build/Object/MCAL/I2C/src/I2C.o
 .text.I2C_DisableInterrupts
                0x0800aeec       0x24 C:/Users/s_a_a/Desktop/NUCLEO-F446RE/APP/Build/Object/MCAL/I2C/src/I2C.o
 .text.I2C_Init
                0x0800af10      0x1bc C:/Users/s_a_a/Desktop/NUCLEO-F446RE/APP/Build/Object/MCAL/I2C/src/I2C.o
                0x0800af10                I2C_Init
 .text.I2C_DeInit
                0x0800b0cc       0x4c C:/Users/s_a_a/Desktop/NUCLEO-F446RE/APP/Build/Object/MCAL/I2C/src/I2C.o
                0x0800b0cc                I2C_DeInit
 .text.I2C_Start
                0x0800b118       0x50 C:/Users/s_a_a/Desktop/NUCLEO-F446RE/APP/Build/Object/MCAL/I2C/src/I2C.o
                0x0800b118                I2C_Start
 .text.I2C_Stop
                0x0800b168       0x2a C:/Users/s_a_a/Desktop/NUCLEO-F446RE/APP/Build/Object/MCAL/I2C/src/I2C.o
                0x0800b168                I2C_Stop
 .text.I2C_SendAddress
                0x0800b192       0x88 C:/Users/s_a_a/Desktop/NUCLEO-F446RE/APP/Build/Object/MCAL/I2C/src/I2C.o
                0x0800b192                I2C_SendAddress
 .text.I2C_SendData
                0x0800b21a       0x54 C:/Users/s_a_a/Desktop/NUCLEO-F446RE/APP/Build/Object/MCAL/I2C/src/I2C.o
                0x0800b21a                I2C_SendData
 .text.I2C_ReceiveData
                0x0800b26e       0x76 C:/Users/s_a_a/Desktop/NUCLEO-F446RE/APP/Build/Object/MCAL/I2C/src/I2C.o
                0x0800b26e                I2C_ReceiveData
 .text.I2C_MasterTransmit
                0x0800b2e4       0xc4 C:/Users/s_a_a/Desktop/NUCLEO-F446RE/APP/Build/Object/MCAL/I2C/src/I2C.o
                0x0800b2e4                I2C_MasterTransmit
 .text.I2C_MasterReceive
                0x0800b3a8       0xa4 C:/Users/s_a_a/Desktop/NUCLEO-F446RE/APP/Build/Object/MCAL/I2C/src/I2C.o
                0x0800b3a8                I2C_MasterReceive
 .text.I2C_WriteRegister
                0x0800b44c       0x44 C:/Users/s_a_a/Desktop/NUCLEO-F446RE/APP/Build/Object/MCAL/I2C/src/I2C.o
                0x0800b44c                I2C_WriteRegister
 .text.I2C_ReadRegister
                0x0800b490       0x50 C:/Users/s_a_a/Desktop/NUCLEO-F446RE/APP/Build/Object/MCAL/I2C/src/I2C.o
                0x0800b490                I2C_ReadRegister
 .text.I2C_ReadRegisters
                0x0800b4e0       0x50 C:/Users/s_a_a/Desktop/NUCLEO-F446RE/APP/Build/Object/MCAL/I2C/src/I2C.o
                0x0800b4e0                I2C_ReadRegisters
 .text.I2C_RegisterTxCallback
                0x0800b530       0x38 C:/Users/s_a_a/Desktop/NUCLEO-F446RE/APP/Build/Object/MCAL/I2C/src/I2C.o
                0x0800b530                I2C_RegisterTxCallback
 .text.I2C_RegisterRxCallback
                0x0800b568       0x38 C:/Users/s_a_a/Desktop/NUCLEO-F446RE/APP/Build/Object/MCAL/I2C/src/I2C.o
                0x0800b568                I2C_RegisterRxCallback
 .text.I2C_RegisterErrorCallback
                0x0800b5a0       0x38 C:/Users/s_a_a/Desktop/NUCLEO-F446RE/APP/Build/Object/MCAL/I2C/src/I2C.o
                0x0800b5a0                I2C_RegisterErrorCallback
 .text.I2C_GetState
                0x0800b5d8       0x38 C:/Users/s_a_a/Desktop/NUCLEO-F446RE/APP/Build/Object/MCAL/I2C/src/I2C.o
                0x0800b5d8                I2C_GetState
 .text.I2C_ReadStatus
                0x0800b610       0x1c C:/Users/s_a_a/Desktop/NUCLEO-F446RE/APP/Build/Object/MCAL/I2C/src/I2C.o
                0x0800b610                I2C_ReadStatus
 .text.I2C_MasterTransmit_IT
                0x0800b62c       0xac C:/Users/s_a_a/Desktop/NUCLEO-F446RE/APP/Build/Object/MCAL/I2C/src/I2C.o
                0x0800b62c                I2C_MasterTransmit_IT
 .text.I2C_MasterReceive_IT
                0x0800b6d8       0xc0 C:/Users/s_a_a/Desktop/NUCLEO-F446RE/APP/Build/Object/MCAL/I2C/src/I2C.o
                0x0800b6d8                I2C_MasterReceive_IT
 .text.I2C_EV_Handler
                0x0800b798      0x190 C:/Users/s_a_a/Desktop/NUCLEO-F446RE/APP/Build/Object/MCAL/I2C/src/I2C.o
 .text.I2C_ER_Handler
                0x0800b928       0x70 C:/Users/s_a_a/Desktop/NUCLEO-F446RE/APP/Build/Object/MCAL/I2C/src/I2C.o
 .text.I2C1_EV_IRQHandler
                0x0800b998        0xe C:/Users/s_a_a/Desktop/NUCLEO-F446RE/APP/Build/Object/MCAL/I2C/src/I2C.o
                0x0800b998                I2C1_EV_IRQHandler
 .text.I2C1_ER_IRQHandler
                0x0800b9a6        0xe C:/Users/s_a_a/Desktop/NUCLEO-F446RE/APP/Build/Object/MCAL/I2C/src/I2C.o
                0x0800b9a6                I2C1_ER_IRQHandler
 .text.I2C2_EV_IRQHandler
                0x0800b9b4        0xe C:/Users/s_a_a/Desktop/NUCLEO-F446RE/APP/Build/Object/MCAL/I2C/src/I2C.o
                0x0800b9b4                I2C2_EV_IRQHandler
 .text.I2C2_ER_IRQHandler
                0x0800b9c2        0xe C:/Users/s_a_a/Desktop/NUCLEO-F446RE/APP/Build/Object/MCAL/I2C/src/I2C.o
                0x0800b9c2                I2C2_ER_IRQHandler
 .text.I2C3_EV_IRQHandler
                0x0800b9d0        0xe C:/Users/s_a_a/Desktop/NUCLEO-F446RE/APP/Build/Object/MCAL/I2C/src/I2C.o
                0x0800b9d0                I2C3_EV_IRQHandler
 .text.I2C3_ER_IRQHandler
                0x0800b9de        0xe C:/Users/s_a_a/Desktop/NUCLEO-F446RE/APP/Build/Object/MCAL/I2C/src/I2C.o
                0x0800b9de                I2C3_ER_IRQHandler
 .text.FlashDrv_Unlock
                0x0800b9ec       0x34 C:/Users/s_a_a/Desktop/NUCLEO-F446RE/APP/Build/Object/MCAL/FLASH/src/FLASH.o
                0x0800b9ec                FlashDrv_Unlock
 .text.FlashDrv_Lock
                0x0800ba20       0x20 C:/Users/s_a_a/Desktop/NUCLEO-F446RE/APP/Build/Object/MCAL/FLASH/src/FLASH.o
                0x0800ba20                FlashDrv_Lock
 .text.FlashDrv_IsLocked
                0x0800ba40       0x1c C:/Users/s_a_a/Desktop/NUCLEO-F446RE/APP/Build/Object/MCAL/FLASH/src/FLASH.o
                0x0800ba40                FlashDrv_IsLocked
 .text.FlashDrv_ClearErrors
                0x0800ba5c       0x20 C:/Users/s_a_a/Desktop/NUCLEO-F446RE/APP/Build/Object/MCAL/FLASH/src/FLASH.o
                0x0800ba5c                FlashDrv_ClearErrors
 .text.FlashDrv_WaitForLastOperation
                0x0800ba7c       0x54 C:/Users/s_a_a/Desktop/NUCLEO-F446RE/APP/Build/Object/MCAL/FLASH/src/FLASH.o
 .text.FlashDrv_IsValidAddress
                0x0800bad0       0x30 C:/Users/s_a_a/Desktop/NUCLEO-F446RE/APP/Build/Object/MCAL/FLASH/src/FLASH.o
 .text.FlashDrv_GetSector
                0x0800bb00       0x88 C:/Users/s_a_a/Desktop/NUCLEO-F446RE/APP/Build/Object/MCAL/FLASH/src/FLASH.o
                0x0800bb00                FlashDrv_GetSector
 .text.FlashDrv_GetSectorBase
                0x0800bb88       0x80 C:/Users/s_a_a/Desktop/NUCLEO-F446RE/APP/Build/Object/MCAL/FLASH/src/FLASH.o
                0x0800bb88                FlashDrv_GetSectorBase
 .text.FlashDrv_GetSectorSize
                0x0800bc08       0x74 C:/Users/s_a_a/Desktop/NUCLEO-F446RE/APP/Build/Object/MCAL/FLASH/src/FLASH.o
                0x0800bc08                FlashDrv_GetSectorSize
 .text.FlashDrv_EraseSector
                0x0800bc7c       0x88 C:/Users/s_a_a/Desktop/NUCLEO-F446RE/APP/Build/Object/MCAL/FLASH/src/FLASH.o
                0x0800bc7c                FlashDrv_EraseSector
 .text.FlashDrv_EraseRange
                0x0800bd04       0x76 C:/Users/s_a_a/Desktop/NUCLEO-F446RE/APP/Build/Object/MCAL/FLASH/src/FLASH.o
                0x0800bd04                FlashDrv_EraseRange
 *fill*         0x0800bd7a        0x2 
 .text.FlashDrv_MassErase
                0x0800bd7c       0x64 C:/Users/s_a_a/Desktop/NUCLEO-F446RE/APP/Build/Object/MCAL/FLASH/src/FLASH.o
                0x0800bd7c                FlashDrv_MassErase
 .text.FlashDrv_ProgramByte
                0x0800bde0       0x88 C:/Users/s_a_a/Desktop/NUCLEO-F446RE/APP/Build/Object/MCAL/FLASH/src/FLASH.o
                0x0800bde0                FlashDrv_ProgramByte
 .text.FlashDrv_ProgramHalfWord
                0x0800be68       0x98 C:/Users/s_a_a/Desktop/NUCLEO-F446RE/APP/Build/Object/MCAL/FLASH/src/FLASH.o
                0x0800be68                FlashDrv_ProgramHalfWord
 .text.FlashDrv_ProgramWord
                0x0800bf00       0x98 C:/Users/s_a_a/Desktop/NUCLEO-F446RE/APP/Build/Object/MCAL/FLASH/src/FLASH.o
                0x0800bf00                FlashDrv_ProgramWord
 .text.FlashDrv_ProgramBuffer
                0x0800bf98       0x80 C:/Users/s_a_a/Desktop/NUCLEO-F446RE/APP/Build/Object/MCAL/FLASH/src/FLASH.o
                0x0800bf98                FlashDrv_ProgramBuffer
 .text.FlashDrv_ProgramBufferAligned
                0x0800c018       0xc6 C:/Users/s_a_a/Desktop/NUCLEO-F446RE/APP/Build/Object/MCAL/FLASH/src/FLASH.o
                0x0800c018                FlashDrv_ProgramBufferAligned
 .text.FlashDrv_Verify
                0x0800c0de       0x4c C:/Users/s_a_a/Desktop/NUCLEO-F446RE/APP/Build/Object/MCAL/FLASH/src/FLASH.o
                0x0800c0de                FlashDrv_Verify
 .text.FlashDrv_IsErased
                0x0800c12a       0x40 C:/Users/s_a_a/Desktop/NUCLEO-F446RE/APP/Build/Object/MCAL/FLASH/src/FLASH.o
                0x0800c12a                FlashDrv_IsErased
 .text.FlashDrv_Read
                0x0800c16a       0x62 C:/Users/s_a_a/Desktop/NUCLEO-F446RE/APP/Build/Object/MCAL/FLASH/src/FLASH.o
                0x0800c16a                FlashDrv_Read
 .text.FlashDrv_PrepareForWrite
                0x0800c1cc       0x10 C:/Users/s_a_a/Desktop/NUCLEO-F446RE/APP/Build/Object/MCAL/FLASH/src/FLASH.o
                0x0800c1cc                FlashDrv_PrepareForWrite
 .text.FlashDrv_FinishWrite
                0x0800c1dc       0x10 C:/Users/s_a_a/Desktop/NUCLEO-F446RE/APP/Build/Object/MCAL/FLASH/src/FLASH.o
                0x0800c1dc                FlashDrv_FinishWrite
 .text.FlashDrv_ProgramWordSafe
                0x0800c1ec       0x28 C:/Users/s_a_a/Desktop/NUCLEO-F446RE/APP/Build/Object/MCAL/FLASH/src/FLASH.o
                0x0800c1ec                FlashDrv_ProgramWordSafe
 .text.GET_TIMER_BASE_ADD
                0x0800c214       0x54 C:/Users/s_a_a/Desktop/NUCLEO-F446RE/APP/Build/Object/MCAL/GP_TIMER/src/GP_Timer.o
 .text.GP_Timer_Init
                0x0800c268       0xc4 C:/Users/s_a_a/Desktop/NUCLEO-F446RE/APP/Build/Object/MCAL/GP_TIMER/src/GP_Timer.o
                0x0800c268                GP_Timer_Init
 .text.GP_Timer_PWM_Init
                0x0800c32c      0x144 C:/Users/s_a_a/Desktop/NUCLEO-F446RE/APP/Build/Object/MCAL/GP_TIMER/src/GP_Timer.o
                0x0800c32c                GP_Timer_PWM_Init
 .text.GP_Timer_PWM_SetDuty
                0x0800c470       0xa4 C:/Users/s_a_a/Desktop/NUCLEO-F446RE/APP/Build/Object/MCAL/GP_TIMER/src/GP_Timer.o
                0x0800c470                GP_Timer_PWM_SetDuty
 .text.GP_Timer_Start
                0x0800c514       0x40 C:/Users/s_a_a/Desktop/NUCLEO-F446RE/APP/Build/Object/MCAL/GP_TIMER/src/GP_Timer.o
                0x0800c514                GP_Timer_Start
 .text.GP_Timer_Stop
                0x0800c554       0x2c C:/Users/s_a_a/Desktop/NUCLEO-F446RE/APP/Build/Object/MCAL/GP_TIMER/src/GP_Timer.o
                0x0800c554                GP_Timer_Stop
 .text.GP_Timer_SetCallback
                0x0800c580       0x6c C:/Users/s_a_a/Desktop/NUCLEO-F446RE/APP/Build/Object/MCAL/GP_TIMER/src/GP_Timer.o
                0x0800c580                GP_Timer_SetCallback
 .text.TIM2_IRQHandler
                0x0800c5ec       0x3c C:/Users/s_a_a/Desktop/NUCLEO-F446RE/APP/Build/Object/MCAL/GP_TIMER/src/GP_Timer.o
                0x0800c5ec                TIM2_IRQHandler
 .text.TIM3_IRQHandler
                0x0800c628       0x3c C:/Users/s_a_a/Desktop/NUCLEO-F446RE/APP/Build/Object/MCAL/GP_TIMER/src/GP_Timer.o
                0x0800c628                TIM3_IRQHandler
 .text.TIM4_IRQHandler
                0x0800c664       0x3c C:/Users/s_a_a/Desktop/NUCLEO-F446RE/APP/Build/Object/MCAL/GP_TIMER/src/GP_Timer.o
                0x0800c664                TIM4_IRQHandler
 .text.TIM5_IRQHandler
                0x0800c6a0       0x3c C:/Users/s_a_a/Desktop/NUCLEO-F446RE/APP/Build/Object/MCAL/GP_TIMER/src/GP_Timer.o
                0x0800c6a0                TIM5_IRQHandler
 .text.PendSV_Init
                0x0800c6dc       0x20 C:/Users/s_a_a/Desktop/NUCLEO-F446RE/APP/Build/Object/MCAL/PendSV/src/PendSV.o
                0x0800c6dc                PendSV_Init
 .text.Trigger_PendSV
                0x0800c6fc       0x20 C:/Users/s_a_a/Desktop/NUCLEO-F446RE/APP/Build/Object/MCAL/PendSV/src/PendSV.o
                0x0800c6fc                Trigger_PendSV
 .text.int_to_str
                0x0800c71c       0x90 C:/Users/s_a_a/Desktop/NUCLEO-F446RE/APP/Build/Object/HAL/ESP/ESP.o
                0x0800c71c                int_to_str
 .text.my_strlen
                0x0800c7ac       0x2e C:/Users/s_a_a/Desktop/NUCLEO-F446RE/APP/Build/Object/HAL/ESP/ESP.o
                0x0800c7ac                my_strlen
 *fill*         0x0800c7da        0x2 
 .text.ESP_MainFunction
                0x0800c7dc       0x70 C:/Users/s_a_a/Desktop/NUCLEO-F446RE/APP/Build/Object/HAL/ESP/ESP.o
                0x0800c7dc                ESP_MainFunction
 .text.swapBuffer
                0x0800c84c       0x30 C:/Users/s_a_a/Desktop/NUCLEO-F446RE/APP/Build/Object/HAL/OLED/OLED.o
                0x0800c84c                swapBuffer
 .text.OLED_SendCommand
                0x0800c87c       0x32 C:/Users/s_a_a/Desktop/NUCLEO-F446RE/APP/Build/Object/HAL/OLED/OLED.o
                0x0800c87c                OLED_SendCommand
 .text.OLED_SendData
                0x0800c8ae       0x32 C:/Users/s_a_a/Desktop/NUCLEO-F446RE/APP/Build/Object/HAL/OLED/OLED.o
                0x0800c8ae                OLED_SendData
 .text.OLED_Init
                0x0800c8e0      0x120 C:/Users/s_a_a/Desktop/NUCLEO-F446RE/APP/Build/Object/HAL/OLED/OLED.o
                0x0800c8e0                OLED_Init
 .text.OLED_Clear
                0x0800ca00       0x38 C:/Users/s_a_a/Desktop/NUCLEO-F446RE/APP/Build/Object/HAL/OLED/OLED.o
                0x0800ca00                OLED_Clear
 .text.OLED_DrawPixel
                0x0800ca38       0xa8 C:/Users/s_a_a/Desktop/NUCLEO-F446RE/APP/Build/Object/HAL/OLED/OLED.o
                0x0800ca38                OLED_DrawPixel
 .text.OLED_UpdateScreen
                0x0800cae0       0xac C:/Users/s_a_a/Desktop/NUCLEO-F446RE/APP/Build/Object/HAL/OLED/OLED.o
                0x0800cae0                OLED_UpdateScreen
 .text.BLOCK_DRAW
                0x0800cb8c       0x64 C:/Users/s_a_a/Desktop/NUCLEO-F446RE/APP/Build/Object/P1/FLAPPY_Bird/FLAPPY_Bird.o
                0x0800cb8c                BLOCK_DRAW
 .text.RTOS_voidStart
                0x0800cbf0       0x3c C:/Users/s_a_a/Desktop/NUCLEO-F446RE/APP/Build/Object/RTOS/RTOS.o
                0x0800cbf0                RTOS_voidStart
 .text.RTOS_voidIdleTask
                0x0800cc2c        0x8 C:/Users/s_a_a/Desktop/NUCLEO-F446RE/APP/Build/Object/RTOS/RTOS.o
 .text.RTOS_TaskEntry
                0x0800cc34       0x4c C:/Users/s_a_a/Desktop/NUCLEO-F446RE/APP/Build/Object/RTOS/RTOS.o
 .text.RTOS_voidInitStack
                0x0800cc80       0xce C:/Users/s_a_a/Desktop/NUCLEO-F446RE/APP/Build/Object/RTOS/RTOS.o
 .text.RTOS_voidTickCallback
                0x0800cd4e        0xc C:/Users/s_a_a/Desktop/NUCLEO-F446RE/APP/Build/Object/RTOS/RTOS.o
 *fill*         0x0800cd5a        0x2 
 .text.RTOS_voidSchedular
                0x0800cd5c      0x174 C:/Users/s_a_a/Desktop/NUCLEO-F446RE/APP/Build/Object/RTOS/RTOS.o
 .text.RTOS_voidCreateTask
                0x0800ced0       0xa0 C:/Users/s_a_a/Desktop/NUCLEO-F446RE/APP/Build/Object/RTOS/RTOS.o
                0x0800ced0                RTOS_voidCreateTask
 .text.RTOS_voidDeleteTask
                0x0800cf70       0x90 C:/Users/s_a_a/Desktop/NUCLEO-F446RE/APP/Build/Object/RTOS/RTOS.o
                0x0800cf70                RTOS_voidDeleteTask
 .text.RTOS_voidSuspendTask
                0x0800d000       0x30 C:/Users/s_a_a/Desktop/NUCLEO-F446RE/APP/Build/Object/RTOS/RTOS.o
                0x0800d000                RTOS_voidSuspendTask
 .text.RTOS_voidResumeTask
                0x0800d030       0x30 C:/Users/s_a_a/Desktop/NUCLEO-F446RE/APP/Build/Object/RTOS/RTOS.o
                0x0800d030                RTOS_voidResumeTask
 .text.RTOS_voidWaitEvent
                0x0800d060       0x30 C:/Users/s_a_a/Desktop/NUCLEO-F446RE/APP/Build/Object/RTOS/RTOS.o
                0x0800d060                RTOS_voidWaitEvent
 .text.PendSV_Handler
                0x0800d090       0x30 C:/Users/s_a_a/Desktop/NUCLEO-F446RE/APP/Build/Object/RTOS/RTOS.o
                0x0800d090                PendSV_Handler
 .text.SVC_Handler
                0x0800d0c0       0x28 C:/Users/s_a_a/Desktop/NUCLEO-F446RE/APP/Build/Object/RTOS/RTOS.o
                0x0800d0c0                SVC_Handler
 .text.HardFault_Handler
                0x0800d0e8       0x14 C:/Users/s_a_a/Desktop/NUCLEO-F446RE/APP/Build/Object/RTOS/RTOS.o
                0x0800d0e8                HardFault_Handler
 .text.MemManage_Handler
                0x0800d0fc       0x14 C:/Users/s_a_a/Desktop/NUCLEO-F446RE/APP/Build/Object/RTOS/RTOS.o
                0x0800d0fc                MemManage_Handler
 .text.Reset_Handler
                0x0800d110       0x94 C:/Users/s_a_a/Desktop/NUCLEO-F446RE/APP/Build/Object/Startup/startup_stm32f103.o
                0x0800d110                Reset_Handler
 .text.Default_Handler
                0x0800d1a4        0x6 C:/Users/s_a_a/Desktop/NUCLEO-F446RE/APP/Build/Object/Startup/startup_stm32f103.o
                0x0800d1a4                RTC_Alarm_IRQHandler
                0x0800d1a4                EXTI2_IRQHandler
                0x0800d1a4                TIM8_CC_IRQHandler
                0x0800d1a4                DebugMon_Handler
                0x0800d1a4                SPI4_IRQHandler
                0x0800d1a4                TIM1_CC_IRQHandler
                0x0800d1a4                DMA2_Stream5_IRQHandler
                0x0800d1a4                DMA1_Stream5_IRQHandler
                0x0800d1a4                PVD_IRQHandler
                0x0800d1a4                SDIO_IRQHandler
                0x0800d1a4                TAMP_STAMP_IRQHandler
                0x0800d1a4                NMI_Handler
                0x0800d1a4                CAN2_RX1_IRQHandler
                0x0800d1a4                EXTI3_IRQHandler
                0x0800d1a4                TIM8_TRG_COM_TIM14_IRQHandler
                0x0800d1a4                TIM1_UP_TIM10_IRQHandler
                0x0800d1a4                TIM8_UP_TIM13_IRQHandler
                0x0800d1a4                EXTI0_IRQHandler
                0x0800d1a4                DMA1_Stream2_IRQHandler
                0x0800d1a4                CAN1_RX0_IRQHandler
                0x0800d1a4                FPU_IRQHandler
                0x0800d1a4                UsageFault_Handler
                0x0800d1a4                CAN2_SCE_IRQHandler
                0x0800d1a4                DMA2_Stream2_IRQHandler
                0x0800d1a4                SPI1_IRQHandler
                0x0800d1a4                TIM1_BRK_TIM9_IRQHandler
                0x0800d1a4                CAN2_RX0_IRQHandler
                0x0800d1a4                DMA2_Stream3_IRQHandler
                0x0800d1a4                USART6_IRQHandler
                0x0800d1a4                CAN1_RX1_IRQHandler
                0x0800d1a4                UART5_IRQHandler
                0x0800d1a4                DMA2_Stream0_IRQHandler
                0x0800d1a4                DMA1_Stream6_IRQHandler
                0x0800d1a4                DMA1_Stream1_IRQHandler
                0x0800d1a4                UART4_IRQHandler
                0x0800d1a4                RCC_IRQHandler
                0x0800d1a4                TIM8_BRK_TIM12_IRQHandler
                0x0800d1a4                Default_Handler
                0x0800d1a4                EXTI15_10_IRQHandler
                0x0800d1a4                ADC_IRQHandler
                0x0800d1a4                DMA1_Stream7_IRQHandler
                0x0800d1a4                SPI5_IRQHandler
                0x0800d1a4                CAN2_TX_IRQHandler
                0x0800d1a4                DMA2_Stream7_IRQHandler
                0x0800d1a4                EXTI9_5_IRQHandler
                0x0800d1a4                RTC_WKUP_IRQHandler
                0x0800d1a4                SPI2_IRQHandler
                0x0800d1a4                DMA1_Stream0_IRQHandler
                0x0800d1a4                CAN1_TX_IRQHandler
                0x0800d1a4                EXTI4_IRQHandler
                0x0800d1a4                WWDG_IRQHandler
                0x0800d1a4                SPI6_IRQHandler
                0x0800d1a4                OTG_FS_WKUP_IRQHandler
                0x0800d1a4                TIM1_TRG_COM_TIM11_IRQHandler
                0x0800d1a4                DMA2D_IRQHandler
                0x0800d1a4                EXTI1_IRQHandler
                0x0800d1a4                DMA2_Stream1_IRQHandler
                0x0800d1a4                CAN1_SCE_IRQHandler
                0x0800d1a4                FLASH_IRQHandler
                0x0800d1a4                DMA2_Stream4_IRQHandler
                0x0800d1a4                BusFault_Handler
                0x0800d1a4                OTG_FS_IRQHandler
                0x0800d1a4                SPI3_IRQHandler
                0x0800d1a4                DMA1_Stream4_IRQHandler
                0x0800d1a4                FMC_IRQHandler
                0x0800d1a4                DMA2_Stream6_IRQHandler
                0x0800d1a4                SAI1_IRQHandler
                0x0800d1a4                DMA1_Stream3_IRQHandler
 *fill*         0x0800d1aa        0x2 
 .text.Schedular
                0x0800d1ac       0x64 C:/Users/s_a_a/Desktop/NUCLEO-F446RE/APP/Build/Object/Src/main.o
                0x0800d1ac                Schedular
 .text.main     0x0800d210       0x1e C:/Users/s_a_a/Desktop/NUCLEO-F446RE/APP/Build/Object/Src/main.o
                0x0800d210                main
 *fill*         0x0800d22e        0x2 
 .text.SystemInit
                0x0800d230       0x5c C:/Users/s_a_a/Desktop/NUCLEO-F446RE/APP/Build/Object/Src/main.o
                0x0800d230                SystemInit
 .text.OS_5ms_Task
                0x0800d28c        0xe C:/Users/s_a_a/Desktop/NUCLEO-F446RE/APP/Build/Object/Src/SwM.o
                0x0800d28c                OS_5ms_Task
 .text.OS_10ms_Task
                0x0800d29a        0xc C:/Users/s_a_a/Desktop/NUCLEO-F446RE/APP/Build/Object/Src/SwM.o
                0x0800d29a                OS_10ms_Task
 .text.OS_20ms_Task
                0x0800d2a6        0xe C:/Users/s_a_a/Desktop/NUCLEO-F446RE/APP/Build/Object/Src/SwM.o
                0x0800d2a6                OS_20ms_Task
 .text.OS_50ms_Task
                0x0800d2b4        0xe C:/Users/s_a_a/Desktop/NUCLEO-F446RE/APP/Build/Object/Src/SwM.o
                0x0800d2b4                OS_50ms_Task
 .text.OS_100ms_Task
                0x0800d2c2        0xc C:/Users/s_a_a/Desktop/NUCLEO-F446RE/APP/Build/Object/Src/SwM.o
                0x0800d2c2                OS_100ms_Task
 *fill*         0x0800d2ce        0x2 
 .text.OS_1000ms_Task
                0x0800d2d0       0x6c C:/Users/s_a_a/Desktop/NUCLEO-F446RE/APP/Build/Object/Src/SwM.o
                0x0800d2d0                OS_1000ms_Task
 .text.RUN_TIME
                0x0800d33c       0xec C:/Users/s_a_a/Desktop/NUCLEO-F446RE/APP/Build/Object/Src/SwM.o
                0x0800d33c                RUN_TIME
 .text.duty_cycle_task
                0x0800d428       0x34 C:/Users/s_a_a/Desktop/NUCLEO-F446RE/APP/Build/Object/Src/SwM.o
                0x0800d428                duty_cycle_task
 .text.LDR_TASK
                0x0800d45c       0xa8 C:/Users/s_a_a/Desktop/NUCLEO-F446RE/APP/Build/Object/Src/SwM.o
                0x0800d45c                LDR_TASK
 .text.INTERNAL_TEMP_TASK
                0x0800d504       0x98 C:/Users/s_a_a/Desktop/NUCLEO-F446RE/APP/Build/Object/Src/SwM.o
                0x0800d504                INTERNAL_TEMP_TASK
 .text.APP_init
                0x0800d59c       0x68 C:/Users/s_a_a/Desktop/NUCLEO-F446RE/APP/Build/Object/Src/SwM.o
                0x0800d59c                APP_init
 .text.GPIO_PIN_CONFIG
                0x0800d604      0x106 C:/Users/s_a_a/Desktop/NUCLEO-F446RE/APP/Build/Object/Src/SwM.o
                0x0800d604                GPIO_PIN_CONFIG
 .text.ENABLE_NVIC_INTERRUPTS
                0x0800d70a       0x14 C:/Users/s_a_a/Desktop/NUCLEO-F446RE/APP/Build/Object/Src/SwM.o
                0x0800d70a                ENABLE_NVIC_INTERRUPTS
 *fill*         0x0800d71e        0x2 
 .text.CallBackFunctions
                0x0800d720       0x1c C:/Users/s_a_a/Desktop/NUCLEO-F446RE/APP/Build/Object/Src/SwM.o
                0x0800d720                CallBackFunctions
 .text.SYS_Reset
                0x0800d73c       0x40 C:/Users/s_a_a/Desktop/NUCLEO-F446RE/APP/Build/Object/Src/SwM.o
                0x0800d73c                SYS_Reset
 .text.LED_ON   0x0800d77c       0x18 C:/Users/s_a_a/Desktop/NUCLEO-F446RE/APP/Build/Object/Src/SwM.o
                0x0800d77c                LED_ON
 .text.LED_OFF  0x0800d794       0x18 C:/Users/s_a_a/Desktop/NUCLEO-F446RE/APP/Build/Object/Src/SwM.o
                0x0800d794                LED_OFF
 .text.BTLD_Jump
                0x0800d7ac       0x2a C:/Users/s_a_a/Desktop/NUCLEO-F446RE/APP/Build/Object/Src/SwM.o
                0x0800d7ac                BTLD_Jump
 .text.BTLD_Update
                0x0800d7d6       0x1e C:/Users/s_a_a/Desktop/NUCLEO-F446RE/APP/Build/Object/Src/SwM.o
                0x0800d7d6                BTLD_Update
 .text.LED      0x0800d7f4       0x1c C:/Users/s_a_a/Desktop/NUCLEO-F446RE/APP/Build/Object/Src/SwM.o
                0x0800d7f4                LED
 .text.OS_IDLE_TASK
                0x0800d810        0xe C:/Users/s_a_a/Desktop/NUCLEO-F446RE/APP/Build/Object/Src/SwM.o
                0x0800d810                OS_IDLE_TASK
 *fill*         0x0800d81e        0x2 
 .text.LifeCounter
                0x0800d820       0x60 C:/Users/s_a_a/Desktop/NUCLEO-F446RE/APP/Build/Object/Src/SwM.o
                0x0800d820                LifeCounter
 .text.SW_VERSION
                0x0800d880       0x34 C:/Users/s_a_a/Desktop/NUCLEO-F446RE/APP/Build/Object/Src/SwM.o
                0x0800d880                SW_VERSION
 .text.UART2_ISR
                0x0800d8b4       0x74 C:/Users/s_a_a/Desktop/NUCLEO-F446RE/APP/Build/Object/Src/SwM.o
                0x0800d8b4                UART2_ISR
 .text.UART1_ISR
                0x0800d928       0x98 C:/Users/s_a_a/Desktop/NUCLEO-F446RE/APP/Build/Object/Src/SwM.o
                0x0800d928                UART1_ISR
                0x0800d9c0                . = ALIGN (0x4)
                0x0800d9c0                _etext = .

.glue_7         0x0800d9c0        0x0
 .glue_7        0x0800d9c0        0x0 linker stubs

.glue_7t        0x0800d9c0        0x0
 .glue_7t       0x0800d9c0        0x0 linker stubs

.vfp11_veneer   0x0800d9c0        0x0
 .vfp11_veneer  0x0800d9c0        0x0 linker stubs

.v4_bx          0x0800d9c0        0x0
 .v4_bx         0x0800d9c0        0x0 linker stubs

.iplt           0x0800d9c0        0x0
 .iplt          0x0800d9c0        0x0 C:/Users/s_a_a/Desktop/NUCLEO-F446RE/APP/Build/Object/MCAL/RCC/src/RCC_program.o

.rodata         0x0800d9c0      0x1a8
                0x0800d9c0                . = ALIGN (0x4)
 *(.rodata)
 .rodata        0x0800d9c0        0x6 C:/Users/s_a_a/Desktop/NUCLEO-F446RE/APP/Build/Object/MCAL/UART/src/UART.o
 *fill*         0x0800d9c6        0x2 
 .rodata        0x0800d9c8       0xa7 C:/Users/s_a_a/Desktop/NUCLEO-F446RE/APP/Build/Object/HAL/ESP/ESP.o
 *fill*         0x0800da6f        0x1 
 .rodata        0x0800da70       0x1e C:/Users/s_a_a/Desktop/NUCLEO-F446RE/APP/Build/Object/RTOS/RTOS.o
 *fill*         0x0800da8e        0x2 
 .rodata        0x0800da90       0xad C:/Users/s_a_a/Desktop/NUCLEO-F446RE/APP/Build/Object/Src/SwM.o
 *(.rodata*)
 *fill*         0x0800db3d        0x3 
 .rodata.IWDG_PrescalerDiv
                0x0800db40        0xe C:/Users/s_a_a/Desktop/NUCLEO-F446RE/APP/Build/Object/MCAL/IWDG/src/IWDG.o
 *fill*         0x0800db4e        0x2 
 .rodata.I2C_BaseAddr
                0x0800db50        0xc C:/Users/s_a_a/Desktop/NUCLEO-F446RE/APP/Build/Object/MCAL/I2C/src/I2C.o
 .rodata.MSP_Value
                0x0800db5c        0x4 C:/Users/s_a_a/Desktop/NUCLEO-F446RE/APP/Build/Object/Startup/startup_stm32f103.o
                0x0800db5c                MSP_Value
 .rodata.FIRMWARE_VERSION
                0x0800db60        0x6 C:/Users/s_a_a/Desktop/NUCLEO-F446RE/APP/Build/Object/Src/SwM.o
                0x0800db60                FIRMWARE_VERSION
                0x0800db68                . = ALIGN (0x4)
 *fill*         0x0800db66        0x2 
                0x0800db68                _sidata = LOADADDR (.data)

.rel.dyn        0x0800db68        0x0
 .rel.iplt      0x0800db68        0x0 C:/Users/s_a_a/Desktop/NUCLEO-F446RE/APP/Build/Object/MCAL/RCC/src/RCC_program.o

.data           0x20000000       0x54 load address 0x0800db68
                0x20000000                . = ALIGN (0x4)
                0x20000000                _sdata = .
 *(.data)
 .data          0x20000000        0x0 C:/Users/s_a_a/Desktop/NUCLEO-F446RE/APP/Build/Object/MCAL/RCC/src/RCC_program.o
 .data          0x20000000        0x0 C:/Users/s_a_a/Desktop/NUCLEO-F446RE/APP/Build/Object/MCAL/NVIC/src/NVIC_program.o
 .data          0x20000000        0x0 C:/Users/s_a_a/Desktop/NUCLEO-F446RE/APP/Build/Object/MCAL/SysTick/src/SysTick_program.o
 .data          0x20000000        0x0 C:/Users/s_a_a/Desktop/NUCLEO-F446RE/APP/Build/Object/MCAL/GPIO/src/GPIO_program.o
 .data          0x20000000        0x0 C:/Users/s_a_a/Desktop/NUCLEO-F446RE/APP/Build/Object/MCAL/ADC/src/ADC.o
 .data          0x20000000        0x0 C:/Users/s_a_a/Desktop/NUCLEO-F446RE/APP/Build/Object/MCAL/UART/src/UART.o
 .data          0x20000000        0x0 C:/Users/s_a_a/Desktop/NUCLEO-F446RE/APP/Build/Object/MCAL/PwrMD/src/LOW_POWER.o
 .data          0x20000000        0x0 C:/Users/s_a_a/Desktop/NUCLEO-F446RE/APP/Build/Object/MCAL/DMA/src/DMA.o
 .data          0x20000000        0x0 C:/Users/s_a_a/Desktop/NUCLEO-F446RE/APP/Build/Object/MCAL/IWDG/src/IWDG.o
 .data          0x20000000        0x0 C:/Users/s_a_a/Desktop/NUCLEO-F446RE/APP/Build/Object/MCAL/WWDG/src/WWDG.o
 .data          0x20000000        0x0 C:/Users/s_a_a/Desktop/NUCLEO-F446RE/APP/Build/Object/MCAL/RTC/src/RTC.o
 .data          0x20000000        0x0 C:/Users/s_a_a/Desktop/NUCLEO-F446RE/APP/Build/Object/MCAL/FPU/src/FPU.o
 .data          0x20000000        0x0 C:/Users/s_a_a/Desktop/NUCLEO-F446RE/APP/Build/Object/MCAL/CRC/src/CRC.o
 .data          0x20000000        0x0 C:/Users/s_a_a/Desktop/NUCLEO-F446RE/APP/Build/Object/MCAL/BASIC_TIMER/src/Basic_Timer.o
 .data          0x20000000        0x0 C:/Users/s_a_a/Desktop/NUCLEO-F446RE/APP/Build/Object/MCAL/I2C/src/I2C.o
 .data          0x20000000        0x0 C:/Users/s_a_a/Desktop/NUCLEO-F446RE/APP/Build/Object/MCAL/FLASH/src/FLASH.o
 .data          0x20000000        0x0 C:/Users/s_a_a/Desktop/NUCLEO-F446RE/APP/Build/Object/MCAL/GP_TIMER/src/GP_Timer.o
 .data          0x20000000        0x0 C:/Users/s_a_a/Desktop/NUCLEO-F446RE/APP/Build/Object/MCAL/PendSV/src/PendSV.o
 .data          0x20000000        0x0 C:/Users/s_a_a/Desktop/NUCLEO-F446RE/APP/Build/Object/HAL/ESP/ESP.o
 .data          0x20000000        0x0 C:/Users/s_a_a/Desktop/NUCLEO-F446RE/APP/Build/Object/HAL/OLED/OLED.o
 .data          0x20000000        0x0 C:/Users/s_a_a/Desktop/NUCLEO-F446RE/APP/Build/Object/P1/FLAPPY_Bird/FLAPPY_Bird.o
 .data          0x20000000        0x0 C:/Users/s_a_a/Desktop/NUCLEO-F446RE/APP/Build/Object/RTOS/RTOS.o
 .data          0x20000000        0x0 C:/Users/s_a_a/Desktop/NUCLEO-F446RE/APP/Build/Object/Startup/startup_stm32f103.o
 .data          0x20000000        0x0 C:/Users/s_a_a/Desktop/NUCLEO-F446RE/APP/Build/Object/Src/main.o
 .data          0x20000000        0x0 C:/Users/s_a_a/Desktop/NUCLEO-F446RE/APP/Build/Object/Src/SwM.o
 *(.data*)
 .data.nvic_stat
                0x20000000        0x1 C:/Users/s_a_a/Desktop/NUCLEO-F446RE/APP/Build/Object/MCAL/BASIC_TIMER/src/Basic_Timer.o
                0x20000000                nvic_stat
 *fill*         0x20000001        0x3 
 .data.ESP_Commands
                0x20000004       0x20 C:/Users/s_a_a/Desktop/NUCLEO-F446RE/APP/Build/Object/HAL/ESP/ESP.o
                0x20000004                ESP_Commands
 .data.OLED_Buffer
                0x20000024        0x4 C:/Users/s_a_a/Desktop/NUCLEO-F446RE/APP/Build/Object/HAL/OLED/OLED.o
                0x20000024                OLED_Buffer
 .data.OLED_DisplayBuffer
                0x20000028        0x4 C:/Users/s_a_a/Desktop/NUCLEO-F446RE/APP/Build/Object/HAL/OLED/OLED.o
                0x20000028                OLED_DisplayBuffer
 .data.Uart1_configuration
                0x2000002c        0xc C:/Users/s_a_a/Desktop/NUCLEO-F446RE/APP/Build/Object/Src/SwM.o
                0x2000002c                Uart1_configuration
 .data.Uart2_configuration
                0x20000038        0xc C:/Users/s_a_a/Desktop/NUCLEO-F446RE/APP/Build/Object/Src/SwM.o
                0x20000038                Uart2_configuration
 .data.RTC_config
                0x20000044       0x10 C:/Users/s_a_a/Desktop/NUCLEO-F446RE/APP/Build/Object/Src/SwM.o
                0x20000044                RTC_config
                0x20000054                . = ALIGN (0x4)
                0x20000054                _edata = .

.igot.plt       0x20000054        0x0 load address 0x0800dbbc
 .igot.plt      0x20000054        0x0 C:/Users/s_a_a/Desktop/NUCLEO-F446RE/APP/Build/Object/MCAL/RCC/src/RCC_program.o

.bss            0x20000054     0x17a0 load address 0x0800dbbc
                0x20000054                _sbss = .
 *(.bss)
 .bss           0x20000054        0x0 C:/Users/s_a_a/Desktop/NUCLEO-F446RE/APP/Build/Object/MCAL/RCC/src/RCC_program.o
 .bss           0x20000054        0x0 C:/Users/s_a_a/Desktop/NUCLEO-F446RE/APP/Build/Object/MCAL/NVIC/src/NVIC_program.o
 .bss           0x20000054        0x0 C:/Users/s_a_a/Desktop/NUCLEO-F446RE/APP/Build/Object/MCAL/SysTick/src/SysTick_program.o
 .bss           0x20000054        0x0 C:/Users/s_a_a/Desktop/NUCLEO-F446RE/APP/Build/Object/MCAL/GPIO/src/GPIO_program.o
 .bss           0x20000054        0x0 C:/Users/s_a_a/Desktop/NUCLEO-F446RE/APP/Build/Object/MCAL/ADC/src/ADC.o
 .bss           0x20000054        0x0 C:/Users/s_a_a/Desktop/NUCLEO-F446RE/APP/Build/Object/MCAL/UART/src/UART.o
 .bss           0x20000054        0x0 C:/Users/s_a_a/Desktop/NUCLEO-F446RE/APP/Build/Object/MCAL/PwrMD/src/LOW_POWER.o
 .bss           0x20000054        0x0 C:/Users/s_a_a/Desktop/NUCLEO-F446RE/APP/Build/Object/MCAL/DMA/src/DMA.o
 .bss           0x20000054        0x0 C:/Users/s_a_a/Desktop/NUCLEO-F446RE/APP/Build/Object/MCAL/IWDG/src/IWDG.o
 .bss           0x20000054        0x0 C:/Users/s_a_a/Desktop/NUCLEO-F446RE/APP/Build/Object/MCAL/WWDG/src/WWDG.o
 .bss           0x20000054        0x0 C:/Users/s_a_a/Desktop/NUCLEO-F446RE/APP/Build/Object/MCAL/RTC/src/RTC.o
 .bss           0x20000054        0x0 C:/Users/s_a_a/Desktop/NUCLEO-F446RE/APP/Build/Object/MCAL/FPU/src/FPU.o
 .bss           0x20000054        0x0 C:/Users/s_a_a/Desktop/NUCLEO-F446RE/APP/Build/Object/MCAL/CRC/src/CRC.o
 .bss           0x20000054        0x0 C:/Users/s_a_a/Desktop/NUCLEO-F446RE/APP/Build/Object/MCAL/BASIC_TIMER/src/Basic_Timer.o
 .bss           0x20000054        0x0 C:/Users/s_a_a/Desktop/NUCLEO-F446RE/APP/Build/Object/MCAL/I2C/src/I2C.o
 .bss           0x20000054        0x0 C:/Users/s_a_a/Desktop/NUCLEO-F446RE/APP/Build/Object/MCAL/FLASH/src/FLASH.o
 .bss           0x20000054        0x0 C:/Users/s_a_a/Desktop/NUCLEO-F446RE/APP/Build/Object/MCAL/GP_TIMER/src/GP_Timer.o
 .bss           0x20000054        0x0 C:/Users/s_a_a/Desktop/NUCLEO-F446RE/APP/Build/Object/MCAL/PendSV/src/PendSV.o
 .bss           0x20000054        0x0 C:/Users/s_a_a/Desktop/NUCLEO-F446RE/APP/Build/Object/HAL/ESP/ESP.o
 .bss           0x20000054        0x0 C:/Users/s_a_a/Desktop/NUCLEO-F446RE/APP/Build/Object/HAL/OLED/OLED.o
 .bss           0x20000054        0x0 C:/Users/s_a_a/Desktop/NUCLEO-F446RE/APP/Build/Object/P1/FLAPPY_Bird/FLAPPY_Bird.o
 .bss           0x20000054        0x0 C:/Users/s_a_a/Desktop/NUCLEO-F446RE/APP/Build/Object/RTOS/RTOS.o
 .bss           0x20000054        0x0 C:/Users/s_a_a/Desktop/NUCLEO-F446RE/APP/Build/Object/Startup/startup_stm32f103.o
 .bss           0x20000054        0x0 C:/Users/s_a_a/Desktop/NUCLEO-F446RE/APP/Build/Object/Src/main.o
 .bss           0x20000054        0x0 C:/Users/s_a_a/Desktop/NUCLEO-F446RE/APP/Build/Object/Src/SwM.o
 *(.bss*)
 .bss.Local_PvFunction
                0x20000054        0x4 C:/Users/s_a_a/Desktop/NUCLEO-F446RE/APP/Build/Object/MCAL/SysTick/src/SysTick_program.o
 .bss.rx_test   0x20000058        0x1 C:/Users/s_a_a/Desktop/NUCLEO-F446RE/APP/Build/Object/MCAL/UART/src/UART.o
                0x20000058                rx_test
 *fill*         0x20000059        0x3 
 .bss.uart1_funcPtr
                0x2000005c        0x4 C:/Users/s_a_a/Desktop/NUCLEO-F446RE/APP/Build/Object/MCAL/UART/src/UART.o
                0x2000005c                uart1_funcPtr
 .bss.uart2_funcPtr
                0x20000060        0x4 C:/Users/s_a_a/Desktop/NUCLEO-F446RE/APP/Build/Object/MCAL/UART/src/UART.o
                0x20000060                uart2_funcPtr
 .bss.uart3_funcPtr
                0x20000064        0x4 C:/Users/s_a_a/Desktop/NUCLEO-F446RE/APP/Build/Object/MCAL/UART/src/UART.o
                0x20000064                uart3_funcPtr
 .bss.g_dma_cbs
                0x20000068       0x80 C:/Users/s_a_a/Desktop/NUCLEO-F446RE/APP/Build/Object/MCAL/DMA/src/DMA.o
 .bss.tim6_callback
                0x200000e8        0x4 C:/Users/s_a_a/Desktop/NUCLEO-F446RE/APP/Build/Object/MCAL/BASIC_TIMER/src/Basic_Timer.o
 .bss.tim7_callback
                0x200000ec        0x4 C:/Users/s_a_a/Desktop/NUCLEO-F446RE/APP/Build/Object/MCAL/BASIC_TIMER/src/Basic_Timer.o
 .bss.total_ticks
                0x200000f0        0x4 C:/Users/s_a_a/Desktop/NUCLEO-F446RE/APP/Build/Object/MCAL/BASIC_TIMER/src/Basic_Timer.o
                0x200000f0                total_ticks
 .bss.I2C_Handle
                0x200000f4       0x54 C:/Users/s_a_a/Desktop/NUCLEO-F446RE/APP/Build/Object/MCAL/I2C/src/I2C.o
 .bss.tim2_callback
                0x20000148        0x4 C:/Users/s_a_a/Desktop/NUCLEO-F446RE/APP/Build/Object/MCAL/GP_TIMER/src/GP_Timer.o
 .bss.tim3_callback
                0x2000014c        0x4 C:/Users/s_a_a/Desktop/NUCLEO-F446RE/APP/Build/Object/MCAL/GP_TIMER/src/GP_Timer.o
 .bss.tim4_callback
                0x20000150        0x4 C:/Users/s_a_a/Desktop/NUCLEO-F446RE/APP/Build/Object/MCAL/GP_TIMER/src/GP_Timer.o
 .bss.tim5_callback
                0x20000154        0x4 C:/Users/s_a_a/Desktop/NUCLEO-F446RE/APP/Build/Object/MCAL/GP_TIMER/src/GP_Timer.o
 .bss.Copy_pvCallBackFunc
                0x20000158        0x4 C:/Users/s_a_a/Desktop/NUCLEO-F446RE/APP/Build/Object/MCAL/PendSV/src/PendSV.o
                0x20000158                Copy_pvCallBackFunc
 .bss.ESP_APPLICATION_FLAG
                0x2000015c        0x1 C:/Users/s_a_a/Desktop/NUCLEO-F446RE/APP/Build/Object/HAL/ESP/ESP.o
                0x2000015c                ESP_APPLICATION_FLAG
 .bss.ESP_Commands_Counter.0
                0x2000015d        0x1 C:/Users/s_a_a/Desktop/NUCLEO-F446RE/APP/Build/Object/HAL/ESP/ESP.o
 *fill*         0x2000015e        0x2 
 .bss.BufferA   0x20000160      0x400 C:/Users/s_a_a/Desktop/NUCLEO-F446RE/APP/Build/Object/HAL/OLED/OLED.o
                0x20000160                BufferA
 .bss.BufferB   0x20000560      0x400 C:/Users/s_a_a/Desktop/NUCLEO-F446RE/APP/Build/Object/HAL/OLED/OLED.o
                0x20000560                BufferB
 .bss.SysTask   0x20000960      0xc60 C:/Users/s_a_a/Desktop/NUCLEO-F446RE/APP/Build/Object/RTOS/RTOS.o
 .bss.IdleTCB   0x200015c0      0x204 C:/Users/s_a_a/Desktop/NUCLEO-F446RE/APP/Build/Object/RTOS/RTOS.o
 .bss.CurrentTask
                0x200017c4        0x4 C:/Users/s_a_a/Desktop/NUCLEO-F446RE/APP/Build/Object/RTOS/RTOS.o
                0x200017c4                CurrentTask
 .bss.NextTask  0x200017c8        0x4 C:/Users/s_a_a/Desktop/NUCLEO-F446RE/APP/Build/Object/RTOS/RTOS.o
                0x200017c8                NextTask
 .bss.RCC_Configuration
                0x200017cc        0xc C:/Users/s_a_a/Desktop/NUCLEO-F446RE/APP/Build/Object/Src/main.o
                0x200017cc                RCC_Configuration
 .bss.Time      0x200017d8        0x4 C:/Users/s_a_a/Desktop/NUCLEO-F446RE/APP/Build/Object/Src/SwM.o
                0x200017d8                Time
 .bss.adc_value
                0x200017dc        0x2 C:/Users/s_a_a/Desktop/NUCLEO-F446RE/APP/Build/Object/Src/SwM.o
                0x200017dc                adc_value
 *fill*         0x200017de        0x2 
 .bss.voltage   0x200017e0        0x4 C:/Users/s_a_a/Desktop/NUCLEO-F446RE/APP/Build/Object/Src/SwM.o
                0x200017e0                voltage
 .bss.LED_Global
                0x200017e4        0x1 C:/Users/s_a_a/Desktop/NUCLEO-F446RE/APP/Build/Object/Src/SwM.o
                0x200017e4                LED_Global
 *fill*         0x200017e5        0x3 
 .bss.Get_Time  0x200017e8        0x4 C:/Users/s_a_a/Desktop/NUCLEO-F446RE/APP/Build/Object/Src/SwM.o
                0x200017e8                Get_Time
 .bss.tick.2    0x200017ec        0x1 C:/Users/s_a_a/Desktop/NUCLEO-F446RE/APP/Build/Object/Src/SwM.o
 .bss.i.1       0x200017ed        0x1 C:/Users/s_a_a/Desktop/NUCLEO-F446RE/APP/Build/Object/Src/SwM.o
 *fill*         0x200017ee        0x2 
 .bss.counter.0
                0x200017f0        0x4 C:/Users/s_a_a/Desktop/NUCLEO-F446RE/APP/Build/Object/Src/SwM.o
                0x200017f4                . = ALIGN (0x4)
                0x200017f4                _ebss = .

._user_heap_stack
                0x200017f4     0x1204 load address 0x0800dbbc
                0x200017f8                . = ALIGN (0x8)
 *fill*         0x200017f4        0x4 
                0x200019f8                . = (. + _Min_Heap_Size)
 *fill*         0x200017f8      0x200 
                0x200029f8                . = (. + _Min_Stack_Size)
 *fill*         0x200019f8     0x1000 
                0x200029f8                . = ALIGN (0x8)
LOAD C:/Users/s_a_a/Desktop/NUCLEO-F446RE/APP/Build/Object/MCAL/RCC/src/RCC_program.o
LOAD C:/Users/s_a_a/Desktop/NUCLEO-F446RE/APP/Build/Object/MCAL/NVIC/src/NVIC_program.o
LOAD C:/Users/s_a_a/Desktop/NUCLEO-F446RE/APP/Build/Object/MCAL/SysTick/src/SysTick_program.o
LOAD C:/Users/s_a_a/Desktop/NUCLEO-F446RE/APP/Build/Object/MCAL/GPIO/src/GPIO_program.o
LOAD C:/Users/s_a_a/Desktop/NUCLEO-F446RE/APP/Build/Object/MCAL/ADC/src/ADC.o
LOAD C:/Users/s_a_a/Desktop/NUCLEO-F446RE/APP/Build/Object/MCAL/UART/src/UART.o
LOAD C:/Users/s_a_a/Desktop/NUCLEO-F446RE/APP/Build/Object/MCAL/PwrMD/src/LOW_POWER.o
LOAD C:/Users/s_a_a/Desktop/NUCLEO-F446RE/APP/Build/Object/MCAL/DMA/src/DMA.o
LOAD C:/Users/s_a_a/Desktop/NUCLEO-F446RE/APP/Build/Object/MCAL/IWDG/src/IWDG.o
LOAD C:/Users/s_a_a/Desktop/NUCLEO-F446RE/APP/Build/Object/MCAL/WWDG/src/WWDG.o
LOAD C:/Users/s_a_a/Desktop/NUCLEO-F446RE/APP/Build/Object/MCAL/RTC/src/RTC.o
LOAD C:/Users/s_a_a/Desktop/NUCLEO-F446RE/APP/Build/Object/MCAL/FPU/src/FPU.o
LOAD C:/Users/s_a_a/Desktop/NUCLEO-F446RE/APP/Build/Object/MCAL/CRC/src/CRC.o
LOAD C:/Users/s_a_a/Desktop/NUCLEO-F446RE/APP/Build/Object/MCAL/BASIC_TIMER/src/Basic_Timer.o
LOAD C:/Users/s_a_a/Desktop/NUCLEO-F446RE/APP/Build/Object/MCAL/I2C/src/I2C.o
LOAD C:/Users/s_a_a/Desktop/NUCLEO-F446RE/APP/Build/Object/MCAL/FLASH/src/FLASH.o
LOAD C:/Users/s_a_a/Desktop/NUCLEO-F446RE/APP/Build/Object/MCAL/GP_TIMER/src/GP_Timer.o
LOAD C:/Users/s_a_a/Desktop/NUCLEO-F446RE/APP/Build/Object/MCAL/PendSV/src/PendSV.o
LOAD C:/Users/s_a_a/Desktop/NUCLEO-F446RE/APP/Build/Object/HAL/ESP/ESP.o
LOAD C:/Users/s_a_a/Desktop/NUCLEO-F446RE/APP/Build/Object/HAL/OLED/OLED.o
LOAD C:/Users/s_a_a/Desktop/NUCLEO-F446RE/APP/Build/Object/P1/FLAPPY_Bird/FLAPPY_Bird.o
LOAD C:/Users/s_a_a/Desktop/NUCLEO-F446RE/APP/Build/Object/RTOS/RTOS.o
LOAD C:/Users/s_a_a/Desktop/NUCLEO-F446RE/APP/Build/Object/Startup/startup_stm32f103.o
LOAD C:/Users/s_a_a/Desktop/NUCLEO-F446RE/APP/Build/Object/Src/main.o
LOAD C:/Users/s_a_a/Desktop/NUCLEO-F446RE/APP/Build/Object/Src/SwM.o
OUTPUT(C:/Users/s_a_a/Desktop/NUCLEO-F446RE/APP/Tools/application.elf elf32-littlearm)
LOAD linker stubs

.debug_info     0x00000000     0x6608
 .debug_info    0x00000000      0x3e2 C:/Users/s_a_a/Desktop/NUCLEO-F446RE/APP/Build/Object/MCAL/RCC/src/RCC_program.o
 .debug_info    0x000003e2      0x303 C:/Users/s_a_a/Desktop/NUCLEO-F446RE/APP/Build/Object/MCAL/NVIC/src/NVIC_program.o
 .debug_info    0x000006e5      0x26b C:/Users/s_a_a/Desktop/NUCLEO-F446RE/APP/Build/Object/MCAL/SysTick/src/SysTick_program.o
 .debug_info    0x00000950      0x531 C:/Users/s_a_a/Desktop/NUCLEO-F446RE/APP/Build/Object/MCAL/GPIO/src/GPIO_program.o
 .debug_info    0x00000e81      0x233 C:/Users/s_a_a/Desktop/NUCLEO-F446RE/APP/Build/Object/MCAL/ADC/src/ADC.o
 .debug_info    0x000010b4      0x63a C:/Users/s_a_a/Desktop/NUCLEO-F446RE/APP/Build/Object/MCAL/UART/src/UART.o
 .debug_info    0x000016ee      0x2d2 C:/Users/s_a_a/Desktop/NUCLEO-F446RE/APP/Build/Object/MCAL/PwrMD/src/LOW_POWER.o
 .debug_info    0x000019c0      0x6d0 C:/Users/s_a_a/Desktop/NUCLEO-F446RE/APP/Build/Object/MCAL/DMA/src/DMA.o
 .debug_info    0x00002090      0x1bc C:/Users/s_a_a/Desktop/NUCLEO-F446RE/APP/Build/Object/MCAL/IWDG/src/IWDG.o
 .debug_info    0x0000224c      0x20f C:/Users/s_a_a/Desktop/NUCLEO-F446RE/APP/Build/Object/MCAL/WWDG/src/WWDG.o
 .debug_info    0x0000245b      0x8a1 C:/Users/s_a_a/Desktop/NUCLEO-F446RE/APP/Build/Object/MCAL/RTC/src/RTC.o
 .debug_info    0x00002cfc      0x2d3 C:/Users/s_a_a/Desktop/NUCLEO-F446RE/APP/Build/Object/MCAL/FPU/src/FPU.o
 .debug_info    0x00002fcf      0x340 C:/Users/s_a_a/Desktop/NUCLEO-F446RE/APP/Build/Object/MCAL/CRC/src/CRC.o
 .debug_info    0x0000330f      0x3af C:/Users/s_a_a/Desktop/NUCLEO-F446RE/APP/Build/Object/MCAL/BASIC_TIMER/src/Basic_Timer.o
 .debug_info    0x000036be      0xbcd C:/Users/s_a_a/Desktop/NUCLEO-F446RE/APP/Build/Object/MCAL/I2C/src/I2C.o
 .debug_info    0x0000428b      0x684 C:/Users/s_a_a/Desktop/NUCLEO-F446RE/APP/Build/Object/MCAL/FLASH/src/FLASH.o
 .debug_info    0x0000490f      0x451 C:/Users/s_a_a/Desktop/NUCLEO-F446RE/APP/Build/Object/MCAL/GP_TIMER/src/GP_Timer.o
 .debug_info    0x00004d60       0xc0 C:/Users/s_a_a/Desktop/NUCLEO-F446RE/APP/Build/Object/MCAL/PendSV/src/PendSV.o
 .debug_info    0x00004e20      0x1b8 C:/Users/s_a_a/Desktop/NUCLEO-F446RE/APP/Build/Object/HAL/ESP/ESP.o
 .debug_info    0x00004fd8      0x357 C:/Users/s_a_a/Desktop/NUCLEO-F446RE/APP/Build/Object/HAL/OLED/OLED.o
 .debug_info    0x0000532f      0x11b C:/Users/s_a_a/Desktop/NUCLEO-F446RE/APP/Build/Object/P1/FLAPPY_Bird/FLAPPY_Bird.o
 .debug_info    0x0000544a      0x438 C:/Users/s_a_a/Desktop/NUCLEO-F446RE/APP/Build/Object/RTOS/RTOS.o
 .debug_info    0x00005882      0x148 C:/Users/s_a_a/Desktop/NUCLEO-F446RE/APP/Build/Object/Startup/startup_stm32f103.o
 .debug_info    0x000059ca      0x3df C:/Users/s_a_a/Desktop/NUCLEO-F446RE/APP/Build/Object/Src/main.o
 .debug_info    0x00005da9      0x85f C:/Users/s_a_a/Desktop/NUCLEO-F446RE/APP/Build/Object/Src/SwM.o

.debug_abbrev   0x00000000     0x1fce
 .debug_abbrev  0x00000000      0x134 C:/Users/s_a_a/Desktop/NUCLEO-F446RE/APP/Build/Object/MCAL/RCC/src/RCC_program.o
 .debug_abbrev  0x00000134      0x12e C:/Users/s_a_a/Desktop/NUCLEO-F446RE/APP/Build/Object/MCAL/NVIC/src/NVIC_program.o
 .debug_abbrev  0x00000262      0x144 C:/Users/s_a_a/Desktop/NUCLEO-F446RE/APP/Build/Object/MCAL/SysTick/src/SysTick_program.o
 .debug_abbrev  0x000003a6      0x129 C:/Users/s_a_a/Desktop/NUCLEO-F446RE/APP/Build/Object/MCAL/GPIO/src/GPIO_program.o
 .debug_abbrev  0x000004cf       0xef C:/Users/s_a_a/Desktop/NUCLEO-F446RE/APP/Build/Object/MCAL/ADC/src/ADC.o
 .debug_abbrev  0x000005be      0x165 C:/Users/s_a_a/Desktop/NUCLEO-F446RE/APP/Build/Object/MCAL/UART/src/UART.o
 .debug_abbrev  0x00000723      0x120 C:/Users/s_a_a/Desktop/NUCLEO-F446RE/APP/Build/Object/MCAL/PwrMD/src/LOW_POWER.o
 .debug_abbrev  0x00000843      0x1e5 C:/Users/s_a_a/Desktop/NUCLEO-F446RE/APP/Build/Object/MCAL/DMA/src/DMA.o
 .debug_abbrev  0x00000a28       0xeb C:/Users/s_a_a/Desktop/NUCLEO-F446RE/APP/Build/Object/MCAL/IWDG/src/IWDG.o
 .debug_abbrev  0x00000b13      0x120 C:/Users/s_a_a/Desktop/NUCLEO-F446RE/APP/Build/Object/MCAL/WWDG/src/WWDG.o
 .debug_abbrev  0x00000c33      0x249 C:/Users/s_a_a/Desktop/NUCLEO-F446RE/APP/Build/Object/MCAL/RTC/src/RTC.o
 .debug_abbrev  0x00000e7c      0x10a C:/Users/s_a_a/Desktop/NUCLEO-F446RE/APP/Build/Object/MCAL/FPU/src/FPU.o
 .debug_abbrev  0x00000f86      0x136 C:/Users/s_a_a/Desktop/NUCLEO-F446RE/APP/Build/Object/MCAL/CRC/src/CRC.o
 .debug_abbrev  0x000010bc      0x116 C:/Users/s_a_a/Desktop/NUCLEO-F446RE/APP/Build/Object/MCAL/BASIC_TIMER/src/Basic_Timer.o
 .debug_abbrev  0x000011d2      0x23c C:/Users/s_a_a/Desktop/NUCLEO-F446RE/APP/Build/Object/MCAL/I2C/src/I2C.o
 .debug_abbrev  0x0000140e      0x1aa C:/Users/s_a_a/Desktop/NUCLEO-F446RE/APP/Build/Object/MCAL/FLASH/src/FLASH.o
 .debug_abbrev  0x000015b8       0xfc C:/Users/s_a_a/Desktop/NUCLEO-F446RE/APP/Build/Object/MCAL/GP_TIMER/src/GP_Timer.o
 .debug_abbrev  0x000016b4       0x6e C:/Users/s_a_a/Desktop/NUCLEO-F446RE/APP/Build/Object/MCAL/PendSV/src/PendSV.o
 .debug_abbrev  0x00001722      0x120 C:/Users/s_a_a/Desktop/NUCLEO-F446RE/APP/Build/Object/HAL/ESP/ESP.o
 .debug_abbrev  0x00001842      0x12a C:/Users/s_a_a/Desktop/NUCLEO-F446RE/APP/Build/Object/HAL/OLED/OLED.o
 .debug_abbrev  0x0000196c       0x92 C:/Users/s_a_a/Desktop/NUCLEO-F446RE/APP/Build/Object/P1/FLAPPY_Bird/FLAPPY_Bird.o
 .debug_abbrev  0x000019fe      0x21b C:/Users/s_a_a/Desktop/NUCLEO-F446RE/APP/Build/Object/RTOS/RTOS.o
 .debug_abbrev  0x00001c19       0xe3 C:/Users/s_a_a/Desktop/NUCLEO-F446RE/APP/Build/Object/Startup/startup_stm32f103.o
 .debug_abbrev  0x00001cfc      0x108 C:/Users/s_a_a/Desktop/NUCLEO-F446RE/APP/Build/Object/Src/main.o
 .debug_abbrev  0x00001e04      0x1ca C:/Users/s_a_a/Desktop/NUCLEO-F446RE/APP/Build/Object/Src/SwM.o

.debug_aranges  0x00000000      0xa58
 .debug_aranges
                0x00000000       0x78 C:/Users/s_a_a/Desktop/NUCLEO-F446RE/APP/Build/Object/MCAL/RCC/src/RCC_program.o
 .debug_aranges
                0x00000078       0x48 C:/Users/s_a_a/Desktop/NUCLEO-F446RE/APP/Build/Object/MCAL/NVIC/src/NVIC_program.o
 .debug_aranges
                0x000000c0       0x58 C:/Users/s_a_a/Desktop/NUCLEO-F446RE/APP/Build/Object/MCAL/SysTick/src/SysTick_program.o
 .debug_aranges
                0x00000118       0x48 C:/Users/s_a_a/Desktop/NUCLEO-F446RE/APP/Build/Object/MCAL/GPIO/src/GPIO_program.o
 .debug_aranges
                0x00000160       0x48 C:/Users/s_a_a/Desktop/NUCLEO-F446RE/APP/Build/Object/MCAL/ADC/src/ADC.o
 .debug_aranges
                0x000001a8       0x70 C:/Users/s_a_a/Desktop/NUCLEO-F446RE/APP/Build/Object/MCAL/UART/src/UART.o
 .debug_aranges
                0x00000218       0x90 C:/Users/s_a_a/Desktop/NUCLEO-F446RE/APP/Build/Object/MCAL/PwrMD/src/LOW_POWER.o
 .debug_aranges
                0x000002a8       0x68 C:/Users/s_a_a/Desktop/NUCLEO-F446RE/APP/Build/Object/MCAL/DMA/src/DMA.o
 .debug_aranges
                0x00000310       0x30 C:/Users/s_a_a/Desktop/NUCLEO-F446RE/APP/Build/Object/MCAL/IWDG/src/IWDG.o
 .debug_aranges
                0x00000340       0x40 C:/Users/s_a_a/Desktop/NUCLEO-F446RE/APP/Build/Object/MCAL/WWDG/src/WWDG.o
 .debug_aranges
                0x00000380       0xf0 C:/Users/s_a_a/Desktop/NUCLEO-F446RE/APP/Build/Object/MCAL/RTC/src/RTC.o
 .debug_aranges
                0x00000470       0x80 C:/Users/s_a_a/Desktop/NUCLEO-F446RE/APP/Build/Object/MCAL/FPU/src/FPU.o
 .debug_aranges
                0x000004f0       0x48 C:/Users/s_a_a/Desktop/NUCLEO-F446RE/APP/Build/Object/MCAL/CRC/src/CRC.o
 .debug_aranges
                0x00000538       0x50 C:/Users/s_a_a/Desktop/NUCLEO-F446RE/APP/Build/Object/MCAL/BASIC_TIMER/src/Basic_Timer.o
 .debug_aranges
                0x00000588      0x100 C:/Users/s_a_a/Desktop/NUCLEO-F446RE/APP/Build/Object/MCAL/I2C/src/I2C.o
 .debug_aranges
                0x00000688       0xd0 C:/Users/s_a_a/Desktop/NUCLEO-F446RE/APP/Build/Object/MCAL/FLASH/src/FLASH.o
 .debug_aranges
                0x00000758       0x70 C:/Users/s_a_a/Desktop/NUCLEO-F446RE/APP/Build/Object/MCAL/GP_TIMER/src/GP_Timer.o
 .debug_aranges
                0x000007c8       0x28 C:/Users/s_a_a/Desktop/NUCLEO-F446RE/APP/Build/Object/MCAL/PendSV/src/PendSV.o
 .debug_aranges
                0x000007f0       0x30 C:/Users/s_a_a/Desktop/NUCLEO-F446RE/APP/Build/Object/HAL/ESP/ESP.o
 .debug_aranges
                0x00000820       0x50 C:/Users/s_a_a/Desktop/NUCLEO-F446RE/APP/Build/Object/HAL/OLED/OLED.o
 .debug_aranges
                0x00000870       0x20 C:/Users/s_a_a/Desktop/NUCLEO-F446RE/APP/Build/Object/P1/FLAPPY_Bird/FLAPPY_Bird.o
 .debug_aranges
                0x00000890       0x90 C:/Users/s_a_a/Desktop/NUCLEO-F446RE/APP/Build/Object/RTOS/RTOS.o
 .debug_aranges
                0x00000920       0x28 C:/Users/s_a_a/Desktop/NUCLEO-F446RE/APP/Build/Object/Startup/startup_stm32f103.o
 .debug_aranges
                0x00000948       0x30 C:/Users/s_a_a/Desktop/NUCLEO-F446RE/APP/Build/Object/Src/main.o
 .debug_aranges
                0x00000978       0xe0 C:/Users/s_a_a/Desktop/NUCLEO-F446RE/APP/Build/Object/Src/SwM.o

.debug_ranges   0x00000000      0x8c8
 .debug_ranges  0x00000000       0x68 C:/Users/s_a_a/Desktop/NUCLEO-F446RE/APP/Build/Object/MCAL/RCC/src/RCC_program.o
 .debug_ranges  0x00000068       0x38 C:/Users/s_a_a/Desktop/NUCLEO-F446RE/APP/Build/Object/MCAL/NVIC/src/NVIC_program.o
 .debug_ranges  0x000000a0       0x48 C:/Users/s_a_a/Desktop/NUCLEO-F446RE/APP/Build/Object/MCAL/SysTick/src/SysTick_program.o
 .debug_ranges  0x000000e8       0x38 C:/Users/s_a_a/Desktop/NUCLEO-F446RE/APP/Build/Object/MCAL/GPIO/src/GPIO_program.o
 .debug_ranges  0x00000120       0x38 C:/Users/s_a_a/Desktop/NUCLEO-F446RE/APP/Build/Object/MCAL/ADC/src/ADC.o
 .debug_ranges  0x00000158       0x60 C:/Users/s_a_a/Desktop/NUCLEO-F446RE/APP/Build/Object/MCAL/UART/src/UART.o
 .debug_ranges  0x000001b8       0x80 C:/Users/s_a_a/Desktop/NUCLEO-F446RE/APP/Build/Object/MCAL/PwrMD/src/LOW_POWER.o
 .debug_ranges  0x00000238       0x58 C:/Users/s_a_a/Desktop/NUCLEO-F446RE/APP/Build/Object/MCAL/DMA/src/DMA.o
 .debug_ranges  0x00000290       0x20 C:/Users/s_a_a/Desktop/NUCLEO-F446RE/APP/Build/Object/MCAL/IWDG/src/IWDG.o
 .debug_ranges  0x000002b0       0x30 C:/Users/s_a_a/Desktop/NUCLEO-F446RE/APP/Build/Object/MCAL/WWDG/src/WWDG.o
 .debug_ranges  0x000002e0       0xe0 C:/Users/s_a_a/Desktop/NUCLEO-F446RE/APP/Build/Object/MCAL/RTC/src/RTC.o
 .debug_ranges  0x000003c0       0x70 C:/Users/s_a_a/Desktop/NUCLEO-F446RE/APP/Build/Object/MCAL/FPU/src/FPU.o
 .debug_ranges  0x00000430       0x38 C:/Users/s_a_a/Desktop/NUCLEO-F446RE/APP/Build/Object/MCAL/CRC/src/CRC.o
 .debug_ranges  0x00000468       0x40 C:/Users/s_a_a/Desktop/NUCLEO-F446RE/APP/Build/Object/MCAL/BASIC_TIMER/src/Basic_Timer.o
 .debug_ranges  0x000004a8       0xf0 C:/Users/s_a_a/Desktop/NUCLEO-F446RE/APP/Build/Object/MCAL/I2C/src/I2C.o
 .debug_ranges  0x00000598       0xc0 C:/Users/s_a_a/Desktop/NUCLEO-F446RE/APP/Build/Object/MCAL/FLASH/src/FLASH.o
 .debug_ranges  0x00000658       0x60 C:/Users/s_a_a/Desktop/NUCLEO-F446RE/APP/Build/Object/MCAL/GP_TIMER/src/GP_Timer.o
 .debug_ranges  0x000006b8       0x18 C:/Users/s_a_a/Desktop/NUCLEO-F446RE/APP/Build/Object/MCAL/PendSV/src/PendSV.o
 .debug_ranges  0x000006d0       0x20 C:/Users/s_a_a/Desktop/NUCLEO-F446RE/APP/Build/Object/HAL/ESP/ESP.o
 .debug_ranges  0x000006f0       0x40 C:/Users/s_a_a/Desktop/NUCLEO-F446RE/APP/Build/Object/HAL/OLED/OLED.o
 .debug_ranges  0x00000730       0x10 C:/Users/s_a_a/Desktop/NUCLEO-F446RE/APP/Build/Object/P1/FLAPPY_Bird/FLAPPY_Bird.o
 .debug_ranges  0x00000740       0x80 C:/Users/s_a_a/Desktop/NUCLEO-F446RE/APP/Build/Object/RTOS/RTOS.o
 .debug_ranges  0x000007c0       0x18 C:/Users/s_a_a/Desktop/NUCLEO-F446RE/APP/Build/Object/Startup/startup_stm32f103.o
 .debug_ranges  0x000007d8       0x20 C:/Users/s_a_a/Desktop/NUCLEO-F446RE/APP/Build/Object/Src/main.o
 .debug_ranges  0x000007f8       0xd0 C:/Users/s_a_a/Desktop/NUCLEO-F446RE/APP/Build/Object/Src/SwM.o

.debug_macro    0x00000000     0x207b
 .debug_macro   0x00000000       0x32 C:/Users/s_a_a/Desktop/NUCLEO-F446RE/APP/Build/Object/MCAL/RCC/src/RCC_program.o
 .debug_macro   0x00000032      0xa66 C:/Users/s_a_a/Desktop/NUCLEO-F446RE/APP/Build/Object/MCAL/RCC/src/RCC_program.o
 .debug_macro   0x00000a98       0x10 C:/Users/s_a_a/Desktop/NUCLEO-F446RE/APP/Build/Object/MCAL/RCC/src/RCC_program.o
 .debug_macro   0x00000aa8       0x22 C:/Users/s_a_a/Desktop/NUCLEO-F446RE/APP/Build/Object/MCAL/RCC/src/RCC_program.o
 .debug_macro   0x00000aca       0xd0 C:/Users/s_a_a/Desktop/NUCLEO-F446RE/APP/Build/Object/MCAL/RCC/src/RCC_program.o
 .debug_macro   0x00000b9a       0x49 C:/Users/s_a_a/Desktop/NUCLEO-F446RE/APP/Build/Object/MCAL/NVIC/src/NVIC_program.o
 .debug_macro   0x00000be3       0x58 C:/Users/s_a_a/Desktop/NUCLEO-F446RE/APP/Build/Object/MCAL/NVIC/src/NVIC_program.o
 .debug_macro   0x00000c3b       0x10 C:/Users/s_a_a/Desktop/NUCLEO-F446RE/APP/Build/Object/MCAL/NVIC/src/NVIC_program.o
 .debug_macro   0x00000c4b       0x3b C:/Users/s_a_a/Desktop/NUCLEO-F446RE/APP/Build/Object/MCAL/SysTick/src/SysTick_program.o
 .debug_macro   0x00000c86       0x22 C:/Users/s_a_a/Desktop/NUCLEO-F446RE/APP/Build/Object/MCAL/SysTick/src/SysTick_program.o
 .debug_macro   0x00000ca8       0x2e C:/Users/s_a_a/Desktop/NUCLEO-F446RE/APP/Build/Object/MCAL/SysTick/src/SysTick_program.o
 .debug_macro   0x00000cd6       0x3b C:/Users/s_a_a/Desktop/NUCLEO-F446RE/APP/Build/Object/MCAL/GPIO/src/GPIO_program.o
 .debug_macro   0x00000d11       0x6a C:/Users/s_a_a/Desktop/NUCLEO-F446RE/APP/Build/Object/MCAL/GPIO/src/GPIO_program.o
 .debug_macro   0x00000d7b       0x10 C:/Users/s_a_a/Desktop/NUCLEO-F446RE/APP/Build/Object/MCAL/GPIO/src/GPIO_program.o
 .debug_macro   0x00000d8b       0x29 C:/Users/s_a_a/Desktop/NUCLEO-F446RE/APP/Build/Object/MCAL/ADC/src/ADC.o
 .debug_macro   0x00000db4      0x154 C:/Users/s_a_a/Desktop/NUCLEO-F446RE/APP/Build/Object/MCAL/ADC/src/ADC.o
 .debug_macro   0x00000f08       0x32 C:/Users/s_a_a/Desktop/NUCLEO-F446RE/APP/Build/Object/MCAL/UART/src/UART.o
 .debug_macro   0x00000f3a       0x70 C:/Users/s_a_a/Desktop/NUCLEO-F446RE/APP/Build/Object/MCAL/UART/src/UART.o
 .debug_macro   0x00000faa       0x29 C:/Users/s_a_a/Desktop/NUCLEO-F446RE/APP/Build/Object/MCAL/PwrMD/src/LOW_POWER.o
 .debug_macro   0x00000fd3       0x94 C:/Users/s_a_a/Desktop/NUCLEO-F446RE/APP/Build/Object/MCAL/PwrMD/src/LOW_POWER.o
 .debug_macro   0x00001067       0x28 C:/Users/s_a_a/Desktop/NUCLEO-F446RE/APP/Build/Object/MCAL/DMA/src/DMA.o
 .debug_macro   0x0000108f       0x10 C:/Users/s_a_a/Desktop/NUCLEO-F446RE/APP/Build/Object/MCAL/DMA/src/DMA.o
 .debug_macro   0x0000109f       0xd0 C:/Users/s_a_a/Desktop/NUCLEO-F446RE/APP/Build/Object/MCAL/DMA/src/DMA.o
 .debug_macro   0x0000116f       0x29 C:/Users/s_a_a/Desktop/NUCLEO-F446RE/APP/Build/Object/MCAL/IWDG/src/IWDG.o
 .debug_macro   0x00001198       0x40 C:/Users/s_a_a/Desktop/NUCLEO-F446RE/APP/Build/Object/MCAL/IWDG/src/IWDG.o
 .debug_macro   0x000011d8       0x29 C:/Users/s_a_a/Desktop/NUCLEO-F446RE/APP/Build/Object/MCAL/WWDG/src/WWDG.o
 .debug_macro   0x00001201       0x52 C:/Users/s_a_a/Desktop/NUCLEO-F446RE/APP/Build/Object/MCAL/WWDG/src/WWDG.o
 .debug_macro   0x00001253       0x41 C:/Users/s_a_a/Desktop/NUCLEO-F446RE/APP/Build/Object/MCAL/RTC/src/RTC.o
 .debug_macro   0x00001294      0x148 C:/Users/s_a_a/Desktop/NUCLEO-F446RE/APP/Build/Object/MCAL/RTC/src/RTC.o
 .debug_macro   0x000013dc       0x29 C:/Users/s_a_a/Desktop/NUCLEO-F446RE/APP/Build/Object/MCAL/FPU/src/FPU.o
 .debug_macro   0x00001405       0x7c C:/Users/s_a_a/Desktop/NUCLEO-F446RE/APP/Build/Object/MCAL/FPU/src/FPU.o
 .debug_macro   0x00001481       0x41 C:/Users/s_a_a/Desktop/NUCLEO-F446RE/APP/Build/Object/MCAL/CRC/src/CRC.o
 .debug_macro   0x000014c2       0x2e C:/Users/s_a_a/Desktop/NUCLEO-F446RE/APP/Build/Object/MCAL/CRC/src/CRC.o
 .debug_macro   0x000014f0       0x45 C:/Users/s_a_a/Desktop/NUCLEO-F446RE/APP/Build/Object/MCAL/BASIC_TIMER/src/Basic_Timer.o
 .debug_macro   0x00001535       0xd6 C:/Users/s_a_a/Desktop/NUCLEO-F446RE/APP/Build/Object/MCAL/BASIC_TIMER/src/Basic_Timer.o
 .debug_macro   0x0000160b       0x76 C:/Users/s_a_a/Desktop/NUCLEO-F446RE/APP/Build/Object/MCAL/BASIC_TIMER/src/Basic_Timer.o
 .debug_macro   0x00001681       0x32 C:/Users/s_a_a/Desktop/NUCLEO-F446RE/APP/Build/Object/MCAL/I2C/src/I2C.o
 .debug_macro   0x000016b3       0xdc C:/Users/s_a_a/Desktop/NUCLEO-F446RE/APP/Build/Object/MCAL/I2C/src/I2C.o
 .debug_macro   0x0000178f       0x29 C:/Users/s_a_a/Desktop/NUCLEO-F446RE/APP/Build/Object/MCAL/FLASH/src/FLASH.o
 .debug_macro   0x000017b8      0x130 C:/Users/s_a_a/Desktop/NUCLEO-F446RE/APP/Build/Object/MCAL/FLASH/src/FLASH.o
 .debug_macro   0x000018e8       0x45 C:/Users/s_a_a/Desktop/NUCLEO-F446RE/APP/Build/Object/MCAL/GP_TIMER/src/GP_Timer.o
 .debug_macro   0x0000192d       0xd6 C:/Users/s_a_a/Desktop/NUCLEO-F446RE/APP/Build/Object/MCAL/GP_TIMER/src/GP_Timer.o
 .debug_macro   0x00001a03       0x29 C:/Users/s_a_a/Desktop/NUCLEO-F446RE/APP/Build/Object/MCAL/PendSV/src/PendSV.o
 .debug_macro   0x00001a2c       0x16 C:/Users/s_a_a/Desktop/NUCLEO-F446RE/APP/Build/Object/MCAL/PendSV/src/PendSV.o
 .debug_macro   0x00001a42       0x3c C:/Users/s_a_a/Desktop/NUCLEO-F446RE/APP/Build/Object/HAL/ESP/ESP.o
 .debug_macro   0x00001a7e       0x47 C:/Users/s_a_a/Desktop/NUCLEO-F446RE/APP/Build/Object/HAL/OLED/OLED.o
 .debug_macro   0x00001ac5       0x1c C:/Users/s_a_a/Desktop/NUCLEO-F446RE/APP/Build/Object/HAL/OLED/OLED.o
 .debug_macro   0x00001ae1       0x4b C:/Users/s_a_a/Desktop/NUCLEO-F446RE/APP/Build/Object/P1/FLAPPY_Bird/FLAPPY_Bird.o
 .debug_macro   0x00001b2c       0x56 C:/Users/s_a_a/Desktop/NUCLEO-F446RE/APP/Build/Object/RTOS/RTOS.o
 .debug_macro   0x00001b82       0x16 C:/Users/s_a_a/Desktop/NUCLEO-F446RE/APP/Build/Object/RTOS/RTOS.o
 .debug_macro   0x00001b98       0x1c C:/Users/s_a_a/Desktop/NUCLEO-F446RE/APP/Build/Object/RTOS/RTOS.o
 .debug_macro   0x00001bb4       0x76 C:/Users/s_a_a/Desktop/NUCLEO-F446RE/APP/Build/Object/RTOS/RTOS.o
 .debug_macro   0x00001c2a       0x17 C:/Users/s_a_a/Desktop/NUCLEO-F446RE/APP/Build/Object/Startup/startup_stm32f103.o
 .debug_macro   0x00001c41       0x66 C:/Users/s_a_a/Desktop/NUCLEO-F446RE/APP/Build/Object/Src/main.o
 .debug_macro   0x00001ca7      0x14e C:/Users/s_a_a/Desktop/NUCLEO-F446RE/APP/Build/Object/Src/main.o
 .debug_macro   0x00001df5       0x34 C:/Users/s_a_a/Desktop/NUCLEO-F446RE/APP/Build/Object/Src/main.o
 .debug_macro   0x00001e29       0xb2 C:/Users/s_a_a/Desktop/NUCLEO-F446RE/APP/Build/Object/Src/SwM.o
 .debug_macro   0x00001edb      0x15a C:/Users/s_a_a/Desktop/NUCLEO-F446RE/APP/Build/Object/Src/SwM.o
 .debug_macro   0x00002035       0x46 C:/Users/s_a_a/Desktop/NUCLEO-F446RE/APP/Build/Object/Src/SwM.o

.debug_line     0x00000000     0x44ca
 .debug_line    0x00000000      0x2c0 C:/Users/s_a_a/Desktop/NUCLEO-F446RE/APP/Build/Object/MCAL/RCC/src/RCC_program.o
 .debug_line    0x000002c0      0x206 C:/Users/s_a_a/Desktop/NUCLEO-F446RE/APP/Build/Object/MCAL/NVIC/src/NVIC_program.o
 .debug_line    0x000004c6      0x1da C:/Users/s_a_a/Desktop/NUCLEO-F446RE/APP/Build/Object/MCAL/SysTick/src/SysTick_program.o
 .debug_line    0x000006a0      0x295 C:/Users/s_a_a/Desktop/NUCLEO-F446RE/APP/Build/Object/MCAL/GPIO/src/GPIO_program.o
 .debug_line    0x00000935      0x1e4 C:/Users/s_a_a/Desktop/NUCLEO-F446RE/APP/Build/Object/MCAL/ADC/src/ADC.o
 .debug_line    0x00000b19      0x369 C:/Users/s_a_a/Desktop/NUCLEO-F446RE/APP/Build/Object/MCAL/UART/src/UART.o
 .debug_line    0x00000e82      0x26b C:/Users/s_a_a/Desktop/NUCLEO-F446RE/APP/Build/Object/MCAL/PwrMD/src/LOW_POWER.o
 .debug_line    0x000010ed      0x379 C:/Users/s_a_a/Desktop/NUCLEO-F446RE/APP/Build/Object/MCAL/DMA/src/DMA.o
 .debug_line    0x00001466      0x13f C:/Users/s_a_a/Desktop/NUCLEO-F446RE/APP/Build/Object/MCAL/IWDG/src/IWDG.o
 .debug_line    0x000015a5      0x156 C:/Users/s_a_a/Desktop/NUCLEO-F446RE/APP/Build/Object/MCAL/WWDG/src/WWDG.o
 .debug_line    0x000016fb      0x754 C:/Users/s_a_a/Desktop/NUCLEO-F446RE/APP/Build/Object/MCAL/RTC/src/RTC.o
 .debug_line    0x00001e4f      0x202 C:/Users/s_a_a/Desktop/NUCLEO-F446RE/APP/Build/Object/MCAL/FPU/src/FPU.o
 .debug_line    0x00002051      0x20d C:/Users/s_a_a/Desktop/NUCLEO-F446RE/APP/Build/Object/MCAL/CRC/src/CRC.o
 .debug_line    0x0000225e      0x216 C:/Users/s_a_a/Desktop/NUCLEO-F446RE/APP/Build/Object/MCAL/BASIC_TIMER/src/Basic_Timer.o
 .debug_line    0x00002474      0x7e7 C:/Users/s_a_a/Desktop/NUCLEO-F446RE/APP/Build/Object/MCAL/I2C/src/I2C.o
 .debug_line    0x00002c5b      0x597 C:/Users/s_a_a/Desktop/NUCLEO-F446RE/APP/Build/Object/MCAL/FLASH/src/FLASH.o
 .debug_line    0x000031f2      0x318 C:/Users/s_a_a/Desktop/NUCLEO-F446RE/APP/Build/Object/MCAL/GP_TIMER/src/GP_Timer.o
 .debug_line    0x0000350a       0x9d C:/Users/s_a_a/Desktop/NUCLEO-F446RE/APP/Build/Object/MCAL/PendSV/src/PendSV.o