
Discarded input sections

 .group         0x00000000        0xc C:/NUCLEO-F446RE/APP/Build/Object/MCAL/RCC/src/RCC_program.o
 .group         0x00000000        0xc C:/NUCLEO-F446RE/APP/Build/Object/MCAL/RCC/src/RCC_program.o
 .group         0x00000000        0xc C:/NUCLEO-F446RE/APP/Build/Object/MCAL/RCC/src/RCC_program.o
 .group         0x00000000        0xc C:/NUCLEO-F446RE/APP/Build/Object/MCAL/RCC/src/RCC_program.o
 .group         0x00000000        0xc C:/NUCLEO-F446RE/APP/Build/Object/MCAL/NVIC/src/NVIC_program.o
 .group         0x00000000        0xc C:/NUCLEO-F446RE/APP/Build/Object/MCAL/NVIC/src/NVIC_program.o
 .group         0x00000000        0xc C:/NUCLEO-F446RE/APP/Build/Object/MCAL/NVIC/src/NVIC_program.o
 .group         0x00000000        0xc C:/NUCLEO-F446RE/APP/Build/Object/MCAL/NVIC/src/NVIC_program.o
 .group         0x00000000        0xc C:/NUCLEO-F446RE/APP/Build/Object/MCAL/NVIC/src/NVIC_program.o
 .debug_macro   0x00000000      0xa66 C:/NUCLEO-F446RE/APP/Build/Object/MCAL/NVIC/src/NVIC_program.o
 .debug_macro   0x00000000       0x10 C:/NUCLEO-F446RE/APP/Build/Object/MCAL/NVIC/src/NVIC_program.o
 .debug_macro   0x00000000       0x22 C:/NUCLEO-F446RE/APP/Build/Object/MCAL/NVIC/src/NVIC_program.o
 .group         0x00000000        0xc C:/NUCLEO-F446RE/APP/Build/Object/MCAL/SysTick/src/SysTick_program.o
 .group         0x00000000        0xc C:/NUCLEO-F446RE/APP/Build/Object/MCAL/SysTick/src/SysTick_program.o
 .group         0x00000000        0xc C:/NUCLEO-F446RE/APP/Build/Object/MCAL/SysTick/src/SysTick_program.o
 .group         0x00000000        0xc C:/NUCLEO-F446RE/APP/Build/Object/MCAL/SysTick/src/SysTick_program.o
 .group         0x00000000        0xc C:/NUCLEO-F446RE/APP/Build/Object/MCAL/SysTick/src/SysTick_program.o
 .debug_macro   0x00000000      0xa66 C:/NUCLEO-F446RE/APP/Build/Object/MCAL/SysTick/src/SysTick_program.o
 .debug_macro   0x00000000       0x10 C:/NUCLEO-F446RE/APP/Build/Object/MCAL/SysTick/src/SysTick_program.o
 .debug_macro   0x00000000       0x22 C:/NUCLEO-F446RE/APP/Build/Object/MCAL/SysTick/src/SysTick_program.o
 .group         0x00000000        0xc C:/NUCLEO-F446RE/APP/Build/Object/MCAL/GPIO/src/GPIO_program.o
 .group         0x00000000        0xc C:/NUCLEO-F446RE/APP/Build/Object/MCAL/GPIO/src/GPIO_program.o
 .group         0x00000000        0xc C:/NUCLEO-F446RE/APP/Build/Object/MCAL/GPIO/src/GPIO_program.o
 .group         0x00000000        0xc C:/NUCLEO-F446RE/APP/Build/Object/MCAL/GPIO/src/GPIO_program.o
 .group         0x00000000        0xc C:/NUCLEO-F446RE/APP/Build/Object/MCAL/GPIO/src/GPIO_program.o
 .debug_macro   0x00000000      0xa66 C:/NUCLEO-F446RE/APP/Build/Object/MCAL/GPIO/src/GPIO_program.o
 .debug_macro   0x00000000       0x10 C:/NUCLEO-F446RE/APP/Build/Object/MCAL/GPIO/src/GPIO_program.o
 .debug_macro   0x00000000       0x22 C:/NUCLEO-F446RE/APP/Build/Object/MCAL/GPIO/src/GPIO_program.o
 .group         0x00000000        0xc C:/NUCLEO-F446RE/APP/Build/Object/MCAL/UART/src/UART.o
 .group         0x00000000        0xc C:/NUCLEO-F446RE/APP/Build/Object/MCAL/UART/src/UART.o
 .group         0x00000000        0xc C:/NUCLEO-F446RE/APP/Build/Object/MCAL/UART/src/UART.o
 .group         0x00000000        0xc C:/NUCLEO-F446RE/APP/Build/Object/MCAL/UART/src/UART.o
 .debug_macro   0x00000000      0xa66 C:/NUCLEO-F446RE/APP/Build/Object/MCAL/UART/src/UART.o
 .debug_macro   0x00000000       0x10 C:/NUCLEO-F446RE/APP/Build/Object/MCAL/UART/src/UART.o
 .debug_macro   0x00000000       0x22 C:/NUCLEO-F446RE/APP/Build/Object/MCAL/UART/src/UART.o
 .group         0x00000000        0xc C:/NUCLEO-F446RE/APP/Build/Object/MCAL/DMA/src/DMA.o
 .group         0x00000000        0xc C:/NUCLEO-F446RE/APP/Build/Object/MCAL/DMA/src/DMA.o
 .group         0x00000000        0xc C:/NUCLEO-F446RE/APP/Build/Object/MCAL/DMA/src/DMA.o
 .group         0x00000000        0xc C:/NUCLEO-F446RE/APP/Build/Object/MCAL/DMA/src/DMA.o
 .debug_macro   0x00000000      0xa66 C:/NUCLEO-F446RE/APP/Build/Object/MCAL/DMA/src/DMA.o
 .debug_macro   0x00000000       0x10 C:/NUCLEO-F446RE/APP/Build/Object/MCAL/DMA/src/DMA.o
 .group         0x00000000        0xc C:/NUCLEO-F446RE/APP/Build/Object/MCAL/Basic_Timer/src/Basic_Timer.o
 .group         0x00000000        0xc C:/NUCLEO-F446RE/APP/Build/Object/MCAL/Basic_Timer/src/Basic_Timer.o
 .group         0x00000000        0xc C:/NUCLEO-F446RE/APP/Build/Object/MCAL/Basic_Timer/src/Basic_Timer.o
 .group         0x00000000        0xc C:/NUCLEO-F446RE/APP/Build/Object/MCAL/Basic_Timer/src/Basic_Timer.o
 .group         0x00000000        0xc C:/NUCLEO-F446RE/APP/Build/Object/MCAL/Basic_Timer/src/Basic_Timer.o
 .debug_macro   0x00000000      0xa66 C:/NUCLEO-F446RE/APP/Build/Object/MCAL/Basic_Timer/src/Basic_Timer.o
 .debug_macro   0x00000000       0x10 C:/NUCLEO-F446RE/APP/Build/Object/MCAL/Basic_Timer/src/Basic_Timer.o
 .debug_macro   0x00000000       0x22 C:/NUCLEO-F446RE/APP/Build/Object/MCAL/Basic_Timer/src/Basic_Timer.o
 .group         0x00000000        0xc C:/NUCLEO-F446RE/APP/Build/Object/MCAL/I2C/src/I2C.o
 .group         0x00000000        0xc C:/NUCLEO-F446RE/APP/Build/Object/MCAL/I2C/src/I2C.o
 .group         0x00000000        0xc C:/NUCLEO-F446RE/APP/Build/Object/MCAL/I2C/src/I2C.o
 .group         0x00000000        0xc C:/NUCLEO-F446RE/APP/Build/Object/MCAL/I2C/src/I2C.o
 .debug_macro   0x00000000      0xa66 C:/NUCLEO-F446RE/APP/Build/Object/MCAL/I2C/src/I2C.o
 .debug_macro   0x00000000       0x10 C:/NUCLEO-F446RE/APP/Build/Object/MCAL/I2C/src/I2C.o
 .debug_macro   0x00000000       0x22 C:/NUCLEO-F446RE/APP/Build/Object/MCAL/I2C/src/I2C.o
 .group         0x00000000        0xc C:/NUCLEO-F446RE/APP/Build/Object/MCAL/FLASH/src/FLASH.o
 .group         0x00000000        0xc C:/NUCLEO-F446RE/APP/Build/Object/MCAL/FLASH/src/FLASH.o
 .group         0x00000000        0xc C:/NUCLEO-F446RE/APP/Build/Object/MCAL/FLASH/src/FLASH.o
 .debug_macro   0x00000000      0xa66 C:/NUCLEO-F446RE/APP/Build/Object/MCAL/FLASH/src/FLASH.o
 .debug_macro   0x00000000       0x10 C:/NUCLEO-F446RE/APP/Build/Object/MCAL/FLASH/src/FLASH.o
 .group         0x00000000        0xc C:/NUCLEO-F446RE/APP/Build/Object/HAL/ESP/ESP.o
 .group         0x00000000        0xc C:/NUCLEO-F446RE/APP/Build/Object/HAL/ESP/ESP.o
 .group         0x00000000        0xc C:/NUCLEO-F446RE/APP/Build/Object/HAL/ESP/ESP.o
 .group         0x00000000        0xc C:/NUCLEO-F446RE/APP/Build/Object/HAL/ESP/ESP.o
 .debug_macro   0x00000000      0xa66 C:/NUCLEO-F446RE/APP/Build/Object/HAL/ESP/ESP.o
 .debug_macro   0x00000000       0x10 C:/NUCLEO-F446RE/APP/Build/Object/HAL/ESP/ESP.o
 .debug_macro   0x00000000       0x22 C:/NUCLEO-F446RE/APP/Build/Object/HAL/ESP/ESP.o
 .debug_macro   0x00000000       0x70 C:/NUCLEO-F446RE/APP/Build/Object/HAL/ESP/ESP.o
 .group         0x00000000        0xc C:/NUCLEO-F446RE/APP/Build/Object/HAL/OLED/OLED.o
 .group         0x00000000        0xc C:/NUCLEO-F446RE/APP/Build/Object/HAL/OLED/OLED.o
 .group         0x00000000        0xc C:/NUCLEO-F446RE/APP/Build/Object/HAL/OLED/OLED.o
 .group         0x00000000        0xc C:/NUCLEO-F446RE/APP/Build/Object/HAL/OLED/OLED.o
 .group         0x00000000        0xc C:/NUCLEO-F446RE/APP/Build/Object/HAL/OLED/OLED.o
 .debug_macro   0x00000000      0xa66 C:/NUCLEO-F446RE/APP/Build/Object/HAL/OLED/OLED.o
 .debug_macro   0x00000000       0x10 C:/NUCLEO-F446RE/APP/Build/Object/HAL/OLED/OLED.o
 .debug_macro   0x00000000       0x22 C:/NUCLEO-F446RE/APP/Build/Object/HAL/OLED/OLED.o
 .debug_macro   0x00000000       0x64 C:/NUCLEO-F446RE/APP/Build/Object/HAL/OLED/OLED.o
 .group         0x00000000        0xc C:/NUCLEO-F446RE/APP/Build/Object/P1/FLAPPY_Bird/FLAPPY_Bird.o
 .group         0x00000000        0xc C:/NUCLEO-F446RE/APP/Build/Object/P1/FLAPPY_Bird/FLAPPY_Bird.o
 .group         0x00000000        0xc C:/NUCLEO-F446RE/APP/Build/Object/P1/FLAPPY_Bird/FLAPPY_Bird.o
 .group         0x00000000        0xc C:/NUCLEO-F446RE/APP/Build/Object/P1/FLAPPY_Bird/FLAPPY_Bird.o
 .group         0x00000000        0xc C:/NUCLEO-F446RE/APP/Build/Object/P1/FLAPPY_Bird/FLAPPY_Bird.o
 .debug_macro   0x00000000      0xa66 C:/NUCLEO-F446RE/APP/Build/Object/P1/FLAPPY_Bird/FLAPPY_Bird.o
 .debug_macro   0x00000000       0x10 C:/NUCLEO-F446RE/APP/Build/Object/P1/FLAPPY_Bird/FLAPPY_Bird.o
 .debug_macro   0x00000000       0x22 C:/NUCLEO-F446RE/APP/Build/Object/P1/FLAPPY_Bird/FLAPPY_Bird.o
 .debug_macro   0x00000000       0x64 C:/NUCLEO-F446RE/APP/Build/Object/P1/FLAPPY_Bird/FLAPPY_Bird.o
 .debug_macro   0x00000000       0x1c C:/NUCLEO-F446RE/APP/Build/Object/P1/FLAPPY_Bird/FLAPPY_Bird.o
 .group         0x00000000        0xc C:/NUCLEO-F446RE/APP/Build/Object/RTOS/RTOS.o
 .group         0x00000000        0xc C:/NUCLEO-F446RE/APP/Build/Object/RTOS/RTOS.o
 .group         0x00000000        0xc C:/NUCLEO-F446RE/APP/Build/Object/RTOS/RTOS.o
 .group         0x00000000        0xc C:/NUCLEO-F446RE/APP/Build/Object/RTOS/RTOS.o
 .group         0x00000000        0xc C:/NUCLEO-F446RE/APP/Build/Object/RTOS/RTOS.o
 .group         0x00000000        0xc C:/NUCLEO-F446RE/APP/Build/Object/RTOS/RTOS.o
 .debug_macro   0x00000000      0xa66 C:/NUCLEO-F446RE/APP/Build/Object/RTOS/RTOS.o
 .debug_macro   0x00000000       0x10 C:/NUCLEO-F446RE/APP/Build/Object/RTOS/RTOS.o
 .debug_macro   0x00000000       0x22 C:/NUCLEO-F446RE/APP/Build/Object/RTOS/RTOS.o
 .debug_macro   0x00000000       0x22 C:/NUCLEO-F446RE/APP/Build/Object/RTOS/RTOS.o
 .debug_macro   0x00000000       0x2e C:/NUCLEO-F446RE/APP/Build/Object/RTOS/RTOS.o
 .group         0x00000000        0xc C:/NUCLEO-F446RE/APP/Build/Object/Startup/startup_stm32f103.o
 .debug_macro   0x00000000      0xa66 C:/NUCLEO-F446RE/APP/Build/Object/Startup/startup_stm32f103.o
 .group         0x00000000        0xc C:/NUCLEO-F446RE/APP/Build/Object/Src/main.o
 .group         0x00000000        0xc C:/NUCLEO-F446RE/APP/Build/Object/Src/main.o
 .group         0x00000000        0xc C:/NUCLEO-F446RE/APP/Build/Object/Src/main.o
 .group         0x00000000        0xc C:/NUCLEO-F446RE/APP/Build/Object/Src/main.o
 .group         0x00000000        0xc C:/NUCLEO-F446RE/APP/Build/Object/Src/main.o
 .group         0x00000000        0xc C:/NUCLEO-F446RE/APP/Build/Object/Src/main.o
 .group         0x00000000        0xc C:/NUCLEO-F446RE/APP/Build/Object/Src/main.o
 .group         0x00000000        0xc C:/NUCLEO-F446RE/APP/Build/Object/Src/main.o
 .group         0x00000000        0xc C:/NUCLEO-F446RE/APP/Build/Object/Src/main.o
 .group         0x00000000        0xc C:/NUCLEO-F446RE/APP/Build/Object/Src/main.o
 .group         0x00000000        0xc C:/NUCLEO-F446RE/APP/Build/Object/Src/main.o
 .group         0x00000000        0xc C:/NUCLEO-F446RE/APP/Build/Object/Src/main.o
 .debug_macro   0x00000000      0xa66 C:/NUCLEO-F446RE/APP/Build/Object/Src/main.o
 .debug_macro   0x00000000       0x10 C:/NUCLEO-F446RE/APP/Build/Object/Src/main.o
 .debug_macro   0x00000000       0x22 C:/NUCLEO-F446RE/APP/Build/Object/Src/main.o
 .debug_macro   0x00000000       0xd0 C:/NUCLEO-F446RE/APP/Build/Object/Src/main.o
 .debug_macro   0x00000000       0x10 C:/NUCLEO-F446RE/APP/Build/Object/Src/main.o
 .debug_macro   0x00000000       0x6a C:/NUCLEO-F446RE/APP/Build/Object/Src/main.o
 .debug_macro   0x00000000       0x10 C:/NUCLEO-F446RE/APP/Build/Object/Src/main.o
 .debug_macro   0x00000000       0x1c C:/NUCLEO-F446RE/APP/Build/Object/Src/main.o

Memory Configuration

Name             Origin             Length             Attributes
FLASH            0x08008000         0x00078000         xr
RAM              0x20000000         0x00020000         xrw
*default*        0x00000000         0xffffffff

Linker script and memory map

                0x20020000                _estack = (ORIGIN (RAM) + LENGTH (RAM))
                0x00000200                _Min_Heap_Size = 0x200
                0x00001000                _Min_Stack_Size = 0x1000

.isr_vector     0x08008000      0x178
                0x08008000                . = ALIGN (0x4)
 *(.isr_vector)
 .isr_vector    0x08008000      0x178 C:/NUCLEO-F446RE/APP/Build/Object/Startup/startup_stm32f103.o
                0x08008000                Vector_Table
                0x08008178                . = ALIGN (0x4)

.text           0x08008178     0x324c
                0x08008178                . = ALIGN (0x4)
 *(.text)
 .text          0x08008178        0x0 C:/NUCLEO-F446RE/APP/Build/Object/MCAL/RCC/src/RCC_program.o
 .text          0x08008178        0x0 C:/NUCLEO-F446RE/APP/Build/Object/MCAL/NVIC/src/NVIC_program.o
 .text          0x08008178        0x0 C:/NUCLEO-F446RE/APP/Build/Object/MCAL/SysTick/src/SysTick_program.o
 .text          0x08008178        0x0 C:/NUCLEO-F446RE/APP/Build/Object/MCAL/GPIO/src/GPIO_program.o
 .text          0x08008178        0x0 C:/NUCLEO-F446RE/APP/Build/Object/MCAL/UART/src/UART.o
 .text          0x08008178        0x0 C:/NUCLEO-F446RE/APP/Build/Object/MCAL/DMA/src/DMA.o
 .text          0x08008178        0x0 C:/NUCLEO-F446RE/APP/Build/Object/MCAL/Basic_Timer/src/Basic_Timer.o
 .text          0x08008178        0x0 C:/NUCLEO-F446RE/APP/Build/Object/MCAL/I2C/src/I2C.o
 .text          0x08008178        0x0 C:/NUCLEO-F446RE/APP/Build/Object/MCAL/FLASH/src/FLASH.o
 .text          0x08008178        0x0 C:/NUCLEO-F446RE/APP/Build/Object/HAL/ESP/ESP.o
 .text          0x08008178        0x0 C:/NUCLEO-F446RE/APP/Build/Object/HAL/OLED/OLED.o
 .text          0x08008178        0x0 C:/NUCLEO-F446RE/APP/Build/Object/P1/FLAPPY_Bird/FLAPPY_Bird.o
 .text          0x08008178        0x0 C:/NUCLEO-F446RE/APP/Build/Object/RTOS/RTOS.o
 .text          0x08008178        0x0 C:/NUCLEO-F446RE/APP/Build/Object/Startup/startup_stm32f103.o
 .text          0x08008178        0x0 C:/NUCLEO-F446RE/APP/Build/Object/Src/main.o
 *(.text*)
 .text.RCC_EnableHSI
                0x08008178       0x30 C:/NUCLEO-F446RE/APP/Build/Object/MCAL/RCC/src/RCC_program.o
 .text.RCC_EnableHSE
                0x080081a8       0x30 C:/NUCLEO-F446RE/APP/Build/Object/MCAL/RCC/src/RCC_program.o
 .text.RCC_EnablePLL
                0x080081d8       0x30 C:/NUCLEO-F446RE/APP/Build/Object/MCAL/RCC/src/RCC_program.o
 .text.RCC_DisablePLL
                0x08008208       0x30 C:/NUCLEO-F446RE/APP/Build/Object/MCAL/RCC/src/RCC_program.o
 .text.RCC_SelectSystemClock
                0x08008238       0x4c C:/NUCLEO-F446RE/APP/Build/Object/MCAL/RCC/src/RCC_program.o
 .text.RCC_ConfigPLL
                0x08008284       0x78 C:/NUCLEO-F446RE/APP/Build/Object/MCAL/RCC/src/RCC_program.o
 .text.RCC_SetAHBPrescaler
                0x080082fc       0x38 C:/NUCLEO-F446RE/APP/Build/Object/MCAL/RCC/src/RCC_program.o
 .text.RCC_SetAPB1Prescaler
                0x08008334       0x38 C:/NUCLEO-F446RE/APP/Build/Object/MCAL/RCC/src/RCC_program.o
 .text.RCC_SetAPB2Prescaler
                0x0800836c       0x38 C:/NUCLEO-F446RE/APP/Build/Object/MCAL/RCC/src/RCC_program.o
 .text.RCC_Init
                0x080083a4       0x8e C:/NUCLEO-F446RE/APP/Build/Object/MCAL/RCC/src/RCC_program.o
                0x080083a4                RCC_Init
 *fill*         0x08008432        0x2 
 .text.RCC_EnableClock
                0x08008434       0xc0 C:/NUCLEO-F446RE/APP/Build/Object/MCAL/RCC/src/RCC_program.o
                0x08008434                RCC_EnableClock
 .text.RCC_DisableClock
                0x080084f4       0xcc C:/NUCLEO-F446RE/APP/Build/Object/MCAL/RCC/src/RCC_program.o
                0x080084f4                RCC_DisableClock
 .text.NVIC_EnableInterrupt
                0x080085c0       0x54 C:/NUCLEO-F446RE/APP/Build/Object/MCAL/NVIC/src/NVIC_program.o
                0x080085c0                NVIC_EnableInterrupt
 .text.NVIC_DisableInterrupt
                0x08008614       0x54 C:/NUCLEO-F446RE/APP/Build/Object/MCAL/NVIC/src/NVIC_program.o
                0x08008614                NVIC_DisableInterrupt
 .text.NVIC_SetPendingFlag
                0x08008668       0x54 C:/NUCLEO-F446RE/APP/Build/Object/MCAL/NVIC/src/NVIC_program.o
                0x08008668                NVIC_SetPendingFlag
 .text.NVIC_ClearPendingFlag
                0x080086bc       0x54 C:/NUCLEO-F446RE/APP/Build/Object/MCAL/NVIC/src/NVIC_program.o
                0x080086bc                NVIC_ClearPendingFlag
 .text.NVIC_GetActiveInterrupt
                0x08008710       0x6c C:/NUCLEO-F446RE/APP/Build/Object/MCAL/NVIC/src/NVIC_program.o
                0x08008710                NVIC_GetActiveInterrupt
 .text.NVIC_SetPriority
                0x0800877c       0x68 C:/NUCLEO-F446RE/APP/Build/Object/MCAL/NVIC/src/NVIC_program.o
                0x0800877c                NVIC_SetPriority
 .text.SysTick_voidInit
                0x080087e4       0x1c C:/NUCLEO-F446RE/APP/Build/Object/MCAL/SysTick/src/SysTick_program.o
                0x080087e4                SysTick_voidInit
 .text.SysTick_voidSetBusyWait
                0x08008800       0x54 C:/NUCLEO-F446RE/APP/Build/Object/MCAL/SysTick/src/SysTick_program.o
                0x08008800                SysTick_voidSetBusyWait
 .text.SysTick_voidSetIntervalSingle
                0x08008854       0x58 C:/NUCLEO-F446RE/APP/Build/Object/MCAL/SysTick/src/SysTick_program.o
                0x08008854                SysTick_voidSetIntervalSingle
 .text.SysTick_voidSetIntervalPeriodoc
                0x080088ac       0x64 C:/NUCLEO-F446RE/APP/Build/Object/MCAL/SysTick/src/SysTick_program.o
                0x080088ac                SysTick_voidSetIntervalPeriodoc
 .text.SysTick_voidStopTimer
                0x08008910       0x1c C:/NUCLEO-F446RE/APP/Build/Object/MCAL/SysTick/src/SysTick_program.o
                0x08008910                SysTick_voidStopTimer
 .text.SysTick_GetElapsedTime
                0x0800892c       0x20 C:/NUCLEO-F446RE/APP/Build/Object/MCAL/SysTick/src/SysTick_program.o
                0x0800892c                SysTick_GetElapsedTime
 .text.SysTick_GetRemaningTime
                0x0800894c       0x18 C:/NUCLEO-F446RE/APP/Build/Object/MCAL/SysTick/src/SysTick_program.o
                0x0800894c                SysTick_GetRemaningTime
 .text.SysTick_Handler
                0x08008964       0x14 C:/NUCLEO-F446RE/APP/Build/Object/MCAL/SysTick/src/SysTick_program.o
                0x08008964                SysTick_Handler
 .text.GPIO_GetPort
                0x08008978       0x88 C:/NUCLEO-F446RE/APP/Build/Object/MCAL/GPIO/src/GPIO_program.o
 .text.GPIO_InitPin
                0x08008a00      0x106 C:/NUCLEO-F446RE/APP/Build/Object/MCAL/GPIO/src/GPIO_program.o
                0x08008a00                GPIO_InitPin
 .text.GPIO_WritePin
                0x08008b06       0x60 C:/NUCLEO-F446RE/APP/Build/Object/MCAL/GPIO/src/GPIO_program.o
                0x08008b06                GPIO_WritePin
 .text.GPIO_TogglePin
                0x08008b66       0x4a C:/NUCLEO-F446RE/APP/Build/Object/MCAL/GPIO/src/GPIO_program.o
                0x08008b66                GPIO_TogglePin
 .text.GPIO_ReadPin
                0x08008bb0       0x4e C:/NUCLEO-F446RE/APP/Build/Object/MCAL/GPIO/src/GPIO_program.o
                0x08008bb0                GPIO_ReadPin
 *fill*         0x08008bfe        0x2 
 .text.GPIO_SetAF
                0x08008c00      0x118 C:/NUCLEO-F446RE/APP/Build/Object/MCAL/GPIO/src/GPIO_program.o
                0x08008c00                GPIO_SetAF
 .text.Get_BASE_ADD
                0x08008d18       0x50 C:/NUCLEO-F446RE/APP/Build/Object/MCAL/UART/src/UART.o
                0x08008d18                Get_BASE_ADD
 .text.Write_UART_Number
                0x08008d68       0x88 C:/NUCLEO-F446RE/APP/Build/Object/MCAL/UART/src/UART.o
                0x08008d68                Write_UART_Number
 .text.UART_Init
                0x08008df0      0x134 C:/NUCLEO-F446RE/APP/Build/Object/MCAL/UART/src/UART.o
                0x08008df0                UART_Init
 .text.UART_SendSyncBuffer
                0x08008f24       0x56 C:/NUCLEO-F446RE/APP/Build/Object/MCAL/UART/src/UART.o
                0x08008f24                UART_SendSyncBuffer
 *fill*         0x08008f7a        0x2 
 .text.UART_voidSendNumber
                0x08008f7c       0x50 C:/NUCLEO-F446RE/APP/Build/Object/MCAL/UART/src/UART.o
                0x08008f7c                UART_voidSendNumber
 .text.UART1_CALLBACK
                0x08008fcc       0x24 C:/NUCLEO-F446RE/APP/Build/Object/MCAL/UART/src/UART.o
                0x08008fcc                UART1_CALLBACK
 .text.UART2_CALLBACK
                0x08008ff0       0x24 C:/NUCLEO-F446RE/APP/Build/Object/MCAL/UART/src/UART.o
                0x08008ff0                UART2_CALLBACK
 .text.UART3_CALLBACK
                0x08009014       0x24 C:/NUCLEO-F446RE/APP/Build/Object/MCAL/UART/src/UART.o
                0x08009014                UART3_CALLBACK
 .text.USART2_IRQHandler
                0x08009038       0x84 C:/NUCLEO-F446RE/APP/Build/Object/MCAL/UART/src/UART.o
                0x08009038                USART2_IRQHandler
 .text.USART3_IRQHandler
                0x080090bc       0x84 C:/NUCLEO-F446RE/APP/Build/Object/MCAL/UART/src/UART.o
                0x080090bc                USART3_IRQHandler
 .text.USART1_IRQHandler
                0x08009140       0x84 C:/NUCLEO-F446RE/APP/Build/Object/MCAL/UART/src/UART.o
                0x08009140                USART1_IRQHandler
 .text.DMA_GetStreamReg
                0x080091c4       0x44 C:/NUCLEO-F446RE/APP/Build/Object/MCAL/DMA/src/DMA.o
                0x080091c4                DMA_GetStreamReg
 .text.dma_status_offset_for_stream
                0x08009208       0x26 C:/NUCLEO-F446RE/APP/Build/Object/MCAL/DMA/src/DMA.o
 *fill*         0x0800922e        0x2 
 .text.DMA_ReadStatus
                0x08009230       0x5c C:/NUCLEO-F446RE/APP/Build/Object/MCAL/DMA/src/DMA.o
 .text.DMA_ClearFlag
                0x0800928c       0x5c C:/NUCLEO-F446RE/APP/Build/Object/MCAL/DMA/src/DMA.o
 .text.DMA_DriverInit
                0x080092e8       0x60 C:/NUCLEO-F446RE/APP/Build/Object/MCAL/DMA/src/DMA.o
                0x080092e8                DMA_DriverInit
 .text.DMA_ConfigStream
                0x08009348      0x142 C:/NUCLEO-F446RE/APP/Build/Object/MCAL/DMA/src/DMA.o
                0x08009348                DMA_ConfigStream
 .text.DMA_Start
                0x0800948a       0x76 C:/NUCLEO-F446RE/APP/Build/Object/MCAL/DMA/src/DMA.o
                0x0800948a                DMA_Start
 .text.DMA_Abort
                0x08009500       0x4e C:/NUCLEO-F446RE/APP/Build/Object/MCAL/DMA/src/DMA.o
                0x08009500                DMA_Abort
 *fill*         0x0800954e        0x2 
 .text.DMA_RegisterCallback
                0x08009550       0x64 C:/NUCLEO-F446RE/APP/Build/Object/MCAL/DMA/src/DMA.o
                0x08009550                DMA_RegisterCallback
 .text.DMA_HandleIRQ
                0x080095b4       0xc0 C:/NUCLEO-F446RE/APP/Build/Object/MCAL/DMA/src/DMA.o
                0x080095b4                DMA_HandleIRQ
 .text.GET_TIMER_BASE_ADD
                0x08009674       0x34 C:/NUCLEO-F446RE/APP/Build/Object/MCAL/Basic_Timer/src/Basic_Timer.o
 .text.Timer_Init
                0x080096a8       0xa8 C:/NUCLEO-F446RE/APP/Build/Object/MCAL/Basic_Timer/src/Basic_Timer.o
                0x080096a8                Timer_Init
 .text.Timer_Start
                0x08009750       0x4c C:/NUCLEO-F446RE/APP/Build/Object/MCAL/Basic_Timer/src/Basic_Timer.o
                0x08009750                Timer_Start
 .text.Timer_Stop
                0x0800979c       0x4c C:/NUCLEO-F446RE/APP/Build/Object/MCAL/Basic_Timer/src/Basic_Timer.o
                0x0800979c                Timer_Stop
 .text.Timer_SetCallback
                0x080097e8       0x44 C:/NUCLEO-F446RE/APP/Build/Object/MCAL/Basic_Timer/src/Basic_Timer.o
                0x080097e8                Timer_SetCallback
 .text.TIM6_DAC_IRQHandler
                0x0800982c       0x3c C:/NUCLEO-F446RE/APP/Build/Object/MCAL/Basic_Timer/src/Basic_Timer.o
                0x0800982c                TIM6_DAC_IRQHandler
 .text.TIM7_IRQHandler
                0x08009868       0x3c C:/NUCLEO-F446RE/APP/Build/Object/MCAL/Basic_Timer/src/Basic_Timer.o
                0x08009868                TIM7_IRQHandler
 .text.I2C_GetBase
                0x080098a4       0x44 C:/NUCLEO-F446RE/APP/Build/Object/MCAL/I2C/src/I2C.o
 .text.I2C_Init
                0x080098e8      0x184 C:/NUCLEO-F446RE/APP/Build/Object/MCAL/I2C/src/I2C.o
                0x080098e8                I2C_Init
 .text.I2C_DeInit
                0x08009a6c       0x28 C:/NUCLEO-F446RE/APP/Build/Object/MCAL/I2C/src/I2C.o
                0x08009a6c                I2C_DeInit
 .text.I2C_Start
                0x08009a94       0x50 C:/NUCLEO-F446RE/APP/Build/Object/MCAL/I2C/src/I2C.o
                0x08009a94                I2C_Start
 .text.I2C_SendAddress
                0x08009ae4       0x6a C:/NUCLEO-F446RE/APP/Build/Object/MCAL/I2C/src/I2C.o
                0x08009ae4                I2C_SendAddress
 .text.I2C_SendData
                0x08009b4e       0x54 C:/NUCLEO-F446RE/APP/Build/Object/MCAL/I2C/src/I2C.o
                0x08009b4e                I2C_SendData
 .text.I2C_ReceiveData
                0x08009ba2       0x76 C:/NUCLEO-F446RE/APP/Build/Object/MCAL/I2C/src/I2C.o
                0x08009ba2                I2C_ReceiveData
 .text.I2C_Stop
                0x08009c18       0x2a C:/NUCLEO-F446RE/APP/Build/Object/MCAL/I2C/src/I2C.o
                0x08009c18                I2C_Stop
 .text.I2C_MasterTransmit
                0x08009c42       0xc4 C:/NUCLEO-F446RE/APP/Build/Object/MCAL/I2C/src/I2C.o
                0x08009c42                I2C_MasterTransmit
 .text.I2C_ReadStatus
                0x08009d06       0x1c C:/NUCLEO-F446RE/APP/Build/Object/MCAL/I2C/src/I2C.o
                0x08009d06                I2C_ReadStatus
 .text.I2C_MasterReceive
                0x08009d22       0xae C:/NUCLEO-F446RE/APP/Build/Object/MCAL/I2C/src/I2C.o
                0x08009d22                I2C_MasterReceive
 .text.I2C_DisableInterrupts
                0x08009dd0       0x44 C:/NUCLEO-F446RE/APP/Build/Object/MCAL/I2C/src/I2C.o
 .text.I2C_MasterTransmit_IT
                0x08009e14       0x9c C:/NUCLEO-F446RE/APP/Build/Object/MCAL/I2C/src/I2C.o
                0x08009e14                I2C_MasterTransmit_IT
 .text.I2C1_EV_IRQHandler
                0x08009eb0       0xd0 C:/NUCLEO-F446RE/APP/Build/Object/MCAL/I2C/src/I2C.o
                0x08009eb0                I2C1_EV_IRQHandler
 .text.I2C1_ER_IRQHandler
                0x08009f80       0x30 C:/NUCLEO-F446RE/APP/Build/Object/MCAL/I2C/src/I2C.o
                0x08009f80                I2C1_ER_IRQHandler
 .text.I2C2_EV_IRQHandler
                0x08009fb0        0xe C:/NUCLEO-F446RE/APP/Build/Object/MCAL/I2C/src/I2C.o
                0x08009fb0                I2C2_EV_IRQHandler
 .text.I2C2_ER_IRQHandler
                0x08009fbe        0xe C:/NUCLEO-F446RE/APP/Build/Object/MCAL/I2C/src/I2C.o
                0x08009fbe                I2C2_ER_IRQHandler
 .text.I2C3_EV_IRQHandler
                0x08009fcc        0xe C:/NUCLEO-F446RE/APP/Build/Object/MCAL/I2C/src/I2C.o
                0x08009fcc                I2C3_EV_IRQHandler
 .text.I2C3_ER_IRQHandler
                0x08009fda        0xe C:/NUCLEO-F446RE/APP/Build/Object/MCAL/I2C/src/I2C.o
                0x08009fda                I2C3_ER_IRQHandler
 .text.FlashDrv_Unlock
                0x08009fe8       0x34 C:/NUCLEO-F446RE/APP/Build/Object/MCAL/FLASH/src/FLASH.o
                0x08009fe8                FlashDrv_Unlock
 .text.FlashDrv_Lock
                0x0800a01c       0x20 C:/NUCLEO-F446RE/APP/Build/Object/MCAL/FLASH/src/FLASH.o
                0x0800a01c                FlashDrv_Lock
 .text.FlashDrv_IsLocked
                0x0800a03c       0x1c C:/NUCLEO-F446RE/APP/Build/Object/MCAL/FLASH/src/FLASH.o
                0x0800a03c                FlashDrv_IsLocked
 .text.FlashDrv_ClearErrors
                0x0800a058       0x20 C:/NUCLEO-F446RE/APP/Build/Object/MCAL/FLASH/src/FLASH.o
                0x0800a058                FlashDrv_ClearErrors
 .text.FlashDrv_WaitForLastOperation
                0x0800a078       0x54 C:/NUCLEO-F446RE/APP/Build/Object/MCAL/FLASH/src/FLASH.o
 .text.FlashDrv_IsValidAddress
                0x0800a0cc       0x30 C:/NUCLEO-F446RE/APP/Build/Object/MCAL/FLASH/src/FLASH.o
 .text.FlashDrv_GetSector
                0x0800a0fc       0x88 C:/NUCLEO-F446RE/APP/Build/Object/MCAL/FLASH/src/FLASH.o
                0x0800a0fc                FlashDrv_GetSector
 .text.FlashDrv_GetSectorBase
                0x0800a184       0x80 C:/NUCLEO-F446RE/APP/Build/Object/MCAL/FLASH/src/FLASH.o
                0x0800a184                FlashDrv_GetSectorBase
 .text.FlashDrv_GetSectorSize
                0x0800a204       0x74 C:/NUCLEO-F446RE/APP/Build/Object/MCAL/FLASH/src/FLASH.o
                0x0800a204                FlashDrv_GetSectorSize
 .text.FlashDrv_EraseSector
                0x0800a278       0x88 C:/NUCLEO-F446RE/APP/Build/Object/MCAL/FLASH/src/FLASH.o
                0x0800a278                FlashDrv_EraseSector
 .text.FlashDrv_EraseRange
                0x0800a300       0x76 C:/NUCLEO-F446RE/APP/Build/Object/MCAL/FLASH/src/FLASH.o
                0x0800a300                FlashDrv_EraseRange
 *fill*         0x0800a376        0x2 
 .text.FlashDrv_MassErase
                0x0800a378       0x64 C:/NUCLEO-F446RE/APP/Build/Object/MCAL/FLASH/src/FLASH.o
                0x0800a378                FlashDrv_MassErase
 .text.FlashDrv_ProgramByte
                0x0800a3dc       0x88 C:/NUCLEO-F446RE/APP/Build/Object/MCAL/FLASH/src/FLASH.o
                0x0800a3dc                FlashDrv_ProgramByte
 .text.FlashDrv_ProgramHalfWord
                0x0800a464       0x98 C:/NUCLEO-F446RE/APP/Build/Object/MCAL/FLASH/src/FLASH.o
                0x0800a464                FlashDrv_ProgramHalfWord
 .text.FlashDrv_ProgramWord
                0x0800a4fc       0x98 C:/NUCLEO-F446RE/APP/Build/Object/MCAL/FLASH/src/FLASH.o
                0x0800a4fc                FlashDrv_ProgramWord
 .text.FlashDrv_ProgramBuffer
                0x0800a594       0x80 C:/NUCLEO-F446RE/APP/Build/Object/MCAL/FLASH/src/FLASH.o
                0x0800a594                FlashDrv_ProgramBuffer
 .text.FlashDrv_ProgramBufferAligned
                0x0800a614       0xc6 C:/NUCLEO-F446RE/APP/Build/Object/MCAL/FLASH/src/FLASH.o
                0x0800a614                FlashDrv_ProgramBufferAligned
 .text.FlashDrv_Verify
                0x0800a6da       0x4c C:/NUCLEO-F446RE/APP/Build/Object/MCAL/FLASH/src/FLASH.o
                0x0800a6da                FlashDrv_Verify
 .text.FlashDrv_IsErased
                0x0800a726       0x40 C:/NUCLEO-F446RE/APP/Build/Object/MCAL/FLASH/src/FLASH.o
                0x0800a726                FlashDrv_IsErased
 .text.FlashDrv_Read
                0x0800a766       0x62 C:/NUCLEO-F446RE/APP/Build/Object/MCAL/FLASH/src/FLASH.o
                0x0800a766                FlashDrv_Read
 .text.FlashDrv_PrepareForWrite
                0x0800a7c8       0x10 C:/NUCLEO-F446RE/APP/Build/Object/MCAL/FLASH/src/FLASH.o
                0x0800a7c8                FlashDrv_PrepareForWrite
 .text.FlashDrv_FinishWrite
                0x0800a7d8       0x10 C:/NUCLEO-F446RE/APP/Build/Object/MCAL/FLASH/src/FLASH.o
                0x0800a7d8                FlashDrv_FinishWrite
 .text.FlashDrv_ProgramWordSafe
                0x0800a7e8       0x28 C:/NUCLEO-F446RE/APP/Build/Object/MCAL/FLASH/src/FLASH.o
                0x0800a7e8                FlashDrv_ProgramWordSafe
 .text.int_to_str
                0x0800a810       0x90 C:/NUCLEO-F446RE/APP/Build/Object/HAL/ESP/ESP.o
                0x0800a810                int_to_str
 .text.my_strlen
                0x0800a8a0       0x2e C:/NUCLEO-F446RE/APP/Build/Object/HAL/ESP/ESP.o
                0x0800a8a0                my_strlen
 *fill*         0x0800a8ce        0x2 
 .text.ESP_MainFunction
                0x0800a8d0       0x70 C:/NUCLEO-F446RE/APP/Build/Object/HAL/ESP/ESP.o
                0x0800a8d0                ESP_MainFunction
 .text.swapBuffer
                0x0800a940       0x30 C:/NUCLEO-F446RE/APP/Build/Object/HAL/OLED/OLED.o
                0x0800a940                swapBuffer
 .text.OLED_SendCommand
                0x0800a970       0x32 C:/NUCLEO-F446RE/APP/Build/Object/HAL/OLED/OLED.o
                0x0800a970                OLED_SendCommand
 .text.OLED_SendData
                0x0800a9a2       0x32 C:/NUCLEO-F446RE/APP/Build/Object/HAL/OLED/OLED.o
                0x0800a9a2                OLED_SendData
 .text.OLED_Init
                0x0800a9d4      0x120 C:/NUCLEO-F446RE/APP/Build/Object/HAL/OLED/OLED.o
                0x0800a9d4                OLED_Init
 .text.OLED_Clear
                0x0800aaf4       0x38 C:/NUCLEO-F446RE/APP/Build/Object/HAL/OLED/OLED.o
                0x0800aaf4                OLED_Clear
 .text.OLED_DrawPixel
                0x0800ab2c       0xa8 C:/NUCLEO-F446RE/APP/Build/Object/HAL/OLED/OLED.o
                0x0800ab2c                OLED_DrawPixel
 .text.OLED_UpdateScreen
                0x0800abd4       0xac C:/NUCLEO-F446RE/APP/Build/Object/HAL/OLED/OLED.o
                0x0800abd4                OLED_UpdateScreen
 .text.BLOCK_DRAW
                0x0800ac80       0x64 C:/NUCLEO-F446RE/APP/Build/Object/P1/FLAPPY_Bird/FLAPPY_Bird.o
                0x0800ac80                BLOCK_DRAW
 .text.RTOS_voidStart
                0x0800ace4       0x1c C:/NUCLEO-F446RE/APP/Build/Object/RTOS/RTOS.o
                0x0800ace4                RTOS_voidStart
 .text.RTOS_voidCreateTask
                0x0800ad00       0x84 C:/NUCLEO-F446RE/APP/Build/Object/RTOS/RTOS.o
                0x0800ad00                RTOS_voidCreateTask
 .text.RTOS_voidSchedular
                0x0800ad84      0x124 C:/NUCLEO-F446RE/APP/Build/Object/RTOS/RTOS.o
                0x0800ad84                RTOS_voidSchedular
 .text.RTOS_u8GetCPULoad
                0x0800aea8       0x18 C:/NUCLEO-F446RE/APP/Build/Object/RTOS/RTOS.o
                0x0800aea8                RTOS_u8GetCPULoad
 .text.RTOS_voidDeleteTask
                0x0800aec0       0x90 C:/NUCLEO-F446RE/APP/Build/Object/RTOS/RTOS.o
                0x0800aec0                RTOS_voidDeleteTask
 .text.RTOS_voidSuspendTask
                0x0800af50       0x30 C:/NUCLEO-F446RE/APP/Build/Object/RTOS/RTOS.o
                0x0800af50                RTOS_voidSuspendTask
 .text.RTOS_voidResumeTask
                0x0800af80       0x30 C:/NUCLEO-F446RE/APP/Build/Object/RTOS/RTOS.o
                0x0800af80                RTOS_voidResumeTask
 .text.RTOS_voidWaitEvent
                0x0800afb0       0x30 C:/NUCLEO-F446RE/APP/Build/Object/RTOS/RTOS.o
                0x0800afb0                RTOS_voidWaitEvent
 .text.Reset_Handler
                0x0800afe0       0x94 C:/NUCLEO-F446RE/APP/Build/Object/Startup/startup_stm32f103.o
                0x0800afe0                Reset_Handler
 .text.Default_Handler
                0x0800b074        0x6 C:/NUCLEO-F446RE/APP/Build/Object/Startup/startup_stm32f103.o
                0x0800b074                RTC_Alarm_IRQHandler
                0x0800b074                EXTI2_IRQHandler
                0x0800b074                TIM8_CC_IRQHandler
                0x0800b074                DebugMon_Handler
                0x0800b074                SPI4_IRQHandler
                0x0800b074                TIM1_CC_IRQHandler
                0x0800b074                DMA2_Stream5_IRQHandler
                0x0800b074                HardFault_Handler
                0x0800b074                DMA1_Stream5_IRQHandler
                0x0800b074                PVD_IRQHandler
                0x0800b074                SDIO_IRQHandler
                0x0800b074                TAMP_STAMP_IRQHandler
                0x0800b074                PendSV_Handler
                0x0800b074                NMI_Handler
                0x0800b074                CAN2_RX1_IRQHandler
                0x0800b074                EXTI3_IRQHandler
                0x0800b074                TIM8_TRG_COM_TIM14_IRQHandler
                0x0800b074                TIM1_UP_TIM10_IRQHandler
                0x0800b074                TIM8_UP_TIM13_IRQHandler
                0x0800b074                EXTI0_IRQHandler
                0x0800b074                DMA1_Stream2_IRQHandler
                0x0800b074                CAN1_RX0_IRQHandler
                0x0800b074                FPU_IRQHandler
                0x0800b074                UsageFault_Handler
                0x0800b074                CAN2_SCE_IRQHandler
                0x0800b074                DMA2_Stream2_IRQHandler
                0x0800b074                SPI1_IRQHandler
                0x0800b074                TIM1_BRK_TIM9_IRQHandler
                0x0800b074                CAN2_RX0_IRQHandler
                0x0800b074                DMA2_Stream3_IRQHandler
                0x0800b074                USART6_IRQHandler
                0x0800b074                CAN1_RX1_IRQHandler
                0x0800b074                UART5_IRQHandler
                0x0800b074                DMA2_Stream0_IRQHandler
                0x0800b074                TIM4_IRQHandler
                0x0800b074                DMA1_Stream6_IRQHandler
                0x0800b074                DMA1_Stream1_IRQHandler
                0x0800b074                UART4_IRQHandler
                0x0800b074                TIM3_IRQHandler
                0x0800b074                RCC_IRQHandler
                0x0800b074                TIM8_BRK_TIM12_IRQHandler
                0x0800b074                Default_Handler
                0x0800b074                EXTI15_10_IRQHandler
                0x0800b074                ADC_IRQHandler
                0x0800b074                DMA1_Stream7_IRQHandler
                0x0800b074                SPI5_IRQHandler
                0x0800b074                CAN2_TX_IRQHandler
                0x0800b074                TIM5_IRQHandler
                0x0800b074                DMA2_Stream7_IRQHandler
                0x0800b074                EXTI9_5_IRQHandler
                0x0800b074                RTC_WKUP_IRQHandler
                0x0800b074                SPI2_IRQHandler
                0x0800b074                MemManage_Handler
                0x0800b074                DMA1_Stream0_IRQHandler
                0x0800b074                CAN1_TX_IRQHandler
                0x0800b074                SVC_Handler
                0x0800b074                EXTI4_IRQHandler
                0x0800b074                WWDG_IRQHandler
                0x0800b074                SPI6_IRQHandler
                0x0800b074                TIM2_IRQHandler
                0x0800b074                OTG_FS_WKUP_IRQHandler
                0x0800b074                TIM1_TRG_COM_TIM11_IRQHandler
                0x0800b074                DMA2D_IRQHandler
                0x0800b074                EXTI1_IRQHandler
                0x0800b074                DMA2_Stream1_IRQHandler
                0x0800b074                CAN1_SCE_IRQHandler
                0x0800b074                FLASH_IRQHandler
                0x0800b074                DMA2_Stream4_IRQHandler
                0x0800b074                BusFault_Handler
                0x0800b074                OTG_FS_IRQHandler
                0x0800b074                SPI3_IRQHandler
                0x0800b074                DMA1_Stream4_IRQHandler
                0x0800b074                FMC_IRQHandler
                0x0800b074                DMA2_Stream6_IRQHandler
                0x0800b074                SAI1_IRQHandler
                0x0800b074                DMA1_Stream3_IRQHandler
 .text.LED      0x0800b07a       0x10 C:/NUCLEO-F446RE/APP/Build/Object/Src/main.o
                0x0800b07a                LED
 *fill*         0x0800b08a        0x2 
 .text.ESP_TASK
                0x0800b08c       0x20 C:/NUCLEO-F446RE/APP/Build/Object/Src/main.o
                0x0800b08c                ESP_TASK
 .text.OS_10ms_Task
                0x0800b0ac       0x40 C:/NUCLEO-F446RE/APP/Build/Object/Src/main.o
                0x0800b0ac                OS_10ms_Task
 .text.OS_5ms_Task
                0x0800b0ec       0x70 C:/NUCLEO-F446RE/APP/Build/Object/Src/main.o
                0x0800b0ec                OS_5ms_Task
 .text.OS_IDLE_TASK
                0x0800b15c        0xe C:/NUCLEO-F446RE/APP/Build/Object/Src/main.o
                0x0800b15c                OS_IDLE_TASK
 *fill*         0x0800b16a        0x2 
 .text.main     0x0800b16c       0x34 C:/NUCLEO-F446RE/APP/Build/Object/Src/main.o
                0x0800b16c                main
 .text.APP_init
                0x0800b1a0       0x48 C:/NUCLEO-F446RE/APP/Build/Object/Src/main.o
                0x0800b1a0                APP_init
 .text.GPIO_PIN_CONFIG
                0x0800b1e8      0x124 C:/NUCLEO-F446RE/APP/Build/Object/Src/main.o
                0x0800b1e8                GPIO_PIN_CONFIG
 .text.ENABLE_NVIC_INTERRUPTS
                0x0800b30c       0x14 C:/NUCLEO-F446RE/APP/Build/Object/Src/main.o
                0x0800b30c                ENABLE_NVIC_INTERRUPTS
 .text.CallBackFunctions
                0x0800b320       0x1c C:/NUCLEO-F446RE/APP/Build/Object/Src/main.o
                0x0800b320                CallBackFunctions
 .text.UART1_ISR
                0x0800b33c       0x24 C:/NUCLEO-F446RE/APP/Build/Object/Src/main.o
                0x0800b33c                UART1_ISR
 .text.UART2_ISR
                0x0800b360       0x20 C:/NUCLEO-F446RE/APP/Build/Object/Src/main.o
                0x0800b360                UART2_ISR
 .text.SystemInit
                0x0800b380       0x44 C:/NUCLEO-F446RE/APP/Build/Object/Src/main.o
                0x0800b380                SystemInit
                0x0800b3c4                . = ALIGN (0x4)
                0x0800b3c4                _etext = .

.glue_7         0x0800b3c4        0x0
 .glue_7        0x0800b3c4        0x0 linker stubs

.glue_7t        0x0800b3c4        0x0
 .glue_7t       0x0800b3c4        0x0 linker stubs

.vfp11_veneer   0x0800b3c4        0x0
 .vfp11_veneer  0x0800b3c4        0x0 linker stubs

.v4_bx          0x0800b3c4        0x0
 .v4_bx         0x0800b3c4        0x0 linker stubs

.iplt           0x0800b3c4        0x0
 .iplt          0x0800b3c4        0x0 C:/NUCLEO-F446RE/APP/Build/Object/MCAL/RCC/src/RCC_program.o

.rodata         0x0800b3c4       0xcc
                0x0800b3c4                . = ALIGN (0x4)
 *(.rodata)
 .rodata        0x0800b3c4        0x6 C:/NUCLEO-F446RE/APP/Build/Object/MCAL/UART/src/UART.o
 *fill*         0x0800b3ca        0x2 
 .rodata        0x0800b3cc       0x92 C:/NUCLEO-F446RE/APP/Build/Object/HAL/ESP/ESP.o
 *fill*         0x0800b45e        0x2 
 .rodata        0x0800b460       0x2c C:/NUCLEO-F446RE/APP/Build/Object/Src/main.o
 *(.rodata*)
 .rodata.MSP_Value
                0x0800b48c        0x4 C:/NUCLEO-F446RE/APP/Build/Object/Startup/startup_stm32f103.o
                0x0800b48c                MSP_Value
                0x0800b490                . = ALIGN (0x4)
                0x0800b490                _sidata = LOADADDR (.data)

.rel.dyn        0x0800b490        0x0
 .rel.iplt      0x0800b490        0x0 C:/NUCLEO-F446RE/APP/Build/Object/MCAL/RCC/src/RCC_program.o

.data           0x20000000       0x48 load address 0x0800b490
                0x20000000                . = ALIGN (0x4)
                0x20000000                _sdata = .
 *(.data)
 .data          0x20000000        0x0 C:/NUCLEO-F446RE/APP/Build/Object/MCAL/RCC/src/RCC_program.o
 .data          0x20000000        0x0 C:/NUCLEO-F446RE/APP/Build/Object/MCAL/NVIC/src/NVIC_program.o
 .data          0x20000000        0x0 C:/NUCLEO-F446RE/APP/Build/Object/MCAL/SysTick/src/SysTick_program.o
 .data          0x20000000        0x0 C:/NUCLEO-F446RE/APP/Build/Object/MCAL/GPIO/src/GPIO_program.o
 .data          0x20000000        0x0 C:/NUCLEO-F446RE/APP/Build/Object/MCAL/UART/src/UART.o
 .data          0x20000000        0x0 C:/NUCLEO-F446RE/APP/Build/Object/MCAL/DMA/src/DMA.o
 .data          0x20000000        0x0 C:/NUCLEO-F446RE/APP/Build/Object/MCAL/Basic_Timer/src/Basic_Timer.o
 .data          0x20000000        0x0 C:/NUCLEO-F446RE/APP/Build/Object/MCAL/I2C/src/I2C.o
 .data          0x20000000        0x0 C:/NUCLEO-F446RE/APP/Build/Object/MCAL/FLASH/src/FLASH.o
 .data          0x20000000        0x0 C:/NUCLEO-F446RE/APP/Build/Object/HAL/ESP/ESP.o
 .data          0x20000000        0x0 C:/NUCLEO-F446RE/APP/Build/Object/HAL/OLED/OLED.o
 .data          0x20000000        0x0 C:/NUCLEO-F446RE/APP/Build/Object/P1/FLAPPY_Bird/FLAPPY_Bird.o
 .data          0x20000000        0x0 C:/NUCLEO-F446RE/APP/Build/Object/RTOS/RTOS.o
 .data          0x20000000        0x0 C:/NUCLEO-F446RE/APP/Build/Object/Startup/startup_stm32f103.o
 .data          0x20000000        0x0 C:/NUCLEO-F446RE/APP/Build/Object/Src/main.o
 *(.data*)
 .data.nvic_stat
                0x20000000        0x1 C:/NUCLEO-F446RE/APP/Build/Object/MCAL/Basic_Timer/src/Basic_Timer.o
                0x20000000                nvic_stat
 *fill*         0x20000001        0x3 
 .data.ESP_Commands
                0x20000004       0x1c C:/NUCLEO-F446RE/APP/Build/Object/HAL/ESP/ESP.o
                0x20000004                ESP_Commands
 .data.OLED_Buffer
                0x20000020        0x4 C:/NUCLEO-F446RE/APP/Build/Object/HAL/OLED/OLED.o
                0x20000020                OLED_Buffer
 .data.OLED_DisplayBuffer
                0x20000024        0x4 C:/NUCLEO-F446RE/APP/Build/Object/HAL/OLED/OLED.o
                0x20000024                OLED_DisplayBuffer
 .data.Uart1_configuration
                0x20000028        0xc C:/NUCLEO-F446RE/APP/Build/Object/Src/main.o
                0x20000028                Uart1_configuration
 .data.Uart2_configuration
                0x20000034        0xc C:/NUCLEO-F446RE/APP/Build/Object/Src/main.o
                0x20000034                Uart2_configuration
 .data.config   0x20000040        0x8 C:/NUCLEO-F446RE/APP/Build/Object/Src/main.o
                0x20000040                config
                0x20000048                . = ALIGN (0x4)
                0x20000048                _edata = .

.igot.plt       0x20000048        0x0 load address 0x0800b4d8
 .igot.plt      0x20000048        0x0 C:/NUCLEO-F446RE/APP/Build/Object/MCAL/RCC/src/RCC_program.o

.bss            0x20000048      0x8f0 load address 0x0800b4d8
                0x20000048                _sbss = .
 *(.bss)
 .bss           0x20000048        0x0 C:/NUCLEO-F446RE/APP/Build/Object/MCAL/RCC/src/RCC_program.o
 .bss           0x20000048        0x0 C:/NUCLEO-F446RE/APP/Build/Object/MCAL/NVIC/src/NVIC_program.o
 .bss           0x20000048        0x0 C:/NUCLEO-F446RE/APP/Build/Object/MCAL/SysTick/src/SysTick_program.o
 .bss           0x20000048        0x0 C:/NUCLEO-F446RE/APP/Build/Object/MCAL/GPIO/src/GPIO_program.o
 .bss           0x20000048        0x0 C:/NUCLEO-F446RE/APP/Build/Object/MCAL/UART/src/UART.o
 .bss           0x20000048        0x0 C:/NUCLEO-F446RE/APP/Build/Object/MCAL/DMA/src/DMA.o
 .bss           0x20000048        0x0 C:/NUCLEO-F446RE/APP/Build/Object/MCAL/Basic_Timer/src/Basic_Timer.o
 .bss           0x20000048        0x0 C:/NUCLEO-F446RE/APP/Build/Object/MCAL/I2C/src/I2C.o
 .bss           0x20000048        0x0 C:/NUCLEO-F446RE/APP/Build/Object/MCAL/FLASH/src/FLASH.o
 .bss           0x20000048        0x0 C:/NUCLEO-F446RE/APP/Build/Object/HAL/ESP/ESP.o
 .bss           0x20000048        0x0 C:/NUCLEO-F446RE/APP/Build/Object/HAL/OLED/OLED.o
 .bss           0x20000048        0x0 C:/NUCLEO-F446RE/APP/Build/Object/P1/FLAPPY_Bird/FLAPPY_Bird.o
 .bss           0x20000048        0x0 C:/NUCLEO-F446RE/APP/Build/Object/RTOS/RTOS.o
 .bss           0x20000048        0x0 C:/NUCLEO-F446RE/APP/Build/Object/Startup/startup_stm32f103.o
 .bss           0x20000048        0x0 C:/NUCLEO-F446RE/APP/Build/Object/Src/main.o
 *(.bss*)
 .bss.Local_PvFunction
                0x20000048        0x4 C:/NUCLEO-F446RE/APP/Build/Object/MCAL/SysTick/src/SysTick_program.o
 .bss.rx_test   0x2000004c        0x1 C:/NUCLEO-F446RE/APP/Build/Object/MCAL/UART/src/UART.o
                0x2000004c                rx_test
 *fill*         0x2000004d        0x3 
 .bss.uart1_funcPtr
                0x20000050        0x4 C:/NUCLEO-F446RE/APP/Build/Object/MCAL/UART/src/UART.o
                0x20000050                uart1_funcPtr
 .bss.uart2_funcPtr
                0x20000054        0x4 C:/NUCLEO-F446RE/APP/Build/Object/MCAL/UART/src/UART.o
                0x20000054                uart2_funcPtr
 .bss.uart3_funcPtr
                0x20000058        0x4 C:/NUCLEO-F446RE/APP/Build/Object/MCAL/UART/src/UART.o
                0x20000058                uart3_funcPtr
 .bss.g_dma_cbs
                0x2000005c       0x80 C:/NUCLEO-F446RE/APP/Build/Object/MCAL/DMA/src/DMA.o
 .bss.tim6_callback
                0x200000dc        0x4 C:/NUCLEO-F446RE/APP/Build/Object/MCAL/Basic_Timer/src/Basic_Timer.o
 .bss.tim7_callback
                0x200000e0        0x4 C:/NUCLEO-F446RE/APP/Build/Object/MCAL/Basic_Timer/src/Basic_Timer.o
 .bss.total_ticks
                0x200000e4        0x4 C:/NUCLEO-F446RE/APP/Build/Object/MCAL/Basic_Timer/src/Basic_Timer.o
                0x200000e4                total_ticks
 .bss.I2C1_State
                0x200000e8        0x1 C:/NUCLEO-F446RE/APP/Build/Object/MCAL/I2C/src/I2C.o
 *fill*         0x200000e9        0x3 
 .bss.I2C1_TxBuffer
                0x200000ec        0x4 C:/NUCLEO-F446RE/APP/Build/Object/MCAL/I2C/src/I2C.o
 .bss.I2C1_TxSize
                0x200000f0        0x2 C:/NUCLEO-F446RE/APP/Build/Object/MCAL/I2C/src/I2C.o
 .bss.I2C1_TxIndex
                0x200000f2        0x2 C:/NUCLEO-F446RE/APP/Build/Object/MCAL/I2C/src/I2C.o
 .bss.I2C1_Address
                0x200000f4        0x1 C:/NUCLEO-F446RE/APP/Build/Object/MCAL/I2C/src/I2C.o
 .bss.ESP_APPLICATION_FLAG
                0x200000f5        0x1 C:/NUCLEO-F446RE/APP/Build/Object/HAL/ESP/ESP.o
                0x200000f5                ESP_APPLICATION_FLAG
 .bss.ESP_Commands_Counter.0
                0x200000f6        0x1 C:/NUCLEO-F446RE/APP/Build/Object/HAL/ESP/ESP.o
 *fill*         0x200000f7        0x1 
 .bss.BufferA   0x200000f8      0x400 C:/NUCLEO-F446RE/APP/Build/Object/HAL/OLED/OLED.o
                0x200000f8                BufferA
 .bss.BufferB   0x200004f8      0x400 C:/NUCLEO-F446RE/APP/Build/Object/HAL/OLED/OLED.o
                0x200004f8                BufferB
 .bss.Local_PvFunction
                0x200008f8        0x4 C:/NUCLEO-F446RE/APP/Build/Object/RTOS/RTOS.o
 .bss.SysTask   0x200008fc       0x18 C:/NUCLEO-F446RE/APP/Build/Object/RTOS/RTOS.o
                0x200008fc                SysTask
 .bss.CPU_Load  0x20000914        0xc C:/NUCLEO-F446RE/APP/Build/Object/RTOS/RTOS.o
                0x20000914                CPU_Load
 .bss.RCC_Configuration
                0x20000920        0xc C:/NUCLEO-F446RE/APP/Build/Object/Src/main.o
                0x20000920                RCC_Configuration
 .bss.counter.3
                0x2000092c        0x4 C:/NUCLEO-F446RE/APP/Build/Object/Src/main.o
 .bss.counter.2
                0x20000930        0x4 C:/NUCLEO-F446RE/APP/Build/Object/Src/main.o
 .bss.x.1       0x20000934        0x1 C:/NUCLEO-F446RE/APP/Build/Object/Src/main.o
 .bss.y.0       0x20000935        0x1 C:/NUCLEO-F446RE/APP/Build/Object/Src/main.o
                0x20000938                . = ALIGN (0x4)
 *fill*         0x20000936        0x2 
                0x20000938                _ebss = .

._user_heap_stack
                0x20000938     0x1200 load address 0x0800b4d8
                0x20000938                . = ALIGN (0x8)
                0x20000b38                . = (. + _Min_Heap_Size)
 *fill*         0x20000938      0x200 
                0x20001b38                . = (. + _Min_Stack_Size)
 *fill*         0x20000b38     0x1000 
                0x20001b38                . = ALIGN (0x8)
LOAD C:/NUCLEO-F446RE/APP/Build/Object/MCAL/RCC/src/RCC_program.o
LOAD C:/NUCLEO-F446RE/APP/Build/Object/MCAL/NVIC/src/NVIC_program.o
LOAD C:/NUCLEO-F446RE/APP/Build/Object/MCAL/SysTick/src/SysTick_program.o
LOAD C:/NUCLEO-F446RE/APP/Build/Object/MCAL/GPIO/src/GPIO_program.o
LOAD C:/NUCLEO-F446RE/APP/Build/Object/MCAL/UART/src/UART.o
LOAD C:/NUCLEO-F446RE/APP/Build/Object/MCAL/DMA/src/DMA.o
LOAD C:/NUCLEO-F446RE/APP/Build/Object/MCAL/Basic_Timer/src/Basic_Timer.o
LOAD C:/NUCLEO-F446RE/APP/Build/Object/MCAL/I2C/src/I2C.o
LOAD C:/NUCLEO-F446RE/APP/Build/Object/MCAL/FLASH/src/FLASH.o
LOAD C:/NUCLEO-F446RE/APP/Build/Object/HAL/ESP/ESP.o
LOAD C:/NUCLEO-F446RE/APP/Build/Object/HAL/OLED/OLED.o
LOAD C:/NUCLEO-F446RE/APP/Build/Object/P1/FLAPPY_Bird/FLAPPY_Bird.o
LOAD C:/NUCLEO-F446RE/APP/Build/Object/RTOS/RTOS.o
LOAD C:/NUCLEO-F446RE/APP/Build/Object/Startup/startup_stm32f103.o
LOAD C:/NUCLEO-F446RE/APP/Build/Object/Src/main.o
OUTPUT(C:/NUCLEO-F446RE/APP/Tools/application.elf elf32-littlearm)
LOAD linker stubs

.debug_info     0x00000000     0x3fc7
 .debug_info    0x00000000      0x3e2 C:/NUCLEO-F446RE/APP/Build/Object/MCAL/RCC/src/RCC_program.o
 .debug_info    0x000003e2      0x303 C:/NUCLEO-F446RE/APP/Build/Object/MCAL/NVIC/src/NVIC_program.o
 .debug_info    0x000006e5      0x26b C:/NUCLEO-F446RE/APP/Build/Object/MCAL/SysTick/src/SysTick_program.o
 .debug_info    0x00000950      0x531 C:/NUCLEO-F446RE/APP/Build/Object/MCAL/GPIO/src/GPIO_program.o
 .debug_info    0x00000e81      0x63a C:/NUCLEO-F446RE/APP/Build/Object/MCAL/UART/src/UART.o
 .debug_info    0x000014bb      0x6d0 C:/NUCLEO-F446RE/APP/Build/Object/MCAL/DMA/src/DMA.o
 .debug_info    0x00001b8b      0x3be C:/NUCLEO-F446RE/APP/Build/Object/MCAL/Basic_Timer/src/Basic_Timer.o
 .debug_info    0x00001f49      0x709 C:/NUCLEO-F446RE/APP/Build/Object/MCAL/I2C/src/I2C.o
 .debug_info    0x00002652      0x684 C:/NUCLEO-F446RE/APP/Build/Object/MCAL/FLASH/src/FLASH.o
 .debug_info    0x00002cd6      0x1b8 C:/NUCLEO-F446RE/APP/Build/Object/HAL/ESP/ESP.o
 .debug_info    0x00002e8e      0x351 C:/NUCLEO-F446RE/APP/Build/Object/HAL/OLED/OLED.o
 .debug_info    0x000031df      0x11b C:/NUCLEO-F446RE/APP/Build/Object/P1/FLAPPY_Bird/FLAPPY_Bird.o
 .debug_info    0x000032fa      0x336 C:/NUCLEO-F446RE/APP/Build/Object/RTOS/RTOS.o
 .debug_info    0x00003630      0x148 C:/NUCLEO-F446RE/APP/Build/Object/Startup/startup_stm32f103.o
 .debug_info    0x00003778      0x84f C:/NUCLEO-F446RE/APP/Build/Object/Src/main.o

.debug_abbrev   0x00000000     0x12e8
 .debug_abbrev  0x00000000      0x134 C:/NUCLEO-F446RE/APP/Build/Object/MCAL/RCC/src/RCC_program.o
 .debug_abbrev  0x00000134      0x12e C:/NUCLEO-F446RE/APP/Build/Object/MCAL/NVIC/src/NVIC_program.o
 .debug_abbrev  0x00000262      0x144 C:/NUCLEO-F446RE/APP/Build/Object/MCAL/SysTick/src/SysTick_program.o
 .debug_abbrev  0x000003a6      0x129 C:/NUCLEO-F446RE/APP/Build/Object/MCAL/GPIO/src/GPIO_program.o
 .debug_abbrev  0x000004cf      0x165 C:/NUCLEO-F446RE/APP/Build/Object/MCAL/UART/src/UART.o
 .debug_abbrev  0x00000634      0x1e5 C:/NUCLEO-F446RE/APP/Build/Object/MCAL/DMA/src/DMA.o
 .debug_abbrev  0x00000819       0xfa C:/NUCLEO-F446RE/APP/Build/Object/MCAL/Basic_Timer/src/Basic_Timer.o
 .debug_abbrev  0x00000913      0x1ae C:/NUCLEO-F446RE/APP/Build/Object/MCAL/I2C/src/I2C.o
 .debug_abbrev  0x00000ac1      0x1aa C:/NUCLEO-F446RE/APP/Build/Object/MCAL/FLASH/src/FLASH.o
 .debug_abbrev  0x00000c6b      0x120 C:/NUCLEO-F446RE/APP/Build/Object/HAL/ESP/ESP.o
 .debug_abbrev  0x00000d8b      0x12a C:/NUCLEO-F446RE/APP/Build/Object/HAL/OLED/OLED.o
 .debug_abbrev  0x00000eb5       0x92 C:/NUCLEO-F446RE/APP/Build/Object/P1/FLAPPY_Bird/FLAPPY_Bird.o
 .debug_abbrev  0x00000f47      0x17c C:/NUCLEO-F446RE/APP/Build/Object/RTOS/RTOS.o
 .debug_abbrev  0x000010c3       0xe3 C:/NUCLEO-F446RE/APP/Build/Object/Startup/startup_stm32f103.o
 .debug_abbrev  0x000011a6      0x142 C:/NUCLEO-F446RE/APP/Build/Object/Src/main.o

.debug_aranges  0x00000000      0x5a8
 .debug_aranges
                0x00000000       0x78 C:/NUCLEO-F446RE/APP/Build/Object/MCAL/RCC/src/RCC_program.o
 .debug_aranges
                0x00000078       0x48 C:/NUCLEO-F446RE/APP/Build/Object/MCAL/NVIC/src/NVIC_program.o
 .debug_aranges
                0x000000c0       0x58 C:/NUCLEO-F446RE/APP/Build/Object/MCAL/SysTick/src/SysTick_program.o
 .debug_aranges
                0x00000118       0x48 C:/NUCLEO-F446RE/APP/Build/Object/MCAL/GPIO/src/GPIO_program.o
 .debug_aranges
                0x00000160       0x70 C:/NUCLEO-F446RE/APP/Build/Object/MCAL/UART/src/UART.o
 .debug_aranges
                0x000001d0       0x68 C:/NUCLEO-F446RE/APP/Build/Object/MCAL/DMA/src/DMA.o
 .debug_aranges
                0x00000238       0x50 C:/NUCLEO-F446RE/APP/Build/Object/MCAL/Basic_Timer/src/Basic_Timer.o
 .debug_aranges
                0x00000288       0xb0 C:/NUCLEO-F446RE/APP/Build/Object/MCAL/I2C/src/I2C.o
 .debug_aranges
                0x00000338       0xd0 C:/NUCLEO-F446RE/APP/Build/Object/MCAL/FLASH/src/FLASH.o
 .debug_aranges
                0x00000408       0x30 C:/NUCLEO-F446RE/APP/Build/Object/HAL/ESP/ESP.o
 .debug_aranges
                0x00000438       0x50 C:/NUCLEO-F446RE/APP/Build/Object/HAL/OLED/OLED.o
 .debug_aranges
                0x00000488       0x20 C:/NUCLEO-F446RE/APP/Build/Object/P1/FLAPPY_Bird/FLAPPY_Bird.o
 .debug_aranges
                0x000004a8       0x58 C:/NUCLEO-F446RE/APP/Build/Object/RTOS/RTOS.o
 .debug_aranges
                0x00000500       0x28 C:/NUCLEO-F446RE/APP/Build/Object/Startup/startup_stm32f103.o
 .debug_aranges
                0x00000528       0x80 C:/NUCLEO-F446RE/APP/Build/Object/Src/main.o

.debug_ranges   0x00000000      0x4b8
 .debug_ranges  0x00000000       0x68 C:/NUCLEO-F446RE/APP/Build/Object/MCAL/RCC/src/RCC_program.o
 .debug_ranges  0x00000068       0x38 C:/NUCLEO-F446RE/APP/Build/Object/MCAL/NVIC/src/NVIC_program.o
 .debug_ranges  0x000000a0       0x48 C:/NUCLEO-F446RE/APP/Build/Object/MCAL/SysTick/src/SysTick_program.o
 .debug_ranges  0x000000e8       0x38 C:/NUCLEO-F446RE/APP/Build/Object/MCAL/GPIO/src/GPIO_program.o
 .debug_ranges  0x00000120       0x60 C:/NUCLEO-F446RE/APP/Build/Object/MCAL/UART/src/UART.o
 .debug_ranges  0x00000180       0x58 C:/NUCLEO-F446RE/APP/Build/Object/MCAL/DMA/src/DMA.o
 .debug_ranges  0x000001d8       0x40 C:/NUCLEO-F446RE/APP/Build/Object/MCAL/Basic_Timer/src/Basic_Timer.o
 .debug_ranges  0x00000218       0xa0 C:/NUCLEO-F446RE/APP/Build/Object/MCAL/I2C/src/I2C.o
 .debug_ranges  0x000002b8       0xc0 C:/NUCLEO-F446RE/APP/Build/Object/MCAL/FLASH/src/FLASH.o
 .debug_ranges  0x00000378       0x20 C:/NUCLEO-F446RE/APP/Build/Object/HAL/ESP/ESP.o
 .debug_ranges  0x00000398       0x40 C:/NUCLEO-F446RE/APP/Build/Object/HAL/OLED/OLED.o
 .debug_ranges  0x000003d8       0x10 C:/NUCLEO-F446RE/APP/Build/Object/P1/FLAPPY_Bird/FLAPPY_Bird.o
 .debug_ranges  0x000003e8       0x48 C:/NUCLEO-F446RE/APP/Build/Object/RTOS/RTOS.o
 .debug_ranges  0x00000430       0x18 C:/NUCLEO-F446RE/APP/Build/Object/Startup/startup_stm32f103.o
 .debug_ranges  0x00000448       0x70 C:/NUCLEO-F446RE/APP/Build/Object/Src/main.o

.debug_macro    0x00000000     0x1740
 .debug_macro   0x00000000       0x32 C:/NUCLEO-F446RE/APP/Build/Object/MCAL/RCC/src/RCC_program.o
 .debug_macro   0x00000032      0xa66 C:/NUCLEO-F446RE/APP/Build/Object/MCAL/RCC/src/RCC_program.o
 .debug_macro   0x00000a98       0x10 C:/NUCLEO-F446RE/APP/Build/Object/MCAL/RCC/src/RCC_program.o
 .debug_macro   0x00000aa8       0x22 C:/NUCLEO-F446RE/APP/Build/Object/MCAL/RCC/src/RCC_program.o
 .debug_macro   0x00000aca       0xd0 C:/NUCLEO-F446RE/APP/Build/Object/MCAL/RCC/src/RCC_program.o
 .debug_macro   0x00000b9a       0x49 C:/NUCLEO-F446RE/APP/Build/Object/MCAL/NVIC/src/NVIC_program.o
 .debug_macro   0x00000be3       0x58 C:/NUCLEO-F446RE/APP/Build/Object/MCAL/NVIC/src/NVIC_program.o
 .debug_macro   0x00000c3b       0x10 C:/NUCLEO-F446RE/APP/Build/Object/MCAL/NVIC/src/NVIC_program.o
 .debug_macro   0x00000c4b       0x3b C:/NUCLEO-F446RE/APP/Build/Object/MCAL/SysTick/src/SysTick_program.o
 .debug_macro   0x00000c86       0x22 C:/NUCLEO-F446RE/APP/Build/Object/MCAL/SysTick/src/SysTick_program.o
 .debug_macro   0x00000ca8       0x2e C:/NUCLEO-F446RE/APP/Build/Object/MCAL/SysTick/src/SysTick_program.o
 .debug_macro   0x00000cd6       0x3b C:/NUCLEO-F446RE/APP/Build/Object/MCAL/GPIO/src/GPIO_program.o
 .debug_macro   0x00000d11       0x6a C:/NUCLEO-F446RE/APP/Build/Object/MCAL/GPIO/src/GPIO_program.o
 .debug_macro   0x00000d7b       0x10 C:/NUCLEO-F446RE/APP/Build/Object/MCAL/GPIO/src/GPIO_program.o
 .debug_macro   0x00000d8b       0x32 C:/NUCLEO-F446RE/APP/Build/Object/MCAL/UART/src/UART.o
 .debug_macro   0x00000dbd       0x70 C:/NUCLEO-F446RE/APP/Build/Object/MCAL/UART/src/UART.o
 .debug_macro   0x00000e2d       0x28 C:/NUCLEO-F446RE/APP/Build/Object/MCAL/DMA/src/DMA.o
 .debug_macro   0x00000e55       0x10 C:/NUCLEO-F446RE/APP/Build/Object/MCAL/DMA/src/DMA.o
 .debug_macro   0x00000e65       0xd0 C:/NUCLEO-F446RE/APP/Build/Object/MCAL/DMA/src/DMA.o
 .debug_macro   0x00000f35       0x45 C:/NUCLEO-F446RE/APP/Build/Object/MCAL/Basic_Timer/src/Basic_Timer.o
 .debug_macro   0x00000f7a       0xd6 C:/NUCLEO-F446RE/APP/Build/Object/MCAL/Basic_Timer/src/Basic_Timer.o
 .debug_macro   0x00001050       0x76 C:/NUCLEO-F446RE/APP/Build/Object/MCAL/Basic_Timer/src/Basic_Timer.o
 .debug_macro   0x000010c6       0x32 C:/NUCLEO-F446RE/APP/Build/Object/MCAL/I2C/src/I2C.o
 .debug_macro   0x000010f8       0x64 C:/NUCLEO-F446RE/APP/Build/Object/MCAL/I2C/src/I2C.o
 .debug_macro   0x0000115c       0x29 C:/NUCLEO-F446RE/APP/Build/Object/MCAL/FLASH/src/FLASH.o
 .debug_macro   0x00001185      0x130 C:/NUCLEO-F446RE/APP/Build/Object/MCAL/FLASH/src/FLASH.o
 .debug_macro   0x000012b5       0x3c C:/NUCLEO-F446RE/APP/Build/Object/HAL/ESP/ESP.o
 .debug_macro   0x000012f1       0x47 C:/NUCLEO-F446RE/APP/Build/Object/HAL/OLED/OLED.o
 .debug_macro   0x00001338       0x1c C:/NUCLEO-F446RE/APP/Build/Object/HAL/OLED/OLED.o
 .debug_macro   0x00001354       0x4b C:/NUCLEO-F446RE/APP/Build/Object/P1/FLAPPY_Bird/FLAPPY_Bird.o
 .debug_macro   0x0000139f       0x44 C:/NUCLEO-F446RE/APP/Build/Object/RTOS/RTOS.o
 .debug_macro   0x000013e3       0x10 C:/NUCLEO-F446RE/APP/Build/Object/RTOS/RTOS.o
 .debug_macro   0x000013f3       0x17 C:/NUCLEO-F446RE/APP/Build/Object/Startup/startup_stm32f103.o
 .debug_macro   0x0000140a       0xa4 C:/NUCLEO-F446RE/APP/Build/Object/Src/main.o
 .debug_macro   0x000014ae       0x76 C:/NUCLEO-F446RE/APP/Build/Object/Src/main.o
 .debug_macro   0x00001524       0x7c C:/NUCLEO-F446RE/APP/Build/Object/Src/main.o
 .debug_macro   0x000015a0      0x136 C:/NUCLEO-F446RE/APP/Build/Object/Src/main.o
 .debug_macro   0x000016d6       0x6a C:/NUCLEO-F446RE/APP/Build/Object/Src/main.o

.debug_line     0x00000000     0x26f9
 .debug_line    0x00000000      0x2c0 C:/NUCLEO-F446RE/APP/Build/Object/MCAL/RCC/src/RCC_program.o
 .debug_line    0x000002c0      0x206 C:/NUCLEO-F446RE/APP/Build/Object/MCAL/NVIC/src/NVIC_program.o
 .debug_line    0x000004c6      0x1da C:/NUCLEO-F446RE/APP/Build/Object/MCAL/SysTick/src/SysTick_program.o
 .debug_line    0x000006a0      0x295 C:/NUCLEO-F446RE/APP/Build/Object/MCAL/GPIO/src/GPIO_program.o
 .debug_line    0x00000935      0x369 C:/NUCLEO-F446RE/APP/Build/Object/MCAL/UART/src/UART.o
 .debug_line    0x00000c9e      0x379 C:/NUCLEO-F446RE/APP/Build/Object/MCAL/DMA/src/DMA.o
 .debug_line    0x00001017      0x216 C:/NUCLEO-F446RE/APP/Build/Object/MCAL/Basic_Timer/src/Basic_Timer.o
 .debug_line    0x0000122d      0x4cb C:/NUCLEO-F446RE/APP/Build/Object/MCAL/I2C/src/I2C.o
 .debug_line    0x000016f8      0x597 C:/NUCLEO-F446RE/APP/Build/Object/MCAL/FLASH/src/FLASH.o
 .debug_line    0x00001c8f      0x125 C:/NUCLEO-F446RE/APP/Build/Object/HAL/ESP/ESP.o
 .debug_line    0x00001db4      0x21b C:/NUCLEO-F446RE/APP/Build/Object/HAL/OLED/OLED.o
 .debug_line    0x00001fcf      0x101 C:/NUCLEO-F446RE/APP/Build/Object/P1/FLAPPY_Bird/FLAPPY_Bird.o
 .debug_line    0x000020d0      0x225 C:/NUCLEO-F446RE/APP/Build/Object/RTOS/RTOS.o
 .debug_line    0x000022f5       0xe1 C:/NUCLEO-F446RE/APP/Build/Object/Startup/startup_stm32f103.o
 .debug_line    0x000023d6      0x323 C:/NUCLEO-F446RE/APP/Build/Object/Src/main.o

.debug_str      0x00000000     0x670d
 .debug_str     0x00000000     0x3506 C:/NUCLEO-F446RE/APP/Build/Object/MCAL/RCC/src/RCC_program.o
                               0x3584 (size before relaxing)
 .debug_str     0x00003506      0x4c4 C:/NUCLEO-F446RE/APP/Build/Object/MCAL/NVIC/src/NVIC_program.o
                               0x3286 (size before relaxing)
 .debug_str     0x000039ca      0x333 C:/NUCLEO-F446RE/APP/Build/Object/MCAL/SysTick/src/SysTick_program.o
                               0x30fe (size before relaxing)
 .debug_str     0x00003cfd      0x4de C:/NUCLEO-F446RE/APP/Build/Object/MCAL/GPIO/src/GPIO_program.o
                               0x32a4 (size before relaxing)
 .debug_str     0x000041db      0x4cd C:/NUCLEO-F446RE/APP/Build/Object/MCAL/UART/src/UART.o
                               0x32ba (size before relaxing)
 .debug_str     0x000046a8      0x7bb C:/NUCLEO-F446RE/APP/Build/Object/MCAL/DMA/src/DMA.o
                               0x34ff (size before relaxing)
 .debug_str     0x00004e63      0x565 C:/NUCLEO-F446RE/APP/Build/Object/MCAL/Basic_Timer/src/Basic_Timer.o
                               0x387c (size before relaxing)
 .debug_str     0x000053c8      0x4d4 C:/NUCLEO-F446RE/APP/Build/Object/MCAL/I2C/src/I2C.o
                               0x32bb (size before relaxing)
 .debug_str     0x0000589c      0x8e0 C:/NUCLEO-F446RE/APP/Build/Object/MCAL/FLASH/src/FLASH.o
                               0x3635 (size before relaxing)
 .debug_str     0x0000617c       0x76 C:/NUCLEO-F446RE/APP/Build/Object/HAL/ESP/ESP.o
                               0x3069 (size before relaxing)
 .debug_str     0x000061f2      0x157 C:/NUCLEO-F446RE/APP/Build/Object/HAL/OLED/OLED.o
                               0x3199 (size before relaxing)
 .debug_str     0x00006349       0x58 C:/NUCLEO-F446RE/APP/Build/Object/P1/FLAPPY_Bird/FLAPPY_Bird.o
                               0x30c0 (size before relaxing)
 .debug_str     0x000063a1      0x1ef C:/NUCLEO-F446RE/APP/Build/Object/RTOS/RTOS.o
                               0x3183 (size before relaxing)
 .debug_str     0x00006590       0xa5 C:/NUCLEO-F446RE/APP/Build/Object/Startup/startup_stm32f103.o
                               0x2d2e (size before relaxing)
 .debug_str     0x00006635       0xd8 C:/NUCLEO-F446RE/APP/Build/Object/Src/main.o
                               0x4a33 (size before relaxing)

.comment        0x00000000       0x49
 .comment       0x00000000       0x49 C:/NUCLEO-F446RE/APP/Build/Object/MCAL/RCC/src/RCC_program.o
                                 0x4a (size before relaxing)
 .comment       0x00000049       0x4a C:/NUCLEO-F446RE/APP/Build/Object/MCAL/NVIC/src/NVIC_program.o
 .comment       0x00000049       0x4a C:/NUCLEO-F446RE/APP/Build/Object/MCAL/SysTick/src/SysTick_program.o
 .comment       0x00000049       0x4a C:/NUCLEO-F446RE/APP/Build/Object/MCAL/GPIO/src/GPIO_program.o
 .comment       0x00000049       0x4a C:/NUCLEO-F446RE/APP/Build/Object/MCAL/UART/src/UART.o
 .comment       0x00000049       0x4a C:/NUCLEO-F446RE/APP/Build/Object/MCAL/DMA/src/DMA.o
 .comment       0x00000049       0x4a C:/NUCLEO-F446RE/APP/Build/Object/MCAL/Basic_Timer/src/Basic_Timer.o
 .comment       0x00000049       0x4a C:/NUCLEO-F446RE/APP/Build/Object/MCAL/I2C/src/I2C.o
 .comment       0x00000049       0x4a C:/NUCLEO-F446RE/APP/Build/Object/MCAL/FLASH/src/FLASH.o
 .comment       0x00000049       0x4a C:/NUCLEO-F446RE/APP/Build/Object/HAL/ESP/ESP.o
 .comment       0x00000049       0x4a C:/NUCLEO-F446RE/APP/Build/Object/HAL/OLED/OLED.o
 .comment       0x00000049       0x4a C:/NUCLEO-F446RE/APP/Build/Object/P1/FLAPPY_Bird/FLAPPY_Bird.o
 .comment       0x00000049       0x4a C:/NUCLEO-F446RE/APP/Build/Object/RTOS/RTOS.o
 .comment       0x00000049       0x4a C:/NUCLEO-F446RE/APP/Build/Object/Startup/startup_stm32f103.o
 .comment       0x00000049       0x4a C:/NUCLEO-F446RE/APP/Build/Object/Src/main.o

.ARM.attributes
                0x00000000       0x34
 .ARM.attributes
                0x00000000       0x34 C:/NUCLEO-F446RE/APP/Build/Object/MCAL/RCC/src/RCC_program.o
 .ARM.attributes
                0x00000034       0x34 C:/NUCLEO-F446RE/APP/Build/Object/MCAL/NVIC/src/NVIC_program.o
 .ARM.attributes
                0x00000068       0x34 C:/NUCLEO-F446RE/APP/Build/Object/MCAL/SysTick/src/SysTick_program.o
 .ARM.attributes
                0x0000009c       0x34 C:/NUCLEO-F446RE/APP/Build/Object/MCAL/GPIO/src/GPIO_program.o
 .ARM.attributes
                0x000000d0       0x34 C:/NUCLEO-F446RE/APP/Build/Object/MCAL/UART/src/UART.o
 .ARM.attributes
                0x00000104       0x34 C:/NUCLEO-F446RE/APP/Build/Object/MCAL/DMA/src/DMA.o
 .ARM.attributes
                0x00000138       0x34 C:/NUCLEO-F446RE/APP/Build/Object/MCAL/Basic_Timer/src/Basic_Timer.o
 .ARM.attributes
                0x0000016c       0x34 C:/NUCLEO-F446RE/APP/Build/Object/MCAL/I2C/src/I2C.o
 .ARM.attributes
                0x000001a0       0x34 C:/NUCLEO-F446RE/APP/Build/Object/MCAL/FLASH/src/FLASH.o
 .ARM.attributes
                0x000001d4       0x34 C:/NUCLEO-F446RE/APP/Build/Object/HAL/ESP/ESP.o
 .ARM.attributes
                0x00000208       0x34 C:/NUCLEO-F446RE/APP/Build/Object/HAL/OLED/OLED.o
 .ARM.attributes
                0x0000023c       0x34 C:/NUCLEO-F446RE/APP/Build/Object/P1/FLAPPY_Bird/FLAPPY_Bird.o
 .ARM.attributes
                0x00000270       0x34 C:/NUCLEO-F446RE/APP/Build/Object/RTOS/RTOS.o
 .ARM.attributes
                0x000002a4       0x34 C:/NUCLEO-F446RE/APP/Build/Object/Startup/startup_stm32f103.o
 .ARM.attributes
                0x000002d8       0x34 C:/NUCLEO-F446RE/APP/Build/Object/Src/main.o

.debug_frame    0x00000000     0x1408
 .debug_frame   0x00000000      0x1c8 C:/NUCLEO-F446RE/APP/Build/Object/MCAL/RCC/src/RCC_program.o
 .debug_frame   0x000001c8      0x100 C:/NUCLEO-F446RE/APP/Build/Object/MCAL/NVIC/src/NVIC_program.o
 .debug_frame   0x000002c8      0x120 C:/NUCLEO-F446RE/APP/Build/Object/MCAL/SysTick/src/SysTick_program.o
 .debug_frame   0x000003e8       0xf4 C:/NUCLEO-F446RE/APP/Build/Object/MCAL/GPIO/src/GPIO_program.o
 .debug_frame   0x000004dc      0x1ac C:/NUCLEO-F446RE/APP/Build/Object/MCAL/UART/src/UART.o
 .debug_frame   0x00000688      0x188 C:/NUCLEO-F446RE/APP/Build/Object/MCAL/DMA/src/DMA.o
 .debug_frame   0x00000810      0x100 C:/NUCLEO-F446RE/APP/Build/Object/MCAL/Basic_Timer/src/Basic_Timer.o
 .debug_frame   0x00000910      0x2b8 C:/NUCLEO-F446RE/APP/Build/Object/MCAL/I2C/src/I2C.o
 .debug_frame   0x00000bc8      0x354 C:/NUCLEO-F446RE/APP/Build/Object/MCAL/FLASH/src/FLASH.o
 .debug_frame   0x00000f1c       0x80 C:/NUCLEO-F446RE/APP/Build/Object/HAL/ESP/ESP.o
 .debug_frame   0x00000f9c      0x11c C:/NUCLEO-F446RE/APP/Build/Object/HAL/OLED/OLED.o
 .debug_frame   0x000010b8       0x38 C:/NUCLEO-F446RE/APP/Build/Object/P1/FLAPPY_Bird/FLAPPY_Bird.o
 .debug_frame   0x000010f0      0x138 C:/NUCLEO-F446RE/APP/Build/Object/RTOS/RTOS.o
 .debug_frame   0x00001228       0x48 C:/NUCLEO-F446RE/APP/Build/Object/Startup/startup_stm32f103.o
 .debug_frame   0x00001270      0x198 C:/NUCLEO-F446RE/APP/Build/Object/Src/main.o
