
Discarded input sections

 .group         0x00000000        0xc C:/NUCLEO-F446RE/APP/Build/Object/MCAL/RCC/src/RCC_program.o
 .group         0x00000000        0xc C:/NUCLEO-F446RE/APP/Build/Object/MCAL/RCC/src/RCC_program.o
 .group         0x00000000        0xc C:/NUCLEO-F446RE/APP/Build/Object/MCAL/RCC/src/RCC_program.o
 .group         0x00000000        0xc C:/NUCLEO-F446RE/APP/Build/Object/MCAL/RCC/src/RCC_program.o
 .group         0x00000000        0xc C:/NUCLEO-F446RE/APP/Build/Object/MCAL/NVIC/src/NVIC_program.o
 .group         0x00000000        0xc C:/NUCLEO-F446RE/APP/Build/Object/MCAL/NVIC/src/NVIC_program.o
 .group         0x00000000        0xc C:/NUCLEO-F446RE/APP/Build/Object/MCAL/NVIC/src/NVIC_program.o
 .group         0x00000000        0xc C:/NUCLEO-F446RE/APP/Build/Object/MCAL/NVIC/src/NVIC_program.o
 .group         0x00000000        0xc C:/NUCLEO-F446RE/APP/Build/Object/MCAL/NVIC/src/NVIC_program.o
 .debug_macro   0x00000000      0xa66 C:/NUCLEO-F446RE/APP/Build/Object/MCAL/NVIC/src/NVIC_program.o
 .debug_macro   0x00000000       0x10 C:/NUCLEO-F446RE/APP/Build/Object/MCAL/NVIC/src/NVIC_program.o
 .debug_macro   0x00000000       0x22 C:/NUCLEO-F446RE/APP/Build/Object/MCAL/NVIC/src/NVIC_program.o
 .group         0x00000000        0xc C:/NUCLEO-F446RE/APP/Build/Object/MCAL/SysTick/src/SysTick_program.o
 .group         0x00000000        0xc C:/NUCLEO-F446RE/APP/Build/Object/MCAL/SysTick/src/SysTick_program.o
 .group         0x00000000        0xc C:/NUCLEO-F446RE/APP/Build/Object/MCAL/SysTick/src/SysTick_program.o
 .group         0x00000000        0xc C:/NUCLEO-F446RE/APP/Build/Object/MCAL/SysTick/src/SysTick_program.o
 .group         0x00000000        0xc C:/NUCLEO-F446RE/APP/Build/Object/MCAL/SysTick/src/SysTick_program.o
 .debug_macro   0x00000000      0xa66 C:/NUCLEO-F446RE/APP/Build/Object/MCAL/SysTick/src/SysTick_program.o
 .debug_macro   0x00000000       0x10 C:/NUCLEO-F446RE/APP/Build/Object/MCAL/SysTick/src/SysTick_program.o
 .debug_macro   0x00000000       0x22 C:/NUCLEO-F446RE/APP/Build/Object/MCAL/SysTick/src/SysTick_program.o
 .group         0x00000000        0xc C:/NUCLEO-F446RE/APP/Build/Object/MCAL/GPIO/src/GPIO_program.o
 .group         0x00000000        0xc C:/NUCLEO-F446RE/APP/Build/Object/MCAL/GPIO/src/GPIO_program.o
 .group         0x00000000        0xc C:/NUCLEO-F446RE/APP/Build/Object/MCAL/GPIO/src/GPIO_program.o
 .group         0x00000000        0xc C:/NUCLEO-F446RE/APP/Build/Object/MCAL/GPIO/src/GPIO_program.o
 .group         0x00000000        0xc C:/NUCLEO-F446RE/APP/Build/Object/MCAL/GPIO/src/GPIO_program.o
 .debug_macro   0x00000000      0xa66 C:/NUCLEO-F446RE/APP/Build/Object/MCAL/GPIO/src/GPIO_program.o
 .debug_macro   0x00000000       0x10 C:/NUCLEO-F446RE/APP/Build/Object/MCAL/GPIO/src/GPIO_program.o
 .debug_macro   0x00000000       0x22 C:/NUCLEO-F446RE/APP/Build/Object/MCAL/GPIO/src/GPIO_program.o
 .group         0x00000000        0xc C:/NUCLEO-F446RE/APP/Build/Object/MCAL/UART/src/UART.o
 .group         0x00000000        0xc C:/NUCLEO-F446RE/APP/Build/Object/MCAL/UART/src/UART.o
 .group         0x00000000        0xc C:/NUCLEO-F446RE/APP/Build/Object/MCAL/UART/src/UART.o
 .group         0x00000000        0xc C:/NUCLEO-F446RE/APP/Build/Object/MCAL/UART/src/UART.o
 .debug_macro   0x00000000      0xa66 C:/NUCLEO-F446RE/APP/Build/Object/MCAL/UART/src/UART.o
 .debug_macro   0x00000000       0x10 C:/NUCLEO-F446RE/APP/Build/Object/MCAL/UART/src/UART.o
 .debug_macro   0x00000000       0x22 C:/NUCLEO-F446RE/APP/Build/Object/MCAL/UART/src/UART.o
 .group         0x00000000        0xc C:/NUCLEO-F446RE/APP/Build/Object/MCAL/Basic_Timer/src/Basic_Timer.o
 .group         0x00000000        0xc C:/NUCLEO-F446RE/APP/Build/Object/MCAL/Basic_Timer/src/Basic_Timer.o
 .group         0x00000000        0xc C:/NUCLEO-F446RE/APP/Build/Object/MCAL/Basic_Timer/src/Basic_Timer.o
 .group         0x00000000        0xc C:/NUCLEO-F446RE/APP/Build/Object/MCAL/Basic_Timer/src/Basic_Timer.o
 .group         0x00000000        0xc C:/NUCLEO-F446RE/APP/Build/Object/MCAL/Basic_Timer/src/Basic_Timer.o
 .debug_macro   0x00000000      0xa66 C:/NUCLEO-F446RE/APP/Build/Object/MCAL/Basic_Timer/src/Basic_Timer.o
 .debug_macro   0x00000000       0x10 C:/NUCLEO-F446RE/APP/Build/Object/MCAL/Basic_Timer/src/Basic_Timer.o
 .debug_macro   0x00000000       0x22 C:/NUCLEO-F446RE/APP/Build/Object/MCAL/Basic_Timer/src/Basic_Timer.o
 .group         0x00000000        0xc C:/NUCLEO-F446RE/APP/Build/Object/MCAL/FLASH/src/FLASH.o
 .group         0x00000000        0xc C:/NUCLEO-F446RE/APP/Build/Object/MCAL/FLASH/src/FLASH.o
 .group         0x00000000        0xc C:/NUCLEO-F446RE/APP/Build/Object/MCAL/FLASH/src/FLASH.o
 .debug_macro   0x00000000      0xa66 C:/NUCLEO-F446RE/APP/Build/Object/MCAL/FLASH/src/FLASH.o
 .debug_macro   0x00000000       0x10 C:/NUCLEO-F446RE/APP/Build/Object/MCAL/FLASH/src/FLASH.o
 .group         0x00000000        0xc C:/NUCLEO-F446RE/APP/Build/Object/RTOS/RTOS.o
 .group         0x00000000        0xc C:/NUCLEO-F446RE/APP/Build/Object/RTOS/RTOS.o
 .group         0x00000000        0xc C:/NUCLEO-F446RE/APP/Build/Object/RTOS/RTOS.o
 .group         0x00000000        0xc C:/NUCLEO-F446RE/APP/Build/Object/RTOS/RTOS.o
 .group         0x00000000        0xc C:/NUCLEO-F446RE/APP/Build/Object/RTOS/RTOS.o
 .group         0x00000000        0xc C:/NUCLEO-F446RE/APP/Build/Object/RTOS/RTOS.o
 .debug_macro   0x00000000      0xa66 C:/NUCLEO-F446RE/APP/Build/Object/RTOS/RTOS.o
 .debug_macro   0x00000000       0x10 C:/NUCLEO-F446RE/APP/Build/Object/RTOS/RTOS.o
 .debug_macro   0x00000000       0x22 C:/NUCLEO-F446RE/APP/Build/Object/RTOS/RTOS.o
 .debug_macro   0x00000000       0x22 C:/NUCLEO-F446RE/APP/Build/Object/RTOS/RTOS.o
 .debug_macro   0x00000000       0x2e C:/NUCLEO-F446RE/APP/Build/Object/RTOS/RTOS.o
 .group         0x00000000        0xc C:/NUCLEO-F446RE/APP/Build/Object/Startup/startup_stm32f103.o
 .debug_macro   0x00000000      0xa66 C:/NUCLEO-F446RE/APP/Build/Object/Startup/startup_stm32f103.o
 .group         0x00000000        0xc C:/NUCLEO-F446RE/APP/Build/Object/Src/main.o
 .group         0x00000000        0xc C:/NUCLEO-F446RE/APP/Build/Object/Src/main.o
 .group         0x00000000        0xc C:/NUCLEO-F446RE/APP/Build/Object/Src/main.o
 .group         0x00000000        0xc C:/NUCLEO-F446RE/APP/Build/Object/Src/main.o
 .group         0x00000000        0xc C:/NUCLEO-F446RE/APP/Build/Object/Src/main.o
 .group         0x00000000        0xc C:/NUCLEO-F446RE/APP/Build/Object/Src/main.o
 .group         0x00000000        0xc C:/NUCLEO-F446RE/APP/Build/Object/Src/main.o
 .group         0x00000000        0xc C:/NUCLEO-F446RE/APP/Build/Object/Src/main.o
 .group         0x00000000        0xc C:/NUCLEO-F446RE/APP/Build/Object/Src/main.o
 .group         0x00000000        0xc C:/NUCLEO-F446RE/APP/Build/Object/Src/main.o
 .debug_macro   0x00000000      0xa66 C:/NUCLEO-F446RE/APP/Build/Object/Src/main.o
 .debug_macro   0x00000000       0x10 C:/NUCLEO-F446RE/APP/Build/Object/Src/main.o
 .debug_macro   0x00000000       0x22 C:/NUCLEO-F446RE/APP/Build/Object/Src/main.o
 .debug_macro   0x00000000       0xd0 C:/NUCLEO-F446RE/APP/Build/Object/Src/main.o
 .debug_macro   0x00000000       0x10 C:/NUCLEO-F446RE/APP/Build/Object/Src/main.o
 .debug_macro   0x00000000       0x6a C:/NUCLEO-F446RE/APP/Build/Object/Src/main.o
 .debug_macro   0x00000000       0x10 C:/NUCLEO-F446RE/APP/Build/Object/Src/main.o
 .debug_macro   0x00000000       0x76 C:/NUCLEO-F446RE/APP/Build/Object/Src/main.o

Memory Configuration

Name             Origin             Length             Attributes
FLASH            0x08008000         0x00078000         xr
RAM              0x20000000         0x00020000         xrw
*default*        0x00000000         0xffffffff

Linker script and memory map

                0x20020000                _estack = (ORIGIN (RAM) + LENGTH (RAM))
                0x00000200                _Min_Heap_Size = 0x200
                0x00001000                _Min_Stack_Size = 0x1000

.isr_vector     0x08008000      0x178
                0x08008000                . = ALIGN (0x4)
 *(.isr_vector)
 .isr_vector    0x08008000      0x178 C:/NUCLEO-F446RE/APP/Build/Object/Startup/startup_stm32f103.o
                0x08008000                Vector_Table
                0x08008178                . = ALIGN (0x4)

.text           0x08008178     0x1dec
                0x08008178                . = ALIGN (0x4)
 *(.text)
 .text          0x08008178        0x0 C:/NUCLEO-F446RE/APP/Build/Object/MCAL/RCC/src/RCC_program.o
 .text          0x08008178        0x0 C:/NUCLEO-F446RE/APP/Build/Object/MCAL/NVIC/src/NVIC_program.o
 .text          0x08008178        0x0 C:/NUCLEO-F446RE/APP/Build/Object/MCAL/SysTick/src/SysTick_program.o
 .text          0x08008178        0x0 C:/NUCLEO-F446RE/APP/Build/Object/MCAL/GPIO/src/GPIO_program.o
 .text          0x08008178        0x0 C:/NUCLEO-F446RE/APP/Build/Object/MCAL/UART/src/UART.o
 .text          0x08008178        0x0 C:/NUCLEO-F446RE/APP/Build/Object/MCAL/Basic_Timer/src/Basic_Timer.o
 .text          0x08008178        0x0 C:/NUCLEO-F446RE/APP/Build/Object/MCAL/FLASH/src/FLASH.o
 .text          0x08008178        0x0 C:/NUCLEO-F446RE/APP/Build/Object/RTOS/RTOS.o
 .text          0x08008178        0x0 C:/NUCLEO-F446RE/APP/Build/Object/Startup/startup_stm32f103.o
 .text          0x08008178        0x0 C:/NUCLEO-F446RE/APP/Build/Object/Src/main.o
 *(.text*)
 .text.RCC_EnableHSI
                0x08008178       0x30 C:/NUCLEO-F446RE/APP/Build/Object/MCAL/RCC/src/RCC_program.o
 .text.RCC_EnableHSE
                0x080081a8       0x30 C:/NUCLEO-F446RE/APP/Build/Object/MCAL/RCC/src/RCC_program.o
 .text.RCC_EnablePLL
                0x080081d8       0x30 C:/NUCLEO-F446RE/APP/Build/Object/MCAL/RCC/src/RCC_program.o
 .text.RCC_DisablePLL
                0x08008208       0x30 C:/NUCLEO-F446RE/APP/Build/Object/MCAL/RCC/src/RCC_program.o
 .text.RCC_SelectSystemClock
                0x08008238       0x4c C:/NUCLEO-F446RE/APP/Build/Object/MCAL/RCC/src/RCC_program.o
 .text.RCC_ConfigPLL
                0x08008284       0x78 C:/NUCLEO-F446RE/APP/Build/Object/MCAL/RCC/src/RCC_program.o
 .text.RCC_SetAHBPrescaler
                0x080082fc       0x38 C:/NUCLEO-F446RE/APP/Build/Object/MCAL/RCC/src/RCC_program.o
 .text.RCC_SetAPB1Prescaler
                0x08008334       0x38 C:/NUCLEO-F446RE/APP/Build/Object/MCAL/RCC/src/RCC_program.o
 .text.RCC_SetAPB2Prescaler
                0x0800836c       0x38 C:/NUCLEO-F446RE/APP/Build/Object/MCAL/RCC/src/RCC_program.o
 .text.RCC_Init
                0x080083a4       0x8e C:/NUCLEO-F446RE/APP/Build/Object/MCAL/RCC/src/RCC_program.o
                0x080083a4                RCC_Init
 *fill*         0x08008432        0x2 
 .text.RCC_EnableClock
                0x08008434       0xc0 C:/NUCLEO-F446RE/APP/Build/Object/MCAL/RCC/src/RCC_program.o
                0x08008434                RCC_EnableClock
 .text.RCC_DisableClock
                0x080084f4       0xcc C:/NUCLEO-F446RE/APP/Build/Object/MCAL/RCC/src/RCC_program.o
                0x080084f4                RCC_DisableClock
 .text.NVIC_EnableInterrupt
                0x080085c0       0x54 C:/NUCLEO-F446RE/APP/Build/Object/MCAL/NVIC/src/NVIC_program.o
                0x080085c0                NVIC_EnableInterrupt
 .text.NVIC_DisableInterrupt
                0x08008614       0x54 C:/NUCLEO-F446RE/APP/Build/Object/MCAL/NVIC/src/NVIC_program.o
                0x08008614                NVIC_DisableInterrupt
 .text.NVIC_SetPendingFlag
                0x08008668       0x54 C:/NUCLEO-F446RE/APP/Build/Object/MCAL/NVIC/src/NVIC_program.o
                0x08008668                NVIC_SetPendingFlag
 .text.NVIC_ClearPendingFlag
                0x080086bc       0x54 C:/NUCLEO-F446RE/APP/Build/Object/MCAL/NVIC/src/NVIC_program.o
                0x080086bc                NVIC_ClearPendingFlag
 .text.NVIC_GetActiveInterrupt
                0x08008710       0x6c C:/NUCLEO-F446RE/APP/Build/Object/MCAL/NVIC/src/NVIC_program.o
                0x08008710                NVIC_GetActiveInterrupt
 .text.NVIC_SetPriority
                0x0800877c       0x68 C:/NUCLEO-F446RE/APP/Build/Object/MCAL/NVIC/src/NVIC_program.o
                0x0800877c                NVIC_SetPriority
 .text.SysTick_voidInit
                0x080087e4       0x1c C:/NUCLEO-F446RE/APP/Build/Object/MCAL/SysTick/src/SysTick_program.o
                0x080087e4                SysTick_voidInit
 .text.SysTick_voidSetBusyWait
                0x08008800       0x54 C:/NUCLEO-F446RE/APP/Build/Object/MCAL/SysTick/src/SysTick_program.o
                0x08008800                SysTick_voidSetBusyWait
 .text.SysTick_voidSetIntervalSingle
                0x08008854       0x58 C:/NUCLEO-F446RE/APP/Build/Object/MCAL/SysTick/src/SysTick_program.o
                0x08008854                SysTick_voidSetIntervalSingle
 .text.SysTick_voidSetIntervalPeriodoc
                0x080088ac       0x64 C:/NUCLEO-F446RE/APP/Build/Object/MCAL/SysTick/src/SysTick_program.o
                0x080088ac                SysTick_voidSetIntervalPeriodoc
 .text.SysTick_voidStopTimer
                0x08008910       0x1c C:/NUCLEO-F446RE/APP/Build/Object/MCAL/SysTick/src/SysTick_program.o
                0x08008910                SysTick_voidStopTimer
 .text.SysTick_GetElapsedTime
                0x0800892c       0x20 C:/NUCLEO-F446RE/APP/Build/Object/MCAL/SysTick/src/SysTick_program.o
                0x0800892c                SysTick_GetElapsedTime
 .text.SysTick_GetRemaningTime
                0x0800894c       0x18 C:/NUCLEO-F446RE/APP/Build/Object/MCAL/SysTick/src/SysTick_program.o
                0x0800894c                SysTick_GetRemaningTime
 .text.SysTick_Handler
                0x08008964       0x14 C:/NUCLEO-F446RE/APP/Build/Object/MCAL/SysTick/src/SysTick_program.o
                0x08008964                SysTick_Handler
 .text.GPIO_GetPort
                0x08008978       0x88 C:/NUCLEO-F446RE/APP/Build/Object/MCAL/GPIO/src/GPIO_program.o
 .text.GPIO_InitPin
                0x08008a00      0x106 C:/NUCLEO-F446RE/APP/Build/Object/MCAL/GPIO/src/GPIO_program.o
                0x08008a00                GPIO_InitPin
 .text.GPIO_WritePin
                0x08008b06       0x60 C:/NUCLEO-F446RE/APP/Build/Object/MCAL/GPIO/src/GPIO_program.o
                0x08008b06                GPIO_WritePin
 .text.GPIO_TogglePin
                0x08008b66       0x4a C:/NUCLEO-F446RE/APP/Build/Object/MCAL/GPIO/src/GPIO_program.o
                0x08008b66                GPIO_TogglePin
 .text.GPIO_ReadPin
                0x08008bb0       0x4e C:/NUCLEO-F446RE/APP/Build/Object/MCAL/GPIO/src/GPIO_program.o
                0x08008bb0                GPIO_ReadPin
 *fill*         0x08008bfe        0x2 
 .text.GPIO_SetAF
                0x08008c00      0x118 C:/NUCLEO-F446RE/APP/Build/Object/MCAL/GPIO/src/GPIO_program.o
                0x08008c00                GPIO_SetAF
 .text.Get_BASE_ADD
                0x08008d18       0x50 C:/NUCLEO-F446RE/APP/Build/Object/MCAL/UART/src/UART.o
                0x08008d18                Get_BASE_ADD
 .text.Write_UART_Number
                0x08008d68       0x88 C:/NUCLEO-F446RE/APP/Build/Object/MCAL/UART/src/UART.o
                0x08008d68                Write_UART_Number
 .text.UART_Init
                0x08008df0      0x134 C:/NUCLEO-F446RE/APP/Build/Object/MCAL/UART/src/UART.o
                0x08008df0                UART_Init
 .text.UART_SendSyncBuffer
                0x08008f24       0x56 C:/NUCLEO-F446RE/APP/Build/Object/MCAL/UART/src/UART.o
                0x08008f24                UART_SendSyncBuffer
 *fill*         0x08008f7a        0x2 
 .text.UART_voidSendNumber
                0x08008f7c       0x50 C:/NUCLEO-F446RE/APP/Build/Object/MCAL/UART/src/UART.o
                0x08008f7c                UART_voidSendNumber
 .text.UART2_CALLBACK
                0x08008fcc       0x24 C:/NUCLEO-F446RE/APP/Build/Object/MCAL/UART/src/UART.o
                0x08008fcc                UART2_CALLBACK
 .text.USART2_IRQHandler
                0x08008ff0       0x84 C:/NUCLEO-F446RE/APP/Build/Object/MCAL/UART/src/UART.o
                0x08008ff0                USART2_IRQHandler
 .text.GET_TIMER_BASE_ADD
                0x08009074       0x34 C:/NUCLEO-F446RE/APP/Build/Object/MCAL/Basic_Timer/src/Basic_Timer.o
 .text.Timer_Init
                0x080090a8       0xa8 C:/NUCLEO-F446RE/APP/Build/Object/MCAL/Basic_Timer/src/Basic_Timer.o
                0x080090a8                Timer_Init
 .text.Timer_Start
                0x08009150       0x4c C:/NUCLEO-F446RE/APP/Build/Object/MCAL/Basic_Timer/src/Basic_Timer.o
                0x08009150                Timer_Start
 .text.Timer_Stop
                0x0800919c       0x4c C:/NUCLEO-F446RE/APP/Build/Object/MCAL/Basic_Timer/src/Basic_Timer.o
                0x0800919c                Timer_Stop
 .text.Timer_SetCallback
                0x080091e8       0x44 C:/NUCLEO-F446RE/APP/Build/Object/MCAL/Basic_Timer/src/Basic_Timer.o
                0x080091e8                Timer_SetCallback
 .text.TIM6_DAC_IRQHandler
                0x0800922c       0x3c C:/NUCLEO-F446RE/APP/Build/Object/MCAL/Basic_Timer/src/Basic_Timer.o
                0x0800922c                TIM6_DAC_IRQHandler
 .text.TIM7_IRQHandler
                0x08009268       0x3c C:/NUCLEO-F446RE/APP/Build/Object/MCAL/Basic_Timer/src/Basic_Timer.o
                0x08009268                TIM7_IRQHandler
 .text.FlashDrv_Unlock
                0x080092a4       0x34 C:/NUCLEO-F446RE/APP/Build/Object/MCAL/FLASH/src/FLASH.o
                0x080092a4                FlashDrv_Unlock
 .text.FlashDrv_Lock
                0x080092d8       0x20 C:/NUCLEO-F446RE/APP/Build/Object/MCAL/FLASH/src/FLASH.o
                0x080092d8                FlashDrv_Lock
 .text.FlashDrv_IsLocked
                0x080092f8       0x1c C:/NUCLEO-F446RE/APP/Build/Object/MCAL/FLASH/src/FLASH.o
                0x080092f8                FlashDrv_IsLocked
 .text.FlashDrv_ClearErrors
                0x08009314       0x20 C:/NUCLEO-F446RE/APP/Build/Object/MCAL/FLASH/src/FLASH.o
                0x08009314                FlashDrv_ClearErrors
 .text.FlashDrv_WaitForLastOperation
                0x08009334       0x54 C:/NUCLEO-F446RE/APP/Build/Object/MCAL/FLASH/src/FLASH.o
 .text.FlashDrv_IsValidAddress
                0x08009388       0x30 C:/NUCLEO-F446RE/APP/Build/Object/MCAL/FLASH/src/FLASH.o
 .text.FlashDrv_GetSector
                0x080093b8       0x88 C:/NUCLEO-F446RE/APP/Build/Object/MCAL/FLASH/src/FLASH.o
                0x080093b8                FlashDrv_GetSector
 .text.FlashDrv_GetSectorBase
                0x08009440       0x80 C:/NUCLEO-F446RE/APP/Build/Object/MCAL/FLASH/src/FLASH.o
                0x08009440                FlashDrv_GetSectorBase
 .text.FlashDrv_GetSectorSize
                0x080094c0       0x74 C:/NUCLEO-F446RE/APP/Build/Object/MCAL/FLASH/src/FLASH.o
                0x080094c0                FlashDrv_GetSectorSize
 .text.FlashDrv_EraseSector
                0x08009534       0x88 C:/NUCLEO-F446RE/APP/Build/Object/MCAL/FLASH/src/FLASH.o
                0x08009534                FlashDrv_EraseSector
 .text.FlashDrv_EraseRange
                0x080095bc       0x76 C:/NUCLEO-F446RE/APP/Build/Object/MCAL/FLASH/src/FLASH.o
                0x080095bc                FlashDrv_EraseRange
 *fill*         0x08009632        0x2 
 .text.FlashDrv_MassErase
                0x08009634       0x64 C:/NUCLEO-F446RE/APP/Build/Object/MCAL/FLASH/src/FLASH.o
                0x08009634                FlashDrv_MassErase
 .text.FlashDrv_ProgramByte
                0x08009698       0x88 C:/NUCLEO-F446RE/APP/Build/Object/MCAL/FLASH/src/FLASH.o
                0x08009698                FlashDrv_ProgramByte
 .text.FlashDrv_ProgramHalfWord
                0x08009720       0x98 C:/NUCLEO-F446RE/APP/Build/Object/MCAL/FLASH/src/FLASH.o
                0x08009720                FlashDrv_ProgramHalfWord
 .text.FlashDrv_ProgramWord
                0x080097b8       0x98 C:/NUCLEO-F446RE/APP/Build/Object/MCAL/FLASH/src/FLASH.o
                0x080097b8                FlashDrv_ProgramWord
 .text.FlashDrv_ProgramBuffer
                0x08009850       0x80 C:/NUCLEO-F446RE/APP/Build/Object/MCAL/FLASH/src/FLASH.o
                0x08009850                FlashDrv_ProgramBuffer
 .text.FlashDrv_ProgramBufferAligned
                0x080098d0       0xc6 C:/NUCLEO-F446RE/APP/Build/Object/MCAL/FLASH/src/FLASH.o
                0x080098d0                FlashDrv_ProgramBufferAligned
 .text.FlashDrv_Verify
                0x08009996       0x4c C:/NUCLEO-F446RE/APP/Build/Object/MCAL/FLASH/src/FLASH.o
                0x08009996                FlashDrv_Verify
 .text.FlashDrv_IsErased
                0x080099e2       0x40 C:/NUCLEO-F446RE/APP/Build/Object/MCAL/FLASH/src/FLASH.o
                0x080099e2                FlashDrv_IsErased
 .text.FlashDrv_Read
                0x08009a22       0x62 C:/NUCLEO-F446RE/APP/Build/Object/MCAL/FLASH/src/FLASH.o
                0x08009a22                FlashDrv_Read
 .text.FlashDrv_PrepareForWrite
                0x08009a84       0x10 C:/NUCLEO-F446RE/APP/Build/Object/MCAL/FLASH/src/FLASH.o
                0x08009a84                FlashDrv_PrepareForWrite
 .text.FlashDrv_FinishWrite
                0x08009a94       0x10 C:/NUCLEO-F446RE/APP/Build/Object/MCAL/FLASH/src/FLASH.o
                0x08009a94                FlashDrv_FinishWrite
 .text.FlashDrv_ProgramWordSafe
                0x08009aa4       0x28 C:/NUCLEO-F446RE/APP/Build/Object/MCAL/FLASH/src/FLASH.o
                0x08009aa4                FlashDrv_ProgramWordSafe
 .text.RTOS_voidStart
                0x08009acc       0x1c C:/NUCLEO-F446RE/APP/Build/Object/RTOS/RTOS.o
                0x08009acc                RTOS_voidStart
 .text.RTOS_voidCreateTask
                0x08009ae8       0x84 C:/NUCLEO-F446RE/APP/Build/Object/RTOS/RTOS.o
                0x08009ae8                RTOS_voidCreateTask
 .text.RTOS_voidSchedular
                0x08009b6c       0xd0 C:/NUCLEO-F446RE/APP/Build/Object/RTOS/RTOS.o
                0x08009b6c                RTOS_voidSchedular
 .text.RTOS_voidDeleteTask
                0x08009c3c       0x90 C:/NUCLEO-F446RE/APP/Build/Object/RTOS/RTOS.o
                0x08009c3c                RTOS_voidDeleteTask
 .text.RTOS_voidSuspendTask
                0x08009ccc       0x30 C:/NUCLEO-F446RE/APP/Build/Object/RTOS/RTOS.o
                0x08009ccc                RTOS_voidSuspendTask
 .text.RTOS_voidResumeTask
                0x08009cfc       0x30 C:/NUCLEO-F446RE/APP/Build/Object/RTOS/RTOS.o
                0x08009cfc                RTOS_voidResumeTask
 .text.RTOS_voidWaitEvent
                0x08009d2c       0x30 C:/NUCLEO-F446RE/APP/Build/Object/RTOS/RTOS.o
                0x08009d2c                RTOS_voidWaitEvent
 .text.Reset_Handler
                0x08009d5c       0x94 C:/NUCLEO-F446RE/APP/Build/Object/Startup/startup_stm32f103.o
                0x08009d5c                Reset_Handler
 .text.Default_Handler
                0x08009df0        0x6 C:/NUCLEO-F446RE/APP/Build/Object/Startup/startup_stm32f103.o
                0x08009df0                RTC_Alarm_IRQHandler
                0x08009df0                EXTI2_IRQHandler
                0x08009df0                TIM8_CC_IRQHandler
                0x08009df0                DebugMon_Handler
                0x08009df0                SPI4_IRQHandler
                0x08009df0                TIM1_CC_IRQHandler
                0x08009df0                DMA2_Stream5_IRQHandler
                0x08009df0                HardFault_Handler
                0x08009df0                DMA1_Stream5_IRQHandler
                0x08009df0                PVD_IRQHandler
                0x08009df0                SDIO_IRQHandler
                0x08009df0                TAMP_STAMP_IRQHandler
                0x08009df0                PendSV_Handler
                0x08009df0                NMI_Handler
                0x08009df0                CAN2_RX1_IRQHandler
                0x08009df0                EXTI3_IRQHandler
                0x08009df0                TIM8_TRG_COM_TIM14_IRQHandler
                0x08009df0                TIM1_UP_TIM10_IRQHandler
                0x08009df0                TIM8_UP_TIM13_IRQHandler
                0x08009df0                I2C3_ER_IRQHandler
                0x08009df0                EXTI0_IRQHandler
                0x08009df0                I2C2_EV_IRQHandler
                0x08009df0                DMA1_Stream2_IRQHandler
                0x08009df0                CAN1_RX0_IRQHandler
                0x08009df0                FPU_IRQHandler
                0x08009df0                UsageFault_Handler
                0x08009df0                CAN2_SCE_IRQHandler
                0x08009df0                DMA2_Stream2_IRQHandler
                0x08009df0                SPI1_IRQHandler
                0x08009df0                TIM1_BRK_TIM9_IRQHandler
                0x08009df0                CAN2_RX0_IRQHandler
                0x08009df0                DMA2_Stream3_IRQHandler
                0x08009df0                USART6_IRQHandler
                0x08009df0                USART3_IRQHandler
                0x08009df0                CAN1_RX1_IRQHandler
                0x08009df0                UART5_IRQHandler
                0x08009df0                DMA2_Stream0_IRQHandler
                0x08009df0                TIM4_IRQHandler
                0x08009df0                I2C1_EV_IRQHandler
                0x08009df0                DMA1_Stream6_IRQHandler
                0x08009df0                DMA1_Stream1_IRQHandler
                0x08009df0                UART4_IRQHandler
                0x08009df0                TIM3_IRQHandler
                0x08009df0                RCC_IRQHandler
                0x08009df0                TIM8_BRK_TIM12_IRQHandler
                0x08009df0                Default_Handler
                0x08009df0                EXTI15_10_IRQHandler
                0x08009df0                ADC_IRQHandler
                0x08009df0                DMA1_Stream7_IRQHandler
                0x08009df0                SPI5_IRQHandler
                0x08009df0                CAN2_TX_IRQHandler
                0x08009df0                TIM5_IRQHandler
                0x08009df0                DMA2_Stream7_IRQHandler
                0x08009df0                I2C3_EV_IRQHandler
                0x08009df0                EXTI9_5_IRQHandler
                0x08009df0                RTC_WKUP_IRQHandler
                0x08009df0                SPI2_IRQHandler
                0x08009df0                MemManage_Handler
                0x08009df0                DMA1_Stream0_IRQHandler
                0x08009df0                CAN1_TX_IRQHandler
                0x08009df0                SVC_Handler
                0x08009df0                EXTI4_IRQHandler
                0x08009df0                WWDG_IRQHandler
                0x08009df0                SPI6_IRQHandler
                0x08009df0                TIM2_IRQHandler
                0x08009df0                OTG_FS_WKUP_IRQHandler
                0x08009df0                TIM1_TRG_COM_TIM11_IRQHandler
                0x08009df0                DMA2D_IRQHandler
                0x08009df0                EXTI1_IRQHandler
                0x08009df0                I2C2_ER_IRQHandler
                0x08009df0                DMA2_Stream1_IRQHandler
                0x08009df0                CAN1_SCE_IRQHandler
                0x08009df0                FLASH_IRQHandler
                0x08009df0                DMA2_Stream4_IRQHandler
                0x08009df0                BusFault_Handler
                0x08009df0                USART1_IRQHandler
                0x08009df0                OTG_FS_IRQHandler
                0x08009df0                SPI3_IRQHandler
                0x08009df0                DMA1_Stream4_IRQHandler
                0x08009df0                I2C1_ER_IRQHandler
                0x08009df0                FMC_IRQHandler
                0x08009df0                DMA2_Stream6_IRQHandler
                0x08009df0                SAI1_IRQHandler
                0x08009df0                DMA1_Stream3_IRQHandler
 .text.LED      0x08009df6       0x10 C:/NUCLEO-F446RE/APP/Build/Object/Src/main.o
                0x08009df6                LED
 *fill*         0x08009e06        0x2 
 .text.UART     0x08009e08       0x30 C:/NUCLEO-F446RE/APP/Build/Object/Src/main.o
                0x08009e08                UART
 .text.main     0x08009e38       0x2c C:/NUCLEO-F446RE/APP/Build/Object/Src/main.o
                0x08009e38                main
 .text.APP_init
                0x08009e64       0x34 C:/NUCLEO-F446RE/APP/Build/Object/Src/main.o
                0x08009e64                APP_init
 .text.GPIO_PIN_CONFIG
                0x08009e98       0x8e C:/NUCLEO-F446RE/APP/Build/Object/Src/main.o
                0x08009e98                GPIO_PIN_CONFIG
 *fill*         0x08009f26        0x2 
 .text.SystemInit
                0x08009f28       0x3c C:/NUCLEO-F446RE/APP/Build/Object/Src/main.o
                0x08009f28                SystemInit
                0x08009f64                . = ALIGN (0x4)
                0x08009f64                _etext = .

.glue_7         0x08009f64        0x0
 .glue_7        0x08009f64        0x0 linker stubs

.glue_7t        0x08009f64        0x0
 .glue_7t       0x08009f64        0x0 linker stubs

.vfp11_veneer   0x08009f64        0x0
 .vfp11_veneer  0x08009f64        0x0 linker stubs

.v4_bx          0x08009f64        0x0
 .v4_bx         0x08009f64        0x0 linker stubs

.iplt           0x08009f64        0x0
 .iplt          0x08009f64        0x0 C:/NUCLEO-F446RE/APP/Build/Object/MCAL/RCC/src/RCC_program.o

.rodata         0x08009f64       0x10
                0x08009f64                . = ALIGN (0x4)
 *(.rodata)
 .rodata        0x08009f64        0x6 C:/NUCLEO-F446RE/APP/Build/Object/MCAL/UART/src/UART.o
 *fill*         0x08009f6a        0x2 
 .rodata        0x08009f6c        0x2 C:/NUCLEO-F446RE/APP/Build/Object/Src/main.o
 *(.rodata*)
 *fill*         0x08009f6e        0x2 
 .rodata.MSP_Value
                0x08009f70        0x4 C:/NUCLEO-F446RE/APP/Build/Object/Startup/startup_stm32f103.o
                0x08009f70                MSP_Value
                0x08009f74                . = ALIGN (0x4)
                0x08009f74                _sidata = LOADADDR (.data)

.rel.dyn        0x08009f74        0x0
 .rel.iplt      0x08009f74        0x0 C:/NUCLEO-F446RE/APP/Build/Object/MCAL/RCC/src/RCC_program.o

.data           0x20000000       0x14 load address 0x08009f74
                0x20000000                . = ALIGN (0x4)
                0x20000000                _sdata = .
 *(.data)
 .data          0x20000000        0x0 C:/NUCLEO-F446RE/APP/Build/Object/MCAL/RCC/src/RCC_program.o
 .data          0x20000000        0x0 C:/NUCLEO-F446RE/APP/Build/Object/MCAL/NVIC/src/NVIC_program.o
 .data          0x20000000        0x0 C:/NUCLEO-F446RE/APP/Build/Object/MCAL/SysTick/src/SysTick_program.o
 .data          0x20000000        0x0 C:/NUCLEO-F446RE/APP/Build/Object/MCAL/GPIO/src/GPIO_program.o
 .data          0x20000000        0x0 C:/NUCLEO-F446RE/APP/Build/Object/MCAL/UART/src/UART.o
 .data          0x20000000        0x0 C:/NUCLEO-F446RE/APP/Build/Object/MCAL/Basic_Timer/src/Basic_Timer.o
 .data          0x20000000        0x0 C:/NUCLEO-F446RE/APP/Build/Object/MCAL/FLASH/src/FLASH.o
 .data          0x20000000        0x0 C:/NUCLEO-F446RE/APP/Build/Object/RTOS/RTOS.o
 .data          0x20000000        0x0 C:/NUCLEO-F446RE/APP/Build/Object/Startup/startup_stm32f103.o
 .data          0x20000000        0x0 C:/NUCLEO-F446RE/APP/Build/Object/Src/main.o
 *(.data*)
 .data.nvic_stat
                0x20000000        0x1 C:/NUCLEO-F446RE/APP/Build/Object/MCAL/Basic_Timer/src/Basic_Timer.o
                0x20000000                nvic_stat
 *fill*         0x20000001        0x3 
 .data.Uart_configuration
                0x20000004        0xc C:/NUCLEO-F446RE/APP/Build/Object/Src/main.o
                0x20000004                Uart_configuration
 .data.counter.0
                0x20000010        0x4 C:/NUCLEO-F446RE/APP/Build/Object/Src/main.o
                0x20000014                . = ALIGN (0x4)
                0x20000014                _edata = .

.igot.plt       0x20000014        0x0 load address 0x08009f88
 .igot.plt      0x20000014        0x0 C:/NUCLEO-F446RE/APP/Build/Object/MCAL/RCC/src/RCC_program.o

.bss            0x20000014       0x58 load address 0x08009f88
                0x20000014                _sbss = .
 *(.bss)
 .bss           0x20000014        0x0 C:/NUCLEO-F446RE/APP/Build/Object/MCAL/RCC/src/RCC_program.o
 .bss           0x20000014        0x0 C:/NUCLEO-F446RE/APP/Build/Object/MCAL/NVIC/src/NVIC_program.o
 .bss           0x20000014        0x0 C:/NUCLEO-F446RE/APP/Build/Object/MCAL/SysTick/src/SysTick_program.o
 .bss           0x20000014        0x0 C:/NUCLEO-F446RE/APP/Build/Object/MCAL/GPIO/src/GPIO_program.o
 .bss           0x20000014        0x0 C:/NUCLEO-F446RE/APP/Build/Object/MCAL/UART/src/UART.o
 .bss           0x20000014        0x0 C:/NUCLEO-F446RE/APP/Build/Object/MCAL/Basic_Timer/src/Basic_Timer.o
 .bss           0x20000014        0x0 C:/NUCLEO-F446RE/APP/Build/Object/MCAL/FLASH/src/FLASH.o
 .bss           0x20000014        0x0 C:/NUCLEO-F446RE/APP/Build/Object/RTOS/RTOS.o
 .bss           0x20000014        0x0 C:/NUCLEO-F446RE/APP/Build/Object/Startup/startup_stm32f103.o
 .bss           0x20000014        0x0 C:/NUCLEO-F446RE/APP/Build/Object/Src/main.o
 *(.bss*)
 .bss.Local_PvFunction
                0x20000014        0x4 C:/NUCLEO-F446RE/APP/Build/Object/MCAL/SysTick/src/SysTick_program.o
 .bss.rx_test   0x20000018        0x1 C:/NUCLEO-F446RE/APP/Build/Object/MCAL/UART/src/UART.o
                0x20000018                rx_test
 *fill*         0x20000019        0x3 
 .bss.funcPtr   0x2000001c        0x4 C:/NUCLEO-F446RE/APP/Build/Object/MCAL/UART/src/UART.o
                0x2000001c                funcPtr
 .bss.tim6_callback
                0x20000020        0x4 C:/NUCLEO-F446RE/APP/Build/Object/MCAL/Basic_Timer/src/Basic_Timer.o
 .bss.tim7_callback
                0x20000024        0x4 C:/NUCLEO-F446RE/APP/Build/Object/MCAL/Basic_Timer/src/Basic_Timer.o
 .bss.total_ticks
                0x20000028        0x4 C:/NUCLEO-F446RE/APP/Build/Object/MCAL/Basic_Timer/src/Basic_Timer.o
                0x20000028                total_ticks
 .bss.Local_PvFunction
                0x2000002c        0x4 C:/NUCLEO-F446RE/APP/Build/Object/RTOS/RTOS.o
 .bss.SysTask   0x20000030       0x30 C:/NUCLEO-F446RE/APP/Build/Object/RTOS/RTOS.o
                0x20000030                SysTask
 .bss.RCC_Configuration
                0x20000060        0xc C:/NUCLEO-F446RE/APP/Build/Object/Src/main.o
                0x20000060                RCC_Configuration
                0x2000006c                . = ALIGN (0x4)
                0x2000006c                _ebss = .

._user_heap_stack
                0x2000006c     0x1204 load address 0x08009f88
                0x20000070                . = ALIGN (0x8)
 *fill*         0x2000006c        0x4 
                0x20000270                . = (. + _Min_Heap_Size)
 *fill*         0x20000070      0x200 
                0x20001270                . = (. + _Min_Stack_Size)
 *fill*         0x20000270     0x1000 
                0x20001270                . = ALIGN (0x8)
LOAD C:/NUCLEO-F446RE/APP/Build/Object/MCAL/RCC/src/RCC_program.o
LOAD C:/NUCLEO-F446RE/APP/Build/Object/MCAL/NVIC/src/NVIC_program.o
LOAD C:/NUCLEO-F446RE/APP/Build/Object/MCAL/SysTick/src/SysTick_program.o
LOAD C:/NUCLEO-F446RE/APP/Build/Object/MCAL/GPIO/src/GPIO_program.o
LOAD C:/NUCLEO-F446RE/APP/Build/Object/MCAL/UART/src/UART.o
LOAD C:/NUCLEO-F446RE/APP/Build/Object/MCAL/Basic_Timer/src/Basic_Timer.o
LOAD C:/NUCLEO-F446RE/APP/Build/Object/MCAL/FLASH/src/FLASH.o
LOAD C:/NUCLEO-F446RE/APP/Build/Object/RTOS/RTOS.o
LOAD C:/NUCLEO-F446RE/APP/Build/Object/Startup/startup_stm32f103.o
LOAD C:/NUCLEO-F446RE/APP/Build/Object/Src/main.o
OUTPUT(C:/NUCLEO-F446RE/APP/Tools/application.elf elf32-littlearm)
LOAD linker stubs

.debug_info     0x00000000     0x282d
 .debug_info    0x00000000      0x3e2 C:/NUCLEO-F446RE/APP/Build/Object/MCAL/RCC/src/RCC_program.o
 .debug_info    0x000003e2      0x303 C:/NUCLEO-F446RE/APP/Build/Object/MCAL/NVIC/src/NVIC_program.o
 .debug_info    0x000006e5      0x26b C:/NUCLEO-F446RE/APP/Build/Object/MCAL/SysTick/src/SysTick_program.o
 .debug_info    0x00000950      0x531 C:/NUCLEO-F446RE/APP/Build/Object/MCAL/GPIO/src/GPIO_program.o
 .debug_info    0x00000e81      0x4ba C:/NUCLEO-F446RE/APP/Build/Object/MCAL/UART/src/UART.o
 .debug_info    0x0000133b      0x3be C:/NUCLEO-F446RE/APP/Build/Object/MCAL/Basic_Timer/src/Basic_Timer.o
 .debug_info    0x000016f9      0x684 C:/NUCLEO-F446RE/APP/Build/Object/MCAL/FLASH/src/FLASH.o
 .debug_info    0x00001d7d      0x2a6 C:/NUCLEO-F446RE/APP/Build/Object/RTOS/RTOS.o
 .debug_info    0x00002023      0x148 C:/NUCLEO-F446RE/APP/Build/Object/Startup/startup_stm32f103.o
 .debug_info    0x0000216b      0x6c2 C:/NUCLEO-F446RE/APP/Build/Object/Src/main.o

.debug_abbrev   0x00000000      0xbd0
 .debug_abbrev  0x00000000      0x134 C:/NUCLEO-F446RE/APP/Build/Object/MCAL/RCC/src/RCC_program.o
 .debug_abbrev  0x00000134      0x12e C:/NUCLEO-F446RE/APP/Build/Object/MCAL/NVIC/src/NVIC_program.o
 .debug_abbrev  0x00000262      0x144 C:/NUCLEO-F446RE/APP/Build/Object/MCAL/SysTick/src/SysTick_program.o
 .debug_abbrev  0x000003a6      0x129 C:/NUCLEO-F446RE/APP/Build/Object/MCAL/GPIO/src/GPIO_program.o
 .debug_abbrev  0x000004cf      0x165 C:/NUCLEO-F446RE/APP/Build/Object/MCAL/UART/src/UART.o
 .debug_abbrev  0x00000634       0xfa C:/NUCLEO-F446RE/APP/Build/Object/MCAL/Basic_Timer/src/Basic_Timer.o
 .debug_abbrev  0x0000072e      0x1aa C:/NUCLEO-F446RE/APP/Build/Object/MCAL/FLASH/src/FLASH.o
 .debug_abbrev  0x000008d8      0x134 C:/NUCLEO-F446RE/APP/Build/Object/RTOS/RTOS.o
 .debug_abbrev  0x00000a0c       0xe3 C:/NUCLEO-F446RE/APP/Build/Object/Startup/startup_stm32f103.o
 .debug_abbrev  0x00000aef       0xe1 C:/NUCLEO-F446RE/APP/Build/Object/Src/main.o

.debug_aranges  0x00000000      0x390
 .debug_aranges
                0x00000000       0x78 C:/NUCLEO-F446RE/APP/Build/Object/MCAL/RCC/src/RCC_program.o
 .debug_aranges
                0x00000078       0x48 C:/NUCLEO-F446RE/APP/Build/Object/MCAL/NVIC/src/NVIC_program.o
 .debug_aranges
                0x000000c0       0x58 C:/NUCLEO-F446RE/APP/Build/Object/MCAL/SysTick/src/SysTick_program.o
 .debug_aranges
                0x00000118       0x48 C:/NUCLEO-F446RE/APP/Build/Object/MCAL/GPIO/src/GPIO_program.o
 .debug_aranges
                0x00000160       0x50 C:/NUCLEO-F446RE/APP/Build/Object/MCAL/UART/src/UART.o
 .debug_aranges
                0x000001b0       0x50 C:/NUCLEO-F446RE/APP/Build/Object/MCAL/Basic_Timer/src/Basic_Timer.o
 .debug_aranges
                0x00000200       0xd0 C:/NUCLEO-F446RE/APP/Build/Object/MCAL/FLASH/src/FLASH.o
 .debug_aranges
                0x000002d0       0x50 C:/NUCLEO-F446RE/APP/Build/Object/RTOS/RTOS.o
 .debug_aranges
                0x00000320       0x28 C:/NUCLEO-F446RE/APP/Build/Object/Startup/startup_stm32f103.o
 .debug_aranges
                0x00000348       0x48 C:/NUCLEO-F446RE/APP/Build/Object/Src/main.o

.debug_ranges   0x00000000      0x2f0
 .debug_ranges  0x00000000       0x68 C:/NUCLEO-F446RE/APP/Build/Object/MCAL/RCC/src/RCC_program.o
 .debug_ranges  0x00000068       0x38 C:/NUCLEO-F446RE/APP/Build/Object/MCAL/NVIC/src/NVIC_program.o
 .debug_ranges  0x000000a0       0x48 C:/NUCLEO-F446RE/APP/Build/Object/MCAL/SysTick/src/SysTick_program.o
 .debug_ranges  0x000000e8       0x38 C:/NUCLEO-F446RE/APP/Build/Object/MCAL/GPIO/src/GPIO_program.o
 .debug_ranges  0x00000120       0x40 C:/NUCLEO-F446RE/APP/Build/Object/MCAL/UART/src/UART.o
 .debug_ranges  0x00000160       0x40 C:/NUCLEO-F446RE/APP/Build/Object/MCAL/Basic_Timer/src/Basic_Timer.o
 .debug_ranges  0x000001a0       0xc0 C:/NUCLEO-F446RE/APP/Build/Object/MCAL/FLASH/src/FLASH.o
 .debug_ranges  0x00000260       0x40 C:/NUCLEO-F446RE/APP/Build/Object/RTOS/RTOS.o
 .debug_ranges  0x000002a0       0x18 C:/NUCLEO-F446RE/APP/Build/Object/Startup/startup_stm32f103.o
 .debug_ranges  0x000002b8       0x38 C:/NUCLEO-F446RE/APP/Build/Object/Src/main.o

.debug_macro    0x00000000     0x1388
 .debug_macro   0x00000000       0x32 C:/NUCLEO-F446RE/APP/Build/Object/MCAL/RCC/src/RCC_program.o
 .debug_macro   0x00000032      0xa66 C:/NUCLEO-F446RE/APP/Build/Object/MCAL/RCC/src/RCC_program.o
 .debug_macro   0x00000a98       0x10 C:/NUCLEO-F446RE/APP/Build/Object/MCAL/RCC/src/RCC_program.o
 .debug_macro   0x00000aa8       0x22 C:/NUCLEO-F446RE/APP/Build/Object/MCAL/RCC/src/RCC_program.o
 .debug_macro   0x00000aca       0xd0 C:/NUCLEO-F446RE/APP/Build/Object/MCAL/RCC/src/RCC_program.o
 .debug_macro   0x00000b9a       0x49 C:/NUCLEO-F446RE/APP/Build/Object/MCAL/NVIC/src/NVIC_program.o
 .debug_macro   0x00000be3       0x58 C:/NUCLEO-F446RE/APP/Build/Object/MCAL/NVIC/src/NVIC_program.o
 .debug_macro   0x00000c3b       0x10 C:/NUCLEO-F446RE/APP/Build/Object/MCAL/NVIC/src/NVIC_program.o
 .debug_macro   0x00000c4b       0x3b C:/NUCLEO-F446RE/APP/Build/Object/MCAL/SysTick/src/SysTick_program.o
 .debug_macro   0x00000c86       0x22 C:/NUCLEO-F446RE/APP/Build/Object/MCAL/SysTick/src/SysTick_program.o
 .debug_macro   0x00000ca8       0x2e C:/NUCLEO-F446RE/APP/Build/Object/MCAL/SysTick/src/SysTick_program.o
 .debug_macro   0x00000cd6       0x3b C:/NUCLEO-F446RE/APP/Build/Object/MCAL/GPIO/src/GPIO_program.o
 .debug_macro   0x00000d11       0x6a C:/NUCLEO-F446RE/APP/Build/Object/MCAL/GPIO/src/GPIO_program.o
 .debug_macro   0x00000d7b       0x10 C:/NUCLEO-F446RE/APP/Build/Object/MCAL/GPIO/src/GPIO_program.o
 .debug_macro   0x00000d8b       0x32 C:/NUCLEO-F446RE/APP/Build/Object/MCAL/UART/src/UART.o
 .debug_macro   0x00000dbd       0x5e C:/NUCLEO-F446RE/APP/Build/Object/MCAL/UART/src/UART.o
 .debug_macro   0x00000e1b       0x45 C:/NUCLEO-F446RE/APP/Build/Object/MCAL/Basic_Timer/src/Basic_Timer.o
 .debug_macro   0x00000e60       0xd6 C:/NUCLEO-F446RE/APP/Build/Object/MCAL/Basic_Timer/src/Basic_Timer.o
 .debug_macro   0x00000f36       0x76 C:/NUCLEO-F446RE/APP/Build/Object/MCAL/Basic_Timer/src/Basic_Timer.o
 .debug_macro   0x00000fac       0x29 C:/NUCLEO-F446RE/APP/Build/Object/MCAL/FLASH/src/FLASH.o
 .debug_macro   0x00000fd5      0x130 C:/NUCLEO-F446RE/APP/Build/Object/MCAL/FLASH/src/FLASH.o
 .debug_macro   0x00001105       0x44 C:/NUCLEO-F446RE/APP/Build/Object/RTOS/RTOS.o
 .debug_macro   0x00001149       0x10 C:/NUCLEO-F446RE/APP/Build/Object/RTOS/RTOS.o
 .debug_macro   0x00001159       0x17 C:/NUCLEO-F446RE/APP/Build/Object/Startup/startup_stm32f103.o
 .debug_macro   0x00001170       0x7e C:/NUCLEO-F446RE/APP/Build/Object/Src/main.o
 .debug_macro   0x000011ee      0x136 C:/NUCLEO-F446RE/APP/Build/Object/Src/main.o
 .debug_macro   0x00001324       0x64 C:/NUCLEO-F446RE/APP/Build/Object/Src/main.o

.debug_line     0x00000000     0x17e2
 .debug_line    0x00000000      0x2c0 C:/NUCLEO-F446RE/APP/Build/Object/MCAL/RCC/src/RCC_program.o
 .debug_line    0x000002c0      0x206 C:/NUCLEO-F446RE/APP/Build/Object/MCAL/NVIC/src/NVIC_program.o
 .debug_line    0x000004c6      0x1da C:/NUCLEO-F446RE/APP/Build/Object/MCAL/SysTick/src/SysTick_program.o
 .debug_line    0x000006a0      0x295 C:/NUCLEO-F446RE/APP/Build/Object/MCAL/GPIO/src/GPIO_program.o
 .debug_line    0x00000935      0x26d C:/NUCLEO-F446RE/APP/Build/Object/MCAL/UART/src/UART.o
 .debug_line    0x00000ba2      0x216 C:/NUCLEO-F446RE/APP/Build/Object/MCAL/Basic_Timer/src/Basic_Timer.o
 .debug_line    0x00000db8      0x597 C:/NUCLEO-F446RE/APP/Build/Object/MCAL/FLASH/src/FLASH.o
 .debug_line    0x0000134f      0x1dc C:/NUCLEO-F446RE/APP/Build/Object/RTOS/RTOS.o
 .debug_line    0x0000152b       0xe1 C:/NUCLEO-F446RE/APP/Build/Object/Startup/startup_stm32f103.o
 .debug_line    0x0000160c      0x1d6 C:/NUCLEO-F446RE/APP/Build/Object/Src/main.o

.debug_str      0x00000000     0x5733
 .debug_str     0x00000000     0x3506 C:/NUCLEO-F446RE/APP/Build/Object/MCAL/RCC/src/RCC_program.o
                               0x3584 (size before relaxing)
 .debug_str     0x00003506      0x4c4 C:/NUCLEO-F446RE/APP/Build/Object/MCAL/NVIC/src/NVIC_program.o
                               0x3286 (size before relaxing)
 .debug_str     0x000039ca      0x333 C:/NUCLEO-F446RE/APP/Build/Object/MCAL/SysTick/src/SysTick_program.o
                               0x30fe (size before relaxing)
 .debug_str     0x00003cfd      0x4e9 C:/NUCLEO-F446RE/APP/Build/Object/MCAL/GPIO/src/GPIO_program.o
                               0x32a4 (size before relaxing)
 .debug_str     0x000041e6      0x43e C:/NUCLEO-F446RE/APP/Build/Object/MCAL/UART/src/UART.o
                               0x3226 (size before relaxing)
 .debug_str     0x00004624      0x565 C:/NUCLEO-F446RE/APP/Build/Object/MCAL/Basic_Timer/src/Basic_Timer.o
                               0x387c (size before relaxing)
 .debug_str     0x00004b89      0x8ff C:/NUCLEO-F446RE/APP/Build/Object/MCAL/FLASH/src/FLASH.o
                               0x3635 (size before relaxing)
 .debug_str     0x00005488      0x19d C:/NUCLEO-F446RE/APP/Build/Object/RTOS/RTOS.o
                               0x311e (size before relaxing)
 .debug_str     0x00005625       0xa5 C:/NUCLEO-F446RE/APP/Build/Object/Startup/startup_stm32f103.o
                               0x2d2e (size before relaxing)
 .debug_str     0x000056ca       0x69 C:/NUCLEO-F446RE/APP/Build/Object/Src/main.o
                               0x4660 (size before relaxing)

.comment        0x00000000       0x49
 .comment       0x00000000       0x49 C:/NUCLEO-F446RE/APP/Build/Object/MCAL/RCC/src/RCC_program.o
                                 0x4a (size before relaxing)
 .comment       0x00000049       0x4a C:/NUCLEO-F446RE/APP/Build/Object/MCAL/NVIC/src/NVIC_program.o
 .comment       0x00000049       0x4a C:/NUCLEO-F446RE/APP/Build/Object/MCAL/SysTick/src/SysTick_program.o
 .comment       0x00000049       0x4a C:/NUCLEO-F446RE/APP/Build/Object/MCAL/GPIO/src/GPIO_program.o
 .comment       0x00000049       0x4a C:/NUCLEO-F446RE/APP/Build/Object/MCAL/UART/src/UART.o
 .comment       0x00000049       0x4a C:/NUCLEO-F446RE/APP/Build/Object/MCAL/Basic_Timer/src/Basic_Timer.o
 .comment       0x00000049       0x4a C:/NUCLEO-F446RE/APP/Build/Object/MCAL/FLASH/src/FLASH.o
 .comment       0x00000049       0x4a C:/NUCLEO-F446RE/APP/Build/Object/RTOS/RTOS.o
 .comment       0x00000049       0x4a C:/NUCLEO-F446RE/APP/Build/Object/Startup/startup_stm32f103.o
 .comment       0x00000049       0x4a C:/NUCLEO-F446RE/APP/Build/Object/Src/main.o

.ARM.attributes
                0x00000000       0x34
 .ARM.attributes
                0x00000000       0x34 C:/NUCLEO-F446RE/APP/Build/Object/MCAL/RCC/src/RCC_program.o
 .ARM.attributes
                0x00000034       0x34 C:/NUCLEO-F446RE/APP/Build/Object/MCAL/NVIC/src/NVIC_program.o
 .ARM.attributes
                0x00000068       0x34 C:/NUCLEO-F446RE/APP/Build/Object/MCAL/SysTick/src/SysTick_program.o
 .ARM.attributes
                0x0000009c       0x34 C:/NUCLEO-F446RE/APP/Build/Object/MCAL/GPIO/src/GPIO_program.o
 .ARM.attributes
                0x000000d0       0x34 C:/NUCLEO-F446RE/APP/Build/Object/MCAL/UART/src/UART.o
 .ARM.attributes
                0x00000104       0x34 C:/NUCLEO-F446RE/APP/Build/Object/MCAL/Basic_Timer/src/Basic_Timer.o
 .ARM.attributes
                0x00000138       0x34 C:/NUCLEO-F446RE/APP/Build/Object/MCAL/FLASH/src/FLASH.o
 .ARM.attributes
                0x0000016c       0x34 C:/NUCLEO-F446RE/APP/Build/Object/RTOS/RTOS.o
 .ARM.attributes
                0x000001a0       0x34 C:/NUCLEO-F446RE/APP/Build/Object/Startup/startup_stm32f103.o
 .ARM.attributes
                0x000001d4       0x34 C:/NUCLEO-F446RE/APP/Build/Object/Src/main.o

.debug_frame    0x00000000      0xc64
 .debug_frame   0x00000000      0x1c8 C:/NUCLEO-F446RE/APP/Build/Object/MCAL/RCC/src/RCC_program.o
 .debug_frame   0x000001c8      0x100 C:/NUCLEO-F446RE/APP/Build/Object/MCAL/NVIC/src/NVIC_program.o
 .debug_frame   0x000002c8      0x120 C:/NUCLEO-F446RE/APP/Build/Object/MCAL/SysTick/src/SysTick_program.o
 .debug_frame   0x000003e8       0xf4 C:/NUCLEO-F446RE/APP/Build/Object/MCAL/GPIO/src/GPIO_program.o
 .debug_frame   0x000004dc      0x114 C:/NUCLEO-F446RE/APP/Build/Object/MCAL/UART/src/UART.o
 .debug_frame   0x000005f0      0x100 C:/NUCLEO-F446RE/APP/Build/Object/MCAL/Basic_Timer/src/Basic_Timer.o
 .debug_frame   0x000006f0      0x354 C:/NUCLEO-F446RE/APP/Build/Object/MCAL/FLASH/src/FLASH.o
 .debug_frame   0x00000a44      0x118 C:/NUCLEO-F446RE/APP/Build/Object/RTOS/RTOS.o
 .debug_frame   0x00000b5c       0x48 C:/NUCLEO-F446RE/APP/Build/Object/Startup/startup_stm32f103.o
 .debug_frame   0x00000ba4       0xc0 C:/NUCLEO-F446RE/APP/Build/Object/Src/main.o
