
Discarded input sections

 .group         0x00000000        0xc C:/NUCLEO-F446RE/APP/Build/Object/MCAL/RCC/src/RCC_program.o
 .group         0x00000000        0xc C:/NUCLEO-F446RE/APP/Build/Object/MCAL/RCC/src/RCC_program.o
 .group         0x00000000        0xc C:/NUCLEO-F446RE/APP/Build/Object/MCAL/RCC/src/RCC_program.o
 .group         0x00000000        0xc C:/NUCLEO-F446RE/APP/Build/Object/MCAL/RCC/src/RCC_program.o
 .group         0x00000000        0xc C:/NUCLEO-F446RE/APP/Build/Object/MCAL/NVIC/src/NVIC_program.o
 .group         0x00000000        0xc C:/NUCLEO-F446RE/APP/Build/Object/MCAL/NVIC/src/NVIC_program.o
 .group         0x00000000        0xc C:/NUCLEO-F446RE/APP/Build/Object/MCAL/NVIC/src/NVIC_program.o
 .group         0x00000000        0xc C:/NUCLEO-F446RE/APP/Build/Object/MCAL/NVIC/src/NVIC_program.o
 .group         0x00000000        0xc C:/NUCLEO-F446RE/APP/Build/Object/MCAL/NVIC/src/NVIC_program.o
 .debug_macro   0x00000000      0xa66 C:/NUCLEO-F446RE/APP/Build/Object/MCAL/NVIC/src/NVIC_program.o
 .debug_macro   0x00000000       0x10 C:/NUCLEO-F446RE/APP/Build/Object/MCAL/NVIC/src/NVIC_program.o
 .debug_macro   0x00000000       0x22 C:/NUCLEO-F446RE/APP/Build/Object/MCAL/NVIC/src/NVIC_program.o
 .group         0x00000000        0xc C:/NUCLEO-F446RE/APP/Build/Object/MCAL/SysTick/src/SysTick_program.o
 .group         0x00000000        0xc C:/NUCLEO-F446RE/APP/Build/Object/MCAL/SysTick/src/SysTick_program.o
 .group         0x00000000        0xc C:/NUCLEO-F446RE/APP/Build/Object/MCAL/SysTick/src/SysTick_program.o
 .group         0x00000000        0xc C:/NUCLEO-F446RE/APP/Build/Object/MCAL/SysTick/src/SysTick_program.o
 .group         0x00000000        0xc C:/NUCLEO-F446RE/APP/Build/Object/MCAL/SysTick/src/SysTick_program.o
 .debug_macro   0x00000000      0xa66 C:/NUCLEO-F446RE/APP/Build/Object/MCAL/SysTick/src/SysTick_program.o
 .debug_macro   0x00000000       0x10 C:/NUCLEO-F446RE/APP/Build/Object/MCAL/SysTick/src/SysTick_program.o
 .debug_macro   0x00000000       0x22 C:/NUCLEO-F446RE/APP/Build/Object/MCAL/SysTick/src/SysTick_program.o
 .group         0x00000000        0xc C:/NUCLEO-F446RE/APP/Build/Object/MCAL/GPIO/src/GPIO_program.o
 .group         0x00000000        0xc C:/NUCLEO-F446RE/APP/Build/Object/MCAL/GPIO/src/GPIO_program.o
 .group         0x00000000        0xc C:/NUCLEO-F446RE/APP/Build/Object/MCAL/GPIO/src/GPIO_program.o
 .group         0x00000000        0xc C:/NUCLEO-F446RE/APP/Build/Object/MCAL/GPIO/src/GPIO_program.o
 .group         0x00000000        0xc C:/NUCLEO-F446RE/APP/Build/Object/MCAL/GPIO/src/GPIO_program.o
 .debug_macro   0x00000000      0xa66 C:/NUCLEO-F446RE/APP/Build/Object/MCAL/GPIO/src/GPIO_program.o
 .debug_macro   0x00000000       0x10 C:/NUCLEO-F446RE/APP/Build/Object/MCAL/GPIO/src/GPIO_program.o
 .debug_macro   0x00000000       0x22 C:/NUCLEO-F446RE/APP/Build/Object/MCAL/GPIO/src/GPIO_program.o
 .group         0x00000000        0xc C:/NUCLEO-F446RE/APP/Build/Object/MCAL/UART/src/UART.o
 .group         0x00000000        0xc C:/NUCLEO-F446RE/APP/Build/Object/MCAL/UART/src/UART.o
 .group         0x00000000        0xc C:/NUCLEO-F446RE/APP/Build/Object/MCAL/UART/src/UART.o
 .group         0x00000000        0xc C:/NUCLEO-F446RE/APP/Build/Object/MCAL/UART/src/UART.o
 .debug_macro   0x00000000      0xa66 C:/NUCLEO-F446RE/APP/Build/Object/MCAL/UART/src/UART.o
 .debug_macro   0x00000000       0x10 C:/NUCLEO-F446RE/APP/Build/Object/MCAL/UART/src/UART.o
 .debug_macro   0x00000000       0x22 C:/NUCLEO-F446RE/APP/Build/Object/MCAL/UART/src/UART.o
 .group         0x00000000        0xc C:/NUCLEO-F446RE/APP/Build/Object/RTOS/RTOS.o
 .group         0x00000000        0xc C:/NUCLEO-F446RE/APP/Build/Object/RTOS/RTOS.o
 .group         0x00000000        0xc C:/NUCLEO-F446RE/APP/Build/Object/RTOS/RTOS.o
 .group         0x00000000        0xc C:/NUCLEO-F446RE/APP/Build/Object/RTOS/RTOS.o
 .group         0x00000000        0xc C:/NUCLEO-F446RE/APP/Build/Object/RTOS/RTOS.o
 .group         0x00000000        0xc C:/NUCLEO-F446RE/APP/Build/Object/RTOS/RTOS.o
 .debug_macro   0x00000000      0xa66 C:/NUCLEO-F446RE/APP/Build/Object/RTOS/RTOS.o
 .debug_macro   0x00000000       0x10 C:/NUCLEO-F446RE/APP/Build/Object/RTOS/RTOS.o
 .debug_macro   0x00000000       0x22 C:/NUCLEO-F446RE/APP/Build/Object/RTOS/RTOS.o
 .debug_macro   0x00000000       0x22 C:/NUCLEO-F446RE/APP/Build/Object/RTOS/RTOS.o
 .debug_macro   0x00000000       0x2e C:/NUCLEO-F446RE/APP/Build/Object/RTOS/RTOS.o
 .group         0x00000000        0xc C:/NUCLEO-F446RE/APP/Build/Object/Startup/startup_stm32f103.o
 .debug_macro   0x00000000      0xa66 C:/NUCLEO-F446RE/APP/Build/Object/Startup/startup_stm32f103.o
 .group         0x00000000        0xc C:/NUCLEO-F446RE/APP/Build/Object/Src/main.o
 .group         0x00000000        0xc C:/NUCLEO-F446RE/APP/Build/Object/Src/main.o
 .group         0x00000000        0xc C:/NUCLEO-F446RE/APP/Build/Object/Src/main.o
 .group         0x00000000        0xc C:/NUCLEO-F446RE/APP/Build/Object/Src/main.o
 .group         0x00000000        0xc C:/NUCLEO-F446RE/APP/Build/Object/Src/main.o
 .group         0x00000000        0xc C:/NUCLEO-F446RE/APP/Build/Object/Src/main.o
 .group         0x00000000        0xc C:/NUCLEO-F446RE/APP/Build/Object/Src/main.o
 .group         0x00000000        0xc C:/NUCLEO-F446RE/APP/Build/Object/Src/main.o
 .debug_macro   0x00000000      0xa66 C:/NUCLEO-F446RE/APP/Build/Object/Src/main.o
 .debug_macro   0x00000000       0x10 C:/NUCLEO-F446RE/APP/Build/Object/Src/main.o
 .debug_macro   0x00000000       0x22 C:/NUCLEO-F446RE/APP/Build/Object/Src/main.o
 .debug_macro   0x00000000       0xd0 C:/NUCLEO-F446RE/APP/Build/Object/Src/main.o
 .debug_macro   0x00000000       0x10 C:/NUCLEO-F446RE/APP/Build/Object/Src/main.o
 .debug_macro   0x00000000       0x6a C:/NUCLEO-F446RE/APP/Build/Object/Src/main.o
 .debug_macro   0x00000000       0x10 C:/NUCLEO-F446RE/APP/Build/Object/Src/main.o

Memory Configuration

Name             Origin             Length             Attributes
FLASH            0x08008000         0x00078000         xr
RAM              0x20000000         0x00020000         xrw
*default*        0x00000000         0xffffffff

Linker script and memory map

                0x20020000                _estack = (ORIGIN (RAM) + LENGTH (RAM))
                0x00000200                _Min_Heap_Size = 0x200
                0x00001000                _Min_Stack_Size = 0x1000

.isr_vector     0x08008000      0x178
                0x08008000                . = ALIGN (0x4)
 *(.isr_vector)
 .isr_vector    0x08008000      0x178 C:/NUCLEO-F446RE/APP/Build/Object/Startup/startup_stm32f103.o
                0x08008000                Vector_Table
                0x08008178                . = ALIGN (0x4)

.text           0x08008178     0x13dc
                0x08008178                . = ALIGN (0x4)
 *(.text)
 .text          0x08008178        0x0 C:/NUCLEO-F446RE/APP/Build/Object/MCAL/RCC/src/RCC_program.o
 .text          0x08008178        0x0 C:/NUCLEO-F446RE/APP/Build/Object/MCAL/NVIC/src/NVIC_program.o
 .text          0x08008178        0x0 C:/NUCLEO-F446RE/APP/Build/Object/MCAL/SysTick/src/SysTick_program.o
 .text          0x08008178        0x0 C:/NUCLEO-F446RE/APP/Build/Object/MCAL/GPIO/src/GPIO_program.o
 .text          0x08008178        0x0 C:/NUCLEO-F446RE/APP/Build/Object/MCAL/UART/src/UART.o
 .text          0x08008178        0x0 C:/NUCLEO-F446RE/APP/Build/Object/RTOS/RTOS.o
 .text          0x08008178        0x0 C:/NUCLEO-F446RE/APP/Build/Object/Startup/startup_stm32f103.o
 .text          0x08008178        0x0 C:/NUCLEO-F446RE/APP/Build/Object/Src/main.o
 *(.text*)
 .text.RCC_EnableHSI
                0x08008178       0x30 C:/NUCLEO-F446RE/APP/Build/Object/MCAL/RCC/src/RCC_program.o
 .text.RCC_EnableHSE
                0x080081a8       0x30 C:/NUCLEO-F446RE/APP/Build/Object/MCAL/RCC/src/RCC_program.o
 .text.RCC_EnablePLL
                0x080081d8       0x30 C:/NUCLEO-F446RE/APP/Build/Object/MCAL/RCC/src/RCC_program.o
 .text.RCC_DisablePLL
                0x08008208       0x30 C:/NUCLEO-F446RE/APP/Build/Object/MCAL/RCC/src/RCC_program.o
 .text.RCC_SelectSystemClock
                0x08008238       0x4c C:/NUCLEO-F446RE/APP/Build/Object/MCAL/RCC/src/RCC_program.o
 .text.RCC_ConfigPLL
                0x08008284       0x78 C:/NUCLEO-F446RE/APP/Build/Object/MCAL/RCC/src/RCC_program.o
 .text.RCC_SetAHBPrescaler
                0x080082fc       0x38 C:/NUCLEO-F446RE/APP/Build/Object/MCAL/RCC/src/RCC_program.o
 .text.RCC_SetAPB1Prescaler
                0x08008334       0x38 C:/NUCLEO-F446RE/APP/Build/Object/MCAL/RCC/src/RCC_program.o
 .text.RCC_SetAPB2Prescaler
                0x0800836c       0x38 C:/NUCLEO-F446RE/APP/Build/Object/MCAL/RCC/src/RCC_program.o
 .text.RCC_Init
                0x080083a4       0x8e C:/NUCLEO-F446RE/APP/Build/Object/MCAL/RCC/src/RCC_program.o
                0x080083a4                RCC_Init
 *fill*         0x08008432        0x2 
 .text.RCC_EnableClock
                0x08008434       0xc0 C:/NUCLEO-F446RE/APP/Build/Object/MCAL/RCC/src/RCC_program.o
                0x08008434                RCC_EnableClock
 .text.RCC_DisableClock
                0x080084f4       0xcc C:/NUCLEO-F446RE/APP/Build/Object/MCAL/RCC/src/RCC_program.o
                0x080084f4                RCC_DisableClock
 .text.NVIC_EnableInterrupt
                0x080085c0       0x54 C:/NUCLEO-F446RE/APP/Build/Object/MCAL/NVIC/src/NVIC_program.o
                0x080085c0                NVIC_EnableInterrupt
 .text.NVIC_DisableInterrupt
                0x08008614       0x54 C:/NUCLEO-F446RE/APP/Build/Object/MCAL/NVIC/src/NVIC_program.o
                0x08008614                NVIC_DisableInterrupt
 .text.NVIC_SetPendingFlag
                0x08008668       0x54 C:/NUCLEO-F446RE/APP/Build/Object/MCAL/NVIC/src/NVIC_program.o
                0x08008668                NVIC_SetPendingFlag
 .text.NVIC_ClearPendingFlag
                0x080086bc       0x54 C:/NUCLEO-F446RE/APP/Build/Object/MCAL/NVIC/src/NVIC_program.o
                0x080086bc                NVIC_ClearPendingFlag
 .text.NVIC_GetActiveInterrupt
                0x08008710       0x6c C:/NUCLEO-F446RE/APP/Build/Object/MCAL/NVIC/src/NVIC_program.o
                0x08008710                NVIC_GetActiveInterrupt
 .text.NVIC_SetPriority
                0x0800877c       0x68 C:/NUCLEO-F446RE/APP/Build/Object/MCAL/NVIC/src/NVIC_program.o
                0x0800877c                NVIC_SetPriority
 .text.SysTick_voidInit
                0x080087e4       0x1c C:/NUCLEO-F446RE/APP/Build/Object/MCAL/SysTick/src/SysTick_program.o
                0x080087e4                SysTick_voidInit
 .text.SysTick_voidSetBusyWait
                0x08008800       0x54 C:/NUCLEO-F446RE/APP/Build/Object/MCAL/SysTick/src/SysTick_program.o
                0x08008800                SysTick_voidSetBusyWait
 .text.SysTick_voidSetIntervalSingle
                0x08008854       0x58 C:/NUCLEO-F446RE/APP/Build/Object/MCAL/SysTick/src/SysTick_program.o
                0x08008854                SysTick_voidSetIntervalSingle
 .text.SysTick_voidSetIntervalPeriodoc
                0x080088ac       0x64 C:/NUCLEO-F446RE/APP/Build/Object/MCAL/SysTick/src/SysTick_program.o
                0x080088ac                SysTick_voidSetIntervalPeriodoc
 .text.SysTick_voidStopTimer
                0x08008910       0x1c C:/NUCLEO-F446RE/APP/Build/Object/MCAL/SysTick/src/SysTick_program.o
                0x08008910                SysTick_voidStopTimer
 .text.SysTick_GetElapsedTime
                0x0800892c       0x20 C:/NUCLEO-F446RE/APP/Build/Object/MCAL/SysTick/src/SysTick_program.o
                0x0800892c                SysTick_GetElapsedTime
 .text.SysTick_GetRemaningTime
                0x0800894c       0x18 C:/NUCLEO-F446RE/APP/Build/Object/MCAL/SysTick/src/SysTick_program.o
                0x0800894c                SysTick_GetRemaningTime
 .text.SysTick_Handler
                0x08008964       0x14 C:/NUCLEO-F446RE/APP/Build/Object/MCAL/SysTick/src/SysTick_program.o
                0x08008964                SysTick_Handler
 .text.GPIO_GetPort
                0x08008978       0x88 C:/NUCLEO-F446RE/APP/Build/Object/MCAL/GPIO/src/GPIO_program.o
 .text.GPIO_InitPin
                0x08008a00      0x106 C:/NUCLEO-F446RE/APP/Build/Object/MCAL/GPIO/src/GPIO_program.o
                0x08008a00                GPIO_InitPin
 .text.GPIO_WritePin
                0x08008b06       0x60 C:/NUCLEO-F446RE/APP/Build/Object/MCAL/GPIO/src/GPIO_program.o
                0x08008b06                GPIO_WritePin
 .text.GPIO_TogglePin
                0x08008b66       0x4a C:/NUCLEO-F446RE/APP/Build/Object/MCAL/GPIO/src/GPIO_program.o
                0x08008b66                GPIO_TogglePin
 .text.GPIO_ReadPin
                0x08008bb0       0x4e C:/NUCLEO-F446RE/APP/Build/Object/MCAL/GPIO/src/GPIO_program.o
                0x08008bb0                GPIO_ReadPin
 *fill*         0x08008bfe        0x2 
 .text.GPIO_SetAF
                0x08008c00      0x118 C:/NUCLEO-F446RE/APP/Build/Object/MCAL/GPIO/src/GPIO_program.o
                0x08008c00                GPIO_SetAF
 .text.Get_BASE_ADD
                0x08008d18       0x50 C:/NUCLEO-F446RE/APP/Build/Object/MCAL/UART/src/UART.o
                0x08008d18                Get_BASE_ADD
 .text.UART_Init
                0x08008d68      0x134 C:/NUCLEO-F446RE/APP/Build/Object/MCAL/UART/src/UART.o
                0x08008d68                UART_Init
 .text.UART_SendByte
                0x08008e9c       0x3c C:/NUCLEO-F446RE/APP/Build/Object/MCAL/UART/src/UART.o
                0x08008e9c                UART_SendByte
 .text.UART_SendString
                0x08008ed8       0x32 C:/NUCLEO-F446RE/APP/Build/Object/MCAL/UART/src/UART.o
                0x08008ed8                UART_SendString
 .text.UART_ReceiveByte
                0x08008f0a       0x34 C:/NUCLEO-F446RE/APP/Build/Object/MCAL/UART/src/UART.o
                0x08008f0a                UART_ReceiveByte
 .text.UART_ReceiveByte_Timeout
                0x08008f3e       0x4a C:/NUCLEO-F446RE/APP/Build/Object/MCAL/UART/src/UART.o
                0x08008f3e                UART_ReceiveByte_Timeout
 .text.UART_voidSendNumber
                0x08008f88       0x90 C:/NUCLEO-F446RE/APP/Build/Object/MCAL/UART/src/UART.o
                0x08008f88                UART_voidSendNumber
 .text.UART2_CALLBACK
                0x08009018       0x24 C:/NUCLEO-F446RE/APP/Build/Object/MCAL/UART/src/UART.o
                0x08009018                UART2_CALLBACK
 .text.USART2_IRQHandler
                0x0800903c       0x84 C:/NUCLEO-F446RE/APP/Build/Object/MCAL/UART/src/UART.o
                0x0800903c                USART2_IRQHandler
 .text.RTOS_voidStart
                0x080090c0       0x1c C:/NUCLEO-F446RE/APP/Build/Object/RTOS/RTOS.o
                0x080090c0                RTOS_voidStart
 .text.RTOS_voidCreateTask
                0x080090dc       0x84 C:/NUCLEO-F446RE/APP/Build/Object/RTOS/RTOS.o
                0x080090dc                RTOS_voidCreateTask
 .text.RTOS_voidSchedular
                0x08009160       0xd0 C:/NUCLEO-F446RE/APP/Build/Object/RTOS/RTOS.o
                0x08009160                RTOS_voidSchedular
 .text.RTOS_voidDeleteTask
                0x08009230       0x90 C:/NUCLEO-F446RE/APP/Build/Object/RTOS/RTOS.o
                0x08009230                RTOS_voidDeleteTask
 .text.RTOS_voidSuspendTask
                0x080092c0       0x30 C:/NUCLEO-F446RE/APP/Build/Object/RTOS/RTOS.o
                0x080092c0                RTOS_voidSuspendTask
 .text.RTOS_voidResumeTask
                0x080092f0       0x30 C:/NUCLEO-F446RE/APP/Build/Object/RTOS/RTOS.o
                0x080092f0                RTOS_voidResumeTask
 .text.RTOS_voidWaitEvent
                0x08009320       0x30 C:/NUCLEO-F446RE/APP/Build/Object/RTOS/RTOS.o
                0x08009320                RTOS_voidWaitEvent
 .text.Reset_Handler
                0x08009350       0x94 C:/NUCLEO-F446RE/APP/Build/Object/Startup/startup_stm32f103.o
                0x08009350                Reset_Handler
 .text.Default_Handler
                0x080093e4        0x6 C:/NUCLEO-F446RE/APP/Build/Object/Startup/startup_stm32f103.o
                0x080093e4                RTC_Alarm_IRQHandler
                0x080093e4                EXTI2_IRQHandler
                0x080093e4                TIM8_CC_IRQHandler
                0x080093e4                DebugMon_Handler
                0x080093e4                SPI4_IRQHandler
                0x080093e4                TIM1_CC_IRQHandler
                0x080093e4                DMA2_Stream5_IRQHandler
                0x080093e4                HardFault_Handler
                0x080093e4                DMA1_Stream5_IRQHandler
                0x080093e4                PVD_IRQHandler
                0x080093e4                SDIO_IRQHandler
                0x080093e4                TAMP_STAMP_IRQHandler
                0x080093e4                PendSV_Handler
                0x080093e4                NMI_Handler
                0x080093e4                CAN2_RX1_IRQHandler
                0x080093e4                EXTI3_IRQHandler
                0x080093e4                TIM8_TRG_COM_TIM14_IRQHandler
                0x080093e4                TIM1_UP_TIM10_IRQHandler
                0x080093e4                TIM8_UP_TIM13_IRQHandler
                0x080093e4                I2C3_ER_IRQHandler
                0x080093e4                EXTI0_IRQHandler
                0x080093e4                I2C2_EV_IRQHandler
                0x080093e4                DMA1_Stream2_IRQHandler
                0x080093e4                CAN1_RX0_IRQHandler
                0x080093e4                FPU_IRQHandler
                0x080093e4                UsageFault_Handler
                0x080093e4                CAN2_SCE_IRQHandler
                0x080093e4                DMA2_Stream2_IRQHandler
                0x080093e4                SPI1_IRQHandler
                0x080093e4                TIM6_DAC_IRQHandler
                0x080093e4                TIM1_BRK_TIM9_IRQHandler
                0x080093e4                CAN2_RX0_IRQHandler
                0x080093e4                DMA2_Stream3_IRQHandler
                0x080093e4                USART6_IRQHandler
                0x080093e4                USART3_IRQHandler
                0x080093e4                CAN1_RX1_IRQHandler
                0x080093e4                UART5_IRQHandler
                0x080093e4                DMA2_Stream0_IRQHandler
                0x080093e4                TIM4_IRQHandler
                0x080093e4                I2C1_EV_IRQHandler
                0x080093e4                DMA1_Stream6_IRQHandler
                0x080093e4                DMA1_Stream1_IRQHandler
                0x080093e4                UART4_IRQHandler
                0x080093e4                TIM3_IRQHandler
                0x080093e4                RCC_IRQHandler
                0x080093e4                TIM8_BRK_TIM12_IRQHandler
                0x080093e4                Default_Handler
                0x080093e4                EXTI15_10_IRQHandler
                0x080093e4                ADC_IRQHandler
                0x080093e4                DMA1_Stream7_IRQHandler
                0x080093e4                SPI5_IRQHandler
                0x080093e4                TIM7_IRQHandler
                0x080093e4                CAN2_TX_IRQHandler
                0x080093e4                TIM5_IRQHandler
                0x080093e4                DMA2_Stream7_IRQHandler
                0x080093e4                I2C3_EV_IRQHandler
                0x080093e4                EXTI9_5_IRQHandler
                0x080093e4                RTC_WKUP_IRQHandler
                0x080093e4                SPI2_IRQHandler
                0x080093e4                MemManage_Handler
                0x080093e4                DMA1_Stream0_IRQHandler
                0x080093e4                CAN1_TX_IRQHandler
                0x080093e4                SVC_Handler
                0x080093e4                EXTI4_IRQHandler
                0x080093e4                WWDG_IRQHandler
                0x080093e4                SPI6_IRQHandler
                0x080093e4                TIM2_IRQHandler
                0x080093e4                OTG_FS_WKUP_IRQHandler
                0x080093e4                TIM1_TRG_COM_TIM11_IRQHandler
                0x080093e4                DMA2D_IRQHandler
                0x080093e4                EXTI1_IRQHandler
                0x080093e4                I2C2_ER_IRQHandler
                0x080093e4                DMA2_Stream1_IRQHandler
                0x080093e4                CAN1_SCE_IRQHandler
                0x080093e4                FLASH_IRQHandler
                0x080093e4                DMA2_Stream4_IRQHandler
                0x080093e4                BusFault_Handler
                0x080093e4                USART1_IRQHandler
                0x080093e4                OTG_FS_IRQHandler
                0x080093e4                SPI3_IRQHandler
                0x080093e4                DMA1_Stream4_IRQHandler
                0x080093e4                I2C1_ER_IRQHandler
                0x080093e4                FMC_IRQHandler
                0x080093e4                DMA2_Stream6_IRQHandler
                0x080093e4                SAI1_IRQHandler
                0x080093e4                DMA1_Stream3_IRQHandler
 .text.LED      0x080093ea       0x10 C:/NUCLEO-F446RE/APP/Build/Object/Src/main.o
                0x080093ea                LED
 *fill*         0x080093fa        0x2 
 .text.UART     0x080093fc       0x2c C:/NUCLEO-F446RE/APP/Build/Object/Src/main.o
                0x080093fc                UART
 .text.main     0x08009428       0x2c C:/NUCLEO-F446RE/APP/Build/Object/Src/main.o
                0x08009428                main
 .text.APP_init
                0x08009454       0x34 C:/NUCLEO-F446RE/APP/Build/Object/Src/main.o
                0x08009454                APP_init
 .text.GPIO_PIN_CONFIG
                0x08009488       0x8e C:/NUCLEO-F446RE/APP/Build/Object/Src/main.o
                0x08009488                GPIO_PIN_CONFIG
 *fill*         0x08009516        0x2 
 .text.SystemInit
                0x08009518       0x3c C:/NUCLEO-F446RE/APP/Build/Object/Src/main.o
                0x08009518                SystemInit
                0x08009554                . = ALIGN (0x4)
                0x08009554                _etext = .

.glue_7         0x08009554        0x0
 .glue_7        0x08009554        0x0 linker stubs

.glue_7t        0x08009554        0x0
 .glue_7t       0x08009554        0x0 linker stubs

.vfp11_veneer   0x08009554        0x0
 .vfp11_veneer  0x08009554        0x0 linker stubs

.v4_bx          0x08009554        0x0
 .v4_bx         0x08009554        0x0 linker stubs

.iplt           0x08009554        0x0
 .iplt          0x08009554        0x0 C:/NUCLEO-F446RE/APP/Build/Object/MCAL/RCC/src/RCC_program.o

.rodata         0x08009554        0x4
                0x08009554                . = ALIGN (0x4)
 *(.rodata)
 *(.rodata*)
 .rodata.MSP_Value
                0x08009554        0x4 C:/NUCLEO-F446RE/APP/Build/Object/Startup/startup_stm32f103.o
                0x08009554                MSP_Value
                0x08009558                . = ALIGN (0x4)
                0x08009558                _sidata = LOADADDR (.data)

.rel.dyn        0x08009558        0x0
 .rel.iplt      0x08009558        0x0 C:/NUCLEO-F446RE/APP/Build/Object/MCAL/RCC/src/RCC_program.o

.data           0x20000000        0xc load address 0x08009558
                0x20000000                . = ALIGN (0x4)
                0x20000000                _sdata = .
 *(.data)
 .data          0x20000000        0x0 C:/NUCLEO-F446RE/APP/Build/Object/MCAL/RCC/src/RCC_program.o
 .data          0x20000000        0x0 C:/NUCLEO-F446RE/APP/Build/Object/MCAL/NVIC/src/NVIC_program.o
 .data          0x20000000        0x0 C:/NUCLEO-F446RE/APP/Build/Object/MCAL/SysTick/src/SysTick_program.o
 .data          0x20000000        0x0 C:/NUCLEO-F446RE/APP/Build/Object/MCAL/GPIO/src/GPIO_program.o
 .data          0x20000000        0x0 C:/NUCLEO-F446RE/APP/Build/Object/MCAL/UART/src/UART.o
 .data          0x20000000        0x0 C:/NUCLEO-F446RE/APP/Build/Object/RTOS/RTOS.o
 .data          0x20000000        0x0 C:/NUCLEO-F446RE/APP/Build/Object/Startup/startup_stm32f103.o
 .data          0x20000000        0x0 C:/NUCLEO-F446RE/APP/Build/Object/Src/main.o
 *(.data*)
 .data.Uart_configuration
                0x20000000        0xc C:/NUCLEO-F446RE/APP/Build/Object/Src/main.o
                0x20000000                Uart_configuration
                0x2000000c                . = ALIGN (0x4)
                0x2000000c                _edata = .

.igot.plt       0x2000000c        0x0 load address 0x08009564
 .igot.plt      0x2000000c        0x0 C:/NUCLEO-F446RE/APP/Build/Object/MCAL/RCC/src/RCC_program.o

.bss            0x2000000c       0x50 load address 0x08009564
                0x2000000c                _sbss = .
 *(.bss)
 .bss           0x2000000c        0x0 C:/NUCLEO-F446RE/APP/Build/Object/MCAL/RCC/src/RCC_program.o
 .bss           0x2000000c        0x0 C:/NUCLEO-F446RE/APP/Build/Object/MCAL/NVIC/src/NVIC_program.o
 .bss           0x2000000c        0x0 C:/NUCLEO-F446RE/APP/Build/Object/MCAL/SysTick/src/SysTick_program.o
 .bss           0x2000000c        0x0 C:/NUCLEO-F446RE/APP/Build/Object/MCAL/GPIO/src/GPIO_program.o
 .bss           0x2000000c        0x0 C:/NUCLEO-F446RE/APP/Build/Object/MCAL/UART/src/UART.o
 .bss           0x2000000c        0x0 C:/NUCLEO-F446RE/APP/Build/Object/RTOS/RTOS.o
 .bss           0x2000000c        0x0 C:/NUCLEO-F446RE/APP/Build/Object/Startup/startup_stm32f103.o
 .bss           0x2000000c        0x0 C:/NUCLEO-F446RE/APP/Build/Object/Src/main.o
 *(.bss*)
 .bss.Local_PvFunction
                0x2000000c        0x4 C:/NUCLEO-F446RE/APP/Build/Object/MCAL/SysTick/src/SysTick_program.o
 .bss.rx_test   0x20000010        0x1 C:/NUCLEO-F446RE/APP/Build/Object/MCAL/UART/src/UART.o
                0x20000010                rx_test
 *fill*         0x20000011        0x3 
 .bss.funcPtr   0x20000014        0x4 C:/NUCLEO-F446RE/APP/Build/Object/MCAL/UART/src/UART.o
                0x20000014                funcPtr
 .bss.Local_PvFunction
                0x20000018        0x4 C:/NUCLEO-F446RE/APP/Build/Object/RTOS/RTOS.o
 .bss.SysTask   0x2000001c       0x30 C:/NUCLEO-F446RE/APP/Build/Object/RTOS/RTOS.o
                0x2000001c                SysTask
 .bss.RCC_Configuration
                0x2000004c        0xc C:/NUCLEO-F446RE/APP/Build/Object/Src/main.o
                0x2000004c                RCC_Configuration
 .bss.counter.0
                0x20000058        0x4 C:/NUCLEO-F446RE/APP/Build/Object/Src/main.o
                0x2000005c                . = ALIGN (0x4)
                0x2000005c                _ebss = .

._user_heap_stack
                0x2000005c     0x1204 load address 0x08009564
                0x20000060                . = ALIGN (0x8)
 *fill*         0x2000005c        0x4 
                0x20000260                . = (. + _Min_Heap_Size)
 *fill*         0x20000060      0x200 
                0x20001260                . = (. + _Min_Stack_Size)
 *fill*         0x20000260     0x1000 
                0x20001260                . = ALIGN (0x8)
LOAD C:/NUCLEO-F446RE/APP/Build/Object/MCAL/RCC/src/RCC_program.o
LOAD C:/NUCLEO-F446RE/APP/Build/Object/MCAL/NVIC/src/NVIC_program.o
LOAD C:/NUCLEO-F446RE/APP/Build/Object/MCAL/SysTick/src/SysTick_program.o
LOAD C:/NUCLEO-F446RE/APP/Build/Object/MCAL/GPIO/src/GPIO_program.o
LOAD C:/NUCLEO-F446RE/APP/Build/Object/MCAL/UART/src/UART.o
LOAD C:/NUCLEO-F446RE/APP/Build/Object/RTOS/RTOS.o
LOAD C:/NUCLEO-F446RE/APP/Build/Object/Startup/startup_stm32f103.o
LOAD C:/NUCLEO-F446RE/APP/Build/Object/Src/main.o
OUTPUT(C:/NUCLEO-F446RE/APP/Tools/application.elf elf32-littlearm)
LOAD linker stubs

.debug_info     0x00000000     0x1e29
 .debug_info    0x00000000      0x3e2 C:/NUCLEO-F446RE/APP/Build/Object/MCAL/RCC/src/RCC_program.o
 .debug_info    0x000003e2      0x303 C:/NUCLEO-F446RE/APP/Build/Object/MCAL/NVIC/src/NVIC_program.o
 .debug_info    0x000006e5      0x26b C:/NUCLEO-F446RE/APP/Build/Object/MCAL/SysTick/src/SysTick_program.o
 .debug_info    0x00000950      0x531 C:/NUCLEO-F446RE/APP/Build/Object/MCAL/GPIO/src/GPIO_program.o
 .debug_info    0x00000e81      0x510 C:/NUCLEO-F446RE/APP/Build/Object/MCAL/UART/src/UART.o
 .debug_info    0x00001391      0x2a6 C:/NUCLEO-F446RE/APP/Build/Object/RTOS/RTOS.o
 .debug_info    0x00001637      0x148 C:/NUCLEO-F446RE/APP/Build/Object/Startup/startup_stm32f103.o
 .debug_info    0x0000177f      0x6aa C:/NUCLEO-F446RE/APP/Build/Object/Src/main.o

.debug_abbrev   0x00000000      0x94a
 .debug_abbrev  0x00000000      0x134 C:/NUCLEO-F446RE/APP/Build/Object/MCAL/RCC/src/RCC_program.o
 .debug_abbrev  0x00000134      0x12e C:/NUCLEO-F446RE/APP/Build/Object/MCAL/NVIC/src/NVIC_program.o
 .debug_abbrev  0x00000262      0x144 C:/NUCLEO-F446RE/APP/Build/Object/MCAL/SysTick/src/SysTick_program.o
 .debug_abbrev  0x000003a6      0x129 C:/NUCLEO-F446RE/APP/Build/Object/MCAL/GPIO/src/GPIO_program.o
 .debug_abbrev  0x000004cf      0x183 C:/NUCLEO-F446RE/APP/Build/Object/MCAL/UART/src/UART.o
 .debug_abbrev  0x00000652      0x134 C:/NUCLEO-F446RE/APP/Build/Object/RTOS/RTOS.o
 .debug_abbrev  0x00000786       0xe3 C:/NUCLEO-F446RE/APP/Build/Object/Startup/startup_stm32f103.o
 .debug_abbrev  0x00000869       0xe1 C:/NUCLEO-F446RE/APP/Build/Object/Src/main.o

.debug_aranges  0x00000000      0x280
 .debug_aranges
                0x00000000       0x78 C:/NUCLEO-F446RE/APP/Build/Object/MCAL/RCC/src/RCC_program.o
 .debug_aranges
                0x00000078       0x48 C:/NUCLEO-F446RE/APP/Build/Object/MCAL/NVIC/src/NVIC_program.o
 .debug_aranges
                0x000000c0       0x58 C:/NUCLEO-F446RE/APP/Build/Object/MCAL/SysTick/src/SysTick_program.o
 .debug_aranges
                0x00000118       0x48 C:/NUCLEO-F446RE/APP/Build/Object/MCAL/GPIO/src/GPIO_program.o
 .debug_aranges
                0x00000160       0x60 C:/NUCLEO-F446RE/APP/Build/Object/MCAL/UART/src/UART.o
 .debug_aranges
                0x000001c0       0x50 C:/NUCLEO-F446RE/APP/Build/Object/RTOS/RTOS.o
 .debug_aranges
                0x00000210       0x28 C:/NUCLEO-F446RE/APP/Build/Object/Startup/startup_stm32f103.o
 .debug_aranges
                0x00000238       0x48 C:/NUCLEO-F446RE/APP/Build/Object/Src/main.o

.debug_ranges   0x00000000      0x200
 .debug_ranges  0x00000000       0x68 C:/NUCLEO-F446RE/APP/Build/Object/MCAL/RCC/src/RCC_program.o
 .debug_ranges  0x00000068       0x38 C:/NUCLEO-F446RE/APP/Build/Object/MCAL/NVIC/src/NVIC_program.o
 .debug_ranges  0x000000a0       0x48 C:/NUCLEO-F446RE/APP/Build/Object/MCAL/SysTick/src/SysTick_program.o
 .debug_ranges  0x000000e8       0x38 C:/NUCLEO-F446RE/APP/Build/Object/MCAL/GPIO/src/GPIO_program.o
 .debug_ranges  0x00000120       0x50 C:/NUCLEO-F446RE/APP/Build/Object/MCAL/UART/src/UART.o
 .debug_ranges  0x00000170       0x40 C:/NUCLEO-F446RE/APP/Build/Object/RTOS/RTOS.o
 .debug_ranges  0x000001b0       0x18 C:/NUCLEO-F446RE/APP/Build/Object/Startup/startup_stm32f103.o
 .debug_ranges  0x000001c8       0x38 C:/NUCLEO-F446RE/APP/Build/Object/Src/main.o

.debug_macro    0x00000000      0xf46
 .debug_macro   0x00000000       0x32 C:/NUCLEO-F446RE/APP/Build/Object/MCAL/RCC/src/RCC_program.o
 .debug_macro   0x00000032      0xa66 C:/NUCLEO-F446RE/APP/Build/Object/MCAL/RCC/src/RCC_program.o
 .debug_macro   0x00000a98       0x10 C:/NUCLEO-F446RE/APP/Build/Object/MCAL/RCC/src/RCC_program.o
 .debug_macro   0x00000aa8       0x22 C:/NUCLEO-F446RE/APP/Build/Object/MCAL/RCC/src/RCC_program.o
 .debug_macro   0x00000aca       0xd0 C:/NUCLEO-F446RE/APP/Build/Object/MCAL/RCC/src/RCC_program.o
 .debug_macro   0x00000b9a       0x49 C:/NUCLEO-F446RE/APP/Build/Object/MCAL/NVIC/src/NVIC_program.o
 .debug_macro   0x00000be3       0x58 C:/NUCLEO-F446RE/APP/Build/Object/MCAL/NVIC/src/NVIC_program.o
 .debug_macro   0x00000c3b       0x10 C:/NUCLEO-F446RE/APP/Build/Object/MCAL/NVIC/src/NVIC_program.o
 .debug_macro   0x00000c4b       0x3b C:/NUCLEO-F446RE/APP/Build/Object/MCAL/SysTick/src/SysTick_program.o
 .debug_macro   0x00000c86       0x22 C:/NUCLEO-F446RE/APP/Build/Object/MCAL/SysTick/src/SysTick_program.o
 .debug_macro   0x00000ca8       0x2e C:/NUCLEO-F446RE/APP/Build/Object/MCAL/SysTick/src/SysTick_program.o
 .debug_macro   0x00000cd6       0x3b C:/NUCLEO-F446RE/APP/Build/Object/MCAL/GPIO/src/GPIO_program.o
 .debug_macro   0x00000d11       0x6a C:/NUCLEO-F446RE/APP/Build/Object/MCAL/GPIO/src/GPIO_program.o
 .debug_macro   0x00000d7b       0x10 C:/NUCLEO-F446RE/APP/Build/Object/MCAL/GPIO/src/GPIO_program.o
 .debug_macro   0x00000d8b       0x32 C:/NUCLEO-F446RE/APP/Build/Object/MCAL/UART/src/UART.o
 .debug_macro   0x00000dbd       0x5e C:/NUCLEO-F446RE/APP/Build/Object/MCAL/UART/src/UART.o
 .debug_macro   0x00000e1b       0x44 C:/NUCLEO-F446RE/APP/Build/Object/RTOS/RTOS.o
 .debug_macro   0x00000e5f       0x10 C:/NUCLEO-F446RE/APP/Build/Object/RTOS/RTOS.o
 .debug_macro   0x00000e6f       0x17 C:/NUCLEO-F446RE/APP/Build/Object/Startup/startup_stm32f103.o
 .debug_macro   0x00000e86       0x5c C:/NUCLEO-F446RE/APP/Build/Object/Src/main.o
 .debug_macro   0x00000ee2       0x64 C:/NUCLEO-F446RE/APP/Build/Object/Src/main.o

.debug_line     0x00000000     0x101d
 .debug_line    0x00000000      0x2c0 C:/NUCLEO-F446RE/APP/Build/Object/MCAL/RCC/src/RCC_program.o
 .debug_line    0x000002c0      0x206 C:/NUCLEO-F446RE/APP/Build/Object/MCAL/NVIC/src/NVIC_program.o
 .debug_line    0x000004c6      0x1da C:/NUCLEO-F446RE/APP/Build/Object/MCAL/SysTick/src/SysTick_program.o
 .debug_line    0x000006a0      0x295 C:/NUCLEO-F446RE/APP/Build/Object/MCAL/GPIO/src/GPIO_program.o
 .debug_line    0x00000935      0x2be C:/NUCLEO-F446RE/APP/Build/Object/MCAL/UART/src/UART.o
 .debug_line    0x00000bf3      0x1dc C:/NUCLEO-F446RE/APP/Build/Object/RTOS/RTOS.o
 .debug_line    0x00000dcf       0xe1 C:/NUCLEO-F446RE/APP/Build/Object/Startup/startup_stm32f103.o
 .debug_line    0x00000eb0      0x16d C:/NUCLEO-F446RE/APP/Build/Object/Src/main.o

.debug_str      0x00000000     0x4af9
 .debug_str     0x00000000     0x3506 C:/NUCLEO-F446RE/APP/Build/Object/MCAL/RCC/src/RCC_program.o
                               0x3584 (size before relaxing)
 .debug_str     0x00003506      0x4c4 C:/NUCLEO-F446RE/APP/Build/Object/MCAL/NVIC/src/NVIC_program.o
                               0x3286 (size before relaxing)
 .debug_str     0x000039ca      0x333 C:/NUCLEO-F446RE/APP/Build/Object/MCAL/SysTick/src/SysTick_program.o
                               0x30fe (size before relaxing)
 .debug_str     0x00003cfd      0x4e9 C:/NUCLEO-F446RE/APP/Build/Object/MCAL/GPIO/src/GPIO_program.o
                               0x32a4 (size before relaxing)
 .debug_str     0x000041e6      0x45c C:/NUCLEO-F446RE/APP/Build/Object/MCAL/UART/src/UART.o
                               0x324e (size before relaxing)
 .debug_str     0x00004642      0x19d C:/NUCLEO-F446RE/APP/Build/Object/RTOS/RTOS.o
                               0x311e (size before relaxing)
 .debug_str     0x000047df       0xa5 C:/NUCLEO-F446RE/APP/Build/Object/Startup/startup_stm32f103.o
                               0x2d2e (size before relaxing)
 .debug_str     0x00004884      0x275 C:/NUCLEO-F446RE/APP/Build/Object/Src/main.o
                               0x3de9 (size before relaxing)

.comment        0x00000000       0x49
 .comment       0x00000000       0x49 C:/NUCLEO-F446RE/APP/Build/Object/MCAL/RCC/src/RCC_program.o
                                 0x4a (size before relaxing)
 .comment       0x00000049       0x4a C:/NUCLEO-F446RE/APP/Build/Object/MCAL/NVIC/src/NVIC_program.o
 .comment       0x00000049       0x4a C:/NUCLEO-F446RE/APP/Build/Object/MCAL/SysTick/src/SysTick_program.o
 .comment       0x00000049       0x4a C:/NUCLEO-F446RE/APP/Build/Object/MCAL/GPIO/src/GPIO_program.o
 .comment       0x00000049       0x4a C:/NUCLEO-F446RE/APP/Build/Object/MCAL/UART/src/UART.o
 .comment       0x00000049       0x4a C:/NUCLEO-F446RE/APP/Build/Object/RTOS/RTOS.o
 .comment       0x00000049       0x4a C:/NUCLEO-F446RE/APP/Build/Object/Startup/startup_stm32f103.o
 .comment       0x00000049       0x4a C:/NUCLEO-F446RE/APP/Build/Object/Src/main.o

.ARM.attributes
                0x00000000       0x34
 .ARM.attributes
                0x00000000       0x34 C:/NUCLEO-F446RE/APP/Build/Object/MCAL/RCC/src/RCC_program.o
 .ARM.attributes
                0x00000034       0x34 C:/NUCLEO-F446RE/APP/Build/Object/MCAL/NVIC/src/NVIC_program.o
 .ARM.attributes
                0x00000068       0x34 C:/NUCLEO-F446RE/APP/Build/Object/MCAL/SysTick/src/SysTick_program.o
 .ARM.attributes
                0x0000009c       0x34 C:/NUCLEO-F446RE/APP/Build/Object/MCAL/GPIO/src/GPIO_program.o
 .ARM.attributes
                0x000000d0       0x34 C:/NUCLEO-F446RE/APP/Build/Object/MCAL/UART/src/UART.o
 .ARM.attributes
                0x00000104       0x34 C:/NUCLEO-F446RE/APP/Build/Object/RTOS/RTOS.o
 .ARM.attributes
                0x00000138       0x34 C:/NUCLEO-F446RE/APP/Build/Object/Startup/startup_stm32f103.o
 .ARM.attributes
                0x0000016c       0x34 C:/NUCLEO-F446RE/APP/Build/Object/Src/main.o

.debug_frame    0x00000000      0x858
 .debug_frame   0x00000000      0x1c8 C:/NUCLEO-F446RE/APP/Build/Object/MCAL/RCC/src/RCC_program.o
 .debug_frame   0x000001c8      0x100 C:/NUCLEO-F446RE/APP/Build/Object/MCAL/NVIC/src/NVIC_program.o
 .debug_frame   0x000002c8      0x120 C:/NUCLEO-F446RE/APP/Build/Object/MCAL/SysTick/src/SysTick_program.o
 .debug_frame   0x000003e8       0xf4 C:/NUCLEO-F446RE/APP/Build/Object/MCAL/GPIO/src/GPIO_program.o
 .debug_frame   0x000004dc      0x15c C:/NUCLEO-F446RE/APP/Build/Object/MCAL/UART/src/UART.o
 .debug_frame   0x00000638      0x118 C:/NUCLEO-F446RE/APP/Build/Object/RTOS/RTOS.o
 .debug_frame   0x00000750       0x48 C:/NUCLEO-F446RE/APP/Build/Object/Startup/startup_stm32f103.o
 .debug_frame   0x00000798       0xc0 C:/NUCLEO-F446RE/APP/Build/Object/Src/main.o
