
Discarded input sections

 .group         0x00000000        0xc /home/esmail/Desktop/NUCLEO-F446RE/APP/Build/Object/MCAL/RCC/src/RCC_program.o
 .group         0x00000000        0xc /home/esmail/Desktop/NUCLEO-F446RE/APP/Build/Object/MCAL/RCC/src/RCC_program.o
 .group         0x00000000        0xc /home/esmail/Desktop/NUCLEO-F446RE/APP/Build/Object/MCAL/RCC/src/RCC_program.o
 .group         0x00000000        0xc /home/esmail/Desktop/NUCLEO-F446RE/APP/Build/Object/MCAL/RCC/src/RCC_program.o
 .group         0x00000000        0xc /home/esmail/Desktop/NUCLEO-F446RE/APP/Build/Object/MCAL/NVIC/src/NVIC_program.o
 .group         0x00000000        0xc /home/esmail/Desktop/NUCLEO-F446RE/APP/Build/Object/MCAL/NVIC/src/NVIC_program.o
 .group         0x00000000        0xc /home/esmail/Desktop/NUCLEO-F446RE/APP/Build/Object/MCAL/NVIC/src/NVIC_program.o
 .group         0x00000000        0xc /home/esmail/Desktop/NUCLEO-F446RE/APP/Build/Object/MCAL/NVIC/src/NVIC_program.o
 .group         0x00000000        0xc /home/esmail/Desktop/NUCLEO-F446RE/APP/Build/Object/MCAL/NVIC/src/NVIC_program.o
 .debug_macro   0x00000000      0xac6 /home/esmail/Desktop/NUCLEO-F446RE/APP/Build/Object/MCAL/NVIC/src/NVIC_program.o
 .debug_macro   0x00000000       0x10 /home/esmail/Desktop/NUCLEO-F446RE/APP/Build/Object/MCAL/NVIC/src/NVIC_program.o
 .debug_macro   0x00000000       0x22 /home/esmail/Desktop/NUCLEO-F446RE/APP/Build/Object/MCAL/NVIC/src/NVIC_program.o
 .group         0x00000000        0xc /home/esmail/Desktop/NUCLEO-F446RE/APP/Build/Object/MCAL/SysTick/src/SysTick_program.o
 .group         0x00000000        0xc /home/esmail/Desktop/NUCLEO-F446RE/APP/Build/Object/MCAL/SysTick/src/SysTick_program.o
 .group         0x00000000        0xc /home/esmail/Desktop/NUCLEO-F446RE/APP/Build/Object/MCAL/SysTick/src/SysTick_program.o
 .group         0x00000000        0xc /home/esmail/Desktop/NUCLEO-F446RE/APP/Build/Object/MCAL/SysTick/src/SysTick_program.o
 .group         0x00000000        0xc /home/esmail/Desktop/NUCLEO-F446RE/APP/Build/Object/MCAL/SysTick/src/SysTick_program.o
 .debug_macro   0x00000000      0xac6 /home/esmail/Desktop/NUCLEO-F446RE/APP/Build/Object/MCAL/SysTick/src/SysTick_program.o
 .debug_macro   0x00000000       0x10 /home/esmail/Desktop/NUCLEO-F446RE/APP/Build/Object/MCAL/SysTick/src/SysTick_program.o
 .debug_macro   0x00000000       0x22 /home/esmail/Desktop/NUCLEO-F446RE/APP/Build/Object/MCAL/SysTick/src/SysTick_program.o
 .group         0x00000000        0xc /home/esmail/Desktop/NUCLEO-F446RE/APP/Build/Object/MCAL/GPIO/src/GPIO_program.o
 .group         0x00000000        0xc /home/esmail/Desktop/NUCLEO-F446RE/APP/Build/Object/MCAL/GPIO/src/GPIO_program.o
 .group         0x00000000        0xc /home/esmail/Desktop/NUCLEO-F446RE/APP/Build/Object/MCAL/GPIO/src/GPIO_program.o
 .group         0x00000000        0xc /home/esmail/Desktop/NUCLEO-F446RE/APP/Build/Object/MCAL/GPIO/src/GPIO_program.o
 .group         0x00000000        0xc /home/esmail/Desktop/NUCLEO-F446RE/APP/Build/Object/MCAL/GPIO/src/GPIO_program.o
 .debug_macro   0x00000000      0xac6 /home/esmail/Desktop/NUCLEO-F446RE/APP/Build/Object/MCAL/GPIO/src/GPIO_program.o
 .debug_macro   0x00000000       0x10 /home/esmail/Desktop/NUCLEO-F446RE/APP/Build/Object/MCAL/GPIO/src/GPIO_program.o
 .debug_macro   0x00000000       0x22 /home/esmail/Desktop/NUCLEO-F446RE/APP/Build/Object/MCAL/GPIO/src/GPIO_program.o
 .group         0x00000000        0xc /home/esmail/Desktop/NUCLEO-F446RE/APP/Build/Object/MCAL/ADC/src/ADC.o
 .group         0x00000000        0xc /home/esmail/Desktop/NUCLEO-F446RE/APP/Build/Object/MCAL/ADC/src/ADC.o
 .group         0x00000000        0xc /home/esmail/Desktop/NUCLEO-F446RE/APP/Build/Object/MCAL/ADC/src/ADC.o
 .debug_macro   0x00000000      0xac6 /home/esmail/Desktop/NUCLEO-F446RE/APP/Build/Object/MCAL/ADC/src/ADC.o
 .debug_macro   0x00000000       0x10 /home/esmail/Desktop/NUCLEO-F446RE/APP/Build/Object/MCAL/ADC/src/ADC.o
 .group         0x00000000        0xc /home/esmail/Desktop/NUCLEO-F446RE/APP/Build/Object/MCAL/UART/src/UART.o
 .group         0x00000000        0xc /home/esmail/Desktop/NUCLEO-F446RE/APP/Build/Object/MCAL/UART/src/UART.o
 .group         0x00000000        0xc /home/esmail/Desktop/NUCLEO-F446RE/APP/Build/Object/MCAL/UART/src/UART.o
 .group         0x00000000        0xc /home/esmail/Desktop/NUCLEO-F446RE/APP/Build/Object/MCAL/UART/src/UART.o
 .debug_macro   0x00000000      0xac6 /home/esmail/Desktop/NUCLEO-F446RE/APP/Build/Object/MCAL/UART/src/UART.o
 .debug_macro   0x00000000       0x10 /home/esmail/Desktop/NUCLEO-F446RE/APP/Build/Object/MCAL/UART/src/UART.o
 .debug_macro   0x00000000       0x22 /home/esmail/Desktop/NUCLEO-F446RE/APP/Build/Object/MCAL/UART/src/UART.o
 .group         0x00000000        0xc /home/esmail/Desktop/NUCLEO-F446RE/APP/Build/Object/MCAL/DMA/src/DMA.o
 .group         0x00000000        0xc /home/esmail/Desktop/NUCLEO-F446RE/APP/Build/Object/MCAL/DMA/src/DMA.o
 .group         0x00000000        0xc /home/esmail/Desktop/NUCLEO-F446RE/APP/Build/Object/MCAL/DMA/src/DMA.o
 .group         0x00000000        0xc /home/esmail/Desktop/NUCLEO-F446RE/APP/Build/Object/MCAL/DMA/src/DMA.o
 .debug_macro   0x00000000      0xac6 /home/esmail/Desktop/NUCLEO-F446RE/APP/Build/Object/MCAL/DMA/src/DMA.o
 .debug_macro   0x00000000       0x10 /home/esmail/Desktop/NUCLEO-F446RE/APP/Build/Object/MCAL/DMA/src/DMA.o
 .group         0x00000000        0xc /home/esmail/Desktop/NUCLEO-F446RE/APP/Build/Object/MCAL/BASIC_TIMER/src/Basic_Timer.o
 .group         0x00000000        0xc /home/esmail/Desktop/NUCLEO-F446RE/APP/Build/Object/MCAL/BASIC_TIMER/src/Basic_Timer.o
 .group         0x00000000        0xc /home/esmail/Desktop/NUCLEO-F446RE/APP/Build/Object/MCAL/BASIC_TIMER/src/Basic_Timer.o
 .group         0x00000000        0xc /home/esmail/Desktop/NUCLEO-F446RE/APP/Build/Object/MCAL/BASIC_TIMER/src/Basic_Timer.o
 .group         0x00000000        0xc /home/esmail/Desktop/NUCLEO-F446RE/APP/Build/Object/MCAL/BASIC_TIMER/src/Basic_Timer.o
 .debug_macro   0x00000000      0xac6 /home/esmail/Desktop/NUCLEO-F446RE/APP/Build/Object/MCAL/BASIC_TIMER/src/Basic_Timer.o
 .debug_macro   0x00000000       0x10 /home/esmail/Desktop/NUCLEO-F446RE/APP/Build/Object/MCAL/BASIC_TIMER/src/Basic_Timer.o
 .debug_macro   0x00000000       0x22 /home/esmail/Desktop/NUCLEO-F446RE/APP/Build/Object/MCAL/BASIC_TIMER/src/Basic_Timer.o
 .group         0x00000000        0xc /home/esmail/Desktop/NUCLEO-F446RE/APP/Build/Object/MCAL/I2C/src/I2C.o
 .group         0x00000000        0xc /home/esmail/Desktop/NUCLEO-F446RE/APP/Build/Object/MCAL/I2C/src/I2C.o
 .group         0x00000000        0xc /home/esmail/Desktop/NUCLEO-F446RE/APP/Build/Object/MCAL/I2C/src/I2C.o
 .group         0x00000000        0xc /home/esmail/Desktop/NUCLEO-F446RE/APP/Build/Object/MCAL/I2C/src/I2C.o
 .debug_macro   0x00000000      0xac6 /home/esmail/Desktop/NUCLEO-F446RE/APP/Build/Object/MCAL/I2C/src/I2C.o
 .debug_macro   0x00000000       0x10 /home/esmail/Desktop/NUCLEO-F446RE/APP/Build/Object/MCAL/I2C/src/I2C.o
 .debug_macro   0x00000000       0x22 /home/esmail/Desktop/NUCLEO-F446RE/APP/Build/Object/MCAL/I2C/src/I2C.o
 .group         0x00000000        0xc /home/esmail/Desktop/NUCLEO-F446RE/APP/Build/Object/MCAL/FLASH/src/FLASH.o
 .group         0x00000000        0xc /home/esmail/Desktop/NUCLEO-F446RE/APP/Build/Object/MCAL/FLASH/src/FLASH.o
 .group         0x00000000        0xc /home/esmail/Desktop/NUCLEO-F446RE/APP/Build/Object/MCAL/FLASH/src/FLASH.o
 .debug_macro   0x00000000      0xac6 /home/esmail/Desktop/NUCLEO-F446RE/APP/Build/Object/MCAL/FLASH/src/FLASH.o
 .debug_macro   0x00000000       0x10 /home/esmail/Desktop/NUCLEO-F446RE/APP/Build/Object/MCAL/FLASH/src/FLASH.o
 .group         0x00000000        0xc /home/esmail/Desktop/NUCLEO-F446RE/APP/Build/Object/MCAL/GP_TIMER/src/GP_Timer.o
 .group         0x00000000        0xc /home/esmail/Desktop/NUCLEO-F446RE/APP/Build/Object/MCAL/GP_TIMER/src/GP_Timer.o
 .group         0x00000000        0xc /home/esmail/Desktop/NUCLEO-F446RE/APP/Build/Object/MCAL/GP_TIMER/src/GP_Timer.o
 .group         0x00000000        0xc /home/esmail/Desktop/NUCLEO-F446RE/APP/Build/Object/MCAL/GP_TIMER/src/GP_Timer.o
 .group         0x00000000        0xc /home/esmail/Desktop/NUCLEO-F446RE/APP/Build/Object/MCAL/GP_TIMER/src/GP_Timer.o
 .debug_macro   0x00000000      0xac6 /home/esmail/Desktop/NUCLEO-F446RE/APP/Build/Object/MCAL/GP_TIMER/src/GP_Timer.o
 .debug_macro   0x00000000       0x10 /home/esmail/Desktop/NUCLEO-F446RE/APP/Build/Object/MCAL/GP_TIMER/src/GP_Timer.o
 .debug_macro   0x00000000       0x22 /home/esmail/Desktop/NUCLEO-F446RE/APP/Build/Object/MCAL/GP_TIMER/src/GP_Timer.o
 .debug_macro   0x00000000       0xd6 /home/esmail/Desktop/NUCLEO-F446RE/APP/Build/Object/MCAL/GP_TIMER/src/GP_Timer.o
 .group         0x00000000        0xc /home/esmail/Desktop/NUCLEO-F446RE/APP/Build/Object/MCAL/PendSV/src/PendSV.o
 .group         0x00000000        0xc /home/esmail/Desktop/NUCLEO-F446RE/APP/Build/Object/MCAL/PendSV/src/PendSV.o
 .group         0x00000000        0xc /home/esmail/Desktop/NUCLEO-F446RE/APP/Build/Object/MCAL/PendSV/src/PendSV.o
 .debug_macro   0x00000000      0xac6 /home/esmail/Desktop/NUCLEO-F446RE/APP/Build/Object/MCAL/PendSV/src/PendSV.o
 .debug_macro   0x00000000       0x10 /home/esmail/Desktop/NUCLEO-F446RE/APP/Build/Object/MCAL/PendSV/src/PendSV.o
 .group         0x00000000        0xc /home/esmail/Desktop/NUCLEO-F446RE/APP/Build/Object/HAL/ESP/ESP.o
 .group         0x00000000        0xc /home/esmail/Desktop/NUCLEO-F446RE/APP/Build/Object/HAL/ESP/ESP.o
 .group         0x00000000        0xc /home/esmail/Desktop/NUCLEO-F446RE/APP/Build/Object/HAL/ESP/ESP.o
 .group         0x00000000        0xc /home/esmail/Desktop/NUCLEO-F446RE/APP/Build/Object/HAL/ESP/ESP.o
 .debug_macro   0x00000000      0xac6 /home/esmail/Desktop/NUCLEO-F446RE/APP/Build/Object/HAL/ESP/ESP.o
 .debug_macro   0x00000000       0x10 /home/esmail/Desktop/NUCLEO-F446RE/APP/Build/Object/HAL/ESP/ESP.o
 .debug_macro   0x00000000       0x22 /home/esmail/Desktop/NUCLEO-F446RE/APP/Build/Object/HAL/ESP/ESP.o
 .debug_macro   0x00000000       0x70 /home/esmail/Desktop/NUCLEO-F446RE/APP/Build/Object/HAL/ESP/ESP.o
 .group         0x00000000        0xc /home/esmail/Desktop/NUCLEO-F446RE/APP/Build/Object/HAL/OLED/OLED.o
 .group         0x00000000        0xc /home/esmail/Desktop/NUCLEO-F446RE/APP/Build/Object/HAL/OLED/OLED.o
 .group         0x00000000        0xc /home/esmail/Desktop/NUCLEO-F446RE/APP/Build/Object/HAL/OLED/OLED.o
 .group         0x00000000        0xc /home/esmail/Desktop/NUCLEO-F446RE/APP/Build/Object/HAL/OLED/OLED.o
 .group         0x00000000        0xc /home/esmail/Desktop/NUCLEO-F446RE/APP/Build/Object/HAL/OLED/OLED.o
 .debug_macro   0x00000000      0xac6 /home/esmail/Desktop/NUCLEO-F446RE/APP/Build/Object/HAL/OLED/OLED.o
 .debug_macro   0x00000000       0x10 /home/esmail/Desktop/NUCLEO-F446RE/APP/Build/Object/HAL/OLED/OLED.o
 .debug_macro   0x00000000       0x22 /home/esmail/Desktop/NUCLEO-F446RE/APP/Build/Object/HAL/OLED/OLED.o
 .debug_macro   0x00000000       0x64 /home/esmail/Desktop/NUCLEO-F446RE/APP/Build/Object/HAL/OLED/OLED.o
 .group         0x00000000        0xc /home/esmail/Desktop/NUCLEO-F446RE/APP/Build/Object/P1/FLAPPY_Bird/FLAPPY_Bird.o
 .group         0x00000000        0xc /home/esmail/Desktop/NUCLEO-F446RE/APP/Build/Object/P1/FLAPPY_Bird/FLAPPY_Bird.o
 .group         0x00000000        0xc /home/esmail/Desktop/NUCLEO-F446RE/APP/Build/Object/P1/FLAPPY_Bird/FLAPPY_Bird.o
 .group         0x00000000        0xc /home/esmail/Desktop/NUCLEO-F446RE/APP/Build/Object/P1/FLAPPY_Bird/FLAPPY_Bird.o
 .group         0x00000000        0xc /home/esmail/Desktop/NUCLEO-F446RE/APP/Build/Object/P1/FLAPPY_Bird/FLAPPY_Bird.o
 .debug_macro   0x00000000      0xac6 /home/esmail/Desktop/NUCLEO-F446RE/APP/Build/Object/P1/FLAPPY_Bird/FLAPPY_Bird.o
 .debug_macro   0x00000000       0x10 /home/esmail/Desktop/NUCLEO-F446RE/APP/Build/Object/P1/FLAPPY_Bird/FLAPPY_Bird.o
 .debug_macro   0x00000000       0x22 /home/esmail/Desktop/NUCLEO-F446RE/APP/Build/Object/P1/FLAPPY_Bird/FLAPPY_Bird.o
 .debug_macro   0x00000000       0x64 /home/esmail/Desktop/NUCLEO-F446RE/APP/Build/Object/P1/FLAPPY_Bird/FLAPPY_Bird.o
 .debug_macro   0x00000000       0x1c /home/esmail/Desktop/NUCLEO-F446RE/APP/Build/Object/P1/FLAPPY_Bird/FLAPPY_Bird.o
 .group         0x00000000        0xc /home/esmail/Desktop/NUCLEO-F446RE/APP/Build/Object/RTOS/RTOS.o
 .group         0x00000000        0xc /home/esmail/Desktop/NUCLEO-F446RE/APP/Build/Object/RTOS/RTOS.o
 .group         0x00000000        0xc /home/esmail/Desktop/NUCLEO-F446RE/APP/Build/Object/RTOS/RTOS.o
 .group         0x00000000        0xc /home/esmail/Desktop/NUCLEO-F446RE/APP/Build/Object/RTOS/RTOS.o
 .group         0x00000000        0xc /home/esmail/Desktop/NUCLEO-F446RE/APP/Build/Object/RTOS/RTOS.o
 .group         0x00000000        0xc /home/esmail/Desktop/NUCLEO-F446RE/APP/Build/Object/RTOS/RTOS.o
 .group         0x00000000        0xc /home/esmail/Desktop/NUCLEO-F446RE/APP/Build/Object/RTOS/RTOS.o
 .debug_macro   0x00000000      0xac6 /home/esmail/Desktop/NUCLEO-F446RE/APP/Build/Object/RTOS/RTOS.o
 .debug_macro   0x00000000       0x10 /home/esmail/Desktop/NUCLEO-F446RE/APP/Build/Object/RTOS/RTOS.o
 .debug_macro   0x00000000       0x22 /home/esmail/Desktop/NUCLEO-F446RE/APP/Build/Object/RTOS/RTOS.o
 .debug_macro   0x00000000       0x22 /home/esmail/Desktop/NUCLEO-F446RE/APP/Build/Object/RTOS/RTOS.o
 .debug_macro   0x00000000       0x2e /home/esmail/Desktop/NUCLEO-F446RE/APP/Build/Object/RTOS/RTOS.o
 .group         0x00000000        0xc /home/esmail/Desktop/NUCLEO-F446RE/APP/Build/Object/Startup/startup_stm32f103.o
 .debug_macro   0x00000000      0xac6 /home/esmail/Desktop/NUCLEO-F446RE/APP/Build/Object/Startup/startup_stm32f103.o
 .group         0x00000000        0xc /home/esmail/Desktop/NUCLEO-F446RE/APP/Build/Object/Src/main.o
 .group         0x00000000        0xc /home/esmail/Desktop/NUCLEO-F446RE/APP/Build/Object/Src/main.o
 .group         0x00000000        0xc /home/esmail/Desktop/NUCLEO-F446RE/APP/Build/Object/Src/main.o
 .group         0x00000000        0xc /home/esmail/Desktop/NUCLEO-F446RE/APP/Build/Object/Src/main.o
 .group         0x00000000        0xc /home/esmail/Desktop/NUCLEO-F446RE/APP/Build/Object/Src/main.o
 .debug_macro   0x00000000      0xac6 /home/esmail/Desktop/NUCLEO-F446RE/APP/Build/Object/Src/main.o
 .debug_macro   0x00000000       0x10 /home/esmail/Desktop/NUCLEO-F446RE/APP/Build/Object/Src/main.o
 .debug_macro   0x00000000       0x22 /home/esmail/Desktop/NUCLEO-F446RE/APP/Build/Object/Src/main.o
 .debug_macro   0x00000000       0xd0 /home/esmail/Desktop/NUCLEO-F446RE/APP/Build/Object/Src/main.o
 .debug_macro   0x00000000       0x1c /home/esmail/Desktop/NUCLEO-F446RE/APP/Build/Object/Src/main.o
 .group         0x00000000        0xc /home/esmail/Desktop/NUCLEO-F446RE/APP/Build/Object/Src/SwM.o
 .group         0x00000000        0xc /home/esmail/Desktop/NUCLEO-F446RE/APP/Build/Object/Src/SwM.o
 .group         0x00000000        0xc /home/esmail/Desktop/NUCLEO-F446RE/APP/Build/Object/Src/SwM.o
 .group         0x00000000        0xc /home/esmail/Desktop/NUCLEO-F446RE/APP/Build/Object/Src/SwM.o
 .group         0x00000000        0xc /home/esmail/Desktop/NUCLEO-F446RE/APP/Build/Object/Src/SwM.o
 .group         0x00000000        0xc /home/esmail/Desktop/NUCLEO-F446RE/APP/Build/Object/Src/SwM.o
 .group         0x00000000        0xc /home/esmail/Desktop/NUCLEO-F446RE/APP/Build/Object/Src/SwM.o
 .group         0x00000000        0xc /home/esmail/Desktop/NUCLEO-F446RE/APP/Build/Object/Src/SwM.o
 .group         0x00000000        0xc /home/esmail/Desktop/NUCLEO-F446RE/APP/Build/Object/Src/SwM.o
 .group         0x00000000        0xc /home/esmail/Desktop/NUCLEO-F446RE/APP/Build/Object/Src/SwM.o
 .debug_macro   0x00000000      0xac6 /home/esmail/Desktop/NUCLEO-F446RE/APP/Build/Object/Src/SwM.o
 .debug_macro   0x00000000       0x10 /home/esmail/Desktop/NUCLEO-F446RE/APP/Build/Object/Src/SwM.o
 .debug_macro   0x00000000       0x16 /home/esmail/Desktop/NUCLEO-F446RE/APP/Build/Object/Src/SwM.o
 .debug_macro   0x00000000       0x6a /home/esmail/Desktop/NUCLEO-F446RE/APP/Build/Object/Src/SwM.o
 .debug_macro   0x00000000       0x10 /home/esmail/Desktop/NUCLEO-F446RE/APP/Build/Object/Src/SwM.o
 .debug_macro   0x00000000       0x22 /home/esmail/Desktop/NUCLEO-F446RE/APP/Build/Object/Src/SwM.o
 .debug_macro   0x00000000       0xd6 /home/esmail/Desktop/NUCLEO-F446RE/APP/Build/Object/Src/SwM.o
 .debug_macro   0x00000000       0xd6 /home/esmail/Desktop/NUCLEO-F446RE/APP/Build/Object/Src/SwM.o

Memory Configuration

Name             Origin             Length             Attributes
FLASH            0x08008000         0x00078000         xr
RAM              0x20000000         0x00020000         xrw
*default*        0x00000000         0xffffffff

Linker script and memory map

                0x20020000                        _estack = (ORIGIN (RAM) + LENGTH (RAM))
                0x00000200                        _Min_Heap_Size = 0x200
                0x00001000                        _Min_Stack_Size = 0x1000

.isr_vector     0x08008000      0x178
                0x08008000                        . = ALIGN (0x4)
 *(.isr_vector)
 .isr_vector    0x08008000      0x178 /home/esmail/Desktop/NUCLEO-F446RE/APP/Build/Object/Startup/startup_stm32f103.o
                0x08008000                Vector_Table
                0x08008178                        . = ALIGN (0x4)

.text           0x08008178     0x3ab4
                0x08008178                        . = ALIGN (0x4)
 *(.text)
 .text          0x08008178        0x0 /home/esmail/Desktop/NUCLEO-F446RE/APP/Build/Object/MCAL/RCC/src/RCC_program.o
 .text          0x08008178        0x0 /home/esmail/Desktop/NUCLEO-F446RE/APP/Build/Object/MCAL/NVIC/src/NVIC_program.o
 .text          0x08008178        0x0 /home/esmail/Desktop/NUCLEO-F446RE/APP/Build/Object/MCAL/SysTick/src/SysTick_program.o
 .text          0x08008178        0x0 /home/esmail/Desktop/NUCLEO-F446RE/APP/Build/Object/MCAL/GPIO/src/GPIO_program.o
 .text          0x08008178        0x0 /home/esmail/Desktop/NUCLEO-F446RE/APP/Build/Object/MCAL/ADC/src/ADC.o
 .text          0x08008178        0x0 /home/esmail/Desktop/NUCLEO-F446RE/APP/Build/Object/MCAL/UART/src/UART.o
 .text          0x08008178        0x0 /home/esmail/Desktop/NUCLEO-F446RE/APP/Build/Object/MCAL/DMA/src/DMA.o
 .text          0x08008178        0x0 /home/esmail/Desktop/NUCLEO-F446RE/APP/Build/Object/MCAL/BASIC_TIMER/src/Basic_Timer.o
 .text          0x08008178        0x0 /home/esmail/Desktop/NUCLEO-F446RE/APP/Build/Object/MCAL/I2C/src/I2C.o
 .text          0x08008178        0x0 /home/esmail/Desktop/NUCLEO-F446RE/APP/Build/Object/MCAL/FLASH/src/FLASH.o
 .text          0x08008178        0x0 /home/esmail/Desktop/NUCLEO-F446RE/APP/Build/Object/MCAL/GP_TIMER/src/GP_Timer.o
 .text          0x08008178        0x0 /home/esmail/Desktop/NUCLEO-F446RE/APP/Build/Object/MCAL/PendSV/src/PendSV.o
 .text          0x08008178        0x0 /home/esmail/Desktop/NUCLEO-F446RE/APP/Build/Object/HAL/ESP/ESP.o
 .text          0x08008178        0x0 /home/esmail/Desktop/NUCLEO-F446RE/APP/Build/Object/HAL/OLED/OLED.o
 .text          0x08008178        0x0 /home/esmail/Desktop/NUCLEO-F446RE/APP/Build/Object/P1/FLAPPY_Bird/FLAPPY_Bird.o
 .text          0x08008178        0x0 /home/esmail/Desktop/NUCLEO-F446RE/APP/Build/Object/RTOS/RTOS.o
 .text          0x08008178        0x0 /home/esmail/Desktop/NUCLEO-F446RE/APP/Build/Object/Startup/startup_stm32f103.o
 .text          0x08008178        0x0 /home/esmail/Desktop/NUCLEO-F446RE/APP/Build/Object/Src/main.o
 .text          0x08008178        0x0 /home/esmail/Desktop/NUCLEO-F446RE/APP/Build/Object/Src/SwM.o
 *(.text*)
 .text.RCC_EnableHSI
                0x08008178       0x30 /home/esmail/Desktop/NUCLEO-F446RE/APP/Build/Object/MCAL/RCC/src/RCC_program.o
 .text.RCC_EnableHSE
                0x080081a8       0x30 /home/esmail/Desktop/NUCLEO-F446RE/APP/Build/Object/MCAL/RCC/src/RCC_program.o
 .text.RCC_EnablePLL
                0x080081d8       0x30 /home/esmail/Desktop/NUCLEO-F446RE/APP/Build/Object/MCAL/RCC/src/RCC_program.o
 .text.RCC_DisablePLL
                0x08008208       0x30 /home/esmail/Desktop/NUCLEO-F446RE/APP/Build/Object/MCAL/RCC/src/RCC_program.o
 .text.RCC_SelectSystemClock
                0x08008238       0x4c /home/esmail/Desktop/NUCLEO-F446RE/APP/Build/Object/MCAL/RCC/src/RCC_program.o
 .text.RCC_ConfigPLL
                0x08008284       0x74 /home/esmail/Desktop/NUCLEO-F446RE/APP/Build/Object/MCAL/RCC/src/RCC_program.o
 .text.RCC_SetAHBPrescaler
                0x080082f8       0x34 /home/esmail/Desktop/NUCLEO-F446RE/APP/Build/Object/MCAL/RCC/src/RCC_program.o
 .text.RCC_SetAPB1Prescaler
                0x0800832c       0x34 /home/esmail/Desktop/NUCLEO-F446RE/APP/Build/Object/MCAL/RCC/src/RCC_program.o
 .text.RCC_SetAPB2Prescaler
                0x08008360       0x34 /home/esmail/Desktop/NUCLEO-F446RE/APP/Build/Object/MCAL/RCC/src/RCC_program.o
 .text.RCC_Init
                0x08008394       0x8e /home/esmail/Desktop/NUCLEO-F446RE/APP/Build/Object/MCAL/RCC/src/RCC_program.o
                0x08008394                RCC_Init
 *fill*         0x08008422        0x2 
 .text.RCC_EnableClock
                0x08008424       0xc0 /home/esmail/Desktop/NUCLEO-F446RE/APP/Build/Object/MCAL/RCC/src/RCC_program.o
                0x08008424                RCC_EnableClock
 .text.RCC_DisableClock
                0x080084e4       0xcc /home/esmail/Desktop/NUCLEO-F446RE/APP/Build/Object/MCAL/RCC/src/RCC_program.o
                0x080084e4                RCC_DisableClock
 .text.NVIC_EnableInterrupt
                0x080085b0       0x54 /home/esmail/Desktop/NUCLEO-F446RE/APP/Build/Object/MCAL/NVIC/src/NVIC_program.o
                0x080085b0                NVIC_EnableInterrupt
 .text.NVIC_DisableInterrupt
                0x08008604       0x54 /home/esmail/Desktop/NUCLEO-F446RE/APP/Build/Object/MCAL/NVIC/src/NVIC_program.o
                0x08008604                NVIC_DisableInterrupt
 .text.NVIC_SetPendingFlag
                0x08008658       0x54 /home/esmail/Desktop/NUCLEO-F446RE/APP/Build/Object/MCAL/NVIC/src/NVIC_program.o
                0x08008658                NVIC_SetPendingFlag
 .text.NVIC_ClearPendingFlag
                0x080086ac       0x54 /home/esmail/Desktop/NUCLEO-F446RE/APP/Build/Object/MCAL/NVIC/src/NVIC_program.o
                0x080086ac                NVIC_ClearPendingFlag
 .text.NVIC_GetActiveInterrupt
                0x08008700       0x6c /home/esmail/Desktop/NUCLEO-F446RE/APP/Build/Object/MCAL/NVIC/src/NVIC_program.o
                0x08008700                NVIC_GetActiveInterrupt
 .text.NVIC_SetPriority
                0x0800876c       0x68 /home/esmail/Desktop/NUCLEO-F446RE/APP/Build/Object/MCAL/NVIC/src/NVIC_program.o
                0x0800876c                NVIC_SetPriority
 .text.SysTick_voidInit
                0x080087d4       0x1c /home/esmail/Desktop/NUCLEO-F446RE/APP/Build/Object/MCAL/SysTick/src/SysTick_program.o
                0x080087d4                SysTick_voidInit
 .text.SysTick_voidSetBusyWait
                0x080087f0       0x54 /home/esmail/Desktop/NUCLEO-F446RE/APP/Build/Object/MCAL/SysTick/src/SysTick_program.o
                0x080087f0                SysTick_voidSetBusyWait
 .text.SysTick_voidSetIntervalSingle
                0x08008844       0x58 /home/esmail/Desktop/NUCLEO-F446RE/APP/Build/Object/MCAL/SysTick/src/SysTick_program.o
                0x08008844                SysTick_voidSetIntervalSingle
 .text.SysTick_voidSetIntervalPeriodoc
                0x0800889c       0x64 /home/esmail/Desktop/NUCLEO-F446RE/APP/Build/Object/MCAL/SysTick/src/SysTick_program.o
                0x0800889c                SysTick_voidSetIntervalPeriodoc
 .text.SysTick_voidStopTimer
                0x08008900       0x1c /home/esmail/Desktop/NUCLEO-F446RE/APP/Build/Object/MCAL/SysTick/src/SysTick_program.o
                0x08008900                SysTick_voidStopTimer
 .text.SysTick_GetElapsedTime
                0x0800891c       0x20 /home/esmail/Desktop/NUCLEO-F446RE/APP/Build/Object/MCAL/SysTick/src/SysTick_program.o
                0x0800891c                SysTick_GetElapsedTime
 .text.SysTick_GetRemaningTime
                0x0800893c       0x18 /home/esmail/Desktop/NUCLEO-F446RE/APP/Build/Object/MCAL/SysTick/src/SysTick_program.o
                0x0800893c                SysTick_GetRemaningTime
 .text.SysTick_Handler
                0x08008954       0x14 /home/esmail/Desktop/NUCLEO-F446RE/APP/Build/Object/MCAL/SysTick/src/SysTick_program.o
                0x08008954                SysTick_Handler
 .text.GPIO_GetPort
                0x08008968       0x88 /home/esmail/Desktop/NUCLEO-F446RE/APP/Build/Object/MCAL/GPIO/src/GPIO_program.o
 .text.GPIO_InitPin
                0x080089f0      0x106 /home/esmail/Desktop/NUCLEO-F446RE/APP/Build/Object/MCAL/GPIO/src/GPIO_program.o
                0x080089f0                GPIO_InitPin
 .text.GPIO_WritePin
                0x08008af6       0x60 /home/esmail/Desktop/NUCLEO-F446RE/APP/Build/Object/MCAL/GPIO/src/GPIO_program.o
                0x08008af6                GPIO_WritePin
 .text.GPIO_TogglePin
                0x08008b56       0x4a /home/esmail/Desktop/NUCLEO-F446RE/APP/Build/Object/MCAL/GPIO/src/GPIO_program.o
                0x08008b56                GPIO_TogglePin
 .text.GPIO_ReadPin
                0x08008ba0       0x4e /home/esmail/Desktop/NUCLEO-F446RE/APP/Build/Object/MCAL/GPIO/src/GPIO_program.o
                0x08008ba0                GPIO_ReadPin
 *fill*         0x08008bee        0x2 
 .text.GPIO_SetAF
                0x08008bf0      0x118 /home/esmail/Desktop/NUCLEO-F446RE/APP/Build/Object/MCAL/GPIO/src/GPIO_program.o
                0x08008bf0                GPIO_SetAF
 .text.ADC_SetChannelSampleTime
                0x08008d08       0x9c /home/esmail/Desktop/NUCLEO-F446RE/APP/Build/Object/MCAL/ADC/src/ADC.o
 .text.ADC_Init
                0x08008da4       0xec /home/esmail/Desktop/NUCLEO-F446RE/APP/Build/Object/MCAL/ADC/src/ADC.o
                0x08008da4                ADC_Init
 .text.ADC_Read
                0x08008e90       0x74 /home/esmail/Desktop/NUCLEO-F446RE/APP/Build/Object/MCAL/ADC/src/ADC.o
                0x08008e90                ADC_Read
 .text.ADC_ReadAveraged
                0x08008f04       0x54 /home/esmail/Desktop/NUCLEO-F446RE/APP/Build/Object/MCAL/ADC/src/ADC.o
                0x08008f04                ADC_ReadAveraged
 .text.ADC_ReadVoltage_mV
                0x08008f58       0x2a /home/esmail/Desktop/NUCLEO-F446RE/APP/Build/Object/MCAL/ADC/src/ADC.o
                0x08008f58                ADC_ReadVoltage_mV
 .text.ADC_SetSampleTime
                0x08008f82       0x24 /home/esmail/Desktop/NUCLEO-F446RE/APP/Build/Object/MCAL/ADC/src/ADC.o
                0x08008f82                ADC_SetSampleTime
 *fill*         0x08008fa6        0x2 
 .text.Get_BASE_ADD
                0x08008fa8       0x50 /home/esmail/Desktop/NUCLEO-F446RE/APP/Build/Object/MCAL/UART/src/UART.o
                0x08008fa8                Get_BASE_ADD
 .text.Write_UART_Number
                0x08008ff8       0x88 /home/esmail/Desktop/NUCLEO-F446RE/APP/Build/Object/MCAL/UART/src/UART.o
                0x08008ff8                Write_UART_Number
 .text.UART_Init
                0x08009080      0x132 /home/esmail/Desktop/NUCLEO-F446RE/APP/Build/Object/MCAL/UART/src/UART.o
                0x08009080                UART_Init
 .text.UART_SendSyncBuffer
                0x080091b2       0x56 /home/esmail/Desktop/NUCLEO-F446RE/APP/Build/Object/MCAL/UART/src/UART.o
                0x080091b2                UART_SendSyncBuffer
 .text.UART_voidSendNumber
                0x08009208       0x50 /home/esmail/Desktop/NUCLEO-F446RE/APP/Build/Object/MCAL/UART/src/UART.o
                0x08009208                UART_voidSendNumber
 .text.UART1_CALLBACK
                0x08009258       0x24 /home/esmail/Desktop/NUCLEO-F446RE/APP/Build/Object/MCAL/UART/src/UART.o
                0x08009258                UART1_CALLBACK
 .text.UART2_CALLBACK
                0x0800927c       0x24 /home/esmail/Desktop/NUCLEO-F446RE/APP/Build/Object/MCAL/UART/src/UART.o
                0x0800927c                UART2_CALLBACK
 .text.UART3_CALLBACK
                0x080092a0       0x24 /home/esmail/Desktop/NUCLEO-F446RE/APP/Build/Object/MCAL/UART/src/UART.o
                0x080092a0                UART3_CALLBACK
 .text.USART2_IRQHandler
                0x080092c4       0x84 /home/esmail/Desktop/NUCLEO-F446RE/APP/Build/Object/MCAL/UART/src/UART.o
                0x080092c4                USART2_IRQHandler
 .text.USART3_IRQHandler
                0x08009348       0x84 /home/esmail/Desktop/NUCLEO-F446RE/APP/Build/Object/MCAL/UART/src/UART.o
                0x08009348                USART3_IRQHandler
 .text.USART1_IRQHandler
                0x080093cc       0x84 /home/esmail/Desktop/NUCLEO-F446RE/APP/Build/Object/MCAL/UART/src/UART.o
                0x080093cc                USART1_IRQHandler
 .text.DMA_GetStreamReg
                0x08009450       0x44 /home/esmail/Desktop/NUCLEO-F446RE/APP/Build/Object/MCAL/DMA/src/DMA.o
                0x08009450                DMA_GetStreamReg
 .text.dma_status_offset_for_stream
                0x08009494       0x26 /home/esmail/Desktop/NUCLEO-F446RE/APP/Build/Object/MCAL/DMA/src/DMA.o
 *fill*         0x080094ba        0x2 
 .text.DMA_ReadStatus
                0x080094bc       0x5c /home/esmail/Desktop/NUCLEO-F446RE/APP/Build/Object/MCAL/DMA/src/DMA.o
 .text.DMA_ClearFlag
                0x08009518       0x5c /home/esmail/Desktop/NUCLEO-F446RE/APP/Build/Object/MCAL/DMA/src/DMA.o
 .text.DMA_DriverInit
                0x08009574       0x60 /home/esmail/Desktop/NUCLEO-F446RE/APP/Build/Object/MCAL/DMA/src/DMA.o
                0x08009574                DMA_DriverInit
 .text.DMA_ConfigStream
                0x080095d4      0x142 /home/esmail/Desktop/NUCLEO-F446RE/APP/Build/Object/MCAL/DMA/src/DMA.o
                0x080095d4                DMA_ConfigStream
 .text.DMA_Start
                0x08009716       0x76 /home/esmail/Desktop/NUCLEO-F446RE/APP/Build/Object/MCAL/DMA/src/DMA.o
                0x08009716                DMA_Start
 .text.DMA_Abort
                0x0800978c       0x4e /home/esmail/Desktop/NUCLEO-F446RE/APP/Build/Object/MCAL/DMA/src/DMA.o
                0x0800978c                DMA_Abort
 *fill*         0x080097da        0x2 
 .text.DMA_RegisterCallback
                0x080097dc       0x64 /home/esmail/Desktop/NUCLEO-F446RE/APP/Build/Object/MCAL/DMA/src/DMA.o
                0x080097dc                DMA_RegisterCallback
 .text.DMA_HandleIRQ
                0x08009840       0xc0 /home/esmail/Desktop/NUCLEO-F446RE/APP/Build/Object/MCAL/DMA/src/DMA.o
                0x08009840                DMA_HandleIRQ
 .text.GET_TIMER_BASE_ADD
                0x08009900       0x34 /home/esmail/Desktop/NUCLEO-F446RE/APP/Build/Object/MCAL/BASIC_TIMER/src/Basic_Timer.o
 .text.Timer_Init
                0x08009934       0xa8 /home/esmail/Desktop/NUCLEO-F446RE/APP/Build/Object/MCAL/BASIC_TIMER/src/Basic_Timer.o
                0x08009934                Timer_Init
 .text.Timer_Start
                0x080099dc       0x4c /home/esmail/Desktop/NUCLEO-F446RE/APP/Build/Object/MCAL/BASIC_TIMER/src/Basic_Timer.o
                0x080099dc                Timer_Start
 .text.Timer_Stop
                0x08009a28       0x4c /home/esmail/Desktop/NUCLEO-F446RE/APP/Build/Object/MCAL/BASIC_TIMER/src/Basic_Timer.o
                0x08009a28                Timer_Stop
 .text.Timer_SetCallback
                0x08009a74       0x3c /home/esmail/Desktop/NUCLEO-F446RE/APP/Build/Object/MCAL/BASIC_TIMER/src/Basic_Timer.o
                0x08009a74                Timer_SetCallback
 .text.TIM6_DAC_IRQHandler
                0x08009ab0       0x3c /home/esmail/Desktop/NUCLEO-F446RE/APP/Build/Object/MCAL/BASIC_TIMER/src/Basic_Timer.o
                0x08009ab0                TIM6_DAC_IRQHandler
 .text.TIM7_IRQHandler
                0x08009aec       0x3c /home/esmail/Desktop/NUCLEO-F446RE/APP/Build/Object/MCAL/BASIC_TIMER/src/Basic_Timer.o
                0x08009aec                TIM7_IRQHandler
 .text.I2C_GetBase
                0x08009b28       0x44 /home/esmail/Desktop/NUCLEO-F446RE/APP/Build/Object/MCAL/I2C/src/I2C.o
 .text.I2C_Init
                0x08009b6c      0x184 /home/esmail/Desktop/NUCLEO-F446RE/APP/Build/Object/MCAL/I2C/src/I2C.o
                0x08009b6c                I2C_Init
 .text.I2C_DeInit
                0x08009cf0       0x28 /home/esmail/Desktop/NUCLEO-F446RE/APP/Build/Object/MCAL/I2C/src/I2C.o
                0x08009cf0                I2C_DeInit
 .text.I2C_Start
                0x08009d18       0x50 /home/esmail/Desktop/NUCLEO-F446RE/APP/Build/Object/MCAL/I2C/src/I2C.o
                0x08009d18                I2C_Start
 .text.I2C_SendAddress
                0x08009d68       0x6a /home/esmail/Desktop/NUCLEO-F446RE/APP/Build/Object/MCAL/I2C/src/I2C.o
                0x08009d68                I2C_SendAddress
 .text.I2C_SendData
                0x08009dd2       0x54 /home/esmail/Desktop/NUCLEO-F446RE/APP/Build/Object/MCAL/I2C/src/I2C.o
                0x08009dd2                I2C_SendData
 .text.I2C_ReceiveData
                0x08009e26       0x76 /home/esmail/Desktop/NUCLEO-F446RE/APP/Build/Object/MCAL/I2C/src/I2C.o
                0x08009e26                I2C_ReceiveData
 .text.I2C_Stop
                0x08009e9c       0x2a /home/esmail/Desktop/NUCLEO-F446RE/APP/Build/Object/MCAL/I2C/src/I2C.o
                0x08009e9c                I2C_Stop
 .text.I2C_MasterTransmit
                0x08009ec6       0xc4 /home/esmail/Desktop/NUCLEO-F446RE/APP/Build/Object/MCAL/I2C/src/I2C.o
                0x08009ec6                I2C_MasterTransmit
 .text.I2C_ReadStatus
                0x08009f8a       0x1c /home/esmail/Desktop/NUCLEO-F446RE/APP/Build/Object/MCAL/I2C/src/I2C.o
                0x08009f8a                I2C_ReadStatus
 .text.I2C_MasterReceive
                0x08009fa6       0xa2 /home/esmail/Desktop/NUCLEO-F446RE/APP/Build/Object/MCAL/I2C/src/I2C.o
                0x08009fa6                I2C_MasterReceive
 .text.I2C_DisableInterrupts
                0x0800a048       0x44 /home/esmail/Desktop/NUCLEO-F446RE/APP/Build/Object/MCAL/I2C/src/I2C.o
 .text.I2C_MasterTransmit_IT
                0x0800a08c       0x9c /home/esmail/Desktop/NUCLEO-F446RE/APP/Build/Object/MCAL/I2C/src/I2C.o
                0x0800a08c                I2C_MasterTransmit_IT
 .text.I2C1_EV_IRQHandler
                0x0800a128       0xd0 /home/esmail/Desktop/NUCLEO-F446RE/APP/Build/Object/MCAL/I2C/src/I2C.o
                0x0800a128                I2C1_EV_IRQHandler
 .text.I2C1_ER_IRQHandler
                0x0800a1f8       0x30 /home/esmail/Desktop/NUCLEO-F446RE/APP/Build/Object/MCAL/I2C/src/I2C.o
                0x0800a1f8                I2C1_ER_IRQHandler
 .text.I2C2_EV_IRQHandler
                0x0800a228        0xe /home/esmail/Desktop/NUCLEO-F446RE/APP/Build/Object/MCAL/I2C/src/I2C.o
                0x0800a228                I2C2_EV_IRQHandler
 .text.I2C2_ER_IRQHandler
                0x0800a236        0xe /home/esmail/Desktop/NUCLEO-F446RE/APP/Build/Object/MCAL/I2C/src/I2C.o
                0x0800a236                I2C2_ER_IRQHandler
 .text.I2C3_EV_IRQHandler
                0x0800a244        0xe /home/esmail/Desktop/NUCLEO-F446RE/APP/Build/Object/MCAL/I2C/src/I2C.o
                0x0800a244                I2C3_EV_IRQHandler
 .text.I2C3_ER_IRQHandler
                0x0800a252        0xe /home/esmail/Desktop/NUCLEO-F446RE/APP/Build/Object/MCAL/I2C/src/I2C.o
                0x0800a252                I2C3_ER_IRQHandler
 .text.FlashDrv_Unlock
                0x0800a260       0x34 /home/esmail/Desktop/NUCLEO-F446RE/APP/Build/Object/MCAL/FLASH/src/FLASH.o
                0x0800a260                FlashDrv_Unlock
 .text.FlashDrv_Lock
                0x0800a294       0x20 /home/esmail/Desktop/NUCLEO-F446RE/APP/Build/Object/MCAL/FLASH/src/FLASH.o
                0x0800a294                FlashDrv_Lock
 .text.FlashDrv_IsLocked
                0x0800a2b4       0x1c /home/esmail/Desktop/NUCLEO-F446RE/APP/Build/Object/MCAL/FLASH/src/FLASH.o
                0x0800a2b4                FlashDrv_IsLocked
 .text.FlashDrv_ClearErrors
                0x0800a2d0       0x20 /home/esmail/Desktop/NUCLEO-F446RE/APP/Build/Object/MCAL/FLASH/src/FLASH.o
                0x0800a2d0                FlashDrv_ClearErrors
 .text.FlashDrv_WaitForLastOperation
                0x0800a2f0       0x54 /home/esmail/Desktop/NUCLEO-F446RE/APP/Build/Object/MCAL/FLASH/src/FLASH.o
 .text.FlashDrv_IsValidAddress
                0x0800a344       0x30 /home/esmail/Desktop/NUCLEO-F446RE/APP/Build/Object/MCAL/FLASH/src/FLASH.o
 .text.FlashDrv_GetSector
                0x0800a374       0x88 /home/esmail/Desktop/NUCLEO-F446RE/APP/Build/Object/MCAL/FLASH/src/FLASH.o
                0x0800a374                FlashDrv_GetSector
 .text.FlashDrv_GetSectorBase
                0x0800a3fc       0x80 /home/esmail/Desktop/NUCLEO-F446RE/APP/Build/Object/MCAL/FLASH/src/FLASH.o
                0x0800a3fc                FlashDrv_GetSectorBase
 .text.FlashDrv_GetSectorSize
                0x0800a47c       0x74 /home/esmail/Desktop/NUCLEO-F446RE/APP/Build/Object/MCAL/FLASH/src/FLASH.o
                0x0800a47c                FlashDrv_GetSectorSize
 .text.FlashDrv_EraseSector
                0x0800a4f0       0x88 /home/esmail/Desktop/NUCLEO-F446RE/APP/Build/Object/MCAL/FLASH/src/FLASH.o
                0x0800a4f0                FlashDrv_EraseSector
 .text.FlashDrv_EraseRange
                0x0800a578       0x76 /home/esmail/Desktop/NUCLEO-F446RE/APP/Build/Object/MCAL/FLASH/src/FLASH.o
                0x0800a578                FlashDrv_EraseRange
 *fill*         0x0800a5ee        0x2 
 .text.FlashDrv_MassErase
                0x0800a5f0       0x64 /home/esmail/Desktop/NUCLEO-F446RE/APP/Build/Object/MCAL/FLASH/src/FLASH.o
                0x0800a5f0                FlashDrv_MassErase
 .text.FlashDrv_ProgramByte
                0x0800a654       0x88 /home/esmail/Desktop/NUCLEO-F446RE/APP/Build/Object/MCAL/FLASH/src/FLASH.o
                0x0800a654                FlashDrv_ProgramByte
 .text.FlashDrv_ProgramHalfWord
                0x0800a6dc       0x98 /home/esmail/Desktop/NUCLEO-F446RE/APP/Build/Object/MCAL/FLASH/src/FLASH.o
                0x0800a6dc                FlashDrv_ProgramHalfWord
 .text.FlashDrv_ProgramWord
                0x0800a774       0x98 /home/esmail/Desktop/NUCLEO-F446RE/APP/Build/Object/MCAL/FLASH/src/FLASH.o
                0x0800a774                FlashDrv_ProgramWord
 .text.FlashDrv_ProgramBuffer
                0x0800a80c       0x80 /home/esmail/Desktop/NUCLEO-F446RE/APP/Build/Object/MCAL/FLASH/src/FLASH.o
                0x0800a80c                FlashDrv_ProgramBuffer
 .text.FlashDrv_ProgramBufferAligned
                0x0800a88c       0xc6 /home/esmail/Desktop/NUCLEO-F446RE/APP/Build/Object/MCAL/FLASH/src/FLASH.o
                0x0800a88c                FlashDrv_ProgramBufferAligned
 .text.FlashDrv_Verify
                0x0800a952       0x4c /home/esmail/Desktop/NUCLEO-F446RE/APP/Build/Object/MCAL/FLASH/src/FLASH.o
                0x0800a952                FlashDrv_Verify
 .text.FlashDrv_IsErased
                0x0800a99e       0x40 /home/esmail/Desktop/NUCLEO-F446RE/APP/Build/Object/MCAL/FLASH/src/FLASH.o
                0x0800a99e                FlashDrv_IsErased
 .text.FlashDrv_Read
                0x0800a9de       0x62 /home/esmail/Desktop/NUCLEO-F446RE/APP/Build/Object/MCAL/FLASH/src/FLASH.o
                0x0800a9de                FlashDrv_Read
 .text.FlashDrv_PrepareForWrite
                0x0800aa40       0x10 /home/esmail/Desktop/NUCLEO-F446RE/APP/Build/Object/MCAL/FLASH/src/FLASH.o
                0x0800aa40                FlashDrv_PrepareForWrite
 .text.FlashDrv_FinishWrite
                0x0800aa50       0x10 /home/esmail/Desktop/NUCLEO-F446RE/APP/Build/Object/MCAL/FLASH/src/FLASH.o
                0x0800aa50                FlashDrv_FinishWrite
 .text.FlashDrv_ProgramWordSafe
                0x0800aa60       0x28 /home/esmail/Desktop/NUCLEO-F446RE/APP/Build/Object/MCAL/FLASH/src/FLASH.o
                0x0800aa60                FlashDrv_ProgramWordSafe
 .text.GET_TIMER_BASE_ADD
                0x0800aa88       0x54 /home/esmail/Desktop/NUCLEO-F446RE/APP/Build/Object/MCAL/GP_TIMER/src/GP_Timer.o
 .text.GP_Timer_Init
                0x0800aadc       0xc4 /home/esmail/Desktop/NUCLEO-F446RE/APP/Build/Object/MCAL/GP_TIMER/src/GP_Timer.o
                0x0800aadc                GP_Timer_Init
 .text.GP_Timer_PWM_Init
                0x0800aba0      0x144 /home/esmail/Desktop/NUCLEO-F446RE/APP/Build/Object/MCAL/GP_TIMER/src/GP_Timer.o
                0x0800aba0                GP_Timer_PWM_Init
 .text.GP_Timer_PWM_SetDuty
                0x0800ace4       0xa4 /home/esmail/Desktop/NUCLEO-F446RE/APP/Build/Object/MCAL/GP_TIMER/src/GP_Timer.o
                0x0800ace4                GP_Timer_PWM_SetDuty
 .text.GP_Timer_Start
                0x0800ad88       0x40 /home/esmail/Desktop/NUCLEO-F446RE/APP/Build/Object/MCAL/GP_TIMER/src/GP_Timer.o
                0x0800ad88                GP_Timer_Start
 .text.GP_Timer_Stop
                0x0800adc8       0x2c /home/esmail/Desktop/NUCLEO-F446RE/APP/Build/Object/MCAL/GP_TIMER/src/GP_Timer.o
                0x0800adc8                GP_Timer_Stop
 .text.GP_Timer_SetCallback
                0x0800adf4       0x6c /home/esmail/Desktop/NUCLEO-F446RE/APP/Build/Object/MCAL/GP_TIMER/src/GP_Timer.o
                0x0800adf4                GP_Timer_SetCallback
 .text.TIM2_IRQHandler
                0x0800ae60       0x3c /home/esmail/Desktop/NUCLEO-F446RE/APP/Build/Object/MCAL/GP_TIMER/src/GP_Timer.o
                0x0800ae60                TIM2_IRQHandler
 .text.TIM3_IRQHandler
                0x0800ae9c       0x3c /home/esmail/Desktop/NUCLEO-F446RE/APP/Build/Object/MCAL/GP_TIMER/src/GP_Timer.o
                0x0800ae9c                TIM3_IRQHandler
 .text.TIM4_IRQHandler
                0x0800aed8       0x3c /home/esmail/Desktop/NUCLEO-F446RE/APP/Build/Object/MCAL/GP_TIMER/src/GP_Timer.o
                0x0800aed8                TIM4_IRQHandler
 .text.TIM5_IRQHandler
                0x0800af14       0x3c /home/esmail/Desktop/NUCLEO-F446RE/APP/Build/Object/MCAL/GP_TIMER/src/GP_Timer.o
                0x0800af14                TIM5_IRQHandler
 .text.PendSV_Init
                0x0800af50       0x20 /home/esmail/Desktop/NUCLEO-F446RE/APP/Build/Object/MCAL/PendSV/src/PendSV.o
                0x0800af50                PendSV_Init
 .text.Trigger_PendSV
                0x0800af70       0x20 /home/esmail/Desktop/NUCLEO-F446RE/APP/Build/Object/MCAL/PendSV/src/PendSV.o
                0x0800af70                Trigger_PendSV
 .text.PendSV_CallBack
                0x0800af90       0x2c /home/esmail/Desktop/NUCLEO-F446RE/APP/Build/Object/MCAL/PendSV/src/PendSV.o
                0x0800af90                PendSV_CallBack
 .text.PendSV_Handler
                0x0800afbc       0x14 /home/esmail/Desktop/NUCLEO-F446RE/APP/Build/Object/MCAL/PendSV/src/PendSV.o
                0x0800afbc                PendSV_Handler
 .text.int_to_str
                0x0800afd0       0x90 /home/esmail/Desktop/NUCLEO-F446RE/APP/Build/Object/HAL/ESP/ESP.o
                0x0800afd0                int_to_str
 .text.my_strlen
                0x0800b060       0x2e /home/esmail/Desktop/NUCLEO-F446RE/APP/Build/Object/HAL/ESP/ESP.o
                0x0800b060                my_strlen
 *fill*         0x0800b08e        0x2 
 .text.ESP_MainFunction
                0x0800b090       0x70 /home/esmail/Desktop/NUCLEO-F446RE/APP/Build/Object/HAL/ESP/ESP.o
                0x0800b090                ESP_MainFunction
 .text.swapBuffer
                0x0800b100       0x30 /home/esmail/Desktop/NUCLEO-F446RE/APP/Build/Object/HAL/OLED/OLED.o
                0x0800b100                swapBuffer
 .text.OLED_SendCommand
                0x0800b130       0x32 /home/esmail/Desktop/NUCLEO-F446RE/APP/Build/Object/HAL/OLED/OLED.o
                0x0800b130                OLED_SendCommand
 .text.OLED_SendData
                0x0800b162       0x32 /home/esmail/Desktop/NUCLEO-F446RE/APP/Build/Object/HAL/OLED/OLED.o
                0x0800b162                OLED_SendData
 .text.OLED_Init
                0x0800b194      0x120 /home/esmail/Desktop/NUCLEO-F446RE/APP/Build/Object/HAL/OLED/OLED.o
                0x0800b194                OLED_Init
 .text.OLED_Clear
                0x0800b2b4       0x38 /home/esmail/Desktop/NUCLEO-F446RE/APP/Build/Object/HAL/OLED/OLED.o
                0x0800b2b4                OLED_Clear
 .text.OLED_DrawPixel
                0x0800b2ec       0xa4 /home/esmail/Desktop/NUCLEO-F446RE/APP/Build/Object/HAL/OLED/OLED.o
                0x0800b2ec                OLED_DrawPixel
 .text.OLED_UpdateScreen
                0x0800b390       0xac /home/esmail/Desktop/NUCLEO-F446RE/APP/Build/Object/HAL/OLED/OLED.o
                0x0800b390                OLED_UpdateScreen
 .text.BLOCK_DRAW
                0x0800b43c       0x64 /home/esmail/Desktop/NUCLEO-F446RE/APP/Build/Object/P1/FLAPPY_Bird/FLAPPY_Bird.o
                0x0800b43c                BLOCK_DRAW
 .text.RTOS_SCHEDULAR_FLAG
                0x0800b4a0       0x18 /home/esmail/Desktop/NUCLEO-F446RE/APP/Build/Object/RTOS/RTOS.o
                0x0800b4a0                RTOS_SCHEDULAR_FLAG
 .text.RTOS_voidStart
                0x0800b4b8       0x30 /home/esmail/Desktop/NUCLEO-F446RE/APP/Build/Object/RTOS/RTOS.o
                0x0800b4b8                RTOS_voidStart
 .text.RTOS_voidCreateTask
                0x0800b4e8       0x6c /home/esmail/Desktop/NUCLEO-F446RE/APP/Build/Object/RTOS/RTOS.o
                0x0800b4e8                RTOS_voidCreateTask
 .text.RTOS_voidSchedular
                0x0800b554       0xf4 /home/esmail/Desktop/NUCLEO-F446RE/APP/Build/Object/RTOS/RTOS.o
                0x0800b554                RTOS_voidSchedular
 .text.RTOS_u8GetCPULoad
                0x0800b648       0x18 /home/esmail/Desktop/NUCLEO-F446RE/APP/Build/Object/RTOS/RTOS.o
                0x0800b648                RTOS_u8GetCPULoad
 .text.RTOS_voidDeleteTask
                0x0800b660       0x70 /home/esmail/Desktop/NUCLEO-F446RE/APP/Build/Object/RTOS/RTOS.o
                0x0800b660                RTOS_voidDeleteTask
 .text.RTOS_voidSuspendTask
                0x0800b6d0       0x28 /home/esmail/Desktop/NUCLEO-F446RE/APP/Build/Object/RTOS/RTOS.o
                0x0800b6d0                RTOS_voidSuspendTask
 .text.RTOS_voidResumeTask
                0x0800b6f8       0x28 /home/esmail/Desktop/NUCLEO-F446RE/APP/Build/Object/RTOS/RTOS.o
                0x0800b6f8                RTOS_voidResumeTask
 .text.RTOS_voidWaitEvent
                0x0800b720       0x28 /home/esmail/Desktop/NUCLEO-F446RE/APP/Build/Object/RTOS/RTOS.o
                0x0800b720                RTOS_voidWaitEvent
 .text.Reset_Handler
                0x0800b748       0x94 /home/esmail/Desktop/NUCLEO-F446RE/APP/Build/Object/Startup/startup_stm32f103.o
                0x0800b748                Reset_Handler
 .text.Default_Handler
                0x0800b7dc        0x8 /home/esmail/Desktop/NUCLEO-F446RE/APP/Build/Object/Startup/startup_stm32f103.o
                0x0800b7dc                RTC_Alarm_IRQHandler
                0x0800b7dc                EXTI2_IRQHandler
                0x0800b7dc                TIM8_CC_IRQHandler
                0x0800b7dc                DebugMon_Handler
                0x0800b7dc                SPI4_IRQHandler
                0x0800b7dc                TIM1_CC_IRQHandler
                0x0800b7dc                DMA2_Stream5_IRQHandler
                0x0800b7dc                HardFault_Handler
                0x0800b7dc                DMA1_Stream5_IRQHandler
                0x0800b7dc                PVD_IRQHandler
                0x0800b7dc                SDIO_IRQHandler
                0x0800b7dc                TAMP_STAMP_IRQHandler
                0x0800b7dc                NMI_Handler
                0x0800b7dc                CAN2_RX1_IRQHandler
                0x0800b7dc                EXTI3_IRQHandler
                0x0800b7dc                TIM8_TRG_COM_TIM14_IRQHandler
                0x0800b7dc                TIM1_UP_TIM10_IRQHandler
                0x0800b7dc                TIM8_UP_TIM13_IRQHandler
                0x0800b7dc                EXTI0_IRQHandler
                0x0800b7dc                DMA1_Stream2_IRQHandler
                0x0800b7dc                CAN1_RX0_IRQHandler
                0x0800b7dc                FPU_IRQHandler
                0x0800b7dc                UsageFault_Handler
                0x0800b7dc                CAN2_SCE_IRQHandler
                0x0800b7dc                DMA2_Stream2_IRQHandler
                0x0800b7dc                SPI1_IRQHandler
                0x0800b7dc                TIM1_BRK_TIM9_IRQHandler
                0x0800b7dc                CAN2_RX0_IRQHandler
                0x0800b7dc                DMA2_Stream3_IRQHandler
                0x0800b7dc                USART6_IRQHandler
                0x0800b7dc                CAN1_RX1_IRQHandler
                0x0800b7dc                UART5_IRQHandler
                0x0800b7dc                DMA2_Stream0_IRQHandler
                0x0800b7dc                DMA1_Stream6_IRQHandler
                0x0800b7dc                DMA1_Stream1_IRQHandler
                0x0800b7dc                UART4_IRQHandler
                0x0800b7dc                RCC_IRQHandler
                0x0800b7dc                TIM8_BRK_TIM12_IRQHandler
                0x0800b7dc                Default_Handler
                0x0800b7dc                EXTI15_10_IRQHandler
                0x0800b7dc                ADC_IRQHandler
                0x0800b7dc                DMA1_Stream7_IRQHandler
                0x0800b7dc                SPI5_IRQHandler
                0x0800b7dc                CAN2_TX_IRQHandler
                0x0800b7dc                DMA2_Stream7_IRQHandler
                0x0800b7dc                EXTI9_5_IRQHandler
                0x0800b7dc                RTC_WKUP_IRQHandler
                0x0800b7dc                SPI2_IRQHandler
                0x0800b7dc                MemManage_Handler
                0x0800b7dc                DMA1_Stream0_IRQHandler
                0x0800b7dc                CAN1_TX_IRQHandler
                0x0800b7dc                SVC_Handler
                0x0800b7dc                EXTI4_IRQHandler
                0x0800b7dc                WWDG_IRQHandler
                0x0800b7dc                SPI6_IRQHandler
                0x0800b7dc                OTG_FS_WKUP_IRQHandler
                0x0800b7dc                TIM1_TRG_COM_TIM11_IRQHandler
                0x0800b7dc                DMA2D_IRQHandler
                0x0800b7dc                EXTI1_IRQHandler
                0x0800b7dc                DMA2_Stream1_IRQHandler
                0x0800b7dc                CAN1_SCE_IRQHandler
                0x0800b7dc                FLASH_IRQHandler
                0x0800b7dc                DMA2_Stream4_IRQHandler
                0x0800b7dc                BusFault_Handler
                0x0800b7dc                OTG_FS_IRQHandler
                0x0800b7dc                SPI3_IRQHandler
                0x0800b7dc                DMA1_Stream4_IRQHandler
                0x0800b7dc                FMC_IRQHandler
                0x0800b7dc                DMA2_Stream6_IRQHandler
                0x0800b7dc                SAI1_IRQHandler
                0x0800b7dc                DMA1_Stream3_IRQHandler
 .text.main     0x0800b7e4       0x22 /home/esmail/Desktop/NUCLEO-F446RE/APP/Build/Object/Src/main.o
                0x0800b7e4                main
 *fill*         0x0800b806        0x2 
 .text.SystemInit
                0x0800b808       0x44 /home/esmail/Desktop/NUCLEO-F446RE/APP/Build/Object/Src/main.o
                0x0800b808                SystemInit
 .text.Schedular
                0x0800b84c       0x44 /home/esmail/Desktop/NUCLEO-F446RE/APP/Build/Object/Src/SwM.o
                0x0800b84c                Schedular
 .text.duty_cycle_task
                0x0800b890       0x34 /home/esmail/Desktop/NUCLEO-F446RE/APP/Build/Object/Src/SwM.o
                0x0800b890                duty_cycle_task
 .text.LDR_TASK
                0x0800b8c4       0xa8 /home/esmail/Desktop/NUCLEO-F446RE/APP/Build/Object/Src/SwM.o
                0x0800b8c4                LDR_TASK
 .text.INTERNAL_TEMP_TASK
                0x0800b96c       0xbc /home/esmail/Desktop/NUCLEO-F446RE/APP/Build/Object/Src/SwM.o
                0x0800b96c                INTERNAL_TEMP_TASK
 .text.APP_init
                0x0800ba28       0x34 /home/esmail/Desktop/NUCLEO-F446RE/APP/Build/Object/Src/SwM.o
                0x0800ba28                APP_init
 .text.GPIO_PIN_CONFIG
                0x0800ba5c       0xf2 /home/esmail/Desktop/NUCLEO-F446RE/APP/Build/Object/Src/SwM.o
                0x0800ba5c                GPIO_PIN_CONFIG
 .text.ENABLE_NVIC_INTERRUPTS
                0x0800bb4e        0xe /home/esmail/Desktop/NUCLEO-F446RE/APP/Build/Object/Src/SwM.o
                0x0800bb4e                ENABLE_NVIC_INTERRUPTS
 .text.CallBackFunctions
                0x0800bb5c       0x14 /home/esmail/Desktop/NUCLEO-F446RE/APP/Build/Object/Src/SwM.o
                0x0800bb5c                CallBackFunctions
 .text.UART1_ISR
                0x0800bb70       0x28 /home/esmail/Desktop/NUCLEO-F446RE/APP/Build/Object/Src/SwM.o
                0x0800bb70                UART1_ISR
 .text.LED      0x0800bb98       0x10 /home/esmail/Desktop/NUCLEO-F446RE/APP/Build/Object/Src/SwM.o
                0x0800bb98                LED
 .text.OS_IDLE_TASK
                0x0800bba8        0xe /home/esmail/Desktop/NUCLEO-F446RE/APP/Build/Object/Src/SwM.o
                0x0800bba8                OS_IDLE_TASK
 *fill*         0x0800bbb6        0x2 
 .text.LifeCounter
                0x0800bbb8       0x40 /home/esmail/Desktop/NUCLEO-F446RE/APP/Build/Object/Src/SwM.o
                0x0800bbb8                LifeCounter
 .text.SW_VERSION
                0x0800bbf8       0x34 /home/esmail/Desktop/NUCLEO-F446RE/APP/Build/Object/Src/SwM.o
                0x0800bbf8                SW_VERSION
                0x0800bc2c                        . = ALIGN (0x4)
                0x0800bc2c                        _etext = .

.glue_7         0x0800bc2c        0x0
 .glue_7        0x0800bc2c        0x0 linker stubs

.glue_7t        0x0800bc2c        0x0
 .glue_7t       0x0800bc2c        0x0 linker stubs

.vfp11_veneer   0x0800bc2c        0x0
 .vfp11_veneer  0x0800bc2c        0x0 linker stubs

.v4_bx          0x0800bc2c        0x0
 .v4_bx         0x0800bc2c        0x0 linker stubs

.iplt           0x0800bc2c        0x0
 .iplt          0x0800bc2c        0x0 /home/esmail/Desktop/NUCLEO-F446RE/APP/Build/Object/MCAL/RCC/src/RCC_program.o

.rodata         0x0800bc2c      0x134
                0x0800bc2c                        . = ALIGN (0x4)
 *(.rodata)
 .rodata        0x0800bc2c        0x6 /home/esmail/Desktop/NUCLEO-F446RE/APP/Build/Object/MCAL/UART/src/UART.o
 *fill*         0x0800bc32        0x2 
 .rodata        0x0800bc34       0xa7 /home/esmail/Desktop/NUCLEO-F446RE/APP/Build/Object/HAL/ESP/ESP.o
 *fill*         0x0800bcdb        0x1 
 .rodata        0x0800bcdc       0x76 /home/esmail/Desktop/NUCLEO-F446RE/APP/Build/Object/Src/SwM.o
 *(.rodata*)
 *fill*         0x0800bd52        0x2 
 .rodata.MSP_Value
                0x0800bd54        0x4 /home/esmail/Desktop/NUCLEO-F446RE/APP/Build/Object/Startup/startup_stm32f103.o
                0x0800bd54                MSP_Value
 .rodata.FIRMWARE_VERSION
                0x0800bd58        0x6 /home/esmail/Desktop/NUCLEO-F446RE/APP/Build/Object/Src/SwM.o
                0x0800bd58                FIRMWARE_VERSION
                0x0800bd60                        . = ALIGN (0x4)
 *fill*         0x0800bd5e        0x2 
                0x0800bd60                        _sidata = LOADADDR (.data)

.rel.dyn        0x0800bd60        0x0
 .rel.iplt      0x0800bd60        0x0 /home/esmail/Desktop/NUCLEO-F446RE/APP/Build/Object/MCAL/RCC/src/RCC_program.o

.data           0x20000000       0x44 load address 0x0800bd60
                0x20000000                        . = ALIGN (0x4)
                0x20000000                        _sdata = .
 *(.data)
 .data          0x20000000        0x0 /home/esmail/Desktop/NUCLEO-F446RE/APP/Build/Object/MCAL/RCC/src/RCC_program.o
 .data          0x20000000        0x0 /home/esmail/Desktop/NUCLEO-F446RE/APP/Build/Object/MCAL/NVIC/src/NVIC_program.o
 .data          0x20000000        0x0 /home/esmail/Desktop/NUCLEO-F446RE/APP/Build/Object/MCAL/SysTick/src/SysTick_program.o
 .data          0x20000000        0x0 /home/esmail/Desktop/NUCLEO-F446RE/APP/Build/Object/MCAL/GPIO/src/GPIO_program.o
 .data          0x20000000        0x0 /home/esmail/Desktop/NUCLEO-F446RE/APP/Build/Object/MCAL/ADC/src/ADC.o
 .data          0x20000000        0x0 /home/esmail/Desktop/NUCLEO-F446RE/APP/Build/Object/MCAL/UART/src/UART.o
 .data          0x20000000        0x0 /home/esmail/Desktop/NUCLEO-F446RE/APP/Build/Object/MCAL/DMA/src/DMA.o
 .data          0x20000000        0x0 /home/esmail/Desktop/NUCLEO-F446RE/APP/Build/Object/MCAL/BASIC_TIMER/src/Basic_Timer.o
 .data          0x20000000        0x0 /home/esmail/Desktop/NUCLEO-F446RE/APP/Build/Object/MCAL/I2C/src/I2C.o
 .data          0x20000000        0x0 /home/esmail/Desktop/NUCLEO-F446RE/APP/Build/Object/MCAL/FLASH/src/FLASH.o
 .data          0x20000000        0x0 /home/esmail/Desktop/NUCLEO-F446RE/APP/Build/Object/MCAL/GP_TIMER/src/GP_Timer.o
 .data          0x20000000        0x0 /home/esmail/Desktop/NUCLEO-F446RE/APP/Build/Object/MCAL/PendSV/src/PendSV.o
 .data          0x20000000        0x0 /home/esmail/Desktop/NUCLEO-F446RE/APP/Build/Object/HAL/ESP/ESP.o
 .data          0x20000000        0x0 /home/esmail/Desktop/NUCLEO-F446RE/APP/Build/Object/HAL/OLED/OLED.o
 .data          0x20000000        0x0 /home/esmail/Desktop/NUCLEO-F446RE/APP/Build/Object/P1/FLAPPY_Bird/FLAPPY_Bird.o
 .data          0x20000000        0x0 /home/esmail/Desktop/NUCLEO-F446RE/APP/Build/Object/RTOS/RTOS.o
 .data          0x20000000        0x0 /home/esmail/Desktop/NUCLEO-F446RE/APP/Build/Object/Startup/startup_stm32f103.o
 .data          0x20000000        0x0 /home/esmail/Desktop/NUCLEO-F446RE/APP/Build/Object/Src/main.o
 .data          0x20000000        0x0 /home/esmail/Desktop/NUCLEO-F446RE/APP/Build/Object/Src/SwM.o
 *(.data*)
 .data.nvic_stat
                0x20000000        0x1 /home/esmail/Desktop/NUCLEO-F446RE/APP/Build/Object/MCAL/BASIC_TIMER/src/Basic_Timer.o
                0x20000000                nvic_stat
 *fill*         0x20000001        0x3 
 .data.ESP_Commands
                0x20000004       0x20 /home/esmail/Desktop/NUCLEO-F446RE/APP/Build/Object/HAL/ESP/ESP.o
                0x20000004                ESP_Commands
 .data.OLED_Buffer
                0x20000024        0x4 /home/esmail/Desktop/NUCLEO-F446RE/APP/Build/Object/HAL/OLED/OLED.o
                0x20000024                OLED_Buffer
 .data.OLED_DisplayBuffer
                0x20000028        0x4 /home/esmail/Desktop/NUCLEO-F446RE/APP/Build/Object/HAL/OLED/OLED.o
                0x20000028                OLED_DisplayBuffer
 .data.Uart1_configuration
                0x2000002c        0xc /home/esmail/Desktop/NUCLEO-F446RE/APP/Build/Object/Src/SwM.o
                0x2000002c                Uart1_configuration
 .data.Uart2_configuration
                0x20000038        0xc /home/esmail/Desktop/NUCLEO-F446RE/APP/Build/Object/Src/SwM.o
                0x20000038                Uart2_configuration
                0x20000044                        . = ALIGN (0x4)
                0x20000044                        _edata = .

.igot.plt       0x20000044        0x0 load address 0x0800bda4
 .igot.plt      0x20000044        0x0 /home/esmail/Desktop/NUCLEO-F446RE/APP/Build/Object/MCAL/RCC/src/RCC_program.o

.bss            0x20000044      0x9bc load address 0x0800bda4
                0x20000044                        _sbss = .
 *(.bss)
 .bss           0x20000044        0x0 /home/esmail/Desktop/NUCLEO-F446RE/APP/Build/Object/MCAL/RCC/src/RCC_program.o
 .bss           0x20000044        0x0 /home/esmail/Desktop/NUCLEO-F446RE/APP/Build/Object/MCAL/NVIC/src/NVIC_program.o
 .bss           0x20000044        0x0 /home/esmail/Desktop/NUCLEO-F446RE/APP/Build/Object/MCAL/SysTick/src/SysTick_program.o
 .bss           0x20000044        0x0 /home/esmail/Desktop/NUCLEO-F446RE/APP/Build/Object/MCAL/GPIO/src/GPIO_program.o
 .bss           0x20000044        0x0 /home/esmail/Desktop/NUCLEO-F446RE/APP/Build/Object/MCAL/ADC/src/ADC.o
 .bss           0x20000044        0x0 /home/esmail/Desktop/NUCLEO-F446RE/APP/Build/Object/MCAL/UART/src/UART.o
 .bss           0x20000044        0x0 /home/esmail/Desktop/NUCLEO-F446RE/APP/Build/Object/MCAL/DMA/src/DMA.o
 .bss           0x20000044        0x0 /home/esmail/Desktop/NUCLEO-F446RE/APP/Build/Object/MCAL/BASIC_TIMER/src/Basic_Timer.o
 .bss           0x20000044        0x0 /home/esmail/Desktop/NUCLEO-F446RE/APP/Build/Object/MCAL/I2C/src/I2C.o
 .bss           0x20000044        0x0 /home/esmail/Desktop/NUCLEO-F446RE/APP/Build/Object/MCAL/FLASH/src/FLASH.o
 .bss           0x20000044        0x0 /home/esmail/Desktop/NUCLEO-F446RE/APP/Build/Object/MCAL/GP_TIMER/src/GP_Timer.o
 .bss           0x20000044        0x0 /home/esmail/Desktop/NUCLEO-F446RE/APP/Build/Object/MCAL/PendSV/src/PendSV.o
 .bss           0x20000044        0x0 /home/esmail/Desktop/NUCLEO-F446RE/APP/Build/Object/HAL/ESP/ESP.o
 .bss           0x20000044        0x0 /home/esmail/Desktop/NUCLEO-F446RE/APP/Build/Object/HAL/OLED/OLED.o
 .bss           0x20000044        0x0 /home/esmail/Desktop/NUCLEO-F446RE/APP/Build/Object/P1/FLAPPY_Bird/FLAPPY_Bird.o
 .bss           0x20000044        0x0 /home/esmail/Desktop/NUCLEO-F446RE/APP/Build/Object/RTOS/RTOS.o
 .bss           0x20000044        0x0 /home/esmail/Desktop/NUCLEO-F446RE/APP/Build/Object/Startup/startup_stm32f103.o
 .bss           0x20000044        0x0 /home/esmail/Desktop/NUCLEO-F446RE/APP/Build/Object/Src/main.o
 .bss           0x20000044        0x0 /home/esmail/Desktop/NUCLEO-F446RE/APP/Build/Object/Src/SwM.o
 *(.bss*)
 .bss.Local_PvFunction
                0x20000044        0x4 /home/esmail/Desktop/NUCLEO-F446RE/APP/Build/Object/MCAL/SysTick/src/SysTick_program.o
 .bss.rx_test   0x20000048        0x1 /home/esmail/Desktop/NUCLEO-F446RE/APP/Build/Object/MCAL/UART/src/UART.o
                0x20000048                rx_test
 *fill*         0x20000049        0x3 
 .bss.uart1_funcPtr
                0x2000004c        0x4 /home/esmail/Desktop/NUCLEO-F446RE/APP/Build/Object/MCAL/UART/src/UART.o
                0x2000004c                uart1_funcPtr
 .bss.uart2_funcPtr
                0x20000050        0x4 /home/esmail/Desktop/NUCLEO-F446RE/APP/Build/Object/MCAL/UART/src/UART.o
                0x20000050                uart2_funcPtr
 .bss.uart3_funcPtr
                0x20000054        0x4 /home/esmail/Desktop/NUCLEO-F446RE/APP/Build/Object/MCAL/UART/src/UART.o
                0x20000054                uart3_funcPtr
 .bss.g_dma_cbs
                0x20000058       0x80 /home/esmail/Desktop/NUCLEO-F446RE/APP/Build/Object/MCAL/DMA/src/DMA.o
 .bss.tim6_callback
                0x200000d8        0x4 /home/esmail/Desktop/NUCLEO-F446RE/APP/Build/Object/MCAL/BASIC_TIMER/src/Basic_Timer.o
 .bss.tim7_callback
                0x200000dc        0x4 /home/esmail/Desktop/NUCLEO-F446RE/APP/Build/Object/MCAL/BASIC_TIMER/src/Basic_Timer.o
 .bss.total_ticks
                0x200000e0        0x4 /home/esmail/Desktop/NUCLEO-F446RE/APP/Build/Object/MCAL/BASIC_TIMER/src/Basic_Timer.o
                0x200000e0                total_ticks
 .bss.I2C1_State
                0x200000e4        0x1 /home/esmail/Desktop/NUCLEO-F446RE/APP/Build/Object/MCAL/I2C/src/I2C.o
 *fill*         0x200000e5        0x3 
 .bss.I2C1_TxBuffer
                0x200000e8        0x4 /home/esmail/Desktop/NUCLEO-F446RE/APP/Build/Object/MCAL/I2C/src/I2C.o
 .bss.I2C1_TxSize
                0x200000ec        0x2 /home/esmail/Desktop/NUCLEO-F446RE/APP/Build/Object/MCAL/I2C/src/I2C.o
 .bss.I2C1_TxIndex
                0x200000ee        0x2 /home/esmail/Desktop/NUCLEO-F446RE/APP/Build/Object/MCAL/I2C/src/I2C.o
 .bss.I2C1_Address
                0x200000f0        0x1 /home/esmail/Desktop/NUCLEO-F446RE/APP/Build/Object/MCAL/I2C/src/I2C.o
 *fill*         0x200000f1        0x3 
 .bss.tim2_callback
                0x200000f4        0x4 /home/esmail/Desktop/NUCLEO-F446RE/APP/Build/Object/MCAL/GP_TIMER/src/GP_Timer.o
 .bss.tim3_callback
                0x200000f8        0x4 /home/esmail/Desktop/NUCLEO-F446RE/APP/Build/Object/MCAL/GP_TIMER/src/GP_Timer.o
 .bss.tim4_callback
                0x200000fc        0x4 /home/esmail/Desktop/NUCLEO-F446RE/APP/Build/Object/MCAL/GP_TIMER/src/GP_Timer.o
 .bss.tim5_callback
                0x20000100        0x4 /home/esmail/Desktop/NUCLEO-F446RE/APP/Build/Object/MCAL/GP_TIMER/src/GP_Timer.o
 .bss.Copy_pvCallBackFunc
                0x20000104        0x4 /home/esmail/Desktop/NUCLEO-F446RE/APP/Build/Object/MCAL/PendSV/src/PendSV.o
                0x20000104                Copy_pvCallBackFunc
 .bss.ESP_APPLICATION_FLAG
                0x20000108        0x1 /home/esmail/Desktop/NUCLEO-F446RE/APP/Build/Object/HAL/ESP/ESP.o
                0x20000108                ESP_APPLICATION_FLAG
 .bss.ESP_Commands_Counter.0
                0x20000109        0x1 /home/esmail/Desktop/NUCLEO-F446RE/APP/Build/Object/HAL/ESP/ESP.o
 *fill*         0x2000010a        0x2 
 .bss.BufferA   0x2000010c      0x400 /home/esmail/Desktop/NUCLEO-F446RE/APP/Build/Object/HAL/OLED/OLED.o
                0x2000010c                BufferA
 .bss.BufferB   0x2000050c      0x400 /home/esmail/Desktop/NUCLEO-F446RE/APP/Build/Object/HAL/OLED/OLED.o
                0x2000050c                BufferB
 .bss.SysTask   0x2000090c       0x40 /home/esmail/Desktop/NUCLEO-F446RE/APP/Build/Object/RTOS/RTOS.o
                0x2000090c                SysTask
 .bss.CPU_Load  0x2000094c        0xc /home/esmail/Desktop/NUCLEO-F446RE/APP/Build/Object/RTOS/RTOS.o
                0x2000094c                CPU_Load
 .bss.OS_TickFlag
                0x20000958        0x1 /home/esmail/Desktop/NUCLEO-F446RE/APP/Build/Object/RTOS/RTOS.o
                0x20000958                OS_TickFlag
 *fill*         0x20000959        0x3 
 .bss.Task_StackSize
                0x2000095c       0x80 /home/esmail/Desktop/NUCLEO-F446RE/APP/Build/Object/RTOS/RTOS.o
                0x2000095c                Task_StackSize
 .bss.CurrentTask
                0x200009dc        0x4 /home/esmail/Desktop/NUCLEO-F446RE/APP/Build/Object/RTOS/RTOS.o
                0x200009dc                CurrentTask
 .bss.NextTask  0x200009e0        0x4 /home/esmail/Desktop/NUCLEO-F446RE/APP/Build/Object/RTOS/RTOS.o
                0x200009e0                NextTask
 .bss.RCC_Configuration
                0x200009e4        0xc /home/esmail/Desktop/NUCLEO-F446RE/APP/Build/Object/Src/main.o
                0x200009e4                RCC_Configuration
 .bss.adc_value
                0x200009f0        0x2 /home/esmail/Desktop/NUCLEO-F446RE/APP/Build/Object/Src/SwM.o
                0x200009f0                adc_value
 *fill*         0x200009f2        0x2 
 .bss.voltage   0x200009f4        0x4 /home/esmail/Desktop/NUCLEO-F446RE/APP/Build/Object/Src/SwM.o
                0x200009f4                voltage
 .bss.i.1       0x200009f8        0x1 /home/esmail/Desktop/NUCLEO-F446RE/APP/Build/Object/Src/SwM.o
 *fill*         0x200009f9        0x3 
 .bss.counter.0
                0x200009fc        0x4 /home/esmail/Desktop/NUCLEO-F446RE/APP/Build/Object/Src/SwM.o
                0x20000a00                        . = ALIGN (0x4)
                0x20000a00                        _ebss = .

._user_heap_stack
                0x20000a00     0x1200 load address 0x0800bda4
                0x20000a00                        . = ALIGN (0x8)
                0x20000c00                        . = (. + _Min_Heap_Size)
 *fill*         0x20000a00      0x200 
                0x20001c00                        . = (. + _Min_Stack_Size)
 *fill*         0x20000c00     0x1000 
                0x20001c00                        . = ALIGN (0x8)
LOAD /home/esmail/Desktop/NUCLEO-F446RE/APP/Build/Object/MCAL/RCC/src/RCC_program.o
LOAD /home/esmail/Desktop/NUCLEO-F446RE/APP/Build/Object/MCAL/NVIC/src/NVIC_program.o
LOAD /home/esmail/Desktop/NUCLEO-F446RE/APP/Build/Object/MCAL/SysTick/src/SysTick_program.o
LOAD /home/esmail/Desktop/NUCLEO-F446RE/APP/Build/Object/MCAL/GPIO/src/GPIO_program.o
LOAD /home/esmail/Desktop/NUCLEO-F446RE/APP/Build/Object/MCAL/ADC/src/ADC.o
LOAD /home/esmail/Desktop/NUCLEO-F446RE/APP/Build/Object/MCAL/UART/src/UART.o
LOAD /home/esmail/Desktop/NUCLEO-F446RE/APP/Build/Object/MCAL/DMA/src/DMA.o
LOAD /home/esmail/Desktop/NUCLEO-F446RE/APP/Build/Object/MCAL/BASIC_TIMER/src/Basic_Timer.o
LOAD /home/esmail/Desktop/NUCLEO-F446RE/APP/Build/Object/MCAL/I2C/src/I2C.o
LOAD /home/esmail/Desktop/NUCLEO-F446RE/APP/Build/Object/MCAL/FLASH/src/FLASH.o
LOAD /home/esmail/Desktop/NUCLEO-F446RE/APP/Build/Object/MCAL/GP_TIMER/src/GP_Timer.o
LOAD /home/esmail/Desktop/NUCLEO-F446RE/APP/Build/Object/MCAL/PendSV/src/PendSV.o
LOAD /home/esmail/Desktop/NUCLEO-F446RE/APP/Build/Object/HAL/ESP/ESP.o
LOAD /home/esmail/Desktop/NUCLEO-F446RE/APP/Build/Object/HAL/OLED/OLED.o
LOAD /home/esmail/Desktop/NUCLEO-F446RE/APP/Build/Object/P1/FLAPPY_Bird/FLAPPY_Bird.o
LOAD /home/esmail/Desktop/NUCLEO-F446RE/APP/Build/Object/RTOS/RTOS.o
LOAD /home/esmail/Desktop/NUCLEO-F446RE/APP/Build/Object/Startup/startup_stm32f103.o
LOAD /home/esmail/Desktop/NUCLEO-F446RE/APP/Build/Object/Src/main.o
LOAD /home/esmail/Desktop/NUCLEO-F446RE/APP/Build/Object/Src/SwM.o
OUTPUT(/home/esmail/Desktop/NUCLEO-F446RE/APP/Tools/application.elf elf32-littlearm)
LOAD linker stubs

.debug_info     0x00000000     0x49cd
 .debug_info    0x00000000      0x3a5 /home/esmail/Desktop/NUCLEO-F446RE/APP/Build/Object/MCAL/RCC/src/RCC_program.o
 .debug_info    0x000003a5      0x2d5 /home/esmail/Desktop/NUCLEO-F446RE/APP/Build/Object/MCAL/NVIC/src/NVIC_program.o
 .debug_info    0x0000067a      0x247 /home/esmail/Desktop/NUCLEO-F446RE/APP/Build/Object/MCAL/SysTick/src/SysTick_program.o
 .debug_info    0x000008c1      0x4dc /home/esmail/Desktop/NUCLEO-F446RE/APP/Build/Object/MCAL/GPIO/src/GPIO_program.o
 .debug_info    0x00000d9d      0x21c /home/esmail/Desktop/NUCLEO-F446RE/APP/Build/Object/MCAL/ADC/src/ADC.o
 .debug_info    0x00000fb9      0x5dd /home/esmail/Desktop/NUCLEO-F446RE/APP/Build/Object/MCAL/UART/src/UART.o
 .debug_info    0x00001596      0x688 /home/esmail/Desktop/NUCLEO-F446RE/APP/Build/Object/MCAL/DMA/src/DMA.o
 .debug_info    0x00001c1e      0x3cb /home/esmail/Desktop/NUCLEO-F446RE/APP/Build/Object/MCAL/BASIC_TIMER/src/Basic_Timer.o
 .debug_info    0x00001fe9      0x68d /home/esmail/Desktop/NUCLEO-F446RE/APP/Build/Object/MCAL/I2C/src/I2C.o
 .debug_info    0x00002676      0x628 /home/esmail/Desktop/NUCLEO-F446RE/APP/Build/Object/MCAL/FLASH/src/FLASH.o
 .debug_info    0x00002c9e      0x479 /home/esmail/Desktop/NUCLEO-F446RE/APP/Build/Object/MCAL/GP_TIMER/src/GP_Timer.o
 .debug_info    0x00003117      0x12a /home/esmail/Desktop/NUCLEO-F446RE/APP/Build/Object/MCAL/PendSV/src/PendSV.o
 .debug_info    0x00003241      0x1e2 /home/esmail/Desktop/NUCLEO-F446RE/APP/Build/Object/HAL/ESP/ESP.o
 .debug_info    0x00003423      0x384 /home/esmail/Desktop/NUCLEO-F446RE/APP/Build/Object/HAL/OLED/OLED.o
 .debug_info    0x000037a7      0x13a /home/esmail/Desktop/NUCLEO-F446RE/APP/Build/Object/P1/FLAPPY_Bird/FLAPPY_Bird.o
 .debug_info    0x000038e1      0x3db /home/esmail/Desktop/NUCLEO-F446RE/APP/Build/Object/RTOS/RTOS.o
 .debug_info    0x00003cbc      0x1b9 /home/esmail/Desktop/NUCLEO-F446RE/APP/Build/Object/Startup/startup_stm32f103.o
 .debug_info    0x00003e75      0x3e1 /home/esmail/Desktop/NUCLEO-F446RE/APP/Build/Object/Src/main.o
 .debug_info    0x00004256      0x777 /home/esmail/Desktop/NUCLEO-F446RE/APP/Build/Object/Src/SwM.o

.debug_abbrev   0x00000000     0x1886
 .debug_abbrev  0x00000000      0x13e /home/esmail/Desktop/NUCLEO-F446RE/APP/Build/Object/MCAL/RCC/src/RCC_program.o
 .debug_abbrev  0x0000013e      0x12c /home/esmail/Desktop/NUCLEO-F446RE/APP/Build/Object/MCAL/NVIC/src/NVIC_program.o
 .debug_abbrev  0x0000026a      0x144 /home/esmail/Desktop/NUCLEO-F446RE/APP/Build/Object/MCAL/SysTick/src/SysTick_program.o
 .debug_abbrev  0x000003ae      0x133 /home/esmail/Desktop/NUCLEO-F446RE/APP/Build/Object/MCAL/GPIO/src/GPIO_program.o
 .debug_abbrev  0x000004e1       0xf1 /home/esmail/Desktop/NUCLEO-F446RE/APP/Build/Object/MCAL/ADC/src/ADC.o
 .debug_abbrev  0x000005d2      0x170 /home/esmail/Desktop/NUCLEO-F446RE/APP/Build/Object/MCAL/UART/src/UART.o
 .debug_abbrev  0x00000742      0x1ed /home/esmail/Desktop/NUCLEO-F446RE/APP/Build/Object/MCAL/DMA/src/DMA.o
 .debug_abbrev  0x0000092f      0x14d /home/esmail/Desktop/NUCLEO-F446RE/APP/Build/Object/MCAL/BASIC_TIMER/src/Basic_Timer.o
 .debug_abbrev  0x00000a7c      0x1b9 /home/esmail/Desktop/NUCLEO-F446RE/APP/Build/Object/MCAL/I2C/src/I2C.o
 .debug_abbrev  0x00000c35      0x1b3 /home/esmail/Desktop/NUCLEO-F446RE/APP/Build/Object/MCAL/FLASH/src/FLASH.o
 .debug_abbrev  0x00000de8      0x132 /home/esmail/Desktop/NUCLEO-F446RE/APP/Build/Object/MCAL/GP_TIMER/src/GP_Timer.o
 .debug_abbrev  0x00000f1a       0xd2 /home/esmail/Desktop/NUCLEO-F446RE/APP/Build/Object/MCAL/PendSV/src/PendSV.o
 .debug_abbrev  0x00000fec      0x143 /home/esmail/Desktop/NUCLEO-F446RE/APP/Build/Object/HAL/ESP/ESP.o
 .debug_abbrev  0x0000112f      0x150 /home/esmail/Desktop/NUCLEO-F446RE/APP/Build/Object/HAL/OLED/OLED.o
 .debug_abbrev  0x0000127f       0xaf /home/esmail/Desktop/NUCLEO-F446RE/APP/Build/Object/P1/FLAPPY_Bird/FLAPPY_Bird.o
 .debug_abbrev  0x0000132e      0x1bb /home/esmail/Desktop/NUCLEO-F446RE/APP/Build/Object/RTOS/RTOS.o
 .debug_abbrev  0x000014e9       0xfa /home/esmail/Desktop/NUCLEO-F446RE/APP/Build/Object/Startup/startup_stm32f103.o
 .debug_abbrev  0x000015e3      0x107 /home/esmail/Desktop/NUCLEO-F446RE/APP/Build/Object/Src/main.o
 .debug_abbrev  0x000016ea      0x19c /home/esmail/Desktop/NUCLEO-F446RE/APP/Build/Object/Src/SwM.o

.debug_aranges  0x00000000      0x6c8
 .debug_aranges
                0x00000000       0x78 /home/esmail/Desktop/NUCLEO-F446RE/APP/Build/Object/MCAL/RCC/src/RCC_program.o
 .debug_aranges
                0x00000078       0x48 /home/esmail/Desktop/NUCLEO-F446RE/APP/Build/Object/MCAL/NVIC/src/NVIC_program.o
 .debug_aranges
                0x000000c0       0x58 /home/esmail/Desktop/NUCLEO-F446RE/APP/Build/Object/MCAL/SysTick/src/SysTick_program.o
 .debug_aranges
                0x00000118       0x48 /home/esmail/Desktop/NUCLEO-F446RE/APP/Build/Object/MCAL/GPIO/src/GPIO_program.o
 .debug_aranges
                0x00000160       0x48 /home/esmail/Desktop/NUCLEO-F446RE/APP/Build/Object/MCAL/ADC/src/ADC.o
 .debug_aranges
                0x000001a8       0x70 /home/esmail/Desktop/NUCLEO-F446RE/APP/Build/Object/MCAL/UART/src/UART.o
 .debug_aranges
                0x00000218       0x68 /home/esmail/Desktop/NUCLEO-F446RE/APP/Build/Object/MCAL/DMA/src/DMA.o
 .debug_aranges
                0x00000280       0x50 /home/esmail/Desktop/NUCLEO-F446RE/APP/Build/Object/MCAL/BASIC_TIMER/src/Basic_Timer.o
 .debug_aranges
                0x000002d0       0xb0 /home/esmail/Desktop/NUCLEO-F446RE/APP/Build/Object/MCAL/I2C/src/I2C.o
 .debug_aranges
                0x00000380       0xd0 /home/esmail/Desktop/NUCLEO-F446RE/APP/Build/Object/MCAL/FLASH/src/FLASH.o
 .debug_aranges
                0x00000450       0x70 /home/esmail/Desktop/NUCLEO-F446RE/APP/Build/Object/MCAL/GP_TIMER/src/GP_Timer.o
 .debug_aranges
                0x000004c0       0x38 /home/esmail/Desktop/NUCLEO-F446RE/APP/Build/Object/MCAL/PendSV/src/PendSV.o
 .debug_aranges
                0x000004f8       0x30 /home/esmail/Desktop/NUCLEO-F446RE/APP/Build/Object/HAL/ESP/ESP.o
 .debug_aranges
                0x00000528       0x50 /home/esmail/Desktop/NUCLEO-F446RE/APP/Build/Object/HAL/OLED/OLED.o
 .debug_aranges
                0x00000578       0x20 /home/esmail/Desktop/NUCLEO-F446RE/APP/Build/Object/P1/FLAPPY_Bird/FLAPPY_Bird.o
 .debug_aranges
                0x00000598       0x60 /home/esmail/Desktop/NUCLEO-F446RE/APP/Build/Object/RTOS/RTOS.o
 .debug_aranges
                0x000005f8       0x28 /home/esmail/Desktop/NUCLEO-F446RE/APP/Build/Object/Startup/startup_stm32f103.o
 .debug_aranges
                0x00000620       0x28 /home/esmail/Desktop/NUCLEO-F446RE/APP/Build/Object/Src/main.o
 .debug_aranges
                0x00000648       0x80 /home/esmail/Desktop/NUCLEO-F446RE/APP/Build/Object/Src/SwM.o

.debug_rnglists
                0x00000000      0x4e0
 .debug_rnglists
                0x00000000       0x58 /home/esmail/Desktop/NUCLEO-F446RE/APP/Build/Object/MCAL/RCC/src/RCC_program.o
 .debug_rnglists
                0x00000058       0x31 /home/esmail/Desktop/NUCLEO-F446RE/APP/Build/Object/MCAL/NVIC/src/NVIC_program.o
 .debug_rnglists
                0x00000089       0x3d /home/esmail/Desktop/NUCLEO-F446RE/APP/Build/Object/MCAL/SysTick/src/SysTick_program.o
 .debug_rnglists
                0x000000c6       0x34 /home/esmail/Desktop/NUCLEO-F446RE/APP/Build/Object/MCAL/GPIO/src/GPIO_program.o
 .debug_rnglists
                0x000000fa       0x33 /home/esmail/Desktop/NUCLEO-F446RE/APP/Build/Object/MCAL/ADC/src/ADC.o
 .debug_rnglists
                0x0000012d       0x54 /home/esmail/Desktop/NUCLEO-F446RE/APP/Build/Object/MCAL/UART/src/UART.o
 .debug_rnglists
                0x00000181       0x4b /home/esmail/Desktop/NUCLEO-F446RE/APP/Build/Object/MCAL/DMA/src/DMA.o
 .debug_rnglists
                0x000001cc       0x38 /home/esmail/Desktop/NUCLEO-F446RE/APP/Build/Object/MCAL/BASIC_TIMER/src/Basic_Timer.o
 .debug_rnglists
                0x00000204       0x84 /home/esmail/Desktop/NUCLEO-F446RE/APP/Build/Object/MCAL/I2C/src/I2C.o
 .debug_rnglists
                0x00000288       0x9f /home/esmail/Desktop/NUCLEO-F446RE/APP/Build/Object/MCAL/FLASH/src/FLASH.o
 .debug_rnglists
                0x00000327       0x52 /home/esmail/Desktop/NUCLEO-F446RE/APP/Build/Object/MCAL/GP_TIMER/src/GP_Timer.o
 .debug_rnglists
                0x00000379       0x25 /home/esmail/Desktop/NUCLEO-F446RE/APP/Build/Object/MCAL/PendSV/src/PendSV.o
 .debug_rnglists
                0x0000039e       0x20 /home/esmail/Desktop/NUCLEO-F446RE/APP/Build/Object/HAL/ESP/ESP.o
 .debug_rnglists
                0x000003be       0x3a /home/esmail/Desktop/NUCLEO-F446RE/APP/Build/Object/HAL/OLED/OLED.o
 .debug_rnglists
                0x000003f8       0x13 /home/esmail/Desktop/NUCLEO-F446RE/APP/Build/Object/P1/FLAPPY_Bird/FLAPPY_Bird.o
 .debug_rnglists
                0x0000040b       0x44 /home/esmail/Desktop/NUCLEO-F446RE/APP/Build/Object/RTOS/RTOS.o
 .debug_rnglists
                0x0000044f       0x1a /home/esmail/Desktop/NUCLEO-F446RE/APP/Build/Object/Startup/startup_stm32f103.o
 .debug_rnglists
                0x00000469       0x19 /home/esmail/Desktop/NUCLEO-F446RE/APP/Build/Object/Src/main.o
 .debug_rnglists
                0x00000482       0x5e /home/esmail/Desktop/NUCLEO-F446RE/APP/Build/Object/Src/SwM.o

.debug_macro    0x00000000     0x1a15
 .debug_macro   0x00000000       0x32 /home/esmail/Desktop/NUCLEO-F446RE/APP/Build/Object/MCAL/RCC/src/RCC_program.o
 .debug_macro   0x00000032      0xac6 /home/esmail/Desktop/NUCLEO-F446RE/APP/Build/Object/MCAL/RCC/src/RCC_program.o
 .debug_macro   0x00000af8       0x10 /home/esmail/Desktop/NUCLEO-F446RE/APP/Build/Object/MCAL/RCC/src/RCC_program.o
 .debug_macro   0x00000b08       0x22 /home/esmail/Desktop/NUCLEO-F446RE/APP/Build/Object/MCAL/RCC/src/RCC_program.o
 .debug_macro   0x00000b2a       0xd0 /home/esmail/Desktop/NUCLEO-F446RE/APP/Build/Object/MCAL/RCC/src/RCC_program.o
 .debug_macro   0x00000bfa       0x49 /home/esmail/Desktop/NUCLEO-F446RE/APP/Build/Object/MCAL/NVIC/src/NVIC_program.o
 .debug_macro   0x00000c43       0x58 /home/esmail/Desktop/NUCLEO-F446RE/APP/Build/Object/MCAL/NVIC/src/NVIC_program.o
 .debug_macro   0x00000c9b       0x10 /home/esmail/Desktop/NUCLEO-F446RE/APP/Build/Object/MCAL/NVIC/src/NVIC_program.o
 .debug_macro   0x00000cab       0x3b /home/esmail/Desktop/NUCLEO-F446RE/APP/Build/Object/MCAL/SysTick/src/SysTick_program.o
 .debug_macro   0x00000ce6       0x22 /home/esmail/Desktop/NUCLEO-F446RE/APP/Build/Object/MCAL/SysTick/src/SysTick_program.o
 .debug_macro   0x00000d08       0x2e /home/esmail/Desktop/NUCLEO-F446RE/APP/Build/Object/MCAL/SysTick/src/SysTick_program.o
 .debug_macro   0x00000d36       0x3b /home/esmail/Desktop/NUCLEO-F446RE/APP/Build/Object/MCAL/GPIO/src/GPIO_program.o
 .debug_macro   0x00000d71       0x6a /home/esmail/Desktop/NUCLEO-F446RE/APP/Build/Object/MCAL/GPIO/src/GPIO_program.o
 .debug_macro   0x00000ddb       0x10 /home/esmail/Desktop/NUCLEO-F446RE/APP/Build/Object/MCAL/GPIO/src/GPIO_program.o
 .debug_macro   0x00000deb       0x29 /home/esmail/Desktop/NUCLEO-F446RE/APP/Build/Object/MCAL/ADC/src/ADC.o
 .debug_macro   0x00000e14      0x154 /home/esmail/Desktop/NUCLEO-F446RE/APP/Build/Object/MCAL/ADC/src/ADC.o
 .debug_macro   0x00000f68       0x32 /home/esmail/Desktop/NUCLEO-F446RE/APP/Build/Object/MCAL/UART/src/UART.o
 .debug_macro   0x00000f9a       0x70 /home/esmail/Desktop/NUCLEO-F446RE/APP/Build/Object/MCAL/UART/src/UART.o
 .debug_macro   0x0000100a       0x28 /home/esmail/Desktop/NUCLEO-F446RE/APP/Build/Object/MCAL/DMA/src/DMA.o
 .debug_macro   0x00001032       0x10 /home/esmail/Desktop/NUCLEO-F446RE/APP/Build/Object/MCAL/DMA/src/DMA.o
 .debug_macro   0x00001042       0xd0 /home/esmail/Desktop/NUCLEO-F446RE/APP/Build/Object/MCAL/DMA/src/DMA.o
 .debug_macro   0x00001112       0x45 /home/esmail/Desktop/NUCLEO-F446RE/APP/Build/Object/MCAL/BASIC_TIMER/src/Basic_Timer.o
 .debug_macro   0x00001157       0xd6 /home/esmail/Desktop/NUCLEO-F446RE/APP/Build/Object/MCAL/BASIC_TIMER/src/Basic_Timer.o
 .debug_macro   0x0000122d       0x76 /home/esmail/Desktop/NUCLEO-F446RE/APP/Build/Object/MCAL/BASIC_TIMER/src/Basic_Timer.o
 .debug_macro   0x000012a3       0x32 /home/esmail/Desktop/NUCLEO-F446RE/APP/Build/Object/MCAL/I2C/src/I2C.o
 .debug_macro   0x000012d5       0x64 /home/esmail/Desktop/NUCLEO-F446RE/APP/Build/Object/MCAL/I2C/src/I2C.o
 .debug_macro   0x00001339       0x29 /home/esmail/Desktop/NUCLEO-F446RE/APP/Build/Object/MCAL/FLASH/src/FLASH.o
 .debug_macro   0x00001362      0x130 /home/esmail/Desktop/NUCLEO-F446RE/APP/Build/Object/MCAL/FLASH/src/FLASH.o
 .debug_macro   0x00001492       0x45 /home/esmail/Desktop/NUCLEO-F446RE/APP/Build/Object/MCAL/GP_TIMER/src/GP_Timer.o
 .debug_macro   0x000014d7       0xd6 /home/esmail/Desktop/NUCLEO-F446RE/APP/Build/Object/MCAL/GP_TIMER/src/GP_Timer.o
 .debug_macro   0x000015ad       0x29 /home/esmail/Desktop/NUCLEO-F446RE/APP/Build/Object/MCAL/PendSV/src/PendSV.o
 .debug_macro   0x000015d6       0x16 /home/esmail/Desktop/NUCLEO-F446RE/APP/Build/Object/MCAL/PendSV/src/PendSV.o
 .debug_macro   0x000015ec       0x3c /home/esmail/Desktop/NUCLEO-F446RE/APP/Build/Object/HAL/ESP/ESP.o
 .debug_macro   0x00001628       0x47 /home/esmail/Desktop/NUCLEO-F446RE/APP/Build/Object/HAL/OLED/OLED.o
 .debug_macro   0x0000166f       0x1c /home/esmail/Desktop/NUCLEO-F446RE/APP/Build/Object/HAL/OLED/OLED.o
 .debug_macro   0x0000168b       0x4b /home/esmail/Desktop/NUCLEO-F446RE/APP/Build/Object/P1/FLAPPY_Bird/FLAPPY_Bird.o
 .debug_macro   0x000016d6       0x4d /home/esmail/Desktop/NUCLEO-F446RE/APP/Build/Object/RTOS/RTOS.o
 .debug_macro   0x00001723       0x16 /home/esmail/Desktop/NUCLEO-F446RE/APP/Build/Object/RTOS/RTOS.o
 .debug_macro   0x00001739       0x1c /home/esmail/Desktop/NUCLEO-F446RE/APP/Build/Object/RTOS/RTOS.o
 .debug_macro   0x00001755       0x17 /home/esmail/Desktop/NUCLEO-F446RE/APP/Build/Object/Startup/startup_stm32f103.o
 .debug_macro   0x0000176c       0x45 /home/esmail/Desktop/NUCLEO-F446RE/APP/Build/Object/Src/main.o
 .debug_macro   0x000017b1       0x94 /home/esmail/Desktop/NUCLEO-F446RE/APP/Build/Object/Src/SwM.o
 .debug_macro   0x00001845       0x76 /home/esmail/Desktop/NUCLEO-F446RE/APP/Build/Object/Src/SwM.o
 .debug_macro   0x000018bb      0x15a /home/esmail/Desktop/NUCLEO-F446RE/APP/Build/Object/Src/SwM.o

.debug_line     0x00000000     0x2ede
 .debug_line    0x00000000      0x2e5 /home/esmail/Desktop/NUCLEO-F446RE/APP/Build/Object/MCAL/RCC/src/RCC_program.o
 .debug_line    0x000002e5      0x206 /home/esmail/Desktop/NUCLEO-F446RE/APP/Build/Object/MCAL/NVIC/src/NVIC_program.o
 .debug_line    0x000004eb      0x1da /home/esmail/Desktop/NUCLEO-F446RE/APP/Build/Object/MCAL/SysTick/src/SysTick_program.o
 .debug_line    0x000006c5      0x2b9 /home/esmail/Desktop/NUCLEO-F446RE/APP/Build/Object/MCAL/GPIO/src/GPIO_program.o
 .debug_line    0x0000097e      0x232 /home/esmail/Desktop/NUCLEO-F446RE/APP/Build/Object/MCAL/ADC/src/ADC.o
 .debug_line    0x00000bb0      0x367 /home/esmail/Desktop/NUCLEO-F446RE/APP/Build/Object/MCAL/UART/src/UART.o
 .debug_line    0x00000f17      0x374 /home/esmail/Desktop/NUCLEO-F446RE/APP/Build/Object/MCAL/DMA/src/DMA.o
 .debug_line    0x0000128b      0x23a /home/esmail/Desktop/NUCLEO-F446RE/APP/Build/Object/MCAL/BASIC_TIMER/src/Basic_Timer.o
 .debug_line    0x000014c5      0x4ea /home/esmail/Desktop/NUCLEO-F446RE/APP/Build/Object/MCAL/I2C/src/I2C.o
 .debug_line    0x000019af      0x60c /home/esmail/Desktop/NUCLEO-F446RE/APP/Build/Object/MCAL/FLASH/src/FLASH.o
 .debug_line    0x00001fbb      0x373 /home/esmail/Desktop/NUCLEO-F446RE/APP/Build/Object/MCAL/GP_TIMER/src/GP_Timer.o
 .debug_line    0x0000232e       0xda /home/esmail/Desktop/NUCLEO-F446RE/APP/Build/Object/MCAL/PendSV/src/PendSV.o
 .debug_line    0x00002408      0x11d /home/esmail/Desktop/NUCLEO-F446RE/APP/Build/Object/HAL/ESP/ESP.o
 .debug_line    0x00002525      0x1f5 /home/esmail/Desktop/NUCLEO-F446RE/APP/Build/Object/HAL/OLED/OLED.o
 .debug_line    0x0000271a       0xfd /home/esmail/Desktop/NUCLEO-F446RE/APP/Build/Object/P1/FLAPPY_Bird/FLAPPY_Bird.o
 .debug_line    0x00002817      0x267 /home/esmail/Desktop/NUCLEO-F446RE/APP/Build/Object/RTOS/RTOS.o
 .debug_line    0x00002a7e       0xc3 /home/esmail/Desktop/NUCLEO-F446RE/APP/Build/Object/Startup/startup_stm32f103.o
 .debug_line    0x00002b41       0xcc /home/esmail/Desktop/NUCLEO-F446RE/APP/Build/Object/Src/main.o
 .debug_line    0x00002c0d      0x2d1 /home/esmail/Desktop/NUCLEO-F446RE/APP/Build/Object/Src/SwM.o

.debug_str      0x00000000     0x7493
 .debug_str     0x00000000     0x7493 /home/esmail/Desktop/NUCLEO-F446RE/APP/Build/Object/MCAL/RCC/src/RCC_program.o
                               0x371c (size before relaxing)
 .debug_str     0x00007493     0x341e /home/esmail/Desktop/NUCLEO-F446RE/APP/Build/Object/MCAL/NVIC/src/NVIC_program.o
 .debug_str     0x00007493     0x3296 /home/esmail/Desktop/NUCLEO-F446RE/APP/Build/Object/MCAL/SysTick/src/SysTick_program.o
 .debug_str     0x00007493     0x343c /home/esmail/Desktop/NUCLEO-F446RE/APP/Build/Object/MCAL/GPIO/src/GPIO_program.o
 .debug_str     0x00007493     0x3517 /home/esmail/Desktop/NUCLEO-F446RE/APP/Build/Object/MCAL/ADC/src/ADC.o
 .debug_str     0x00007493     0x3452 /home/esmail/Desktop/NUCLEO-F446RE/APP/Build/Object/MCAL/UART/src/UART.o
 .debug_str     0x00007493     0x3697 /home/esmail/Desktop/NUCLEO-F446RE/APP/Build/Object/MCAL/DMA/src/DMA.o
 .debug_str     0x00007493     0x3a3f /home/esmail/Desktop/NUCLEO-F446RE/APP/Build/Object/MCAL/BASIC_TIMER/src/Basic_Timer.o
 .debug_str     0x00007493     0x3453 /home/esmail/Desktop/NUCLEO-F446RE/APP/Build/Object/MCAL/I2C/src/I2C.o
 .debug_str     0x00007493     0x37cd /home/esmail/Desktop/NUCLEO-F446RE/APP/Build/Object/MCAL/FLASH/src/FLASH.o
 .debug_str     0x00007493     0x3cd0 /home/esmail/Desktop/NUCLEO-F446RE/APP/Build/Object/MCAL/GP_TIMER/src/GP_Timer.o
 .debug_str     0x00007493     0x2fd4 /home/esmail/Desktop/NUCLEO-F446RE/APP/Build/Object/MCAL/PendSV/src/PendSV.o
 .debug_str     0x00007493     0x3225 /home/esmail/Desktop/NUCLEO-F446RE/APP/Build/Object/HAL/ESP/ESP.o
 .debug_str     0x00007493     0x3377 /home/esmail/Desktop/NUCLEO-F446RE/APP/Build/Object/HAL/OLED/OLED.o
 .debug_str     0x00007493     0x3274 /home/esmail/Desktop/NUCLEO-F446RE/APP/Build/Object/P1/FLAPPY_Bird/FLAPPY_Bird.o
 .debug_str     0x00007493     0x3445 /home/esmail/Desktop/NUCLEO-F446RE/APP/Build/Object/RTOS/RTOS.o
 .debug_str     0x00007493     0x3001 /home/esmail/Desktop/NUCLEO-F446RE/APP/Build/Object/Startup/startup_stm32f103.o
 .debug_str     0x00007493     0x394d /home/esmail/Desktop/NUCLEO-F446RE/APP/Build/Object/Src/main.o
 .debug_str     0x00007493     0x4959 /home/esmail/Desktop/NUCLEO-F446RE/APP/Build/Object/Src/SwM.o

.comment        0x00000000       0x26
 .comment       0x00000000       0x26 /home/esmail/Desktop/NUCLEO-F446RE/APP/Build/Object/MCAL/RCC/src/RCC_program.o
                                 0x27 (size before relaxing)
 .comment       0x00000026       0x27 /home/esmail/Desktop/NUCLEO-F446RE/APP/Build/Object/MCAL/NVIC/src/NVIC_program.o
 .comment       0x00000026       0x27 /home/esmail/Desktop/NUCLEO-F446RE/APP/Build/Object/MCAL/SysTick/src/SysTick_program.o
 .comment       0x00000026       0x27 /home/esmail/Desktop/NUCLEO-F446RE/APP/Build/Object/MCAL/GPIO/src/GPIO_program.o
 .comment       0x00000026       0x27 /home/esmail/Desktop/NUCLEO-F446RE/APP/Build/Object/MCAL/ADC/src/ADC.o
 .comment       0x00000026       0x27 /home/esmail/Desktop/NUCLEO-F446RE/APP/Build/Object/MCAL/UART/src/UART.o
 .comment       0x00000026       0x27 /home/esmail/Desktop/NUCLEO-F446RE/APP/Build/Object/MCAL/DMA/src/DMA.o
 .comment       0x00000026       0x27 /home/esmail/Desktop/NUCLEO-F446RE/APP/Build/Object/MCAL/BASIC_TIMER/src/Basic_Timer.o
 .comment       0x00000026       0x27 /home/esmail/Desktop/NUCLEO-F446RE/APP/Build/Object/MCAL/I2C/src/I2C.o
 .comment       0x00000026       0x27 /home/esmail/Desktop/NUCLEO-F446RE/APP/Build/Object/MCAL/FLASH/src/FLASH.o
 .comment       0x00000026       0x27 /home/esmail/Desktop/NUCLEO-F446RE/APP/Build/Object/MCAL/GP_TIMER/src/GP_Timer.o
 .comment       0x00000026       0x27 /home/esmail/Desktop/NUCLEO-F446RE/APP/Build/Object/MCAL/PendSV/src/PendSV.o
 .comment       0x00000026       0x27 /home/esmail/Desktop/NUCLEO-F446RE/APP/Build/Object/HAL/ESP/ESP.o
 .comment       0x00000026       0x27 /home/esmail/Desktop/NUCLEO-F446RE/APP/Build/Object/HAL/OLED/OLED.o
 .comment       0x00000026       0x27 /home/esmail/Desktop/NUCLEO-F446RE/APP/Build/Object/P1/FLAPPY_Bird/FLAPPY_Bird.o
 .comment       0x00000026       0x27 /home/esmail/Desktop/NUCLEO-F446RE/APP/Build/Object/RTOS/RTOS.o
 .comment       0x00000026       0x27 /home/esmail/Desktop/NUCLEO-F446RE/APP/Build/Object/Startup/startup_stm32f103.o
 .comment       0x00000026       0x27 /home/esmail/Desktop/NUCLEO-F446RE/APP/Build/Object/Src/main.o
 .comment       0x00000026       0x27 /home/esmail/Desktop/NUCLEO-F446RE/APP/Build/Object/Src/SwM.o

.ARM.attributes
                0x00000000       0x34
 .ARM.attributes
                0x00000000       0x34 /home/esmail/Desktop/NUCLEO-F446RE/APP/Build/Object/MCAL/RCC/src/RCC_program.o
 .ARM.attributes
                0x00000034       0x34 /home/esmail/Desktop/NUCLEO-F446RE/APP/Build/Object/MCAL/NVIC/src/NVIC_program.o
 .ARM.attributes
                0x00000068       0x34 /home/esmail/Desktop/NUCLEO-F446RE/APP/Build/Object/MCAL/SysTick/src/SysTick_program.o
 .ARM.attributes
                0x0000009c       0x34 /home/esmail/Desktop/NUCLEO-F446RE/APP/Build/Object/MCAL/GPIO/src/GPIO_program.o
 .ARM.attributes
                0x000000d0       0x34 /home/esmail/Desktop/NUCLEO-F446RE/APP/Build/Object/MCAL/ADC/src/ADC.o
 .ARM.attributes
                0x00000104       0x34 /home/esmail/Desktop/NUCLEO-F446RE/APP/Build/Object/MCAL/UART/src/UART.o
 .ARM.attributes
                0x00000138       0x34 /home/esmail/Desktop/NUCLEO-F446RE/APP/Build/Object/MCAL/DMA/src/DMA.o
 .ARM.attributes
                0x0000016c       0x34 /home/esmail/Desktop/NUCLEO-F446RE/APP/Build/Object/MCAL/BASIC_TIMER/src/Basic_Timer.o
 .ARM.attributes
                0x000001a0       0x34 /home/esmail/Desktop/NUCLEO-F446RE/APP/Build/Object/MCAL/I2C/src/I2C.o
 .ARM.attributes
                0x000001d4       0x34 /home/esmail/Desktop/NUCLEO-F446RE/APP/Build/Object/MCAL/FLASH/src/FLASH.o
 .ARM.attributes
                0x00000208       0x34 /home/esmail/Desktop/NUCLEO-F446RE/APP/Build/Object/MCAL/GP_TIMER/src/GP_Timer.o
 .ARM.attributes
                0x0000023c       0x34 /home/esmail/Desktop/NUCLEO-F446RE/APP/Build/Object/MCAL/PendSV/src/PendSV.o
 .ARM.attributes
                0x00000270       0x34 /home/esmail/Desktop/NUCLEO-F446RE/APP/Build/Object/HAL/ESP/ESP.o
 .ARM.attributes
                0x000002a4       0x34 /home/esmail/Desktop/NUCLEO-F446RE/APP/Build/Object/HAL/OLED/OLED.o
 .ARM.attributes
                0x000002d8       0x34 /home/esmail/Desktop/NUCLEO-F446RE/APP/Build/Object/P1/FLAPPY_Bird/FLAPPY_Bird.o
 .ARM.attributes
                0x0000030c       0x34 /home/esmail/Desktop/NUCLEO-F446RE/APP/Build/Object/RTOS/RTOS.o
 .ARM.attributes
                0x00000340       0x34 /home/esmail/Desktop/NUCLEO-F446RE/APP/Build/Object/Startup/startup_stm32f103.o
 .ARM.attributes
                0x00000374       0x34 /home/esmail/Desktop/NUCLEO-F446RE/APP/Build/Object/Src/main.o
 .ARM.attributes
                0x000003a8       0x34 /home/esmail/Desktop/NUCLEO-F446RE/APP/Build/Object/Src/SwM.o

.debug_frame    0x00000000     0x1784
 .debug_frame   0x00000000      0x1c8 /home/esmail/Desktop/NUCLEO-F446RE/APP/Build/Object/MCAL/RCC/src/RCC_program.o
 .debug_frame   0x000001c8      0x100 /home/esmail/Desktop/NUCLEO-F446RE/APP/Build/Object/MCAL/NVIC/src/NVIC_program.o
 .debug_frame   0x000002c8      0x120 /home/esmail/Desktop/NUCLEO-F446RE/APP/Build/Object/MCAL/SysTick/src/SysTick_program.o
 .debug_frame   0x000003e8       0xf4 /home/esmail/Desktop/NUCLEO-F446RE/APP/Build/Object/MCAL/GPIO/src/GPIO_program.o
 .debug_frame   0x000004dc       0xf0 /home/esmail/Desktop/NUCLEO-F446RE/APP/Build/Object/MCAL/ADC/src/ADC.o
 .debug_frame   0x000005cc      0x1ac /home/esmail/Desktop/NUCLEO-F446RE/APP/Build/Object/MCAL/UART/src/UART.o
 .debug_frame   0x00000778      0x188 /home/esmail/Desktop/NUCLEO-F446RE/APP/Build/Object/MCAL/DMA/src/DMA.o
 .debug_frame   0x00000900      0x104 /home/esmail/Desktop/NUCLEO-F446RE/APP/Build/Object/MCAL/BASIC_TIMER/src/Basic_Timer.o
 .debug_frame   0x00000a04      0x2b8 /home/esmail/Desktop/NUCLEO-F446RE/APP/Build/Object/MCAL/I2C/src/I2C.o
 .debug_frame   0x00000cbc      0x354 /home/esmail/Desktop/NUCLEO-F446RE/APP/Build/Object/MCAL/FLASH/src/FLASH.o
 .debug_frame   0x00001010      0x184 /home/esmail/Desktop/NUCLEO-F446RE/APP/Build/Object/MCAL/GP_TIMER/src/GP_Timer.o
 .debug_frame   0x00001194       0x94 /home/esmail/Desktop/NUCLEO-F446RE/APP/Build/Object/MCAL/PendSV/src/PendSV.o
 .debug_frame   0x00001228       0x80 /home/esmail/Desktop/NUCLEO-F446RE/APP/Build/Object/HAL/ESP/ESP.o
 .debug_frame   0x000012a8      0x11c /home/esmail/Desktop/NUCLEO-F446RE/APP/Build/Object/HAL/OLED/OLED.o
 .debug_frame   0x000013c4       0x38 /home/esmail/Desktop/NUCLEO-F446RE/APP/Build/Object/P1/FLAPPY_Bird/FLAPPY_Bird.o
 .debug_frame   0x000013fc      0x158 /home/esmail/Desktop/NUCLEO-F446RE/APP/Build/Object/RTOS/RTOS.o
 .debug_frame   0x00001554       0x48 /home/esmail/Desktop/NUCLEO-F446RE/APP/Build/Object/Startup/startup_stm32f103.o
 .debug_frame   0x0000159c       0x48 /home/esmail/Desktop/NUCLEO-F446RE/APP/Build/Object/Src/main.o
 .debug_frame   0x000015e4      0x1a0 /home/esmail/Desktop/NUCLEO-F446RE/APP/Build/Object/Src/SwM.o
