
Discarded input sections

 .group         0x00000000        0xc C:/NUCLEO-F446RE/APP/Build/Object/MCAL/RCC/src/RCC_program.o
 .group         0x00000000        0xc C:/NUCLEO-F446RE/APP/Build/Object/MCAL/RCC/src/RCC_program.o
 .group         0x00000000        0xc C:/NUCLEO-F446RE/APP/Build/Object/MCAL/RCC/src/RCC_program.o
 .group         0x00000000        0xc C:/NUCLEO-F446RE/APP/Build/Object/MCAL/RCC/src/RCC_program.o
 .group         0x00000000        0xc C:/NUCLEO-F446RE/APP/Build/Object/MCAL/NVIC/src/NVIC_program.o
 .group         0x00000000        0xc C:/NUCLEO-F446RE/APP/Build/Object/MCAL/NVIC/src/NVIC_program.o
 .group         0x00000000        0xc C:/NUCLEO-F446RE/APP/Build/Object/MCAL/NVIC/src/NVIC_program.o
 .group         0x00000000        0xc C:/NUCLEO-F446RE/APP/Build/Object/MCAL/NVIC/src/NVIC_program.o
 .group         0x00000000        0xc C:/NUCLEO-F446RE/APP/Build/Object/MCAL/NVIC/src/NVIC_program.o
 .debug_macro   0x00000000      0xa66 C:/NUCLEO-F446RE/APP/Build/Object/MCAL/NVIC/src/NVIC_program.o
 .debug_macro   0x00000000       0x10 C:/NUCLEO-F446RE/APP/Build/Object/MCAL/NVIC/src/NVIC_program.o
 .debug_macro   0x00000000       0x22 C:/NUCLEO-F446RE/APP/Build/Object/MCAL/NVIC/src/NVIC_program.o
 .group         0x00000000        0xc C:/NUCLEO-F446RE/APP/Build/Object/MCAL/SysTick/src/SysTick_program.o
 .group         0x00000000        0xc C:/NUCLEO-F446RE/APP/Build/Object/MCAL/SysTick/src/SysTick_program.o
 .group         0x00000000        0xc C:/NUCLEO-F446RE/APP/Build/Object/MCAL/SysTick/src/SysTick_program.o
 .group         0x00000000        0xc C:/NUCLEO-F446RE/APP/Build/Object/MCAL/SysTick/src/SysTick_program.o
 .group         0x00000000        0xc C:/NUCLEO-F446RE/APP/Build/Object/MCAL/SysTick/src/SysTick_program.o
 .debug_macro   0x00000000      0xa66 C:/NUCLEO-F446RE/APP/Build/Object/MCAL/SysTick/src/SysTick_program.o
 .debug_macro   0x00000000       0x10 C:/NUCLEO-F446RE/APP/Build/Object/MCAL/SysTick/src/SysTick_program.o
 .debug_macro   0x00000000       0x22 C:/NUCLEO-F446RE/APP/Build/Object/MCAL/SysTick/src/SysTick_program.o
 .group         0x00000000        0xc C:/NUCLEO-F446RE/APP/Build/Object/MCAL/GPIO/src/GPIO_program.o
 .group         0x00000000        0xc C:/NUCLEO-F446RE/APP/Build/Object/MCAL/GPIO/src/GPIO_program.o
 .group         0x00000000        0xc C:/NUCLEO-F446RE/APP/Build/Object/MCAL/GPIO/src/GPIO_program.o
 .group         0x00000000        0xc C:/NUCLEO-F446RE/APP/Build/Object/MCAL/GPIO/src/GPIO_program.o
 .group         0x00000000        0xc C:/NUCLEO-F446RE/APP/Build/Object/MCAL/GPIO/src/GPIO_program.o
 .debug_macro   0x00000000      0xa66 C:/NUCLEO-F446RE/APP/Build/Object/MCAL/GPIO/src/GPIO_program.o
 .debug_macro   0x00000000       0x10 C:/NUCLEO-F446RE/APP/Build/Object/MCAL/GPIO/src/GPIO_program.o
 .debug_macro   0x00000000       0x22 C:/NUCLEO-F446RE/APP/Build/Object/MCAL/GPIO/src/GPIO_program.o
 .group         0x00000000        0xc C:/NUCLEO-F446RE/APP/Build/Object/MCAL/UART/src/UART.o
 .group         0x00000000        0xc C:/NUCLEO-F446RE/APP/Build/Object/MCAL/UART/src/UART.o
 .group         0x00000000        0xc C:/NUCLEO-F446RE/APP/Build/Object/MCAL/UART/src/UART.o
 .group         0x00000000        0xc C:/NUCLEO-F446RE/APP/Build/Object/MCAL/UART/src/UART.o
 .debug_macro   0x00000000      0xa66 C:/NUCLEO-F446RE/APP/Build/Object/MCAL/UART/src/UART.o
 .debug_macro   0x00000000       0x10 C:/NUCLEO-F446RE/APP/Build/Object/MCAL/UART/src/UART.o
 .debug_macro   0x00000000       0x22 C:/NUCLEO-F446RE/APP/Build/Object/MCAL/UART/src/UART.o
 .group         0x00000000        0xc C:/NUCLEO-F446RE/APP/Build/Object/MCAL/Basic_Timer/src/Basic_Timer.o
 .group         0x00000000        0xc C:/NUCLEO-F446RE/APP/Build/Object/MCAL/Basic_Timer/src/Basic_Timer.o
 .group         0x00000000        0xc C:/NUCLEO-F446RE/APP/Build/Object/MCAL/Basic_Timer/src/Basic_Timer.o
 .group         0x00000000        0xc C:/NUCLEO-F446RE/APP/Build/Object/MCAL/Basic_Timer/src/Basic_Timer.o
 .group         0x00000000        0xc C:/NUCLEO-F446RE/APP/Build/Object/MCAL/Basic_Timer/src/Basic_Timer.o
 .debug_macro   0x00000000      0xa66 C:/NUCLEO-F446RE/APP/Build/Object/MCAL/Basic_Timer/src/Basic_Timer.o
 .debug_macro   0x00000000       0x10 C:/NUCLEO-F446RE/APP/Build/Object/MCAL/Basic_Timer/src/Basic_Timer.o
 .debug_macro   0x00000000       0x22 C:/NUCLEO-F446RE/APP/Build/Object/MCAL/Basic_Timer/src/Basic_Timer.o
 .group         0x00000000        0xc C:/NUCLEO-F446RE/APP/Build/Object/MCAL/FLASH/src/FLASH.o
 .group         0x00000000        0xc C:/NUCLEO-F446RE/APP/Build/Object/MCAL/FLASH/src/FLASH.o
 .group         0x00000000        0xc C:/NUCLEO-F446RE/APP/Build/Object/MCAL/FLASH/src/FLASH.o
 .debug_macro   0x00000000      0xa66 C:/NUCLEO-F446RE/APP/Build/Object/MCAL/FLASH/src/FLASH.o
 .debug_macro   0x00000000       0x10 C:/NUCLEO-F446RE/APP/Build/Object/MCAL/FLASH/src/FLASH.o
 .group         0x00000000        0xc C:/NUCLEO-F446RE/APP/Build/Object/RTOS/RTOS.o
 .group         0x00000000        0xc C:/NUCLEO-F446RE/APP/Build/Object/RTOS/RTOS.o
 .group         0x00000000        0xc C:/NUCLEO-F446RE/APP/Build/Object/RTOS/RTOS.o
 .group         0x00000000        0xc C:/NUCLEO-F446RE/APP/Build/Object/RTOS/RTOS.o
 .group         0x00000000        0xc C:/NUCLEO-F446RE/APP/Build/Object/RTOS/RTOS.o
 .group         0x00000000        0xc C:/NUCLEO-F446RE/APP/Build/Object/RTOS/RTOS.o
 .debug_macro   0x00000000      0xa66 C:/NUCLEO-F446RE/APP/Build/Object/RTOS/RTOS.o
 .debug_macro   0x00000000       0x10 C:/NUCLEO-F446RE/APP/Build/Object/RTOS/RTOS.o
 .debug_macro   0x00000000       0x22 C:/NUCLEO-F446RE/APP/Build/Object/RTOS/RTOS.o
 .debug_macro   0x00000000       0x22 C:/NUCLEO-F446RE/APP/Build/Object/RTOS/RTOS.o
 .debug_macro   0x00000000       0x2e C:/NUCLEO-F446RE/APP/Build/Object/RTOS/RTOS.o
 .group         0x00000000        0xc C:/NUCLEO-F446RE/APP/Build/Object/Startup/startup_stm32f103.o
 .debug_macro   0x00000000      0xa66 C:/NUCLEO-F446RE/APP/Build/Object/Startup/startup_stm32f103.o
 .group         0x00000000        0xc C:/NUCLEO-F446RE/APP/Build/Object/Src/main.o
 .group         0x00000000        0xc C:/NUCLEO-F446RE/APP/Build/Object/Src/main.o
 .group         0x00000000        0xc C:/NUCLEO-F446RE/APP/Build/Object/Src/main.o
 .group         0x00000000        0xc C:/NUCLEO-F446RE/APP/Build/Object/Src/main.o
 .group         0x00000000        0xc C:/NUCLEO-F446RE/APP/Build/Object/Src/main.o
 .group         0x00000000        0xc C:/NUCLEO-F446RE/APP/Build/Object/Src/main.o
 .group         0x00000000        0xc C:/NUCLEO-F446RE/APP/Build/Object/Src/main.o
 .group         0x00000000        0xc C:/NUCLEO-F446RE/APP/Build/Object/Src/main.o
 .group         0x00000000        0xc C:/NUCLEO-F446RE/APP/Build/Object/Src/main.o
 .group         0x00000000        0xc C:/NUCLEO-F446RE/APP/Build/Object/Src/main.o
 .debug_macro   0x00000000      0xa66 C:/NUCLEO-F446RE/APP/Build/Object/Src/main.o
 .debug_macro   0x00000000       0x10 C:/NUCLEO-F446RE/APP/Build/Object/Src/main.o
 .debug_macro   0x00000000       0x22 C:/NUCLEO-F446RE/APP/Build/Object/Src/main.o
 .debug_macro   0x00000000       0xd0 C:/NUCLEO-F446RE/APP/Build/Object/Src/main.o
 .debug_macro   0x00000000       0x10 C:/NUCLEO-F446RE/APP/Build/Object/Src/main.o
 .debug_macro   0x00000000       0x6a C:/NUCLEO-F446RE/APP/Build/Object/Src/main.o
 .debug_macro   0x00000000       0x10 C:/NUCLEO-F446RE/APP/Build/Object/Src/main.o
 .debug_macro   0x00000000       0x76 C:/NUCLEO-F446RE/APP/Build/Object/Src/main.o

Memory Configuration

Name             Origin             Length             Attributes
FLASH            0x08008000         0x00078000         xr
RAM              0x20000000         0x00020000         xrw
*default*        0x00000000         0xffffffff

Linker script and memory map

                0x20020000                _estack = (ORIGIN (RAM) + LENGTH (RAM))
                0x00000200                _Min_Heap_Size = 0x200
                0x00001000                _Min_Stack_Size = 0x1000

.isr_vector     0x08008000      0x178
                0x08008000                . = ALIGN (0x4)
 *(.isr_vector)
 .isr_vector    0x08008000      0x178 C:/NUCLEO-F446RE/APP/Build/Object/Startup/startup_stm32f103.o
                0x08008000                Vector_Table
                0x08008178                . = ALIGN (0x4)

.text           0x08008178     0x1e4c
                0x08008178                . = ALIGN (0x4)
 *(.text)
 .text          0x08008178        0x0 C:/NUCLEO-F446RE/APP/Build/Object/MCAL/RCC/src/RCC_program.o
 .text          0x08008178        0x0 C:/NUCLEO-F446RE/APP/Build/Object/MCAL/NVIC/src/NVIC_program.o
 .text          0x08008178        0x0 C:/NUCLEO-F446RE/APP/Build/Object/MCAL/SysTick/src/SysTick_program.o
 .text          0x08008178        0x0 C:/NUCLEO-F446RE/APP/Build/Object/MCAL/GPIO/src/GPIO_program.o
 .text          0x08008178        0x0 C:/NUCLEO-F446RE/APP/Build/Object/MCAL/UART/src/UART.o
 .text          0x08008178        0x0 C:/NUCLEO-F446RE/APP/Build/Object/MCAL/Basic_Timer/src/Basic_Timer.o
 .text          0x08008178        0x0 C:/NUCLEO-F446RE/APP/Build/Object/MCAL/FLASH/src/FLASH.o
 .text          0x08008178        0x0 C:/NUCLEO-F446RE/APP/Build/Object/RTOS/RTOS.o
 .text          0x08008178        0x0 C:/NUCLEO-F446RE/APP/Build/Object/Startup/startup_stm32f103.o
 .text          0x08008178        0x0 C:/NUCLEO-F446RE/APP/Build/Object/Src/main.o
 *(.text*)
 .text.RCC_EnableHSI
                0x08008178       0x30 C:/NUCLEO-F446RE/APP/Build/Object/MCAL/RCC/src/RCC_program.o
 .text.RCC_EnableHSE
                0x080081a8       0x30 C:/NUCLEO-F446RE/APP/Build/Object/MCAL/RCC/src/RCC_program.o
 .text.RCC_EnablePLL
                0x080081d8       0x30 C:/NUCLEO-F446RE/APP/Build/Object/MCAL/RCC/src/RCC_program.o
 .text.RCC_DisablePLL
                0x08008208       0x30 C:/NUCLEO-F446RE/APP/Build/Object/MCAL/RCC/src/RCC_program.o
 .text.RCC_SelectSystemClock
                0x08008238       0x4c C:/NUCLEO-F446RE/APP/Build/Object/MCAL/RCC/src/RCC_program.o
 .text.RCC_ConfigPLL
                0x08008284       0x78 C:/NUCLEO-F446RE/APP/Build/Object/MCAL/RCC/src/RCC_program.o
 .text.RCC_SetAHBPrescaler
                0x080082fc       0x38 C:/NUCLEO-F446RE/APP/Build/Object/MCAL/RCC/src/RCC_program.o
 .text.RCC_SetAPB1Prescaler
                0x08008334       0x38 C:/NUCLEO-F446RE/APP/Build/Object/MCAL/RCC/src/RCC_program.o
 .text.RCC_SetAPB2Prescaler
                0x0800836c       0x38 C:/NUCLEO-F446RE/APP/Build/Object/MCAL/RCC/src/RCC_program.o
 .text.RCC_Init
                0x080083a4       0x8e C:/NUCLEO-F446RE/APP/Build/Object/MCAL/RCC/src/RCC_program.o
                0x080083a4                RCC_Init
 *fill*         0x08008432        0x2 
 .text.RCC_EnableClock
                0x08008434       0xc0 C:/NUCLEO-F446RE/APP/Build/Object/MCAL/RCC/src/RCC_program.o
                0x08008434                RCC_EnableClock
 .text.RCC_DisableClock
                0x080084f4       0xcc C:/NUCLEO-F446RE/APP/Build/Object/MCAL/RCC/src/RCC_program.o
                0x080084f4                RCC_DisableClock
 .text.NVIC_EnableInterrupt
                0x080085c0       0x54 C:/NUCLEO-F446RE/APP/Build/Object/MCAL/NVIC/src/NVIC_program.o
                0x080085c0                NVIC_EnableInterrupt
 .text.NVIC_DisableInterrupt
                0x08008614       0x54 C:/NUCLEO-F446RE/APP/Build/Object/MCAL/NVIC/src/NVIC_program.o
                0x08008614                NVIC_DisableInterrupt
 .text.NVIC_SetPendingFlag
                0x08008668       0x54 C:/NUCLEO-F446RE/APP/Build/Object/MCAL/NVIC/src/NVIC_program.o
                0x08008668                NVIC_SetPendingFlag
 .text.NVIC_ClearPendingFlag
                0x080086bc       0x54 C:/NUCLEO-F446RE/APP/Build/Object/MCAL/NVIC/src/NVIC_program.o
                0x080086bc                NVIC_ClearPendingFlag
 .text.NVIC_GetActiveInterrupt
                0x08008710       0x6c C:/NUCLEO-F446RE/APP/Build/Object/MCAL/NVIC/src/NVIC_program.o
                0x08008710                NVIC_GetActiveInterrupt
 .text.NVIC_SetPriority
                0x0800877c       0x68 C:/NUCLEO-F446RE/APP/Build/Object/MCAL/NVIC/src/NVIC_program.o
                0x0800877c                NVIC_SetPriority
 .text.SysTick_voidInit
                0x080087e4       0x1c C:/NUCLEO-F446RE/APP/Build/Object/MCAL/SysTick/src/SysTick_program.o
                0x080087e4                SysTick_voidInit
 .text.SysTick_voidSetBusyWait
                0x08008800       0x54 C:/NUCLEO-F446RE/APP/Build/Object/MCAL/SysTick/src/SysTick_program.o
                0x08008800                SysTick_voidSetBusyWait
 .text.SysTick_voidSetIntervalSingle
                0x08008854       0x58 C:/NUCLEO-F446RE/APP/Build/Object/MCAL/SysTick/src/SysTick_program.o
                0x08008854                SysTick_voidSetIntervalSingle
 .text.SysTick_voidSetIntervalPeriodoc
                0x080088ac       0x64 C:/NUCLEO-F446RE/APP/Build/Object/MCAL/SysTick/src/SysTick_program.o
                0x080088ac                SysTick_voidSetIntervalPeriodoc
 .text.SysTick_voidStopTimer
                0x08008910       0x1c C:/NUCLEO-F446RE/APP/Build/Object/MCAL/SysTick/src/SysTick_program.o
                0x08008910                SysTick_voidStopTimer
 .text.SysTick_GetElapsedTime
                0x0800892c       0x20 C:/NUCLEO-F446RE/APP/Build/Object/MCAL/SysTick/src/SysTick_program.o
                0x0800892c                SysTick_GetElapsedTime
 .text.SysTick_GetRemaningTime
                0x0800894c       0x18 C:/NUCLEO-F446RE/APP/Build/Object/MCAL/SysTick/src/SysTick_program.o
                0x0800894c                SysTick_GetRemaningTime
 .text.SysTick_Handler
                0x08008964       0x14 C:/NUCLEO-F446RE/APP/Build/Object/MCAL/SysTick/src/SysTick_program.o
                0x08008964                SysTick_Handler
 .text.GPIO_GetPort
                0x08008978       0x88 C:/NUCLEO-F446RE/APP/Build/Object/MCAL/GPIO/src/GPIO_program.o
 .text.GPIO_InitPin
                0x08008a00      0x106 C:/NUCLEO-F446RE/APP/Build/Object/MCAL/GPIO/src/GPIO_program.o
                0x08008a00                GPIO_InitPin
 .text.GPIO_WritePin
                0x08008b06       0x60 C:/NUCLEO-F446RE/APP/Build/Object/MCAL/GPIO/src/GPIO_program.o
                0x08008b06                GPIO_WritePin
 .text.GPIO_TogglePin
                0x08008b66       0x4a C:/NUCLEO-F446RE/APP/Build/Object/MCAL/GPIO/src/GPIO_program.o
                0x08008b66                GPIO_TogglePin
 .text.GPIO_ReadPin
                0x08008bb0       0x4e C:/NUCLEO-F446RE/APP/Build/Object/MCAL/GPIO/src/GPIO_program.o
                0x08008bb0                GPIO_ReadPin
 *fill*         0x08008bfe        0x2 
 .text.GPIO_SetAF
                0x08008c00      0x118 C:/NUCLEO-F446RE/APP/Build/Object/MCAL/GPIO/src/GPIO_program.o
                0x08008c00                GPIO_SetAF
 .text.Get_BASE_ADD
                0x08008d18       0x50 C:/NUCLEO-F446RE/APP/Build/Object/MCAL/UART/src/UART.o
                0x08008d18                Get_BASE_ADD
 .text.UART_Init
                0x08008d68      0x134 C:/NUCLEO-F446RE/APP/Build/Object/MCAL/UART/src/UART.o
                0x08008d68                UART_Init
 .text.UART_SendByte
                0x08008e9c       0x3c C:/NUCLEO-F446RE/APP/Build/Object/MCAL/UART/src/UART.o
                0x08008e9c                UART_SendByte
 .text.UART_SendString
                0x08008ed8       0x32 C:/NUCLEO-F446RE/APP/Build/Object/MCAL/UART/src/UART.o
                0x08008ed8                UART_SendString
 .text.UART_ReceiveByte
                0x08008f0a       0x34 C:/NUCLEO-F446RE/APP/Build/Object/MCAL/UART/src/UART.o
                0x08008f0a                UART_ReceiveByte
 .text.UART_ReceiveByte_Timeout
                0x08008f3e       0x4a C:/NUCLEO-F446RE/APP/Build/Object/MCAL/UART/src/UART.o
                0x08008f3e                UART_ReceiveByte_Timeout
 .text.UART_voidSendNumber
                0x08008f88       0x90 C:/NUCLEO-F446RE/APP/Build/Object/MCAL/UART/src/UART.o
                0x08008f88                UART_voidSendNumber
 .text.UART2_CALLBACK
                0x08009018       0x24 C:/NUCLEO-F446RE/APP/Build/Object/MCAL/UART/src/UART.o
                0x08009018                UART2_CALLBACK
 .text.USART2_IRQHandler
                0x0800903c       0x84 C:/NUCLEO-F446RE/APP/Build/Object/MCAL/UART/src/UART.o
                0x0800903c                USART2_IRQHandler
 .text.GET_TIMER_BASE_ADD
                0x080090c0       0x34 C:/NUCLEO-F446RE/APP/Build/Object/MCAL/Basic_Timer/src/Basic_Timer.o
 .text.Timer_Init
                0x080090f4       0xa8 C:/NUCLEO-F446RE/APP/Build/Object/MCAL/Basic_Timer/src/Basic_Timer.o
                0x080090f4                Timer_Init
 .text.Timer_Start
                0x0800919c       0x4c C:/NUCLEO-F446RE/APP/Build/Object/MCAL/Basic_Timer/src/Basic_Timer.o
                0x0800919c                Timer_Start
 .text.Timer_Stop
                0x080091e8       0x4c C:/NUCLEO-F446RE/APP/Build/Object/MCAL/Basic_Timer/src/Basic_Timer.o
                0x080091e8                Timer_Stop
 .text.Timer_SetCallback
                0x08009234       0x44 C:/NUCLEO-F446RE/APP/Build/Object/MCAL/Basic_Timer/src/Basic_Timer.o
                0x08009234                Timer_SetCallback
 .text.TIM6_DAC_IRQHandler
                0x08009278       0x3c C:/NUCLEO-F446RE/APP/Build/Object/MCAL/Basic_Timer/src/Basic_Timer.o
                0x08009278                TIM6_DAC_IRQHandler
 .text.TIM7_IRQHandler
                0x080092b4       0x3c C:/NUCLEO-F446RE/APP/Build/Object/MCAL/Basic_Timer/src/Basic_Timer.o
                0x080092b4                TIM7_IRQHandler
 .text.FlashDrv_Unlock
                0x080092f0       0x34 C:/NUCLEO-F446RE/APP/Build/Object/MCAL/FLASH/src/FLASH.o
                0x080092f0                FlashDrv_Unlock
 .text.FlashDrv_Lock
                0x08009324       0x20 C:/NUCLEO-F446RE/APP/Build/Object/MCAL/FLASH/src/FLASH.o
                0x08009324                FlashDrv_Lock
 .text.FlashDrv_IsLocked
                0x08009344       0x1c C:/NUCLEO-F446RE/APP/Build/Object/MCAL/FLASH/src/FLASH.o
                0x08009344                FlashDrv_IsLocked
 .text.FlashDrv_ClearErrors
                0x08009360       0x20 C:/NUCLEO-F446RE/APP/Build/Object/MCAL/FLASH/src/FLASH.o
                0x08009360                FlashDrv_ClearErrors
 .text.FlashDrv_WaitForLastOperation
                0x08009380       0x54 C:/NUCLEO-F446RE/APP/Build/Object/MCAL/FLASH/src/FLASH.o
 .text.FlashDrv_IsValidAddress
                0x080093d4       0x30 C:/NUCLEO-F446RE/APP/Build/Object/MCAL/FLASH/src/FLASH.o
 .text.FlashDrv_GetSector
                0x08009404       0x88 C:/NUCLEO-F446RE/APP/Build/Object/MCAL/FLASH/src/FLASH.o
                0x08009404                FlashDrv_GetSector
 .text.FlashDrv_GetSectorBase
                0x0800948c       0x80 C:/NUCLEO-F446RE/APP/Build/Object/MCAL/FLASH/src/FLASH.o
                0x0800948c                FlashDrv_GetSectorBase
 .text.FlashDrv_GetSectorSize
                0x0800950c       0x74 C:/NUCLEO-F446RE/APP/Build/Object/MCAL/FLASH/src/FLASH.o
                0x0800950c                FlashDrv_GetSectorSize
 .text.FlashDrv_EraseSector
                0x08009580       0x88 C:/NUCLEO-F446RE/APP/Build/Object/MCAL/FLASH/src/FLASH.o
                0x08009580                FlashDrv_EraseSector
 .text.FlashDrv_EraseRange
                0x08009608       0x76 C:/NUCLEO-F446RE/APP/Build/Object/MCAL/FLASH/src/FLASH.o
                0x08009608                FlashDrv_EraseRange
 *fill*         0x0800967e        0x2 
 .text.FlashDrv_MassErase
                0x08009680       0x64 C:/NUCLEO-F446RE/APP/Build/Object/MCAL/FLASH/src/FLASH.o
                0x08009680                FlashDrv_MassErase
 .text.FlashDrv_ProgramByte
                0x080096e4       0x88 C:/NUCLEO-F446RE/APP/Build/Object/MCAL/FLASH/src/FLASH.o
                0x080096e4                FlashDrv_ProgramByte
 .text.FlashDrv_ProgramHalfWord
                0x0800976c       0x98 C:/NUCLEO-F446RE/APP/Build/Object/MCAL/FLASH/src/FLASH.o
                0x0800976c                FlashDrv_ProgramHalfWord
 .text.FlashDrv_ProgramWord
                0x08009804       0x98 C:/NUCLEO-F446RE/APP/Build/Object/MCAL/FLASH/src/FLASH.o
                0x08009804                FlashDrv_ProgramWord
 .text.FlashDrv_ProgramBuffer
                0x0800989c       0x80 C:/NUCLEO-F446RE/APP/Build/Object/MCAL/FLASH/src/FLASH.o
                0x0800989c                FlashDrv_ProgramBuffer
 .text.FlashDrv_ProgramBufferAligned
                0x0800991c       0xc6 C:/NUCLEO-F446RE/APP/Build/Object/MCAL/FLASH/src/FLASH.o
                0x0800991c                FlashDrv_ProgramBufferAligned
 .text.FlashDrv_Verify
                0x080099e2       0x4c C:/NUCLEO-F446RE/APP/Build/Object/MCAL/FLASH/src/FLASH.o
                0x080099e2                FlashDrv_Verify
 .text.FlashDrv_IsErased
                0x08009a2e       0x40 C:/NUCLEO-F446RE/APP/Build/Object/MCAL/FLASH/src/FLASH.o
                0x08009a2e                FlashDrv_IsErased
 .text.FlashDrv_Read
                0x08009a6e       0x62 C:/NUCLEO-F446RE/APP/Build/Object/MCAL/FLASH/src/FLASH.o
                0x08009a6e                FlashDrv_Read
 .text.FlashDrv_PrepareForWrite
                0x08009ad0       0x10 C:/NUCLEO-F446RE/APP/Build/Object/MCAL/FLASH/src/FLASH.o
                0x08009ad0                FlashDrv_PrepareForWrite
 .text.FlashDrv_FinishWrite
                0x08009ae0       0x10 C:/NUCLEO-F446RE/APP/Build/Object/MCAL/FLASH/src/FLASH.o
                0x08009ae0                FlashDrv_FinishWrite
 .text.FlashDrv_ProgramWordSafe
                0x08009af0       0x28 C:/NUCLEO-F446RE/APP/Build/Object/MCAL/FLASH/src/FLASH.o
                0x08009af0                FlashDrv_ProgramWordSafe
 .text.RTOS_voidStart
                0x08009b18       0x1c C:/NUCLEO-F446RE/APP/Build/Object/RTOS/RTOS.o
                0x08009b18                RTOS_voidStart
 .text.RTOS_voidCreateTask
                0x08009b34       0x84 C:/NUCLEO-F446RE/APP/Build/Object/RTOS/RTOS.o
                0x08009b34                RTOS_voidCreateTask
 .text.RTOS_voidSchedular
                0x08009bb8       0xd0 C:/NUCLEO-F446RE/APP/Build/Object/RTOS/RTOS.o
                0x08009bb8                RTOS_voidSchedular
 .text.RTOS_voidDeleteTask
                0x08009c88       0x90 C:/NUCLEO-F446RE/APP/Build/Object/RTOS/RTOS.o
                0x08009c88                RTOS_voidDeleteTask
 .text.RTOS_voidSuspendTask
                0x08009d18       0x30 C:/NUCLEO-F446RE/APP/Build/Object/RTOS/RTOS.o
                0x08009d18                RTOS_voidSuspendTask
 .text.RTOS_voidResumeTask
                0x08009d48       0x30 C:/NUCLEO-F446RE/APP/Build/Object/RTOS/RTOS.o
                0x08009d48                RTOS_voidResumeTask
 .text.RTOS_voidWaitEvent
                0x08009d78       0x30 C:/NUCLEO-F446RE/APP/Build/Object/RTOS/RTOS.o
                0x08009d78                RTOS_voidWaitEvent
 .text.Reset_Handler
                0x08009da8       0x94 C:/NUCLEO-F446RE/APP/Build/Object/Startup/startup_stm32f103.o
                0x08009da8                Reset_Handler
 .text.Default_Handler
                0x08009e3c        0x6 C:/NUCLEO-F446RE/APP/Build/Object/Startup/startup_stm32f103.o
                0x08009e3c                RTC_Alarm_IRQHandler
                0x08009e3c                EXTI2_IRQHandler
                0x08009e3c                TIM8_CC_IRQHandler
                0x08009e3c                DebugMon_Handler
                0x08009e3c                SPI4_IRQHandler
                0x08009e3c                TIM1_CC_IRQHandler
                0x08009e3c                DMA2_Stream5_IRQHandler
                0x08009e3c                HardFault_Handler
                0x08009e3c                DMA1_Stream5_IRQHandler
                0x08009e3c                PVD_IRQHandler
                0x08009e3c                SDIO_IRQHandler
                0x08009e3c                TAMP_STAMP_IRQHandler
                0x08009e3c                PendSV_Handler
                0x08009e3c                NMI_Handler
                0x08009e3c                CAN2_RX1_IRQHandler
                0x08009e3c                EXTI3_IRQHandler
                0x08009e3c                TIM8_TRG_COM_TIM14_IRQHandler
                0x08009e3c                TIM1_UP_TIM10_IRQHandler
                0x08009e3c                TIM8_UP_TIM13_IRQHandler
                0x08009e3c                I2C3_ER_IRQHandler
                0x08009e3c                EXTI0_IRQHandler
                0x08009e3c                I2C2_EV_IRQHandler
                0x08009e3c                DMA1_Stream2_IRQHandler
                0x08009e3c                CAN1_RX0_IRQHandler
                0x08009e3c                FPU_IRQHandler
                0x08009e3c                UsageFault_Handler
                0x08009e3c                CAN2_SCE_IRQHandler
                0x08009e3c                DMA2_Stream2_IRQHandler
                0x08009e3c                SPI1_IRQHandler
                0x08009e3c                TIM1_BRK_TIM9_IRQHandler
                0x08009e3c                CAN2_RX0_IRQHandler
                0x08009e3c                DMA2_Stream3_IRQHandler
                0x08009e3c                USART6_IRQHandler
                0x08009e3c                USART3_IRQHandler
                0x08009e3c                CAN1_RX1_IRQHandler
                0x08009e3c                UART5_IRQHandler
                0x08009e3c                DMA2_Stream0_IRQHandler
                0x08009e3c                TIM4_IRQHandler
                0x08009e3c                I2C1_EV_IRQHandler
                0x08009e3c                DMA1_Stream6_IRQHandler
                0x08009e3c                DMA1_Stream1_IRQHandler
                0x08009e3c                UART4_IRQHandler
                0x08009e3c                TIM3_IRQHandler
                0x08009e3c                RCC_IRQHandler
                0x08009e3c                TIM8_BRK_TIM12_IRQHandler
                0x08009e3c                Default_Handler
                0x08009e3c                EXTI15_10_IRQHandler
                0x08009e3c                ADC_IRQHandler
                0x08009e3c                DMA1_Stream7_IRQHandler
                0x08009e3c                SPI5_IRQHandler
                0x08009e3c                CAN2_TX_IRQHandler
                0x08009e3c                TIM5_IRQHandler
                0x08009e3c                DMA2_Stream7_IRQHandler
                0x08009e3c                I2C3_EV_IRQHandler
                0x08009e3c                EXTI9_5_IRQHandler
                0x08009e3c                RTC_WKUP_IRQHandler
                0x08009e3c                SPI2_IRQHandler
                0x08009e3c                MemManage_Handler
                0x08009e3c                DMA1_Stream0_IRQHandler
                0x08009e3c                CAN1_TX_IRQHandler
                0x08009e3c                SVC_Handler
                0x08009e3c                EXTI4_IRQHandler
                0x08009e3c                WWDG_IRQHandler
                0x08009e3c                SPI6_IRQHandler
                0x08009e3c                TIM2_IRQHandler
                0x08009e3c                OTG_FS_WKUP_IRQHandler
                0x08009e3c                TIM1_TRG_COM_TIM11_IRQHandler
                0x08009e3c                DMA2D_IRQHandler
                0x08009e3c                EXTI1_IRQHandler
                0x08009e3c                I2C2_ER_IRQHandler
                0x08009e3c                DMA2_Stream1_IRQHandler
                0x08009e3c                CAN1_SCE_IRQHandler
                0x08009e3c                FLASH_IRQHandler
                0x08009e3c                DMA2_Stream4_IRQHandler
                0x08009e3c                BusFault_Handler
                0x08009e3c                USART1_IRQHandler
                0x08009e3c                OTG_FS_IRQHandler
                0x08009e3c                SPI3_IRQHandler
                0x08009e3c                DMA1_Stream4_IRQHandler
                0x08009e3c                I2C1_ER_IRQHandler
                0x08009e3c                FMC_IRQHandler
                0x08009e3c                DMA2_Stream6_IRQHandler
                0x08009e3c                SAI1_IRQHandler
                0x08009e3c                DMA1_Stream3_IRQHandler
 .text.LED      0x08009e42       0x10 C:/NUCLEO-F446RE/APP/Build/Object/Src/main.o
                0x08009e42                LED
 *fill*         0x08009e52        0x2 
 .text.UART     0x08009e54       0x40 C:/NUCLEO-F446RE/APP/Build/Object/Src/main.o
                0x08009e54                UART
 .text.main     0x08009e94       0x34 C:/NUCLEO-F446RE/APP/Build/Object/Src/main.o
                0x08009e94                main
 .text.APP_init
                0x08009ec8       0x30 C:/NUCLEO-F446RE/APP/Build/Object/Src/main.o
                0x08009ec8                APP_init
 .text.GPIO_PIN_CONFIG
                0x08009ef8       0x8e C:/NUCLEO-F446RE/APP/Build/Object/Src/main.o
                0x08009ef8                GPIO_PIN_CONFIG
 *fill*         0x08009f86        0x2 
 .text.SystemInit
                0x08009f88       0x3c C:/NUCLEO-F446RE/APP/Build/Object/Src/main.o
                0x08009f88                SystemInit
                0x08009fc4                . = ALIGN (0x4)
                0x08009fc4                _etext = .

.glue_7         0x08009fc4        0x0
 .glue_7        0x08009fc4        0x0 linker stubs

.glue_7t        0x08009fc4        0x0
 .glue_7t       0x08009fc4        0x0 linker stubs

.vfp11_veneer   0x08009fc4        0x0
 .vfp11_veneer  0x08009fc4        0x0 linker stubs

.v4_bx          0x08009fc4        0x0
 .v4_bx         0x08009fc4        0x0 linker stubs

.iplt           0x08009fc4        0x0
 .iplt          0x08009fc4        0x0 C:/NUCLEO-F446RE/APP/Build/Object/MCAL/RCC/src/RCC_program.o

.rodata         0x08009fc4        0x4
                0x08009fc4                . = ALIGN (0x4)
 *(.rodata)
 *(.rodata*)
 .rodata.MSP_Value
                0x08009fc4        0x4 C:/NUCLEO-F446RE/APP/Build/Object/Startup/startup_stm32f103.o
                0x08009fc4                MSP_Value
                0x08009fc8                . = ALIGN (0x4)
                0x08009fc8                _sidata = LOADADDR (.data)

.rel.dyn        0x08009fc8        0x0
 .rel.iplt      0x08009fc8        0x0 C:/NUCLEO-F446RE/APP/Build/Object/MCAL/RCC/src/RCC_program.o

.data           0x20000000       0x10 load address 0x08009fc8
                0x20000000                . = ALIGN (0x4)
                0x20000000                _sdata = .
 *(.data)
 .data          0x20000000        0x0 C:/NUCLEO-F446RE/APP/Build/Object/MCAL/RCC/src/RCC_program.o
 .data          0x20000000        0x0 C:/NUCLEO-F446RE/APP/Build/Object/MCAL/NVIC/src/NVIC_program.o
 .data          0x20000000        0x0 C:/NUCLEO-F446RE/APP/Build/Object/MCAL/SysTick/src/SysTick_program.o
 .data          0x20000000        0x0 C:/NUCLEO-F446RE/APP/Build/Object/MCAL/GPIO/src/GPIO_program.o
 .data          0x20000000        0x0 C:/NUCLEO-F446RE/APP/Build/Object/MCAL/UART/src/UART.o
 .data          0x20000000        0x0 C:/NUCLEO-F446RE/APP/Build/Object/MCAL/Basic_Timer/src/Basic_Timer.o
 .data          0x20000000        0x0 C:/NUCLEO-F446RE/APP/Build/Object/MCAL/FLASH/src/FLASH.o
 .data          0x20000000        0x0 C:/NUCLEO-F446RE/APP/Build/Object/RTOS/RTOS.o
 .data          0x20000000        0x0 C:/NUCLEO-F446RE/APP/Build/Object/Startup/startup_stm32f103.o
 .data          0x20000000        0x0 C:/NUCLEO-F446RE/APP/Build/Object/Src/main.o
 *(.data*)
 .data.nvic_stat
                0x20000000        0x1 C:/NUCLEO-F446RE/APP/Build/Object/MCAL/Basic_Timer/src/Basic_Timer.o
                0x20000000                nvic_stat
 *fill*         0x20000001        0x3 
 .data.Uart_configuration
                0x20000004        0xc C:/NUCLEO-F446RE/APP/Build/Object/Src/main.o
                0x20000004                Uart_configuration
                0x20000010                . = ALIGN (0x4)
                0x20000010                _edata = .

.igot.plt       0x20000010        0x0 load address 0x08009fd8
 .igot.plt      0x20000010        0x0 C:/NUCLEO-F446RE/APP/Build/Object/MCAL/RCC/src/RCC_program.o

.bss            0x20000010       0x5c load address 0x08009fd8
                0x20000010                _sbss = .
 *(.bss)
 .bss           0x20000010        0x0 C:/NUCLEO-F446RE/APP/Build/Object/MCAL/RCC/src/RCC_program.o
 .bss           0x20000010        0x0 C:/NUCLEO-F446RE/APP/Build/Object/MCAL/NVIC/src/NVIC_program.o
 .bss           0x20000010        0x0 C:/NUCLEO-F446RE/APP/Build/Object/MCAL/SysTick/src/SysTick_program.o
 .bss           0x20000010        0x0 C:/NUCLEO-F446RE/APP/Build/Object/MCAL/GPIO/src/GPIO_program.o
 .bss           0x20000010        0x0 C:/NUCLEO-F446RE/APP/Build/Object/MCAL/UART/src/UART.o
 .bss           0x20000010        0x0 C:/NUCLEO-F446RE/APP/Build/Object/MCAL/Basic_Timer/src/Basic_Timer.o
 .bss           0x20000010        0x0 C:/NUCLEO-F446RE/APP/Build/Object/MCAL/FLASH/src/FLASH.o
 .bss           0x20000010        0x0 C:/NUCLEO-F446RE/APP/Build/Object/RTOS/RTOS.o
 .bss           0x20000010        0x0 C:/NUCLEO-F446RE/APP/Build/Object/Startup/startup_stm32f103.o
 .bss           0x20000010        0x0 C:/NUCLEO-F446RE/APP/Build/Object/Src/main.o
 *(.bss*)
 .bss.Local_PvFunction
                0x20000010        0x4 C:/NUCLEO-F446RE/APP/Build/Object/MCAL/SysTick/src/SysTick_program.o
 .bss.rx_test   0x20000014        0x1 C:/NUCLEO-F446RE/APP/Build/Object/MCAL/UART/src/UART.o
                0x20000014                rx_test
 *fill*         0x20000015        0x3 
 .bss.funcPtr   0x20000018        0x4 C:/NUCLEO-F446RE/APP/Build/Object/MCAL/UART/src/UART.o
                0x20000018                funcPtr
 .bss.tim6_callback
                0x2000001c        0x4 C:/NUCLEO-F446RE/APP/Build/Object/MCAL/Basic_Timer/src/Basic_Timer.o
 .bss.tim7_callback
                0x20000020        0x4 C:/NUCLEO-F446RE/APP/Build/Object/MCAL/Basic_Timer/src/Basic_Timer.o
 .bss.total_ticks
                0x20000024        0x4 C:/NUCLEO-F446RE/APP/Build/Object/MCAL/Basic_Timer/src/Basic_Timer.o
                0x20000024                total_ticks
 .bss.Local_PvFunction
                0x20000028        0x4 C:/NUCLEO-F446RE/APP/Build/Object/RTOS/RTOS.o
 .bss.SysTask   0x2000002c       0x30 C:/NUCLEO-F446RE/APP/Build/Object/RTOS/RTOS.o
                0x2000002c                SysTask
 .bss.RCC_Configuration
                0x2000005c        0xc C:/NUCLEO-F446RE/APP/Build/Object/Src/main.o
                0x2000005c                RCC_Configuration
 .bss.counter.0
                0x20000068        0x4 C:/NUCLEO-F446RE/APP/Build/Object/Src/main.o
                0x2000006c                . = ALIGN (0x4)
                0x2000006c                _ebss = .

._user_heap_stack
                0x2000006c     0x1204 load address 0x08009fd8
                0x20000070                . = ALIGN (0x8)
 *fill*         0x2000006c        0x4 
                0x20000270                . = (. + _Min_Heap_Size)
 *fill*         0x20000070      0x200 
                0x20001270                . = (. + _Min_Stack_Size)
 *fill*         0x20000270     0x1000 
                0x20001270                . = ALIGN (0x8)
LOAD C:/NUCLEO-F446RE/APP/Build/Object/MCAL/RCC/src/RCC_program.o
LOAD C:/NUCLEO-F446RE/APP/Build/Object/MCAL/NVIC/src/NVIC_program.o
LOAD C:/NUCLEO-F446RE/APP/Build/Object/MCAL/SysTick/src/SysTick_program.o
LOAD C:/NUCLEO-F446RE/APP/Build/Object/MCAL/GPIO/src/GPIO_program.o
LOAD C:/NUCLEO-F446RE/APP/Build/Object/MCAL/UART/src/UART.o
LOAD C:/NUCLEO-F446RE/APP/Build/Object/MCAL/Basic_Timer/src/Basic_Timer.o
LOAD C:/NUCLEO-F446RE/APP/Build/Object/MCAL/FLASH/src/FLASH.o
LOAD C:/NUCLEO-F446RE/APP/Build/Object/RTOS/RTOS.o
LOAD C:/NUCLEO-F446RE/APP/Build/Object/Startup/startup_stm32f103.o
LOAD C:/NUCLEO-F446RE/APP/Build/Object/Src/main.o
OUTPUT(C:/NUCLEO-F446RE/APP/Tools/application.elf elf32-littlearm)
LOAD linker stubs

.debug_info     0x00000000     0x2892
 .debug_info    0x00000000      0x3e2 C:/NUCLEO-F446RE/APP/Build/Object/MCAL/RCC/src/RCC_program.o
 .debug_info    0x000003e2      0x303 C:/NUCLEO-F446RE/APP/Build/Object/MCAL/NVIC/src/NVIC_program.o
 .debug_info    0x000006e5      0x26b C:/NUCLEO-F446RE/APP/Build/Object/MCAL/SysTick/src/SysTick_program.o
 .debug_info    0x00000950      0x531 C:/NUCLEO-F446RE/APP/Build/Object/MCAL/GPIO/src/GPIO_program.o
 .debug_info    0x00000e81      0x510 C:/NUCLEO-F446RE/APP/Build/Object/MCAL/UART/src/UART.o
 .debug_info    0x00001391      0x3be C:/NUCLEO-F446RE/APP/Build/Object/MCAL/Basic_Timer/src/Basic_Timer.o
 .debug_info    0x0000174f      0x684 C:/NUCLEO-F446RE/APP/Build/Object/MCAL/FLASH/src/FLASH.o
 .debug_info    0x00001dd3      0x2a6 C:/NUCLEO-F446RE/APP/Build/Object/RTOS/RTOS.o
 .debug_info    0x00002079      0x148 C:/NUCLEO-F446RE/APP/Build/Object/Startup/startup_stm32f103.o
 .debug_info    0x000021c1      0x6d1 C:/NUCLEO-F446RE/APP/Build/Object/Src/main.o

.debug_abbrev   0x00000000      0xbee
 .debug_abbrev  0x00000000      0x134 C:/NUCLEO-F446RE/APP/Build/Object/MCAL/RCC/src/RCC_program.o
 .debug_abbrev  0x00000134      0x12e C:/NUCLEO-F446RE/APP/Build/Object/MCAL/NVIC/src/NVIC_program.o
 .debug_abbrev  0x00000262      0x144 C:/NUCLEO-F446RE/APP/Build/Object/MCAL/SysTick/src/SysTick_program.o
 .debug_abbrev  0x000003a6      0x129 C:/NUCLEO-F446RE/APP/Build/Object/MCAL/GPIO/src/GPIO_program.o
 .debug_abbrev  0x000004cf      0x183 C:/NUCLEO-F446RE/APP/Build/Object/MCAL/UART/src/UART.o
 .debug_abbrev  0x00000652       0xfa C:/NUCLEO-F446RE/APP/Build/Object/MCAL/Basic_Timer/src/Basic_Timer.o
 .debug_abbrev  0x0000074c      0x1aa C:/NUCLEO-F446RE/APP/Build/Object/MCAL/FLASH/src/FLASH.o
 .debug_abbrev  0x000008f6      0x134 C:/NUCLEO-F446RE/APP/Build/Object/RTOS/RTOS.o
 .debug_abbrev  0x00000a2a       0xe3 C:/NUCLEO-F446RE/APP/Build/Object/Startup/startup_stm32f103.o
 .debug_abbrev  0x00000b0d       0xe1 C:/NUCLEO-F446RE/APP/Build/Object/Src/main.o

.debug_aranges  0x00000000      0x3a0
 .debug_aranges
                0x00000000       0x78 C:/NUCLEO-F446RE/APP/Build/Object/MCAL/RCC/src/RCC_program.o
 .debug_aranges
                0x00000078       0x48 C:/NUCLEO-F446RE/APP/Build/Object/MCAL/NVIC/src/NVIC_program.o
 .debug_aranges
                0x000000c0       0x58 C:/NUCLEO-F446RE/APP/Build/Object/MCAL/SysTick/src/SysTick_program.o
 .debug_aranges
                0x00000118       0x48 C:/NUCLEO-F446RE/APP/Build/Object/MCAL/GPIO/src/GPIO_program.o
 .debug_aranges
                0x00000160       0x60 C:/NUCLEO-F446RE/APP/Build/Object/MCAL/UART/src/UART.o
 .debug_aranges
                0x000001c0       0x50 C:/NUCLEO-F446RE/APP/Build/Object/MCAL/Basic_Timer/src/Basic_Timer.o
 .debug_aranges
                0x00000210       0xd0 C:/NUCLEO-F446RE/APP/Build/Object/MCAL/FLASH/src/FLASH.o
 .debug_aranges
                0x000002e0       0x50 C:/NUCLEO-F446RE/APP/Build/Object/RTOS/RTOS.o
 .debug_aranges
                0x00000330       0x28 C:/NUCLEO-F446RE/APP/Build/Object/Startup/startup_stm32f103.o
 .debug_aranges
                0x00000358       0x48 C:/NUCLEO-F446RE/APP/Build/Object/Src/main.o

.debug_ranges   0x00000000      0x300
 .debug_ranges  0x00000000       0x68 C:/NUCLEO-F446RE/APP/Build/Object/MCAL/RCC/src/RCC_program.o
 .debug_ranges  0x00000068       0x38 C:/NUCLEO-F446RE/APP/Build/Object/MCAL/NVIC/src/NVIC_program.o
 .debug_ranges  0x000000a0       0x48 C:/NUCLEO-F446RE/APP/Build/Object/MCAL/SysTick/src/SysTick_program.o
 .debug_ranges  0x000000e8       0x38 C:/NUCLEO-F446RE/APP/Build/Object/MCAL/GPIO/src/GPIO_program.o
 .debug_ranges  0x00000120       0x50 C:/NUCLEO-F446RE/APP/Build/Object/MCAL/UART/src/UART.o
 .debug_ranges  0x00000170       0x40 C:/NUCLEO-F446RE/APP/Build/Object/MCAL/Basic_Timer/src/Basic_Timer.o
 .debug_ranges  0x000001b0       0xc0 C:/NUCLEO-F446RE/APP/Build/Object/MCAL/FLASH/src/FLASH.o
 .debug_ranges  0x00000270       0x40 C:/NUCLEO-F446RE/APP/Build/Object/RTOS/RTOS.o
 .debug_ranges  0x000002b0       0x18 C:/NUCLEO-F446RE/APP/Build/Object/Startup/startup_stm32f103.o
 .debug_ranges  0x000002c8       0x38 C:/NUCLEO-F446RE/APP/Build/Object/Src/main.o

.debug_macro    0x00000000     0x1388
 .debug_macro   0x00000000       0x32 C:/NUCLEO-F446RE/APP/Build/Object/MCAL/RCC/src/RCC_program.o
 .debug_macro   0x00000032      0xa66 C:/NUCLEO-F446RE/APP/Build/Object/MCAL/RCC/src/RCC_program.o
 .debug_macro   0x00000a98       0x10 C:/NUCLEO-F446RE/APP/Build/Object/MCAL/RCC/src/RCC_program.o
 .debug_macro   0x00000aa8       0x22 C:/NUCLEO-F446RE/APP/Build/Object/MCAL/RCC/src/RCC_program.o
 .debug_macro   0x00000aca       0xd0 C:/NUCLEO-F446RE/APP/Build/Object/MCAL/RCC/src/RCC_program.o
 .debug_macro   0x00000b9a       0x49 C:/NUCLEO-F446RE/APP/Build/Object/MCAL/NVIC/src/NVIC_program.o
 .debug_macro   0x00000be3       0x58 C:/NUCLEO-F446RE/APP/Build/Object/MCAL/NVIC/src/NVIC_program.o
 .debug_macro   0x00000c3b       0x10 C:/NUCLEO-F446RE/APP/Build/Object/MCAL/NVIC/src/NVIC_program.o
 .debug_macro   0x00000c4b       0x3b C:/NUCLEO-F446RE/APP/Build/Object/MCAL/SysTick/src/SysTick_program.o
 .debug_macro   0x00000c86       0x22 C:/NUCLEO-F446RE/APP/Build/Object/MCAL/SysTick/src/SysTick_program.o
 .debug_macro   0x00000ca8       0x2e C:/NUCLEO-F446RE/APP/Build/Object/MCAL/SysTick/src/SysTick_program.o
 .debug_macro   0x00000cd6       0x3b C:/NUCLEO-F446RE/APP/Build/Object/MCAL/GPIO/src/GPIO_program.o
 .debug_macro   0x00000d11       0x6a C:/NUCLEO-F446RE/APP/Build/Object/MCAL/GPIO/src/GPIO_program.o
 .debug_macro   0x00000d7b       0x10 C:/NUCLEO-F446RE/APP/Build/Object/MCAL/GPIO/src/GPIO_program.o
 .debug_macro   0x00000d8b       0x32 C:/NUCLEO-F446RE/APP/Build/Object/MCAL/UART/src/UART.o
 .debug_macro   0x00000dbd       0x5e C:/NUCLEO-F446RE/APP/Build/Object/MCAL/UART/src/UART.o
 .debug_macro   0x00000e1b       0x45 C:/NUCLEO-F446RE/APP/Build/Object/MCAL/Basic_Timer/src/Basic_Timer.o
 .debug_macro   0x00000e60       0xd6 C:/NUCLEO-F446RE/APP/Build/Object/MCAL/Basic_Timer/src/Basic_Timer.o
 .debug_macro   0x00000f36       0x76 C:/NUCLEO-F446RE/APP/Build/Object/MCAL/Basic_Timer/src/Basic_Timer.o
 .debug_macro   0x00000fac       0x29 C:/NUCLEO-F446RE/APP/Build/Object/MCAL/FLASH/src/FLASH.o
 .debug_macro   0x00000fd5      0x130 C:/NUCLEO-F446RE/APP/Build/Object/MCAL/FLASH/src/FLASH.o
 .debug_macro   0x00001105       0x44 C:/NUCLEO-F446RE/APP/Build/Object/RTOS/RTOS.o
 .debug_macro   0x00001149       0x10 C:/NUCLEO-F446RE/APP/Build/Object/RTOS/RTOS.o
 .debug_macro   0x00001159       0x17 C:/NUCLEO-F446RE/APP/Build/Object/Startup/startup_stm32f103.o
 .debug_macro   0x00001170       0x7e C:/NUCLEO-F446RE/APP/Build/Object/Src/main.o
 .debug_macro   0x000011ee      0x136 C:/NUCLEO-F446RE/APP/Build/Object/Src/main.o
 .debug_macro   0x00001324       0x64 C:/NUCLEO-F446RE/APP/Build/Object/Src/main.o

.debug_line     0x00000000     0x1843
 .debug_line    0x00000000      0x2c0 C:/NUCLEO-F446RE/APP/Build/Object/MCAL/RCC/src/RCC_program.o
 .debug_line    0x000002c0      0x206 C:/NUCLEO-F446RE/APP/Build/Object/MCAL/NVIC/src/NVIC_program.o
 .debug_line    0x000004c6      0x1da C:/NUCLEO-F446RE/APP/Build/Object/MCAL/SysTick/src/SysTick_program.o
 .debug_line    0x000006a0      0x295 C:/NUCLEO-F446RE/APP/Build/Object/MCAL/GPIO/src/GPIO_program.o
 .debug_line    0x00000935      0x2be C:/NUCLEO-F446RE/APP/Build/Object/MCAL/UART/src/UART.o
 .debug_line    0x00000bf3      0x216 C:/NUCLEO-F446RE/APP/Build/Object/MCAL/Basic_Timer/src/Basic_Timer.o
 .debug_line    0x00000e09      0x597 C:/NUCLEO-F446RE/APP/Build/Object/MCAL/FLASH/src/FLASH.o
 .debug_line    0x000013a0      0x1dc C:/NUCLEO-F446RE/APP/Build/Object/RTOS/RTOS.o
 .debug_line    0x0000157c       0xe1 C:/NUCLEO-F446RE/APP/Build/Object/Startup/startup_stm32f103.o
 .debug_line    0x0000165d      0x1e6 C:/NUCLEO-F446RE/APP/Build/Object/Src/main.o

.debug_str      0x00000000     0x5749
 .debug_str     0x00000000     0x3506 C:/NUCLEO-F446RE/APP/Build/Object/MCAL/RCC/src/RCC_program.o
                               0x3584 (size before relaxing)
 .debug_str     0x00003506      0x4c4 C:/NUCLEO-F446RE/APP/Build/Object/MCAL/NVIC/src/NVIC_program.o
                               0x3286 (size before relaxing)
 .debug_str     0x000039ca      0x333 C:/NUCLEO-F446RE/APP/Build/Object/MCAL/SysTick/src/SysTick_program.o
                               0x30fe (size before relaxing)
 .debug_str     0x00003cfd      0x4e9 C:/NUCLEO-F446RE/APP/Build/Object/MCAL/GPIO/src/GPIO_program.o
                               0x32a4 (size before relaxing)
 .debug_str     0x000041e6      0x45c C:/NUCLEO-F446RE/APP/Build/Object/MCAL/UART/src/UART.o
                               0x324e (size before relaxing)
 .debug_str     0x00004642      0x565 C:/NUCLEO-F446RE/APP/Build/Object/MCAL/Basic_Timer/src/Basic_Timer.o
                               0x387c (size before relaxing)
 .debug_str     0x00004ba7      0x8f7 C:/NUCLEO-F446RE/APP/Build/Object/MCAL/FLASH/src/FLASH.o
                               0x3635 (size before relaxing)
 .debug_str     0x0000549e      0x19d C:/NUCLEO-F446RE/APP/Build/Object/RTOS/RTOS.o
                               0x311e (size before relaxing)
 .debug_str     0x0000563b       0xa5 C:/NUCLEO-F446RE/APP/Build/Object/Startup/startup_stm32f103.o
                               0x2d2e (size before relaxing)
 .debug_str     0x000056e0       0x69 C:/NUCLEO-F446RE/APP/Build/Object/Src/main.o
                               0x4667 (size before relaxing)

.comment        0x00000000       0x49
 .comment       0x00000000       0x49 C:/NUCLEO-F446RE/APP/Build/Object/MCAL/RCC/src/RCC_program.o
                                 0x4a (size before relaxing)
 .comment       0x00000049       0x4a C:/NUCLEO-F446RE/APP/Build/Object/MCAL/NVIC/src/NVIC_program.o
 .comment       0x00000049       0x4a C:/NUCLEO-F446RE/APP/Build/Object/MCAL/SysTick/src/SysTick_program.o
 .comment       0x00000049       0x4a C:/NUCLEO-F446RE/APP/Build/Object/MCAL/GPIO/src/GPIO_program.o
 .comment       0x00000049       0x4a C:/NUCLEO-F446RE/APP/Build/Object/MCAL/UART/src/UART.o
 .comment       0x00000049       0x4a C:/NUCLEO-F446RE/APP/Build/Object/MCAL/Basic_Timer/src/Basic_Timer.o
 .comment       0x00000049       0x4a C:/NUCLEO-F446RE/APP/Build/Object/MCAL/FLASH/src/FLASH.o
 .comment       0x00000049       0x4a C:/NUCLEO-F446RE/APP/Build/Object/RTOS/RTOS.o
 .comment       0x00000049       0x4a C:/NUCLEO-F446RE/APP/Build/Object/Startup/startup_stm32f103.o
 .comment       0x00000049       0x4a C:/NUCLEO-F446RE/APP/Build/Object/Src/main.o

.ARM.attributes
                0x00000000       0x34
 .ARM.attributes
                0x00000000       0x34 C:/NUCLEO-F446RE/APP/Build/Object/MCAL/RCC/src/RCC_program.o
 .ARM.attributes
                0x00000034       0x34 C:/NUCLEO-F446RE/APP/Build/Object/MCAL/NVIC/src/NVIC_program.o
 .ARM.attributes
                0x00000068       0x34 C:/NUCLEO-F446RE/APP/Build/Object/MCAL/SysTick/src/SysTick_program.o
 .ARM.attributes
                0x0000009c       0x34 C:/NUCLEO-F446RE/APP/Build/Object/MCAL/GPIO/src/GPIO_program.o
 .ARM.attributes
                0x000000d0       0x34 C:/NUCLEO-F446RE/APP/Build/Object/MCAL/UART/src/UART.o
 .ARM.attributes
                0x00000104       0x34 C:/NUCLEO-F446RE/APP/Build/Object/MCAL/Basic_Timer/src/Basic_Timer.o
 .ARM.attributes
                0x00000138       0x34 C:/NUCLEO-F446RE/APP/Build/Object/MCAL/FLASH/src/FLASH.o
 .ARM.attributes
                0x0000016c       0x34 C:/NUCLEO-F446RE/APP/Build/Object/RTOS/RTOS.o
 .ARM.attributes
                0x000001a0       0x34 C:/NUCLEO-F446RE/APP/Build/Object/Startup/startup_stm32f103.o
 .ARM.attributes
                0x000001d4       0x34 C:/NUCLEO-F446RE/APP/Build/Object/Src/main.o

.debug_frame    0x00000000      0xcac
 .debug_frame   0x00000000      0x1c8 C:/NUCLEO-F446RE/APP/Build/Object/MCAL/RCC/src/RCC_program.o
 .debug_frame   0x000001c8      0x100 C:/NUCLEO-F446RE/APP/Build/Object/MCAL/NVIC/src/NVIC_program.o
 .debug_frame   0x000002c8      0x120 C:/NUCLEO-F446RE/APP/Build/Object/MCAL/SysTick/src/SysTick_program.o
 .debug_frame   0x000003e8       0xf4 C:/NUCLEO-F446RE/APP/Build/Object/MCAL/GPIO/src/GPIO_program.o
 .debug_frame   0x000004dc      0x15c C:/NUCLEO-F446RE/APP/Build/Object/MCAL/UART/src/UART.o
 .debug_frame   0x00000638      0x100 C:/NUCLEO-F446RE/APP/Build/Object/MCAL/Basic_Timer/src/Basic_Timer.o
 .debug_frame   0x00000738      0x354 C:/NUCLEO-F446RE/APP/Build/Object/MCAL/FLASH/src/FLASH.o
 .debug_frame   0x00000a8c      0x118 C:/NUCLEO-F446RE/APP/Build/Object/RTOS/RTOS.o
 .debug_frame   0x00000ba4       0x48 C:/NUCLEO-F446RE/APP/Build/Object/Startup/startup_stm32f103.o
 .debug_frame   0x00000bec       0xc0 C:/NUCLEO-F446RE/APP/Build/Object/Src/main.o
