
Discarded input sections

 .group         0x00000000        0xc C:/Users/s_a_a/Desktop/NUCLEO-F446RE/APP/Build/Object/MCAL/RCC/src/RCC_program.o
 .group         0x00000000        0xc C:/Users/s_a_a/Desktop/NUCLEO-F446RE/APP/Build/Object/MCAL/RCC/src/RCC_program.o
 .group         0x00000000        0xc C:/Users/s_a_a/Desktop/NUCLEO-F446RE/APP/Build/Object/MCAL/RCC/src/RCC_program.o
 .group         0x00000000        0xc C:/Users/s_a_a/Desktop/NUCLEO-F446RE/APP/Build/Object/MCAL/RCC/src/RCC_program.o
 .group         0x00000000        0xc C:/Users/s_a_a/Desktop/NUCLEO-F446RE/APP/Build/Object/MCAL/NVIC/src/NVIC_program.o
 .group         0x00000000        0xc C:/Users/s_a_a/Desktop/NUCLEO-F446RE/APP/Build/Object/MCAL/NVIC/src/NVIC_program.o
 .group         0x00000000        0xc C:/Users/s_a_a/Desktop/NUCLEO-F446RE/APP/Build/Object/MCAL/NVIC/src/NVIC_program.o
 .group         0x00000000        0xc C:/Users/s_a_a/Desktop/NUCLEO-F446RE/APP/Build/Object/MCAL/NVIC/src/NVIC_program.o
 .group         0x00000000        0xc C:/Users/s_a_a/Desktop/NUCLEO-F446RE/APP/Build/Object/MCAL/NVIC/src/NVIC_program.o
 .debug_macro   0x00000000      0xa66 C:/Users/s_a_a/Desktop/NUCLEO-F446RE/APP/Build/Object/MCAL/NVIC/src/NVIC_program.o
 .debug_macro   0x00000000       0x10 C:/Users/s_a_a/Desktop/NUCLEO-F446RE/APP/Build/Object/MCAL/NVIC/src/NVIC_program.o
 .debug_macro   0x00000000       0x22 C:/Users/s_a_a/Desktop/NUCLEO-F446RE/APP/Build/Object/MCAL/NVIC/src/NVIC_program.o
 .group         0x00000000        0xc C:/Users/s_a_a/Desktop/NUCLEO-F446RE/APP/Build/Object/MCAL/SysTick/src/SysTick_program.o
 .group         0x00000000        0xc C:/Users/s_a_a/Desktop/NUCLEO-F446RE/APP/Build/Object/MCAL/SysTick/src/SysTick_program.o
 .group         0x00000000        0xc C:/Users/s_a_a/Desktop/NUCLEO-F446RE/APP/Build/Object/MCAL/SysTick/src/SysTick_program.o
 .group         0x00000000        0xc C:/Users/s_a_a/Desktop/NUCLEO-F446RE/APP/Build/Object/MCAL/SysTick/src/SysTick_program.o
 .group         0x00000000        0xc C:/Users/s_a_a/Desktop/NUCLEO-F446RE/APP/Build/Object/MCAL/SysTick/src/SysTick_program.o
 .debug_macro   0x00000000      0xa66 C:/Users/s_a_a/Desktop/NUCLEO-F446RE/APP/Build/Object/MCAL/SysTick/src/SysTick_program.o
 .debug_macro   0x00000000       0x10 C:/Users/s_a_a/Desktop/NUCLEO-F446RE/APP/Build/Object/MCAL/SysTick/src/SysTick_program.o
 .debug_macro   0x00000000       0x22 C:/Users/s_a_a/Desktop/NUCLEO-F446RE/APP/Build/Object/MCAL/SysTick/src/SysTick_program.o
 .group         0x00000000        0xc C:/Users/s_a_a/Desktop/NUCLEO-F446RE/APP/Build/Object/MCAL/GPIO/src/GPIO_program.o
 .group         0x00000000        0xc C:/Users/s_a_a/Desktop/NUCLEO-F446RE/APP/Build/Object/MCAL/GPIO/src/GPIO_program.o
 .group         0x00000000        0xc C:/Users/s_a_a/Desktop/NUCLEO-F446RE/APP/Build/Object/MCAL/GPIO/src/GPIO_program.o
 .group         0x00000000        0xc C:/Users/s_a_a/Desktop/NUCLEO-F446RE/APP/Build/Object/MCAL/GPIO/src/GPIO_program.o
 .group         0x00000000        0xc C:/Users/s_a_a/Desktop/NUCLEO-F446RE/APP/Build/Object/MCAL/GPIO/src/GPIO_program.o
 .debug_macro   0x00000000      0xa66 C:/Users/s_a_a/Desktop/NUCLEO-F446RE/APP/Build/Object/MCAL/GPIO/src/GPIO_program.o
 .debug_macro   0x00000000       0x10 C:/Users/s_a_a/Desktop/NUCLEO-F446RE/APP/Build/Object/MCAL/GPIO/src/GPIO_program.o
 .debug_macro   0x00000000       0x22 C:/Users/s_a_a/Desktop/NUCLEO-F446RE/APP/Build/Object/MCAL/GPIO/src/GPIO_program.o
 .group         0x00000000        0xc C:/Users/s_a_a/Desktop/NUCLEO-F446RE/APP/Build/Object/MCAL/ADC/src/ADC.o
 .group         0x00000000        0xc C:/Users/s_a_a/Desktop/NUCLEO-F446RE/APP/Build/Object/MCAL/ADC/src/ADC.o
 .group         0x00000000        0xc C:/Users/s_a_a/Desktop/NUCLEO-F446RE/APP/Build/Object/MCAL/ADC/src/ADC.o
 .debug_macro   0x00000000      0xa66 C:/Users/s_a_a/Desktop/NUCLEO-F446RE/APP/Build/Object/MCAL/ADC/src/ADC.o
 .debug_macro   0x00000000       0x10 C:/Users/s_a_a/Desktop/NUCLEO-F446RE/APP/Build/Object/MCAL/ADC/src/ADC.o
 .group         0x00000000        0xc C:/Users/s_a_a/Desktop/NUCLEO-F446RE/APP/Build/Object/MCAL/UART/src/UART.o
 .group         0x00000000        0xc C:/Users/s_a_a/Desktop/NUCLEO-F446RE/APP/Build/Object/MCAL/UART/src/UART.o
 .group         0x00000000        0xc C:/Users/s_a_a/Desktop/NUCLEO-F446RE/APP/Build/Object/MCAL/UART/src/UART.o
 .group         0x00000000        0xc C:/Users/s_a_a/Desktop/NUCLEO-F446RE/APP/Build/Object/MCAL/UART/src/UART.o
 .debug_macro   0x00000000      0xa66 C:/Users/s_a_a/Desktop/NUCLEO-F446RE/APP/Build/Object/MCAL/UART/src/UART.o
 .debug_macro   0x00000000       0x10 C:/Users/s_a_a/Desktop/NUCLEO-F446RE/APP/Build/Object/MCAL/UART/src/UART.o
 .debug_macro   0x00000000       0x22 C:/Users/s_a_a/Desktop/NUCLEO-F446RE/APP/Build/Object/MCAL/UART/src/UART.o
 .group         0x00000000        0xc C:/Users/s_a_a/Desktop/NUCLEO-F446RE/APP/Build/Object/MCAL/PwrMD/src/LOW_POWER.o
[...]
Memory Configuration

Name             Origin             Length             Attributes
FLASH            0x08008000         0x00078000         xr
RAM              0x20000000         0x00020000         xrw
*default*        0x00000000         0xffffffff

Linker script and memory map

                0x20020000                _estack = (ORIGIN (RAM) + LENGTH (RAM))
                0x00000200                _Min_Heap_Size = 0x200
                0x00001000                _Min_Stack_Size = 0x1000

.isr_vector     0x08008000      0x178
                0x08008000                . = ALIGN (0x4)
 *(.isr_vector)
 .isr_vector    0x08008000      0x178 C:/Users/s_a_a/Desktop/NUCLEO-F446RE/APP/Build/Object/Startup/startup_stm32f103.o
                0x08008000                Vector_Table
                0x08008178                . = ALIGN (0x4)

.text           0x08008178     0x6d94
                0x08008178                . = ALIGN (0x4)
 *(.text)
 .text          0x08008178        0x0 C:/Users/s_a_a/Desktop/NUCLEO-F446RE/APP/Build/Object/MCAL/RCC/src/RCC_program.o
 .text          0x08008178        0x0 C:/Users/s_a_a/Desktop/NUCLEO-F446RE/APP/Build/Object/MCAL/NVIC/src/NVIC_program.o
 .text          0x08008178        0x0 C:/Users/s_a_a/Desktop/NUCLEO-F446RE/APP/Build/Object/MCAL/SysTick/src/SysTick_program.o
 .text          0x08008178        0x0 C:/Users/s_a_a/Desktop/NUCLEO-F446RE/APP/Build/Object/MCAL/GPIO/src/GPIO_program.o
 .text          0x08008178        0x0 C:/Users/s_a_a/Desktop/NUCLEO-F446RE/APP/Build/Object/MCAL/ADC/src/ADC.o
 .text          0x08008178        0x0 C:/Users/s_a_a/Desktop/NUCLEO-F446RE/APP/Build/Object/MCAL/UART/src/UART.o
 .text          0x08008178        0x0 C:/Users/s_a_a/Desktop/NUCLEO-F446RE/APP/Build/Object/MCAL/PwrMD/src/LOW_POWER.o
 .text          0x08008178        0x0 C:/Users/s_a_a/Desktop/NUCLEO-F446RE/APP/Build/Object/MCAL/DMA/src/DMA.o
 .text          0x08008178        0x0 C:/Users/s_a_a/Desktop/NUCLEO-F446RE/APP/Build/Object/MCAL/IWDG/src/IWDG.o
 .text          0x08008178        0x0 C:/Users/s_a_a/Desktop/NUCLEO-F446RE/APP/Build/Object/MCAL/WWDG/src/WWDG.o
 .text          0x08008178        0x0 C:/Users/s_a_a/Desktop/NUCLEO-F446RE/APP/Build/Object/MCAL/RTC/src/RTC.o
 .text          0x08008178        0x0 C:/Users/s_a_a/Desktop/NUCLEO-F446RE/APP/Build/Object/MCAL/FPU/src/FPU.o
 .text          0x08008178        0x0 C:/Users/s_a_a/Desktop/NUCLEO-F446RE/APP/Build/Object/MCAL/MPU/src/MPU.o
 .text          0x08008178        0x0 C:/Users/s_a_a/Desktop/NUCLEO-F446RE/APP/Build/Object/MCAL/CRC/src/CRC.o
 .text          0x08008178        0x0 C:/Users/s_a_a/Desktop/NUCLEO-F446RE/APP/Build/Object/MCAL/BASIC_TIMER/src/Basic_Timer.o
 .text          0x08008178        0x0 C:/Users/s_a_a/Desktop/NUCLEO-F446RE/APP/Build/Object/MCAL/I2C/src/I2C.o
 .text          0x08008178        0x0 C:/Users/s_a_a/Desktop/NUCLEO-F446RE/APP/Build/Object/MCAL/FLASH/src/FLASH.o
 .text          0x08008178        0x0 C:/Users/s_a_a/Desktop/NUCLEO-F446RE/APP/Build/Object/MCAL/GP_TIMER/src/GP_Timer.o
 .text          0x08008178        0x0 C:/Users/s_a_a/Desktop/NUCLEO-F446RE/APP/Build/Object/MCAL/PendSV/src/PendSV.o
 .text          0x08008178        0x0 C:/Users/s_a_a/Desktop/NUCLEO-F446RE/APP/Build/Object/HAL/ESP/ESP.o
 .text          0x08008178        0x0 C:/Users/s_a_a/Desktop/NUCLEO-F446RE/APP/Build/Object/HAL/OLED/OLED.o
 .text          0x08008178        0x0 C:/Users/s_a_a/Desktop/NUCLEO-F446RE/APP/Build/Object/HAL/MPU_6050/MPU_6050.o
 .text          0x08008178        0x0 C:/Users/s_a_a/Desktop/NUCLEO-F446RE/APP/Build/Object/P1/FLAPPY_Bird/FLAPPY_Bird.o
 .text          0x08008178        0x0 C:/Users/s_a_a/Desktop/NUCLEO-F446RE/APP/Build/Object/P1/Snake/Snake.o
 .text          0x08008178        0x0 C:/Users/s_a_a/Desktop/NUCLEO-F446RE/APP/Build/Object/RTOS/RTOS.o
 .text          0x08008178        0x0 C:/Users/s_a_a/Desktop/NUCLEO-F446RE/APP/Build/Object/Startup/startup_stm32f103.o
 .text          0x08008178        0x0 C:/Users/s_a_a/Desktop/NUCLEO-F446RE/APP/Build/Object/Src/App_Config.o
 .text          0x08008178        0x0 C:/Users/s_a_a/Desktop/NUCLEO-F446RE/APP/Build/Object/Src/App_Ctrl.o
 .text          0x08008178        0x0 C:/Users/s_a_a/Desktop/NUCLEO-F446RE/APP/Build/Object/Src/ISR.o
 .text          0x08008178        0x0 C:/Users/s_a_a/Desktop/NUCLEO-F446RE/APP/Build/Object/Src/main.o
 .text          0x08008178        0x0 C:/Users/s_a_a/Desktop/NUCLEO-F446RE/APP/Build/Object/Src/SwM.o
 .text          0x08008178        0x0 C:/Users/s_a_a/Desktop/NUCLEO-F446RE/APP/Build/Object/Src/Telemetry.o
 *(.text*)
 .text.RCC_EnableHSI
                0x08008178       0x30 C:/Users/s_a_a/Desktop/NUCLEO-F446RE/APP/Build/Object/MCAL/RCC/src/RCC_program.o
 .text.RCC_EnableHSE
                0x080081a8       0x30 C:/Users/s_a_a/Desktop/NUCLEO-F446RE/APP/Build/Object/MCAL/RCC/src/RCC_program.o
 .text.RCC_EnablePLL
                0x080081d8       0x30 C:/Users/s_a_a/Desktop/NUCLEO-F446RE/APP/Build/Object/MCAL/RCC/src/RCC_program.o
 .text.RCC_DisablePLL
                0x08008208       0x30 C:/Users/s_a_a/Desktop/NUCLEO-F446RE/APP/Build/Object/MCAL/RCC/src/RCC_program.o
 .text.RCC_SelectSystemClock
                0x08008238       0x4c C:/Users/s_a_a/Desktop/NUCLEO-F446RE/APP/Build/Object/MCAL/RCC/src/RCC_program.o
 .text.RCC_ConfigPLL
                0x08008284       0x78 C:/Users/s_a_a/Desktop/NUCLEO-F446RE/APP/Build/Object/MCAL/RCC/src/RCC_program.o
 .text.RCC_SetAHBPrescaler
                0x080082fc       0x38 C:/Users/s_a_a/Desktop/NUCLEO-F446RE/APP/Build/Object/MCAL/RCC/src/RCC_program.o
 .text.RCC_SetAPB1Prescaler
                0x08008334       0x38 C:/Users/s_a_a/Desktop/NUCLEO-F446RE/APP/Build/Object/MCAL/RCC/src/RCC_program.o
 .text.RCC_SetAPB2Prescaler
                0x0800836c       0x38 C:/Users/s_a_a/Desktop/NUCLEO-F446RE/APP/Build/Object/MCAL/RCC/src/RCC_program.o
 .text.RCC_Init
                0x080083a4       0x8e C:/Users/s_a_a/Desktop/NUCLEO-F446RE/APP/Build/Object/MCAL/RCC/src/RCC_program.o
                0x080083a4                RCC_Init
 *fill*         0x08008432        0x2 
 .text.RCC_EnableClock
                0x08008434       0xc0 C:/Users/s_a_a/Desktop/NUCLEO-F446RE/APP/Build/Object/MCAL/RCC/src/RCC_program.o
                0x08008434                RCC_EnableClock
 .text.RCC_DisableClock
                0x080084f4       0xcc C:/Users/s_a_a/Desktop/NUCLEO-F446RE/APP/Build/Object/MCAL/RCC/src/RCC_program.o
                0x080084f4                RCC_DisableClock
 .text.NVIC_EnableInterrupt
                0x080085c0       0x54 C:/Users/s_a_a/Desktop/NUCLEO-F446RE/APP/Build/Object/MCAL/NVIC/src/NVIC_program.o
                0x080085c0                NVIC_EnableInterrupt
 .text.NVIC_DisableInterrupt
                0x08008614       0x54 C:/Users/s_a_a/Desktop/NUCLEO-F446RE/APP/Build/Object/MCAL/NVIC/src/NVIC_program.o
                0x08008614                NVIC_DisableInterrupt
 .text.NVIC_SetPendingFlag
                0x08008668       0x54 C:/Users/s_a_a/Desktop/NUCLEO-F446RE/APP/Build/Object/MCAL/NVIC/src/NVIC_program.o
                0x08008668                NVIC_SetPendingFlag
 .text.NVIC_ClearPendingFlag
                0x080086bc       0x54 C:/Users/s_a_a/Desktop/NUCLEO-F446RE/APP/Build/Object/MCAL/NVIC/src/NVIC_program.o
                0x080086bc                NVIC_ClearPendingFlag
 .text.NVIC_GetActiveInterrupt
                0x08008710       0x6c C:/Users/s_a_a/Desktop/NUCLEO-F446RE/APP/Build/Object/MCAL/NVIC/src/NVIC_program.o
                0x08008710                NVIC_GetActiveInterrupt
 .text.NVIC_SetPriority
                0x0800877c       0x68 C:/Users/s_a_a/Desktop/NUCLEO-F446RE/APP/Build/Object/MCAL/NVIC/src/NVIC_program.o
                0x0800877c                NVIC_SetPriority
 .text.SysTick_voidInit
                0x080087e4       0x1c C:/Users/s_a_a/Desktop/NUCLEO-F446RE/APP/Build/Object/MCAL/SysTick/src/SysTick_program.o
                0x080087e4                SysTick_voidInit
 .text.SysTick_voidSetBusyWait
                0x08008800       0x54 C:/Users/s_a_a/Desktop/NUCLEO-F446RE/APP/Build/Object/MCAL/SysTick/src/SysTick_program.o
                0x08008800                SysTick_voidSetBusyWait
 .text.SysTick_voidSetIntervalSingle
                0x08008854       0x58 C:/Users/s_a_a/Desktop/NUCLEO-F446RE/APP/Build/Object/MCAL/SysTick/src/SysTick_program.o
                0x08008854                SysTick_voidSetIntervalSingle
 .text.SysTick_voidSetIntervalPeriodoc
                0x080088ac       0x64 C:/Users/s_a_a/Desktop/NUCLEO-F446RE/APP/Build/Object/MCAL/SysTick/src/SysTick_program.o
                0x080088ac                SysTick_voidSetIntervalPeriodoc
 .text.SysTick_voidStopTimer
                0x08008910       0x1c C:/Users/s_a_a/Desktop/NUCLEO-F446RE/APP/Build/Object/MCAL/SysTick/src/SysTick_program.o
                0x08008910                SysTick_voidStopTimer
 .text.SysTick_GetElapsedTime
                0x0800892c       0x20 C:/Users/s_a_a/Desktop/NUCLEO-F446RE/APP/Build/Object/MCAL/SysTick/src/SysTick_program.o
                0x0800892c                SysTick_GetElapsedTime
 .text.SysTick_GetRemaningTime
                0x0800894c       0x18 C:/Users/s_a_a/Desktop/NUCLEO-F446RE/APP/Build/Object/MCAL/SysTick/src/SysTick_program.o
                0x0800894c                SysTick_GetRemaningTime
 .text.SysTick_Handler
                0x08008964       0x14 C:/Users/s_a_a/Desktop/NUCLEO-F446RE/APP/Build/Object/MCAL/SysTick/src/SysTick_program.o
                0x08008964                SysTick_Handler
 .text.GPIO_GetPort
                0x08008978       0x88 C:/Users/s_a_a/Desktop/NUCLEO-F446RE/APP/Build/Object/MCAL/GPIO/src/GPIO_program.o
 .text.GPIO_InitPin
                0x08008a00      0x106 C:/Users/s_a_a/Desktop/NUCLEO-F446RE/APP/Build/Object/MCAL/GPIO/src/GPIO_program.o
                0x08008a00                GPIO_InitPin
 .text.GPIO_WritePin
                0x08008b06       0x60 C:/Users/s_a_a/Desktop/NUCLEO-F446RE/APP/Build/Object/MCAL/GPIO/src/GPIO_program.o
                0x08008b06                GPIO_WritePin
 .text.GPIO_TogglePin
                0x08008b66       0x4a C:/Users/s_a_a/Desktop/NUCLEO-F446RE/APP/Build/Object/MCAL/GPIO/src/GPIO_program.o
                0x08008b66                GPIO_TogglePin
 .text.GPIO_ReadPin
                0x08008bb0       0x4e C:/Users/s_a_a/Desktop/NUCLEO-F446RE/APP/Build/Object/MCAL/GPIO/src/GPIO_program.o
                0x08008bb0                GPIO_ReadPin
 *fill*         0x08008bfe        0x2 
 .text.GPIO_SetAF
                0x08008c00      0x118 C:/Users/s_a_a/Desktop/NUCLEO-F446RE/APP/Build/Object/MCAL/GPIO/src/GPIO_program.o
                0x08008c00                GPIO_SetAF
 .text.ADC_SetChannelSampleTime
                0x08008d18       0x9c C:/Users/s_a_a/Desktop/NUCLEO-F446RE/APP/Build/Object/MCAL/ADC/src/ADC.o
 .text.ADC_Init
                0x08008db4       0xec C:/Users/s_a_a/Desktop/NUCLEO-F446RE/APP/Build/Object/MCAL/ADC/src/ADC.o
                0x08008db4                ADC_Init
 .text.ADC_Read
                0x08008ea0       0x74 C:/Users/s_a_a/Desktop/NUCLEO-F446RE/APP/Build/Object/MCAL/ADC/src/ADC.o
                0x08008ea0                ADC_Read
 .text.ADC_ReadAveraged
                0x08008f14       0x54 C:/Users/s_a_a/Desktop/NUCLEO-F446RE/APP/Build/Object/MCAL/ADC/src/ADC.o
                0x08008f14                ADC_ReadAveraged
 .text.ADC_ReadVoltage_mV
                0x08008f68       0x2a C:/Users/s_a_a/Desktop/NUCLEO-F446RE/APP/Build/Object/MCAL/ADC/src/ADC.o
                0x08008f68                ADC_ReadVoltage_mV
 .text.ADC_SetSampleTime
                0x08008f92       0x24 C:/Users/s_a_a/Desktop/NUCLEO-F446RE/APP/Build/Object/MCAL/ADC/src/ADC.o
                0x08008f92                ADC_SetSampleTime
 *fill*         0x08008fb6        0x2 
 .text.Get_BASE_ADD
                0x08008fb8       0x50 C:/Users/s_a_a/Desktop/NUCLEO-F446RE/APP/Build/Object/MCAL/UART/src/UART.o
                0x08008fb8                Get_BASE_ADD
 .text.Write_UART_Number
                0x08009008       0x88 C:/Users/s_a_a/Desktop/NUCLEO-F446RE/APP/Build/Object/MCAL/UART/src/UART.o
                0x08009008                Write_UART_Number
 .text.UART_Init
                0x08009090      0x134 C:/Users/s_a_a/Desktop/NUCLEO-F446RE/APP/Build/Object/MCAL/UART/src/UART.o
                0x08009090                UART_Init
 .text.UART_SendSyncBuffer
                0x080091c4       0x56 C:/Users/s_a_a/Desktop/NUCLEO-F446RE/APP/Build/Object/MCAL/UART/src/UART.o
                0x080091c4                UART_SendSyncBuffer
 *fill*         0x0800921a        0x2 
 .text.UART_voidSendNumber
                0x0800921c       0x50 C:/Users/s_a_a/Desktop/NUCLEO-F446RE/APP/Build/Object/MCAL/UART/src/UART.o
                0x0800921c                UART_voidSendNumber
 .text.UART1_CALLBACK
                0x0800926c       0x24 C:/Users/s_a_a/Desktop/NUCLEO-F446RE/APP/Build/Object/MCAL/UART/src/UART.o
                0x0800926c                UART1_CALLBACK
 .text.UART2_CALLBACK
                0x08009290       0x24 C:/Users/s_a_a/Desktop/NUCLEO-F446RE/APP/Build/Object/MCAL/UART/src/UART.o
                0x08009290                UART2_CALLBACK
 .text.UART3_CALLBACK
                0x080092b4       0x24 C:/Users/s_a_a/Desktop/NUCLEO-F446RE/APP/Build/Object/MCAL/UART/src/UART.o
                0x080092b4                UART3_CALLBACK
 .text.USART2_IRQHandler
                0x080092d8       0x84 C:/Users/s_a_a/Desktop/NUCLEO-F446RE/APP/Build/Object/MCAL/UART/src/UART.o
                0x080092d8                USART2_IRQHandler
 .text.USART3_IRQHandler
                0x0800935c       0x84 C:/Users/s_a_a/Desktop/NUCLEO-F446RE/APP/Build/Object/MCAL/UART/src/UART.o
                0x0800935c                USART3_IRQHandler
 .text.USART1_IRQHandler
                0x080093e0       0x84 C:/Users/s_a_a/Desktop/NUCLEO-F446RE/APP/Build/Object/MCAL/UART/src/UART.o
                0x080093e0                USART1_IRQHandler
 .text.exec_wfi
                0x08009464       0x14 C:/Users/s_a_a/Desktop/NUCLEO-F446RE/APP/Build/Object/MCAL/PwrMD/src/LOW_POWER.o
 .text.exec_wfe
                0x08009478       0x14 C:/Users/s_a_a/Desktop/NUCLEO-F446RE/APP/Build/Object/MCAL/PwrMD/src/LOW_POWER.o
 .text.LP_EnterSleep
                0x0800948c       0x34 C:/Users/s_a_a/Desktop/NUCLEO-F446RE/APP/Build/Object/MCAL/PwrMD/src/LOW_POWER.o
                0x0800948c                LP_EnterSleep
 .text.LP_EnableSleepOnExit
                0x080094c0       0x20 C:/Users/s_a_a/Desktop/NUCLEO-F446RE/APP/Build/Object/MCAL/PwrMD/src/LOW_POWER.o
                0x080094c0                LP_EnableSleepOnExit
 .text.LP_DisableSleepOnExit
                0x080094e0       0x20 C:/Users/s_a_a/Desktop/NUCLEO-F446RE/APP/Build/Object/MCAL/PwrMD/src/LOW_POWER.o
                0x080094e0                LP_DisableSleepOnExit
 .text.LP_EnterStop
                0x08009500       0x98 C:/Users/s_a_a/Desktop/NUCLEO-F446RE/APP/Build/Object/MCAL/PwrMD/src/LOW_POWER.o
                0x08009500                LP_EnterStop
 .text.LP_EnterStandby
                0x08009598       0x38 C:/Users/s_a_a/Desktop/NUCLEO-F446RE/APP/Build/Object/MCAL/PwrMD/src/LOW_POWER.o
                0x08009598                LP_EnterStandby
 .text.LP_EnableWakeupPin
                0x080095d0       0x40 C:/Users/s_a_a/Desktop/NUCLEO-F446RE/APP/Build/Object/MCAL/PwrMD/src/LOW_POWER.o
                0x080095d0                LP_EnableWakeupPin
 .text.LP_DisableWakeupPin
                0x08009610       0x40 C:/Users/s_a_a/Desktop/NUCLEO-F446RE/APP/Build/Object/MCAL/PwrMD/src/LOW_POWER.o
                0x08009610                LP_DisableWakeupPin
 .text.LP_IsWakeFromStandby
                0x08009650       0x24 C:/Users/s_a_a/Desktop/NUCLEO-F446RE/APP/Build/Object/MCAL/PwrMD/src/LOW_POWER.o
                0x08009650                LP_IsWakeFromStandby
 .text.LP_IsWakeupPinEvent
                0x08009674       0x20 C:/Users/s_a_a/Desktop/NUCLEO-F446RE/APP/Build/Object/MCAL/PwrMD/src/LOW_POWER.o
                0x08009674                LP_IsWakeupPinEvent
 .text.LP_ClearFlags
                0x08009694       0x20 C:/Users/s_a_a/Desktop/NUCLEO-F446RE/APP/Build/Object/MCAL/PwrMD/src/LOW_POWER.o
                0x08009694                LP_ClearFlags
 .text.LP_EnablePVD
                0x080096b4       0x40 C:/Users/s_a_a/Desktop/NUCLEO-F446RE/APP/Build/Object/MCAL/PwrMD/src/LOW_POWER.o
                0x080096b4                LP_EnablePVD
 .text.LP_DisablePVD
                0x080096f4       0x20 C:/Users/s_a_a/Desktop/NUCLEO-F446RE/APP/Build/Object/MCAL/PwrMD/src/LOW_POWER.o
                0x080096f4                LP_DisablePVD
 .text.LP_GetPVDOutput
                0x08009714       0x24 C:/Users/s_a_a/Desktop/NUCLEO-F446RE/APP/Build/Object/MCAL/PwrMD/src/LOW_POWER.o
                0x08009714                LP_GetPVDOutput
 .text.DMA_GetStreamReg
                0x08009738       0x44 C:/Users/s_a_a/Desktop/NUCLEO-F446RE/APP/Build/Object/MCAL/DMA/src/DMA.o
                0x08009738                DMA_GetStreamReg
 .text.dma_status_offset_for_stream
                0x0800977c       0x26 C:/Users/s_a_a/Desktop/NUCLEO-F446RE/APP/Build/Object/MCAL/DMA/src/DMA.o
 *fill*         0x080097a2        0x2 
 .text.DMA_ReadStatus
                0x080097a4       0x5c C:/Users/s_a_a/Desktop/NUCLEO-F446RE/APP/Build/Object/MCAL/DMA/src/DMA.o
 .text.DMA_ClearFlag
                0x08009800       0x5c C:/Users/s_a_a/Desktop/NUCLEO-F446RE/APP/Build/Object/MCAL/DMA/src/DMA.o
 .text.DMA_DriverInit
                0x0800985c       0x60 C:/Users/s_a_a/Desktop/NUCLEO-F446RE/APP/Build/Object/MCAL/DMA/src/DMA.o
                0x0800985c                DMA_DriverInit
 .text.DMA_ConfigStream
                0x080098bc      0x142 C:/Users/s_a_a/Desktop/NUCLEO-F446RE/APP/Build/Object/MCAL/DMA/src/DMA.o
                0x080098bc                DMA_ConfigStream
 .text.DMA_Start
                0x080099fe       0x76 C:/Users/s_a_a/Desktop/NUCLEO-F446RE/APP/Build/Object/MCAL/DMA/src/DMA.o
                0x080099fe                DMA_Start
 .text.DMA_Abort
                0x08009a74       0x4e C:/Users/s_a_a/Desktop/NUCLEO-F446RE/APP/Build/Object/MCAL/DMA/src/DMA.o
                0x08009a74                DMA_Abort
 *fill*         0x08009ac2        0x2 
 .text.DMA_RegisterCallback
                0x08009ac4       0x64 C:/Users/s_a_a/Desktop/NUCLEO-F446RE/APP/Build/Object/MCAL/DMA/src/DMA.o
                0x08009ac4                DMA_RegisterCallback
 .text.DMA_HandleIRQ
                0x08009b28       0xc0 C:/Users/s_a_a/Desktop/NUCLEO-F446RE/APP/Build/Object/MCAL/DMA/src/DMA.o
                0x08009b28                DMA_HandleIRQ
 .text.IWDG_Init
                0x08009be8       0x74 C:/Users/s_a_a/Desktop/NUCLEO-F446RE/APP/Build/Object/MCAL/IWDG/src/IWDG.o
                0x08009be8                IWDG_Init
 .text.IWDG_Refresh
                0x08009c5c       0x1c C:/Users/s_a_a/Desktop/NUCLEO-F446RE/APP/Build/Object/MCAL/IWDG/src/IWDG.o
                0x08009c5c                IWDG_Refresh
 .text.IWDG_CalcReload
                0x08009c78       0x74 C:/Users/s_a_a/Desktop/NUCLEO-F446RE/APP/Build/Object/MCAL/IWDG/src/IWDG.o
                0x08009c78                IWDG_CalcReload
 .text.WWDG_Init
                0x08009cec       0x6c C:/Users/s_a_a/Desktop/NUCLEO-F446RE/APP/Build/Object/MCAL/WWDG/src/WWDG.o
                0x08009cec                WWDG_Init
 .text.WWDG_Refresh
                0x08009d58       0x28 C:/Users/s_a_a/Desktop/NUCLEO-F446RE/APP/Build/Object/MCAL/WWDG/src/WWDG.o
                0x08009d58                WWDG_Refresh
 .text.WWDG_ClearFlag
                0x08009d80       0x20 C:/Users/s_a_a/Desktop/NUCLEO-F446RE/APP/Build/Object/MCAL/WWDG/src/WWDG.o
                0x08009d80                WWDG_ClearFlag
 .text.WWDG_GetFlag
                0x08009da0       0x20 C:/Users/s_a_a/Desktop/NUCLEO-F446RE/APP/Build/Object/MCAL/WWDG/src/WWDG.o
                0x08009da0                WWDG_GetFlag
 .text.WWDG_CalcCounter
                0x08009dc0       0x70 C:/Users/s_a_a/Desktop/NUCLEO-F446RE/APP/Build/Object/MCAL/WWDG/src/WWDG.o
                0x08009dc0                WWDG_CalcCounter
 .text.bin2bcd  0x08009e30       0x44 C:/Users/s_a_a/Desktop/NUCLEO-F446RE/APP/Build/Object/MCAL/RTC/src/RTC.o
 .text.bcd2bin  0x08009e74       0x32 C:/Users/s_a_a/Desktop/NUCLEO-F446RE/APP/Build/Object/MCAL/RTC/src/RTC.o
 *fill*         0x08009ea6        0x2 
 .text.RTC_Unlock
                0x08009ea8       0x20 C:/Users/s_a_a/Desktop/NUCLEO-F446RE/APP/Build/Object/MCAL/RTC/src/RTC.o
 .text.RTC_Lock
                0x08009ec8       0x18 C:/Users/s_a_a/Desktop/NUCLEO-F446RE/APP/Build/Object/MCAL/RTC/src/RTC.o
 .text.RTC_EnterInitMode
                0x08009ee0       0x4c C:/Users/s_a_a/Desktop/NUCLEO-F446RE/APP/Build/Object/MCAL/RTC/src/RTC.o
 .text.RTC_ExitInitMode
                0x08009f2c       0x20 C:/Users/s_a_a/Desktop/NUCLEO-F446RE/APP/Build/Object/MCAL/RTC/src/RTC.o
 .text.RTC_Init
                0x08009f4c      0x148 C:/Users/s_a_a/Desktop/NUCLEO-F446RE/APP/Build/Object/MCAL/RTC/src/RTC.o
                0x08009f4c                RTC_Init
 .text.RTC_SetTime
                0x0800a094       0xa4 C:/Users/s_a_a/Desktop/NUCLEO-F446RE/APP/Build/Object/MCAL/RTC/src/RTC.o
                0x0800a094                RTC_SetTime
 .text.RTC_GetTime
                0x0800a138       0x84 C:/Users/s_a_a/Desktop/NUCLEO-F446RE/APP/Build/Object/MCAL/RTC/src/RTC.o
                0x0800a138                RTC_GetTime
 .text.RTC_SetDate
                0x0800a1bc       0x9c C:/Users/s_a_a/Desktop/NUCLEO-F446RE/APP/Build/Object/MCAL/RTC/src/RTC.o
                0x0800a1bc                RTC_SetDate
 .text.RTC_GetDate
                0x0800a258       0x84 C:/Users/s_a_a/Desktop/NUCLEO-F446RE/APP/Build/Object/MCAL/RTC/src/RTC.o
                0x0800a258                RTC_GetDate
 .text.RTC_SetAlarm
                0x0800a2dc      0x1bc C:/Users/s_a_a/Desktop/NUCLEO-F446RE/APP/Build/Object/MCAL/RTC/src/RTC.o
                0x0800a2dc                RTC_SetAlarm
 .text.RTC_DisableAlarm
                0x0800a498       0x40 C:/Users/s_a_a/Desktop/NUCLEO-F446RE/APP/Build/Object/MCAL/RTC/src/RTC.o
                0x0800a498                RTC_DisableAlarm
 .text.RTC_ClearAlarmFlag
                0x0800a4d8       0x3c C:/Users/s_a_a/Desktop/NUCLEO-F446RE/APP/Build/Object/MCAL/RTC/src/RTC.o
                0x0800a4d8                RTC_ClearAlarmFlag
 .text.RTC_GetAlarmFlag
                0x0800a514       0x40 C:/Users/s_a_a/Desktop/NUCLEO-F446RE/APP/Build/Object/MCAL/RTC/src/RTC.o
                0x0800a514                RTC_GetAlarmFlag
 .text.RTC_SetWakeup
                0x0800a554       0xa0 C:/Users/s_a_a/Desktop/NUCLEO-F446RE/APP/Build/Object/MCAL/RTC/src/RTC.o
                0x0800a554                RTC_SetWakeup
 .text.RTC_DisableWakeup
                0x0800a5f4       0x20 C:/Users/s_a_a/Desktop/NUCLEO-F446RE/APP/Build/Object/MCAL/RTC/src/RTC.o
                0x0800a5f4                RTC_DisableWakeup
 .text.RTC_ClearWakeupFlag
                0x0800a614       0x20 C:/Users/s_a_a/Desktop/NUCLEO-F446RE/APP/Build/Object/MCAL/RTC/src/RTC.o
                0x0800a614                RTC_ClearWakeupFlag
 .text.RTC_GetWakeupFlag
                0x0800a634       0x24 C:/Users/s_a_a/Desktop/NUCLEO-F446RE/APP/Build/Object/MCAL/RTC/src/RTC.o
                0x0800a634                RTC_GetWakeupFlag
 .text.RTC_EnableTimestamp
                0x0800a658       0x64 C:/Users/s_a_a/Desktop/NUCLEO-F446RE/APP/Build/Object/MCAL/RTC/src/RTC.o
                0x0800a658                RTC_EnableTimestamp
 .text.RTC_DisableTimestamp
                0x0800a6bc       0x20 C:/Users/s_a_a/Desktop/NUCLEO-F446RE/APP/Build/Object/MCAL/RTC/src/RTC.o
                0x0800a6bc                RTC_DisableTimestamp
 .text.RTC_GetTimestamp
                0x0800a6dc       0xd8 C:/Users/s_a_a/Desktop/NUCLEO-F446RE/APP/Build/Object/MCAL/RTC/src/RTC.o
                0x0800a6dc                RTC_GetTimestamp
 .text.RTC_ClearTimestampFlag
                0x0800a7b4       0x20 C:/Users/s_a_a/Desktop/NUCLEO-F446RE/APP/Build/Object/MCAL/RTC/src/RTC.o
                0x0800a7b4                RTC_ClearTimestampFlag
 .text.RTC_WriteBackup
                0x0800a7d4       0x44 C:/Users/s_a_a/Desktop/NUCLEO-F446RE/APP/Build/Object/MCAL/RTC/src/RTC.o
                0x0800a7d4                RTC_WriteBackup
 .text.RTC_ReadBackup
                0x0800a818       0x2e C:/Users/s_a_a/Desktop/NUCLEO-F446RE/APP/Build/Object/MCAL/RTC/src/RTC.o
                0x0800a818                RTC_ReadBackup
 *fill*         0x0800a846        0x2 
 .text.RTC_IsInitialized
                0x0800a848       0x24 C:/Users/s_a_a/Desktop/NUCLEO-F446RE/APP/Build/Object/MCAL/RTC/src/RTC.o
                0x0800a848                RTC_IsInitialized
 .text.RTC_WaitSync
                0x0800a86c       0x44 C:/Users/s_a_a/Desktop/NUCLEO-F446RE/APP/Build/Object/MCAL/RTC/src/RTC.o
                0x0800a86c                RTC_WaitSync
 .text.FPU_GetFPSCR
                0x0800a8b0       0x1a C:/Users/s_a_a/Desktop/NUCLEO-F446RE/APP/Build/Object/MCAL/FPU/src/FPU.o
                0x0800a8b0                FPU_GetFPSCR
 .text.FPU_SetFPSCR
                0x0800a8ca       0x1a C:/Users/s_a_a/Desktop/NUCLEO-F446RE/APP/Build/Object/MCAL/FPU/src/FPU.o
                0x0800a8ca                FPU_SetFPSCR
 .text.FPU_Enable
                0x0800a8e4       0x38 C:/Users/s_a_a/Desktop/NUCLEO-F446RE/APP/Build/Object/MCAL/FPU/src/FPU.o
                0x0800a8e4                FPU_Enable
 .text.FPU_Disable
                0x0800a91c       0x28 C:/Users/s_a_a/Desktop/NUCLEO-F446RE/APP/Build/Object/MCAL/FPU/src/FPU.o
                0x0800a91c                FPU_Disable
 .text.FPU_SetAccess
                0x0800a944       0x50 C:/Users/s_a_a/Desktop/NUCLEO-F446RE/APP/Build/Object/MCAL/FPU/src/FPU.o
                0x0800a944                FPU_SetAccess
 .text.FPU_EnableLazyStacking
                0x0800a994       0x20 C:/Users/s_a_a/Desktop/NUCLEO-F446RE/APP/Build/Object/MCAL/FPU/src/FPU.o
                0x0800a994                FPU_EnableLazyStacking
 .text.FPU_DisableLazyStacking
                0x0800a9b4       0x2c C:/Users/s_a_a/Desktop/NUCLEO-F446RE/APP/Build/Object/MCAL/FPU/src/FPU.o
                0x0800a9b4                FPU_DisableLazyStacking
 .text.FPU_SetRoundMode
                0x0800a9e0       0x34 C:/Users/s_a_a/Desktop/NUCLEO-F446RE/APP/Build/Object/MCAL/FPU/src/FPU.o
                0x0800a9e0                FPU_SetRoundMode
 .text.FPU_GetRoundMode
                0x0800aa14       0x18 C:/Users/s_a_a/Desktop/NUCLEO-F446RE/APP/Build/Object/MCAL/FPU/src/FPU.o
                0x0800aa14                FPU_GetRoundMode
 .text.FPU_SetFlushToZero
                0x0800aa2c       0x36 C:/Users/s_a_a/Desktop/NUCLEO-F446RE/APP/Build/Object/MCAL/FPU/src/FPU.o
                0x0800aa2c                FPU_SetFlushToZero
 .text.FPU_SetDefaultNaN
                0x0800aa62       0x36 C:/Users/s_a_a/Desktop/NUCLEO-F446RE/APP/Build/Object/MCAL/FPU/src/FPU.o
                0x0800aa62                FPU_SetDefaultNaN
 .text.FPU_GetExceptions
                0x0800aa98       0x12 C:/Users/s_a_a/Desktop/NUCLEO-F446RE/APP/Build/Object/MCAL/FPU/src/FPU.o
                0x0800aa98                FPU_GetExceptions
 .text.FPU_ClearExceptions
                0x0800aaaa       0x2a C:/Users/s_a_a/Desktop/NUCLEO-F446RE/APP/Build/Object/MCAL/FPU/src/FPU.o
                0x0800aaaa                FPU_ClearExceptions
 .text.MPU_Enable
                0x0800aad4       0x50 C:/Users/s_a_a/Desktop/NUCLEO-F446RE/APP/Build/Object/MCAL/MPU/src/MPU.o
                0x0800aad4                MPU_Enable
 .text.MPU_Disable
                0x0800ab24       0x28 C:/Users/s_a_a/Desktop/NUCLEO-F446RE/APP/Build/Object/MCAL/MPU/src/MPU.o
                0x0800ab24                MPU_Disable
 .text.MPU_ConfigRegion
                0x0800ab4c       0x14 C:/Users/s_a_a/Desktop/NUCLEO-F446RE/APP/Build/Object/MCAL/MPU/src/MPU.o
                0x0800ab4c                MPU_ConfigRegion
 .text.MPU_EnableRegion
                0x0800ab60       0x16 C:/Users/s_a_a/Desktop/NUCLEO-F446RE/APP/Build/Object/MCAL/MPU/src/MPU.o
                0x0800ab60                MPU_EnableRegion
 .text.MPU_DisableRegion
                0x0800ab76       0x16 C:/Users/s_a_a/Desktop/NUCLEO-F446RE/APP/Build/Object/MCAL/MPU/src/MPU.o
                0x0800ab76                MPU_DisableRegion
 .text.MPU_GetFaultAddress
                0x0800ab8c       0x10 C:/Users/s_a_a/Desktop/NUCLEO-F446RE/APP/Build/Object/MCAL/MPU/src/MPU.o
                0x0800ab8c                MPU_GetFaultAddress
 .text.MPU_GetFaultStatus
                0x0800ab9c       0x10 C:/Users/s_a_a/Desktop/NUCLEO-F446RE/APP/Build/Object/MCAL/MPU/src/MPU.o
                0x0800ab9c                MPU_GetFaultStatus
 .text.CRC_Init
                0x0800abac       0x14 C:/Users/s_a_a/Desktop/NUCLEO-F446RE/APP/Build/Object/MCAL/CRC/src/CRC.o
                0x0800abac                CRC_Init
 .text.CRC_Reset
                0x0800abc0       0x18 C:/Users/s_a_a/Desktop/NUCLEO-F446RE/APP/Build/Object/MCAL/CRC/src/CRC.o
                0x0800abc0                CRC_Reset
 .text.CRC_AccumulateWord
                0x0800abd8       0x24 C:/Users/s_a_a/Desktop/NUCLEO-F446RE/APP/Build/Object/MCAL/CRC/src/CRC.o
                0x0800abd8                CRC_AccumulateWord
 .text.CRC_Calculate
                0x0800abfc       0xec C:/Users/s_a_a/Desktop/NUCLEO-F446RE/APP/Build/Object/MCAL/CRC/src/CRC.o
                0x0800abfc                CRC_Calculate
 .text.CRC_Verify
                0x0800ace8       0x6e C:/Users/s_a_a/Desktop/NUCLEO-F446RE/APP/Build/Object/MCAL/CRC/src/CRC.o
                0x0800ace8                CRC_Verify
 *fill*         0x0800ad56        0x2 
 .text.CRC_GetResult
                0x0800ad58       0x18 C:/Users/s_a_a/Desktop/NUCLEO-F446RE/APP/Build/Object/MCAL/CRC/src/CRC.o
                0x0800ad58                CRC_GetResult
 .text.GET_TIMER_BASE_ADD
                0x0800ad70       0x34 C:/Users/s_a_a/Desktop/NUCLEO-F446RE/APP/Build/Object/MCAL/BASIC_TIMER/src/Basic_Timer.o
 .text.Timer_Init
                0x0800ada4       0xa8 C:/Users/s_a_a/Desktop/NUCLEO-F446RE/APP/Build/Object/MCAL/BASIC_TIMER/src/Basic_Timer.o
                0x0800ada4                Timer_Init
 .text.Timer_Start
                0x0800ae4c       0x4c C:/Users/s_a_a/Desktop/NUCLEO-F446RE/APP/Build/Object/MCAL/BASIC_TIMER/src/Basic_Timer.o
                0x0800ae4c                Timer_Start
 .text.Timer_Stop
                0x0800ae98       0x4c C:/Users/s_a_a/Desktop/NUCLEO-F446RE/APP/Build/Object/MCAL/BASIC_TIMER/src/Basic_Timer.o
                0x0800ae98                Timer_Stop
 .text.Timer_SetCallback
                0x0800aee4       0x3c C:/Users/s_a_a/Desktop/NUCLEO-F446RE/APP/Build/Object/MCAL/BASIC_TIMER/src/Basic_Timer.o
                0x0800aee4                Timer_SetCallback
 .text.TIM6_DAC_IRQHandler
                0x0800af20       0x3c C:/Users/s_a_a/Desktop/NUCLEO-F446RE/APP/Build/Object/MCAL/BASIC_TIMER/src/Basic_Timer.o
                0x0800af20                TIM6_DAC_IRQHandler
 .text.TIM7_IRQHandler
                0x0800af5c       0x3c C:/Users/s_a_a/Desktop/NUCLEO-F446RE/APP/Build/Object/MCAL/BASIC_TIMER/src/Basic_Timer.o
                0x0800af5c                TIM7_IRQHandler
 .text.I2C_GetBase
                0x0800af98       0x2c C:/Users/s_a_a/Desktop/NUCLEO-F446RE/APP/Build/Object/MCAL/I2C/src/I2C.o
 .text.I2C_DisableInterrupts
                0x0800afc4       0x24 C:/Users/s_a_a/Desktop/NUCLEO-F446RE/APP/Build/Object/MCAL/I2C/src/I2C.o
 .text.I2C_Init
                0x0800afe8      0x1bc C:/Users/s_a_a/Desktop/NUCLEO-F446RE/APP/Build/Object/MCAL/I2C/src/I2C.o
                0x0800afe8                I2C_Init
 .text.I2C_DeInit
                0x0800b1a4       0x4c C:/Users/s_a_a/Desktop/NUCLEO-F446RE/APP/Build/Object/MCAL/I2C/src/I2C.o
                0x0800b1a4                I2C_DeInit
 .text.I2C_Start
                0x0800b1f0       0x50 C:/Users/s_a_a/Desktop/NUCLEO-F446RE/APP/Build/Object/MCAL/I2C/src/I2C.o
                0x0800b1f0                I2C_Start
 .text.I2C_Stop
                0x0800b240       0x2a C:/Users/s_a_a/Desktop/NUCLEO-F446RE/APP/Build/Object/MCAL/I2C/src/I2C.o
                0x0800b240                I2C_Stop
 .text.I2C_SendAddress
                0x0800b26a       0x88 C:/Users/s_a_a/Desktop/NUCLEO-F446RE/APP/Build/Object/MCAL/I2C/src/I2C.o
                0x0800b26a                I2C_SendAddress
 .text.I2C_SendData
                0x0800b2f2       0x54 C:/Users/s_a_a/Desktop/NUCLEO-F446RE/APP/Build/Object/MCAL/I2C/src/I2C.o
                0x0800b2f2                I2C_SendData
 .text.I2C_ReceiveData
                0x0800b346       0x76 C:/Users/s_a_a/Desktop/NUCLEO-F446RE/APP/Build/Object/MCAL/I2C/src/I2C.o
                0x0800b346                I2C_ReceiveData
 .text.I2C_MasterTransmit
                0x0800b3bc       0xc4 C:/Users/s_a_a/Desktop/NUCLEO-F446RE/APP/Build/Object/MCAL/I2C/src/I2C.o
                0x0800b3bc                I2C_MasterTransmit
 .text.I2C_MasterReceive
                0x0800b480       0xa4 C:/Users/s_a_a/Desktop/NUCLEO-F446RE/APP/Build/Object/MCAL/I2C/src/I2C.o
                0x0800b480                I2C_MasterReceive
 .text.I2C_WriteRegister
                0x0800b524       0x44 C:/Users/s_a_a/Desktop/NUCLEO-F446RE/APP/Build/Object/MCAL/I2C/src/I2C.o
                0x0800b524                I2C_WriteRegister
 .text.I2C_ReadRegister
                0x0800b568       0x50 C:/Users/s_a_a/Desktop/NUCLEO-F446RE/APP/Build/Object/MCAL/I2C/src/I2C.o
                0x0800b568                I2C_ReadRegister
 .text.I2C_ReadRegisters
                0x0800b5b8       0x50 C:/Users/s_a_a/Desktop/NUCLEO-F446RE/APP/Build/Object/MCAL/I2C/src/I2C.o
                0x0800b5b8                I2C_ReadRegisters
 .text.I2C_RegisterTxCallback
                0x0800b608       0x38 C:/Users/s_a_a/Desktop/NUCLEO-F446RE/APP/Build/Object/MCAL/I2C/src/I2C.o
                0x0800b608                I2C_RegisterTxCallback
 .text.I2C_RegisterRxCallback
                0x0800b640       0x38 C:/Users/s_a_a/Desktop/NUCLEO-F446RE/APP/Build/Object/MCAL/I2C/src/I2C.o
                0x0800b640                I2C_RegisterRxCallback
 .text.I2C_RegisterErrorCallback
                0x0800b678       0x38 C:/Users/s_a_a/Desktop/NUCLEO-F446RE/APP/Build/Object/MCAL/I2C/src/I2C.o
                0x0800b678                I2C_RegisterErrorCallback
 .text.I2C_GetState
                0x0800b6b0       0x38 C:/Users/s_a_a/Desktop/NUCLEO-F446RE/APP/Build/Object/MCAL/I2C/src/I2C.o
                0x0800b6b0                I2C_GetState
 .text.I2C_ReadStatus
                0x0800b6e8       0x1c C:/Users/s_a_a/Desktop/NUCLEO-F446RE/APP/Build/Object/MCAL/I2C/src/I2C.o
                0x0800b6e8                I2C_ReadStatus
 .text.I2C_MasterTransmit_IT
                0x0800b704       0xac C:/Users/s_a_a/Desktop/NUCLEO-F446RE/APP/Build/Object/MCAL/I2C/src/I2C.o
                0x0800b704                I2C_MasterTransmit_IT
 .text.I2C_MasterReceive_IT
                0x0800b7b0       0xc0 C:/Users/s_a_a/Desktop/NUCLEO-F446RE/APP/Build/Object/MCAL/I2C/src/I2C.o
                0x0800b7b0                I2C_MasterReceive_IT
 .text.I2C_EV_Handler
                0x0800b870      0x190 C:/Users/s_a_a/Desktop/NUCLEO-F446RE/APP/Build/Object/MCAL/I2C/src/I2C.o
 .text.I2C_ER_Handler
                0x0800ba00       0x70 C:/Users/s_a_a/Desktop/NUCLEO-F446RE/APP/Build/Object/MCAL/I2C/src/I2C.o
 .text.I2C1_EV_IRQHandler
                0x0800ba70        0xe C:/Users/s_a_a/Desktop/NUCLEO-F446RE/APP/Build/Object/MCAL/I2C/src/I2C.o
                0x0800ba70                I2C1_EV_IRQHandler
 .text.I2C1_ER_IRQHandler
                0x0800ba7e        0xe C:/Users/s_a_a/Desktop/NUCLEO-F446RE/APP/Build/Object/MCAL/I2C/src/I2C.o
                0x0800ba7e                I2C1_ER_IRQHandler
 .text.I2C2_EV_IRQHandler
                0x0800ba8c        0xe C:/Users/s_a_a/Desktop/NUCLEO-F446RE/APP/Build/Object/MCAL/I2C/src/I2C.o
                0x0800ba8c                I2C2_EV_IRQHandler
 .text.I2C2_ER_IRQHandler
                0x0800ba9a        0xe C:/Users/s_a_a/Desktop/NUCLEO-F446RE/APP/Build/Object/MCAL/I2C/src/I2C.o
                0x0800ba9a                I2C2_ER_IRQHandler
 .text.I2C3_EV_IRQHandler
                0x0800baa8        0xe C:/Users/s_a_a/Desktop/NUCLEO-F446RE/APP/Build/Object/MCAL/I2C/src/I2C.o
                0x0800baa8                I2C3_EV_IRQHandler
 .text.I2C3_ER_IRQHandler
                0x0800bab6        0xe C:/Users/s_a_a/Desktop/NUCLEO-F446RE/APP/Build/Object/MCAL/I2C/src/I2C.o
                0x0800bab6                I2C3_ER_IRQHandler
 .text.FlashDrv_Unlock
                0x0800bac4       0x34 C:/Users/s_a_a/Desktop/NUCLEO-F446RE/APP/Build/Object/MCAL/FLASH/src/FLASH.o
                0x0800bac4                FlashDrv_Unlock
 .text.FlashDrv_Lock
                0x0800baf8       0x20 C:/Users/s_a_a/Desktop/NUCLEO-F446RE/APP/Build/Object/MCAL/FLASH/src/FLASH.o
                0x0800baf8                FlashDrv_Lock
 .text.FlashDrv_IsLocked
                0x0800bb18       0x1c C:/Users/s_a_a/Desktop/NUCLEO-F446RE/APP/Build/Object/MCAL/FLASH/src/FLASH.o
                0x0800bb18                FlashDrv_IsLocked
 .text.FlashDrv_ClearErrors
                0x0800bb34       0x20 C:/Users/s_a_a/Desktop/NUCLEO-F446RE/APP/Build/Object/MCAL/FLASH/src/FLASH.o
                0x0800bb34                FlashDrv_ClearErrors
 .text.FlashDrv_WaitForLastOperation
                0x0800bb54       0x54 C:/Users/s_a_a/Desktop/NUCLEO-F446RE/APP/Build/Object/MCAL/FLASH/src/FLASH.o
 .text.FlashDrv_IsValidAddress
                0x0800bba8       0x30 C:/Users/s_a_a/Desktop/NUCLEO-F446RE/APP/Build/Object/MCAL/FLASH/src/FLASH.o
 .text.FlashDrv_GetSector
                0x0800bbd8       0x88 C:/Users/s_a_a/Desktop/NUCLEO-F446RE/APP/Build/Object/MCAL/FLASH/src/FLASH.o
                0x0800bbd8                FlashDrv_GetSector
 .text.FlashDrv_GetSectorBase
                0x0800bc60       0x80 C:/Users/s_a_a/Desktop/NUCLEO-F446RE/APP/Build/Object/MCAL/FLASH/src/FLASH.o
                0x0800bc60                FlashDrv_GetSectorBase
 .text.FlashDrv_GetSectorSize
                0x0800bce0       0x74 C:/Users/s_a_a/Desktop/NUCLEO-F446RE/APP/Build/Object/MCAL/FLASH/src/FLASH.o
                0x0800bce0                FlashDrv_GetSectorSize
 .text.FlashDrv_EraseSector
                0x0800bd54       0x88 C:/Users/s_a_a/Desktop/NUCLEO-F446RE/APP/Build/Object/MCAL/FLASH/src/FLASH.o
                0x0800bd54                FlashDrv_EraseSector
 .text.FlashDrv_EraseRange
                0x0800bddc       0x76 C:/Users/s_a_a/Desktop/NUCLEO-F446RE/APP/Build/Object/MCAL/FLASH/src/FLASH.o
                0x0800bddc                FlashDrv_EraseRange
 *fill*         0x0800be52        0x2 
 .text.FlashDrv_MassErase
                0x0800be54       0x64 C:/Users/s_a_a/Desktop/NUCLEO-F446RE/APP/Build/Object/MCAL/FLASH/src/FLASH.o
                0x0800be54                FlashDrv_MassErase
 .text.FlashDrv_ProgramByte
                0x0800beb8       0x88 C:/Users/s_a_a/Desktop/NUCLEO-F446RE/APP/Build/Object/MCAL/FLASH/src/FLASH.o
                0x0800beb8                FlashDrv_ProgramByte
 .text.FlashDrv_ProgramHalfWord
                0x0800bf40       0x98 C:/Users/s_a_a/Desktop/NUCLEO-F446RE/APP/Build/Object/MCAL/FLASH/src/FLASH.o
                0x0800bf40                FlashDrv_ProgramHalfWord
 .text.FlashDrv_ProgramWord
                0x0800bfd8       0x98 C:/Users/s_a_a/Desktop/NUCLEO-F446RE/APP/Build/Object/MCAL/FLASH/src/FLASH.o
                0x0800bfd8                FlashDrv_ProgramWord
 .text.FlashDrv_ProgramBuffer
                0x0800c070       0x80 C:/Users/s_a_a/Desktop/NUCLEO-F446RE/APP/Build/Object/MCAL/FLASH/src/FLASH.o
                0x0800c070                FlashDrv_ProgramBuffer
 .text.FlashDrv_ProgramBufferAligned
                0x0800c0f0       0xc6 C:/Users/s_a_a/Desktop/NUCLEO-F446RE/APP/Build/Object/MCAL/FLASH/src/FLASH.o
                0x0800c0f0                FlashDrv_ProgramBufferAligned
 .text.FlashDrv_Verify
                0x0800c1b6       0x4c C:/Users/s_a_a/Desktop/NUCLEO-F446RE/APP/Build/Object/MCAL/FLASH/src/FLASH.o
                0x0800c1b6                FlashDrv_Verify
 .text.FlashDrv_IsErased
                0x0800c202       0x40 C:/Users/s_a_a/Desktop/NUCLEO-F446RE/APP/Build/Object/MCAL/FLASH/src/FLASH.o
                0x0800c202                FlashDrv_IsErased
 .text.FlashDrv_Read
                0x0800c242       0x62 C:/Users/s_a_a/Desktop/NUCLEO-F446RE/APP/Build/Object/MCAL/FLASH/src/FLASH.o
                0x0800c242                FlashDrv_Read
 .text.FlashDrv_PrepareForWrite
                0x0800c2a4       0x10 C:/Users/s_a_a/Desktop/NUCLEO-F446RE/APP/Build/Object/MCAL/FLASH/src/FLASH.o
                0x0800c2a4                FlashDrv_PrepareForWrite
 .text.FlashDrv_FinishWrite
                0x0800c2b4       0x10 C:/Users/s_a_a/Desktop/NUCLEO-F446RE/APP/Build/Object/MCAL/FLASH/src/FLASH.o
                0x0800c2b4                FlashDrv_FinishWrite
 .text.FlashDrv_ProgramWordSafe
                0x0800c2c4       0x28 C:/Users/s_a_a/Desktop/NUCLEO-F446RE/APP/Build/Object/MCAL/FLASH/src/FLASH.o
                0x0800c2c4                FlashDrv_ProgramWordSafe
 .text.GET_TIMER_BASE_ADD
                0x0800c2ec       0x54 C:/Users/s_a_a/Desktop/NUCLEO-F446RE/APP/Build/Object/MCAL/GP_TIMER/src/GP_Timer.o
 .text.GP_Timer_Init
                0x0800c340       0xc4 C:/Users/s_a_a/Desktop/NUCLEO-F446RE/APP/Build/Object/MCAL/GP_TIMER/src/GP_Timer.o
                0x0800c340                GP_Timer_Init
 .text.GP_Timer_PWM_Init
                0x0800c404      0x144 C:/Users/s_a_a/Desktop/NUCLEO-F446RE/APP/Build/Object/MCAL/GP_TIMER/src/GP_Timer.o
                0x0800c404                GP_Timer_PWM_Init
 .text.GP_Timer_PWM_SetDuty
                0x0800c548       0xa4 C:/Users/s_a_a/Desktop/NUCLEO-F446RE/APP/Build/Object/MCAL/GP_TIMER/src/GP_Timer.o
                0x0800c548                GP_Timer_PWM_SetDuty
 .text.GP_Timer_Start
                0x0800c5ec       0x40 C:/Users/s_a_a/Desktop/NUCLEO-F446RE/APP/Build/Object/MCAL/GP_TIMER/src/GP_Timer.o
                0x0800c5ec                GP_Timer_Start
 .text.GP_Timer_Stop
                0x0800c62c       0x2c C:/Users/s_a_a/Desktop/NUCLEO-F446RE/APP/Build/Object/MCAL/GP_TIMER/src/GP_Timer.o
                0x0800c62c                GP_Timer_Stop
 .text.GP_Timer_SetCallback
                0x0800c658       0x6c C:/Users/s_a_a/Desktop/NUCLEO-F446RE/APP/Build/Object/MCAL/GP_TIMER/src/GP_Timer.o
                0x0800c658                GP_Timer_SetCallback
 .text.TIM2_IRQHandler
                0x0800c6c4       0x3c C:/Users/s_a_a/Desktop/NUCLEO-F446RE/APP/Build/Object/MCAL/GP_TIMER/src/GP_Timer.o
                0x0800c6c4                TIM2_IRQHandler
 .text.TIM3_IRQHandler
                0x0800c700       0x3c C:/Users/s_a_a/Desktop/NUCLEO-F446RE/APP/Build/Object/MCAL/GP_TIMER/src/GP_Timer.o
                0x0800c700                TIM3_IRQHandler
 .text.TIM4_IRQHandler
                0x0800c73c       0x3c C:/Users/s_a_a/Desktop/NUCLEO-F446RE/APP/Build/Object/MCAL/GP_TIMER/src/GP_Timer.o
                0x0800c73c                TIM4_IRQHandler
 .text.TIM5_IRQHandler
                0x0800c778       0x3c C:/Users/s_a_a/Desktop/NUCLEO-F446RE/APP/Build/Object/MCAL/GP_TIMER/src/GP_Timer.o
                0x0800c778                TIM5_IRQHandler
 .text.PendSV_Init
                0x0800c7b4       0x20 C:/Users/s_a_a/Desktop/NUCLEO-F446RE/APP/Build/Object/MCAL/PendSV/src/PendSV.o
                0x0800c7b4                PendSV_Init
 .text.Trigger_PendSV
                0x0800c7d4       0x20 C:/Users/s_a_a/Desktop/NUCLEO-F446RE/APP/Build/Object/MCAL/PendSV/src/PendSV.o
                0x0800c7d4                Trigger_PendSV
 .text.int_to_str
                0x0800c7f4       0x90 C:/Users/s_a_a/Desktop/NUCLEO-F446RE/APP/Build/Object/HAL/ESP/ESP.o
                0x0800c7f4                int_to_str
 .text.my_strlen
                0x0800c884       0x2e C:/Users/s_a_a/Desktop/NUCLEO-F446RE/APP/Build/Object/HAL/ESP/ESP.o
                0x0800c884                my_strlen
 *fill*         0x0800c8b2        0x2 
 .text.ESP_MainFunction
                0x0800c8b4       0x70 C:/Users/s_a_a/Desktop/NUCLEO-F446RE/APP/Build/Object/HAL/ESP/ESP.o
                0x0800c8b4                ESP_MainFunction
 .text.OLED_SendCommand
                0x0800c924       0x32 C:/Users/s_a_a/Desktop/NUCLEO-F446RE/APP/Build/Object/HAL/OLED/OLED.o
                0x0800c924                OLED_SendCommand
 .text.OLED_SendData
                0x0800c956       0x32 C:/Users/s_a_a/Desktop/NUCLEO-F446RE/APP/Build/Object/HAL/OLED/OLED.o
                0x0800c956                OLED_SendData
 .text.OLED_Init
                0x0800c988      0x120 C:/Users/s_a_a/Desktop/NUCLEO-F446RE/APP/Build/Object/HAL/OLED/OLED.o
                0x0800c988                OLED_Init
 .text.OLED_Clear
                0x0800caa8       0x34 C:/Users/s_a_a/Desktop/NUCLEO-F446RE/APP/Build/Object/HAL/OLED/OLED.o
                0x0800caa8                OLED_Clear
 .text.OLED_DrawPixel
                0x0800cadc       0x98 C:/Users/s_a_a/Desktop/NUCLEO-F446RE/APP/Build/Object/HAL/OLED/OLED.o
                0x0800cadc                OLED_DrawPixel
 .text.OLED_UpdateScreen
                0x0800cb74       0xb0 C:/Users/s_a_a/Desktop/NUCLEO-F446RE/APP/Build/Object/HAL/OLED/OLED.o
                0x0800cb74                OLED_UpdateScreen
 .text.OLED_DrawChar
                0x0800cc24      0x12c C:/Users/s_a_a/Desktop/NUCLEO-F446RE/APP/Build/Object/HAL/OLED/OLED.o
                0x0800cc24                OLED_DrawChar
 .text.OLED_DrawString
                0x0800cd50       0x3e C:/Users/s_a_a/Desktop/NUCLEO-F446RE/APP/Build/Object/HAL/OLED/OLED.o
                0x0800cd50                OLED_DrawString
 *fill*         0x0800cd8e        0x2 
 .text.OLED_APP
                0x0800cd90       0xc0 C:/Users/s_a_a/Desktop/NUCLEO-F446RE/APP/Build/Object/HAL/OLED/OLED.o
                0x0800cd90                OLED_APP
 .text.MPU_Recover
                0x0800ce50       0x18 C:/Users/s_a_a/Desktop/NUCLEO-F446RE/APP/Build/Object/HAL/MPU_6050/MPU_6050.o
 .text.MPU_Init
                0x0800ce68       0x14 C:/Users/s_a_a/Desktop/NUCLEO-F446RE/APP/Build/Object/HAL/MPU_6050/MPU_6050.o
                0x0800ce68                MPU_Init
 .text.MPU_GetTemp
                0x0800ce7c       0x64 C:/Users/s_a_a/Desktop/NUCLEO-F446RE/APP/Build/Object/HAL/MPU_6050/MPU_6050.o
                0x0800ce7c                MPU_GetTemp
 .text.MPU_GetAccelerometer
                0x0800cee0       0xb6 C:/Users/s_a_a/Desktop/NUCLEO-F446RE/APP/Build/Object/HAL/MPU_6050/MPU_6050.o
                0x0800cee0                MPU_GetAccelerometer
 *fill*         0x0800cf96        0x2 
 .text.MPU_GetGyroscope
                0x0800cf98       0xbc C:/Users/s_a_a/Desktop/NUCLEO-F446RE/APP/Build/Object/HAL/MPU_6050/MPU_6050.o
                0x0800cf98                MPU_GetGyroscope
 .text.MPU_Calibrate
                0x0800d054       0xf8 C:/Users/s_a_a/Desktop/NUCLEO-F446RE/APP/Build/Object/HAL/MPU_6050/MPU_6050.o
                0x0800d054                MPU_Calibrate
 .text.BLOCK_DRAW
                0x0800d14c       0x64 C:/Users/s_a_a/Desktop/NUCLEO-F446RE/APP/Build/Object/P1/FLAPPY_Bird/FLAPPY_Bird.o
                0x0800d14c                BLOCK_DRAW
 .text.Random   0x0800d1b0        0xe C:/Users/s_a_a/Desktop/NUCLEO-F446RE/APP/Build/Object/P1/Snake/Snake.o
                0x0800d1b0                Random
 *fill*         0x0800d1be        0x2 
 .text.GameReset
                0x0800d1c0       0x34 C:/Users/s_a_a/Desktop/NUCLEO-F446RE/APP/Build/Object/P1/Snake/Snake.o
 .text.SnakeDraw
                0x0800d1f4       0x64 C:/Users/s_a_a/Desktop/NUCLEO-F446RE/APP/Build/Object/P1/Snake/Snake.o
 .text.Snake_Self_Eat_Avoid
                0x0800d258       0xac C:/Users/s_a_a/Desktop/NUCLEO-F446RE/APP/Build/Object/P1/Snake/Snake.o
 .text.Snake_Movement
                0x0800d304      0x41c C:/Users/s_a_a/Desktop/NUCLEO-F446RE/APP/Build/Object/P1/Snake/Snake.o
 .text.Check_Boundries
                0x0800d720       0x90 C:/Users/s_a_a/Desktop/NUCLEO-F446RE/APP/Build/Object/P1/Snake/Snake.o
 .text.Snake_Init
                0x0800d7b0       0x64 C:/Users/s_a_a/Desktop/NUCLEO-F446RE/APP/Build/Object/P1/Snake/Snake.o
                0x0800d7b0                Snake_Init
 .text.Snake_Game
                0x0800d814      0x1e0 C:/Users/s_a_a/Desktop/NUCLEO-F446RE/APP/Build/Object/P1/Snake/Snake.o
                0x0800d814                Snake_Game
 .text.RTOS_voidStart
                0x0800d9f4       0x64 C:/Users/s_a_a/Desktop/NUCLEO-F446RE/APP/Build/Object/RTOS/RTOS.o
                0x0800d9f4                RTOS_voidStart
 .text.RTOS_voidIdleTask
                0x0800da58        0xa C:/Users/s_a_a/Desktop/NUCLEO-F446RE/APP/Build/Object/RTOS/RTOS.o
 *fill*         0x0800da62        0x2 
 .text.RTOS_TaskEntry
                0x0800da64       0x88 C:/Users/s_a_a/Desktop/NUCLEO-F446RE/APP/Build/Object/RTOS/RTOS.o
 .text.RTOS_voidInitStack
                0x0800daec       0xf0 C:/Users/s_a_a/Desktop/NUCLEO-F446RE/APP/Build/Object/RTOS/RTOS.o
 .text.RTOS_u8GetStackUsage
                0x0800dbdc       0x8c C:/Users/s_a_a/Desktop/NUCLEO-F446RE/APP/Build/Object/RTOS/RTOS.o
                0x0800dbdc                RTOS_u8GetStackUsage
 .text.RTOS_voidTickCallback
                0x0800dc68       0xb4 C:/Users/s_a_a/Desktop/NUCLEO-F446RE/APP/Build/Object/RTOS/RTOS.o
 .text.RTOS_voidSchedular
                0x0800dd1c      0x174 C:/Users/s_a_a/Desktop/NUCLEO-F446RE/APP/Build/Object/RTOS/RTOS.o
 .text.RTOS_voidCreateTask
                0x0800de90       0xa0 C:/Users/s_a_a/Desktop/NUCLEO-F446RE/APP/Build/Object/RTOS/RTOS.o
                0x0800de90                RTOS_voidCreateTask
 .text.RTOS_voidDeleteTask
                0x0800df30       0x90 C:/Users/s_a_a/Desktop/NUCLEO-F446RE/APP/Build/Object/RTOS/RTOS.o
                0x0800df30                RTOS_voidDeleteTask
 .text.RTOS_voidSuspendTask
                0x0800dfc0       0x30 C:/Users/s_a_a/Desktop/NUCLEO-F446RE/APP/Build/Object/RTOS/RTOS.o
                0x0800dfc0                RTOS_voidSuspendTask
 .text.RTOS_voidResumeTask
                0x0800dff0       0x30 C:/Users/s_a_a/Desktop/NUCLEO-F446RE/APP/Build/Object/RTOS/RTOS.o
                0x0800dff0                RTOS_voidResumeTask
 .text.RTOS_voidWaitEvent
                0x0800e020       0x30 C:/Users/s_a_a/Desktop/NUCLEO-F446RE/APP/Build/Object/RTOS/RTOS.o
                0x0800e020                RTOS_voidWaitEvent
 .text.RTOS_u8GetTaskCPULoad
                0x0800e050       0x50 C:/Users/s_a_a/Desktop/NUCLEO-F446RE/APP/Build/Object/RTOS/RTOS.o
                0x0800e050                RTOS_u8GetTaskCPULoad
 .text.RTOS_u8GetCPULoad
                0x0800e0a0       0x6c C:/Users/s_a_a/Desktop/NUCLEO-F446RE/APP/Build/Object/RTOS/RTOS.o
                0x0800e0a0                RTOS_u8GetCPULoad
 .text.PendSV_Handler
                0x0800e10c       0x30 C:/Users/s_a_a/Desktop/NUCLEO-F446RE/APP/Build/Object/RTOS/RTOS.o
                0x0800e10c                PendSV_Handler
 .text.SVC_Handler
                0x0800e13c       0x28 C:/Users/s_a_a/Desktop/NUCLEO-F446RE/APP/Build/Object/RTOS/RTOS.o
                0x0800e13c                SVC_Handler
 .text.HardFault_Handler
                0x0800e164       0x14 C:/Users/s_a_a/Desktop/NUCLEO-F446RE/APP/Build/Object/RTOS/RTOS.o
                0x0800e164                HardFault_Handler
 .text.MemManage_Handler
                0x0800e178       0x14 C:/Users/s_a_a/Desktop/NUCLEO-F446RE/APP/Build/Object/RTOS/RTOS.o
                0x0800e178                MemManage_Handler
 .text.Reset_Handler
                0x0800e18c       0x94 C:/Users/s_a_a/Desktop/NUCLEO-F446RE/APP/Build/Object/Startup/startup_stm32f103.o
                0x0800e18c                Reset_Handler
 .text.Default_Handler
                0x0800e220        0x6 C:/Users/s_a_a/Desktop/NUCLEO-F446RE/APP/Build/Object/Startup/startup_stm32f103.o
                0x0800e220                RTC_Alarm_IRQHandler
                0x0800e220                EXTI2_IRQHandler
                0x0800e220                TIM8_CC_IRQHandler
                0x0800e220                DebugMon_Handler
                0x0800e220                SPI4_IRQHandler
                0x0800e220                TIM1_CC_IRQHandler
                0x0800e220                DMA2_Stream5_IRQHandler
                0x0800e220                DMA1_Stream5_IRQHandler
                0x0800e220                PVD_IRQHandler
                0x0800e220                SDIO_IRQHandler
                0x0800e220                TAMP_STAMP_IRQHandler
                0x0800e220                NMI_Handler
                0x0800e220                CAN2_RX1_IRQHandler
                0x0800e220                EXTI3_IRQHandler
                0x0800e220                TIM8_TRG_COM_TIM14_IRQHandler
                0x0800e220                TIM1_UP_TIM10_IRQHandler
                0x0800e220                TIM8_UP_TIM13_IRQHandler
                0x0800e220                EXTI0_IRQHandler
                0x0800e220                DMA1_Stream2_IRQHandler
                0x0800e220                CAN1_RX0_IRQHandler
                0x0800e220                FPU_IRQHandler
                0x0800e220                UsageFault_Handler
                0x0800e220                CAN2_SCE_IRQHandler
                0x0800e220                DMA2_Stream2_IRQHandler
                0x0800e220                SPI1_IRQHandler
                0x0800e220                TIM1_BRK_TIM9_IRQHandler
                0x0800e220                CAN2_RX0_IRQHandler
                0x0800e220                DMA2_Stream3_IRQHandler
                0x0800e220                USART6_IRQHandler
                0x0800e220                CAN1_RX1_IRQHandler
                0x0800e220                UART5_IRQHandler
                0x0800e220                DMA2_Stream0_IRQHandler
                0x0800e220                DMA1_Stream6_IRQHandler
                0x0800e220                DMA1_Stream1_IRQHandler
                0x0800e220                UART4_IRQHandler
                0x0800e220                RCC_IRQHandler
                0x0800e220                TIM8_BRK_TIM12_IRQHandler
                0x0800e220                Default_Handler
                0x0800e220                EXTI15_10_IRQHandler
                0x0800e220                ADC_IRQHandler
                0x0800e220                DMA1_Stream7_IRQHandler
                0x0800e220                SPI5_IRQHandler
                0x0800e220                CAN2_TX_IRQHandler
                0x0800e220                DMA2_Stream7_IRQHandler
                0x0800e220                EXTI9_5_IRQHandler
                0x0800e220                RTC_WKUP_IRQHandler
                0x0800e220                SPI2_IRQHandler
                0x0800e220                DMA1_Stream0_IRQHandler
                0x0800e220                CAN1_TX_IRQHandler
                0x0800e220                EXTI4_IRQHandler
                0x0800e220                WWDG_IRQHandler
                0x0800e220                SPI6_IRQHandler
                0x0800e220                OTG_FS_WKUP_IRQHandler
                0x0800e220                TIM1_TRG_COM_TIM11_IRQHandler
                0x0800e220                DMA2D_IRQHandler
                0x0800e220                EXTI1_IRQHandler
                0x0800e220                DMA2_Stream1_IRQHandler
                0x0800e220                CAN1_SCE_IRQHandler
                0x0800e220                FLASH_IRQHandler
                0x0800e220                DMA2_Stream4_IRQHandler
                0x0800e220                BusFault_Handler
                0x0800e220                OTG_FS_IRQHandler
                0x0800e220                SPI3_IRQHandler
                0x0800e220                DMA1_Stream4_IRQHandler
                0x0800e220                FMC_IRQHandler
                0x0800e220                DMA2_Stream6_IRQHandler
                0x0800e220                SAI1_IRQHandler
                0x0800e220                DMA1_Stream3_IRQHandler
 *fill*         0x0800e226        0x2 
 .text.APP_init
                0x0800e228       0x80 C:/Users/s_a_a/Desktop/NUCLEO-F446RE/APP/Build/Object/Src/App_Config.o
                0x0800e228                APP_init
 .text.GPIO_PIN_CONFIG
                0x0800e2a8      0x12e C:/Users/s_a_a/Desktop/NUCLEO-F446RE/APP/Build/Object/Src/App_Config.o
                0x0800e2a8                GPIO_PIN_CONFIG
 .text.ENABLE_NVIC_INTERRUPTS
                0x0800e3d6       0x14 C:/Users/s_a_a/Desktop/NUCLEO-F446RE/APP/Build/Object/Src/App_Config.o
                0x0800e3d6                ENABLE_NVIC_INTERRUPTS
 *fill*         0x0800e3ea        0x2 
 .text.CallBackFunctions
                0x0800e3ec       0x1c C:/Users/s_a_a/Desktop/NUCLEO-F446RE/APP/Build/Object/Src/App_Config.o
                0x0800e3ec                CallBackFunctions
 .text.LED      0x0800e408       0x1c C:/Users/s_a_a/Desktop/NUCLEO-F446RE/APP/Build/Object/Src/App_Ctrl.o
                0x0800e408                LED
 .text.LED_ON   0x0800e424       0x18 C:/Users/s_a_a/Desktop/NUCLEO-F446RE/APP/Build/Object/Src/App_Ctrl.o
                0x0800e424                LED_ON
 .text.LED_OFF  0x0800e43c       0x18 C:/Users/s_a_a/Desktop/NUCLEO-F446RE/APP/Build/Object/Src/App_Ctrl.o
                0x0800e43c                LED_OFF
 .text.SYS_Reset
                0x0800e454       0x48 C:/Users/s_a_a/Desktop/NUCLEO-F446RE/APP/Build/Object/Src/App_Ctrl.o
                0x0800e454                SYS_Reset
 .text.BTLD_Jump
                0x0800e49c       0x2a C:/Users/s_a_a/Desktop/NUCLEO-F446RE/APP/Build/Object/Src/App_Ctrl.o
                0x0800e49c                BTLD_Jump
 .text.BTLD_Update
                0x0800e4c6       0x1e C:/Users/s_a_a/Desktop/NUCLEO-F446RE/APP/Build/Object/Src/App_Ctrl.o
                0x0800e4c6                BTLD_Update
 .text.PWM_SET  0x0800e4e4       0x34 C:/Users/s_a_a/Desktop/NUCLEO-F446RE/APP/Build/Object/Src/App_Ctrl.o
                0x0800e4e4                PWM_SET
 .text.duty_cycle_task
                0x0800e518       0x34 C:/Users/s_a_a/Desktop/NUCLEO-F446RE/APP/Build/Object/Src/App_Ctrl.o
                0x0800e518                duty_cycle_task
 .text.UART1_Arm
                0x0800e54c       0x18 C:/Users/s_a_a/Desktop/NUCLEO-F446RE/APP/Build/Object/Src/ISR.o
                0x0800e54c                UART1_Arm
 .text.UART2_ISR
                0x0800e564      0x15c C:/Users/s_a_a/Desktop/NUCLEO-F446RE/APP/Build/Object/Src/ISR.o
                0x0800e564                UART2_ISR
 .text.UART1_ISR
                0x0800e6c0       0xd8 C:/Users/s_a_a/Desktop/NUCLEO-F446RE/APP/Build/Object/Src/ISR.o
                0x0800e6c0                UART1_ISR
 .text.Schedular
                0x0800e798       0x64 C:/Users/s_a_a/Desktop/NUCLEO-F446RE/APP/Build/Object/Src/main.o
                0x0800e798                Schedular
 .text.main     0x0800e7fc       0x1e C:/Users/s_a_a/Desktop/NUCLEO-F446RE/APP/Build/Object/Src/main.o
                0x0800e7fc                main
 *fill*         0x0800e81a        0x2 
 .text.SystemInit
                0x0800e81c       0x7c C:/Users/s_a_a/Desktop/NUCLEO-F446RE/APP/Build/Object/Src/main.o
                0x0800e81c                SystemInit
 .text.OS_5ms_Task
                0x0800e898        0xe C:/Users/s_a_a/Desktop/NUCLEO-F446RE/APP/Build/Object/Src/SwM.o
                0x0800e898                OS_5ms_Task
 .text.OS_10ms_Task
                0x0800e8a6        0xc C:/Users/s_a_a/Desktop/NUCLEO-F446RE/APP/Build/Object/Src/SwM.o
                0x0800e8a6                OS_10ms_Task
 .text.OS_20ms_Task
                0x0800e8b2        0xe C:/Users/s_a_a/Desktop/NUCLEO-F446RE/APP/Build/Object/Src/SwM.o
                0x0800e8b2                OS_20ms_Task
 .text.OS_50ms_Task
                0x0800e8c0       0xc4 C:/Users/s_a_a/Desktop/NUCLEO-F446RE/APP/Build/Object/Src/SwM.o
                0x0800e8c0                OS_50ms_Task
 .text.OS_100ms_Task
                0x0800e984        0xc C:/Users/s_a_a/Desktop/NUCLEO-F446RE/APP/Build/Object/Src/SwM.o
                0x0800e984                OS_100ms_Task
 .text.OS_1000ms_Task
                0x0800e990       0xa0 C:/Users/s_a_a/Desktop/NUCLEO-F446RE/APP/Build/Object/Src/SwM.o
                0x0800e990                OS_1000ms_Task
 .text.OS_IDLE_TASK
                0x0800ea30       0x10 C:/Users/s_a_a/Desktop/NUCLEO-F446RE/APP/Build/Object/Src/SwM.o
                0x0800ea30                OS_IDLE_TASK
 .text.LifeCounter
                0x0800ea40       0x60 C:/Users/s_a_a/Desktop/NUCLEO-F446RE/APP/Build/Object/Src/Telemetry.o
                0x0800ea40                LifeCounter
 .text.SW_VERSION
                0x0800eaa0       0x50 C:/Users/s_a_a/Desktop/NUCLEO-F446RE/APP/Build/Object/Src/Telemetry.o
                0x0800eaa0                SW_VERSION
 .text.RUN_TIME
                0x0800eaf0       0xec C:/Users/s_a_a/Desktop/NUCLEO-F446RE/APP/Build/Object/Src/Telemetry.o
                0x0800eaf0                RUN_TIME
 .text.INTERNAL_TEMP_TASK
                0x0800ebdc       0x98 C:/Users/s_a_a/Desktop/NUCLEO-F446RE/APP/Build/Object/Src/Telemetry.o
                0x0800ebdc                INTERNAL_TEMP_TASK
 .text.LDR_TASK
                0x0800ec74        0xe C:/Users/s_a_a/Desktop/NUCLEO-F446RE/APP/Build/Object/Src/Telemetry.o
                0x0800ec74                LDR_TASK
 *fill*         0x0800ec82        0x2 
 .text.STACK_MONITOR
                0x0800ec84       0xe4 C:/Users/s_a_a/Desktop/NUCLEO-F446RE/APP/Build/Object/Src/Telemetry.o
                0x0800ec84                STACK_MONITOR
 .text.CPU_LOAD_TASK
                0x0800ed68       0xe4 C:/Users/s_a_a/Desktop/NUCLEO-F446RE/APP/Build/Object/Src/Telemetry.o
                0x0800ed68                CPU_LOAD_TASK
 .text.BOOT_REASON_REPORT
                0x0800ee4c       0xc0 C:/Users/s_a_a/Desktop/NUCLEO-F446RE/APP/Build/Object/Src/Telemetry.o
                0x0800ee4c                BOOT_REASON_REPORT
                0x0800ef0c                . = ALIGN (0x4)
                0x0800ef0c                _etext = .

.glue_7         0x0800ef0c        0x0
 .glue_7        0x0800ef0c        0x0 linker stubs

.glue_7t        0x0800ef0c        0x0
 .glue_7t       0x0800ef0c        0x0 linker stubs

.vfp11_veneer   0x0800ef0c        0x0
 .vfp11_veneer  0x0800ef0c        0x0 linker stubs

.v4_bx          0x0800ef0c        0x0
 .v4_bx         0x0800ef0c        0x0 linker stubs

.iplt           0x0800ef0c        0x0
 .iplt          0x0800ef0c        0x0 C:/Users/s_a_a/Desktop/NUCLEO-F446RE/APP/Build/Object/MCAL/RCC/src/RCC_program.o

.rodata         0x0800ef0c     0x1ff8
                0x0800ef0c                . = ALIGN (0x4)
 *(.rodata)
 .rodata        0x0800ef0c        0x6 C:/Users/s_a_a/Desktop/NUCLEO-F446RE/APP/Build/Object/MCAL/UART/src/UART.o
 *fill*         0x0800ef12        0x2 
 .rodata        0x0800ef14       0xa7 C:/Users/s_a_a/Desktop/NUCLEO-F446RE/APP/Build/Object/HAL/ESP/ESP.o
 *fill*         0x0800efbb        0x1 
 .rodata        0x0800efbc       0x37 C:/Users/s_a_a/Desktop/NUCLEO-F446RE/APP/Build/Object/P1/Snake/Snake.o
 *fill*         0x0800eff3        0x1 
 .rodata        0x0800eff4       0x1e C:/Users/s_a_a/Desktop/NUCLEO-F446RE/APP/Build/Object/RTOS/RTOS.o
 *fill*         0x0800f012        0x2 
 .rodata        0x0800f014        0xf C:/Users/s_a_a/Desktop/NUCLEO-F446RE/APP/Build/Object/Src/App_Ctrl.o
 *fill*         0x0800f023        0x1 
 .rodata        0x0800f024        0xa C:/Users/s_a_a/Desktop/NUCLEO-F446RE/APP/Build/Object/Src/ISR.o
 *fill*         0x0800f02e        0x2 
 .rodata        0x0800f030       0x49 C:/Users/s_a_a/Desktop/NUCLEO-F446RE/APP/Build/Object/Src/SwM.o
 *fill*         0x0800f079        0x3 
 .rodata        0x0800f07c       0xd7 C:/Users/s_a_a/Desktop/NUCLEO-F446RE/APP/Build/Object/Src/Telemetry.o
 *(.rodata*)
 *fill*         0x0800f153        0x1 
 .rodata.IWDG_PrescalerDiv
                0x0800f154        0xe C:/Users/s_a_a/Desktop/NUCLEO-F446RE/APP/Build/Object/MCAL/IWDG/src/IWDG.o
 *fill*         0x0800f162        0x2 
 .rodata.I2C_BaseAddr
                0x0800f164        0xc C:/Users/s_a_a/Desktop/NUCLEO-F446RE/APP/Build/Object/MCAL/I2C/src/I2C.o
 .rodata.NyanCat_Frame0
                0x0800f170      0x200 C:/Users/s_a_a/Desktop/NUCLEO-F446RE/APP/Build/Object/HAL/OLED/OLED.o
 .rodata.NyanCat_Frame1
                0x0800f370      0x200 C:/Users/s_a_a/Desktop/NUCLEO-F446RE/APP/Build/Object/HAL/OLED/OLED.o
 .rodata.NyanCat_Frame2
                0x0800f570      0x200 C:/Users/s_a_a/Desktop/NUCLEO-F446RE/APP/Build/Object/HAL/OLED/OLED.o
 .rodata.NyanCat_Frame3
                0x0800f770      0x200 C:/Users/s_a_a/Desktop/NUCLEO-F446RE/APP/Build/Object/HAL/OLED/OLED.o
 .rodata.NyanCat_Frame4
                0x0800f970      0x200 C:/Users/s_a_a/Desktop/NUCLEO-F446RE/APP/Build/Object/HAL/OLED/OLED.o
 .rodata.NyanCat_Frame5
                0x0800fb70      0x200 C:/Users/s_a_a/Desktop/NUCLEO-F446RE/APP/Build/Object/HAL/OLED/OLED.o
 .rodata.NyanCat_Frame6
                0x0800fd70      0x200 C:/Users/s_a_a/Desktop/NUCLEO-F446RE/APP/Build/Object/HAL/OLED/OLED.o
 .rodata.NyanCat_Frame7
                0x0800ff70      0x200 C:/Users/s_a_a/Desktop/NUCLEO-F446RE/APP/Build/Object/HAL/OLED/OLED.o
 .rodata.NyanCat_Frame8
                0x08010170      0x200 C:/Users/s_a_a/Desktop/NUCLEO-F446RE/APP/Build/Object/HAL/OLED/OLED.o
 .rodata.NyanCat_Frame9
                0x08010370      0x200 C:/Users/s_a_a/Desktop/NUCLEO-F446RE/APP/Build/Object/HAL/OLED/OLED.o
 .rodata.NyanCat_Frame10
                0x08010570      0x200 C:/Users/s_a_a/Desktop/NUCLEO-F446RE/APP/Build/Object/HAL/OLED/OLED.o
 .rodata.NyanCat_Frame11
                0x08010770      0x200 C:/Users/s_a_a/Desktop/NUCLEO-F446RE/APP/Build/Object/HAL/OLED/OLED.o
 .rodata.NyanCat_Frames
                0x08010970       0x30 C:/Users/s_a_a/Desktop/NUCLEO-F446RE/APP/Build/Object/HAL/OLED/OLED.o
 .rodata.FONT_DIGITS
                0x080109a0       0x32 C:/Users/s_a_a/Desktop/NUCLEO-F446RE/APP/Build/Object/HAL/OLED/OLED.o
 *fill*         0x080109d2        0x2 
 .rodata.FONT_UPPER
                0x080109d4       0x82 C:/Users/s_a_a/Desktop/NUCLEO-F446RE/APP/Build/Object/HAL/OLED/OLED.o
 *fill*         0x08010a56        0x2 
 .rodata.FONT_LOWER
                0x08010a58       0x82 C:/Users/s_a_a/Desktop/NUCLEO-F446RE/APP/Build/Object/HAL/OLED/OLED.o
 *fill*         0x08010ada        0x2 
 .rodata.FONT_SYMBOLS
                0x08010adc       0x19 C:/Users/s_a_a/Desktop/NUCLEO-F446RE/APP/Build/Object/HAL/OLED/OLED.o
 *fill*         0x08010af5        0x3 
 .rodata.OLED_Bitmap
                0x08010af8      0x400 C:/Users/s_a_a/Desktop/NUCLEO-F446RE/APP/Build/Object/HAL/OLED/OLED.o
 .rodata.MSP_Value
                0x08010ef8        0x4 C:/Users/s_a_a/Desktop/NUCLEO-F446RE/APP/Build/Object/Startup/startup_stm32f103.o
                0x08010ef8                MSP_Value
 .rodata.FIRMWARE_VERSION
                0x08010efc        0x6 C:/Users/s_a_a/Desktop/NUCLEO-F446RE/APP/Build/Object/Src/App_Config.o
                0x08010efc                FIRMWARE_VERSION
                0x08010f04                . = ALIGN (0x4)
 *fill*         0x08010f02        0x2 
                0x08010f04                _sidata = LOADADDR (.data)

.rel.dyn        0x08010f04        0x0
 .rel.iplt      0x08010f04        0x0 C:/Users/s_a_a/Desktop/NUCLEO-F446RE/APP/Build/Object/MCAL/RCC/src/RCC_program.o

.data           0x20000000       0x64 load address 0x08010f04
                0x20000000                . = ALIGN (0x4)
                0x20000000                _sdata = .
 *(.data)
 .data          0x20000000        0x0 C:/Users/s_a_a/Desktop/NUCLEO-F446RE/APP/Build/Object/MCAL/RCC/src/RCC_program.o
 .data          0x20000000        0x0 C:/Users/s_a_a/Desktop/NUCLEO-F446RE/APP/Build/Object/MCAL/NVIC/src/NVIC_program.o
 .data          0x20000000        0x0 C:/Users/s_a_a/Desktop/NUCLEO-F446RE/APP/Build/Object/MCAL/SysTick/src/SysTick_program.o
 .data          0x20000000        0x0 C:/Users/s_a_a/Desktop/NUCLEO-F446RE/APP/Build/Object/MCAL/GPIO/src/GPIO_program.o
 .data          0x20000000        0x0 C:/Users/s_a_a/Desktop/NUCLEO-F446RE/APP/Build/Object/MCAL/ADC/src/ADC.o
 .data          0x20000000        0x0 C:/Users/s_a_a/Desktop/NUCLEO-F446RE/APP/Build/Object/MCAL/UART/src/UART.o
 .data          0x20000000        0x0 C:/Users/s_a_a/Desktop/NUCLEO-F446RE/APP/Build/Object/MCAL/PwrMD/src/LOW_POWER.o
 .data          0x20000000        0x0 C:/Users/s_a_a/Desktop/NUCLEO-F446RE/APP/Build/Object/MCAL/DMA/src/DMA.o
 .data          0x20000000        0x0 C:/Users/s_a_a/Desktop/NUCLEO-F446RE/APP/Build/Object/MCAL/IWDG/src/IWDG.o
 .data          0x20000000        0x0 C:/Users/s_a_a/Desktop/NUCLEO-F446RE/APP/Build/Object/MCAL/WWDG/src/WWDG.o
 .data          0x20000000        0x0 C:/Users/s_a_a/Desktop/NUCLEO-F446RE/APP/Build/Object/MCAL/RTC/src/RTC.o
 .data          0x20000000        0x0 C:/Users/s_a_a/Desktop/NUCLEO-F446RE/APP/Build/Object/MCAL/FPU/src/FPU.o
 .data          0x20000000        0x0 C:/Users/s_a_a/Desktop/NUCLEO-F446RE/APP/Build/Object/MCAL/MPU/src/MPU.o
 .data          0x20000000        0x0 C:/Users/s_a_a/Desktop/NUCLEO-F446RE/APP/Build/Object/MCAL/CRC/src/CRC.o
 .data          0x20000000        0x0 C:/Users/s_a_a/Desktop/NUCLEO-F446RE/APP/Build/Object/MCAL/BASIC_TIMER/src/Basic_Timer.o
 .data          0x20000000        0x0 C:/Users/s_a_a/Desktop/NUCLEO-F446RE/APP/Build/Object/MCAL/I2C/src/I2C.o
 .data          0x20000000        0x0 C:/Users/s_a_a/Desktop/NUCLEO-F446RE/APP/Build/Object/MCAL/FLASH/src/FLASH.o
 .data          0x20000000        0x0 C:/Users/s_a_a/Desktop/NUCLEO-F446RE/APP/Build/Object/MCAL/GP_TIMER/src/GP_Timer.o
 .data          0x20000000        0x0 C:/Users/s_a_a/Desktop/NUCLEO-F446RE/APP/Build/Object/MCAL/PendSV/src/PendSV.o
 .data          0x20000000        0x0 C:/Users/s_a_a/Desktop/NUCLEO-F446RE/APP/Build/Object/HAL/ESP/ESP.o
 .data          0x20000000        0x0 C:/Users/s_a_a/Desktop/NUCLEO-F446RE/APP/Build/Object/HAL/OLED/OLED.o
 .data          0x20000000        0x0 C:/Users/s_a_a/Desktop/NUCLEO-F446RE/APP/Build/Object/HAL/MPU_6050/MPU_6050.o
 .data          0x20000000        0x0 C:/Users/s_a_a/Desktop/NUCLEO-F446RE/APP/Build/Object/P1/FLAPPY_Bird/FLAPPY_Bird.o
 .data          0x20000000        0x0 C:/Users/s_a_a/Desktop/NUCLEO-F446RE/APP/Build/Object/P1/Snake/Snake.o
 .data          0x20000000        0x0 C:/Users/s_a_a/Desktop/NUCLEO-F446RE/APP/Build/Object/RTOS/RTOS.o
 .data          0x20000000        0x0 C:/Users/s_a_a/Desktop/NUCLEO-F446RE/APP/Build/Object/Startup/startup_stm32f103.o
 .data          0x20000000        0x0 C:/Users/s_a_a/Desktop/NUCLEO-F446RE/APP/Build/Object/Src/App_Config.o
 .data          0x20000000        0x0 C:/Users/s_a_a/Desktop/NUCLEO-F446RE/APP/Build/Object/Src/App_Ctrl.o
 .data          0x20000000        0x0 C:/Users/s_a_a/Desktop/NUCLEO-F446RE/APP/Build/Object/Src/ISR.o
 .data          0x20000000        0x0 C:/Users/s_a_a/Desktop/NUCLEO-F446RE/APP/Build/Object/Src/main.o
 .data          0x20000000        0x0 C:/Users/s_a_a/Desktop/NUCLEO-F446RE/APP/Build/Object/Src/SwM.o
 .data          0x20000000        0x0 C:/Users/s_a_a/Desktop/NUCLEO-F446RE/APP/Build/Object/Src/Telemetry.o
 *(.data*)
 .data.nvic_stat
                0x20000000        0x1 C:/Users/s_a_a/Desktop/NUCLEO-F446RE/APP/Build/Object/MCAL/BASIC_TIMER/src/Basic_Timer.o
                0x20000000                nvic_stat
 *fill*         0x20000001        0x3 
 .data.ESP_Commands
                0x20000004       0x20 C:/Users/s_a_a/Desktop/NUCLEO-F446RE/APP/Build/Object/HAL/ESP/ESP.o
                0x20000004                ESP_Commands
 .data.forbidden_direction
                0x20000024        0x1 C:/Users/s_a_a/Desktop/NUCLEO-F446RE/APP/Build/Object/P1/Snake/Snake.o
 *fill*         0x20000025        0x1 
 .data.eat      0x20000026        0x2 C:/Users/s_a_a/Desktop/NUCLEO-F446RE/APP/Build/Object/P1/Snake/Snake.o
 .data.Uart1_configuration
                0x20000028        0xc C:/Users/s_a_a/Desktop/NUCLEO-F446RE/APP/Build/Object/Src/App_Config.o
                0x20000028                Uart1_configuration
 .data.Uart2_configuration
                0x20000034        0xc C:/Users/s_a_a/Desktop/NUCLEO-F446RE/APP/Build/Object/Src/App_Config.o
                0x20000034                Uart2_configuration
 .data.i2c1_cfg
                0x20000040       0x14 C:/Users/s_a_a/Desktop/NUCLEO-F446RE/APP/Build/Object/Src/App_Config.o
                0x20000040                i2c1_cfg
 .data.RTC_config
                0x20000054       0x10 C:/Users/s_a_a/Desktop/NUCLEO-F446RE/APP/Build/Object/Src/App_Config.o
                0x20000054                RTC_config
                0x20000064                . = ALIGN (0x4)
                0x20000064                _edata = .

.igot.plt       0x20000064        0x0 load address 0x08010f68
 .igot.plt      0x20000064        0x0 C:/Users/s_a_a/Desktop/NUCLEO-F446RE/APP/Build/Object/MCAL/RCC/src/RCC_program.o

.bss            0x20000064     0x61fc load address 0x08010f68
                0x20000064                _sbss = .
 *(.bss)
 .bss           0x20000064        0x0 C:/Users/s_a_a/Desktop/NUCLEO-F446RE/APP/Build/Object/MCAL/RCC/src/RCC_program.o
 .bss           0x20000064        0x0 C:/Users/s_a_a/Desktop/NUCLEO-F446RE/APP/Build/Object/MCAL/NVIC/src/NVIC_program.o
 .bss           0x20000064        0x0 C:/Users/s_a_a/Desktop/NUCLEO-F446RE/APP/Build/Object/MCAL/SysTick/src/SysTick_program.o
 .bss           0x20000064        0x0 C:/Users/s_a_a/Desktop/NUCLEO-F446RE/APP/Build/Object/MCAL/GPIO/src/GPIO_program.o
 .bss           0x20000064        0x0 C:/Users/s_a_a/Desktop/NUCLEO-F446RE/APP/Build/Object/MCAL/ADC/src/ADC.o
 .bss           0x20000064        0x0 C:/Users/s_a_a/Desktop/NUCLEO-F446RE/APP/Build/Object/MCAL/UART/src/UART.o
 .bss           0x20000064        0x0 C:/Users/s_a_a/Desktop/NUCLEO-F446RE/APP/Build/Object/MCAL/PwrMD/src/LOW_POWER.o
 .bss           0x20000064        0x0 C:/Users/s_a_a/Desktop/NUCLEO-F446RE/APP/Build/Object/MCAL/DMA/src/DMA.o
 .bss           0x20000064        0x0 C:/Users/s_a_a/Desktop/NUCLEO-F446RE/APP/Build/Object/MCAL/IWDG/src/IWDG.o
 .bss           0x20000064        0x0 C:/Users/s_a_a/Desktop/NUCLEO-F446RE/APP/Build/Object/MCAL/WWDG/src/WWDG.o
 .bss           0x20000064        0x0 C:/Users/s_a_a/Desktop/NUCLEO-F446RE/APP/Build/Object/MCAL/RTC/src/RTC.o
 .bss           0x20000064        0x0 C:/Users/s_a_a/Desktop/NUCLEO-F446RE/APP/Build/Object/MCAL/FPU/src/FPU.o
 .bss           0x20000064        0x0 C:/Users/s_a_a/Desktop/NUCLEO-F446RE/APP/Build/Object/MCAL/MPU/src/MPU.o
 .bss           0x20000064        0x0 C:/Users/s_a_a/Desktop/NUCLEO-F446RE/APP/Build/Object/MCAL/CRC/src/CRC.o
 .bss           0x20000064        0x0 C:/Users/s_a_a/Desktop/NUCLEO-F446RE/APP/Build/Object/MCAL/BASIC_TIMER/src/Basic_Timer.o
 .bss           0x20000064        0x0 C:/Users/s_a_a/Desktop/NUCLEO-F446RE/APP/Build/Object/MCAL/I2C/src/I2C.o
 .bss           0x20000064        0x0 C:/Users/s_a_a/Desktop/NUCLEO-F446RE/APP/Build/Object/MCAL/FLASH/src/FLASH.o
 .bss           0x20000064        0x0 C:/Users/s_a_a/Desktop/NUCLEO-F446RE/APP/Build/Object/MCAL/GP_TIMER/src/GP_Timer.o
 .bss           0x20000064        0x0 C:/Users/s_a_a/Desktop/NUCLEO-F446RE/APP/Build/Object/MCAL/PendSV/src/PendSV.o
 .bss           0x20000064        0x0 C:/Users/s_a_a/Desktop/NUCLEO-F446RE/APP/Build/Object/HAL/ESP/ESP.o
 .bss           0x20000064        0x0 C:/Users/s_a_a/Desktop/NUCLEO-F446RE/APP/Build/Object/HAL/OLED/OLED.o
 .bss           0x20000064        0x0 C:/Users/s_a_a/Desktop/NUCLEO-F446RE/APP/Build/Object/HAL/MPU_6050/MPU_6050.o
 .bss           0x20000064        0x0 C:/Users/s_a_a/Desktop/NUCLEO-F446RE/APP/Build/Object/P1/FLAPPY_Bird/FLAPPY_Bird.o
 .bss           0x20000064        0x0 C:/Users/s_a_a/Desktop/NUCLEO-F446RE/APP/Build/Object/P1/Snake/Snake.o
 .bss           0x20000064        0x0 C:/Users/s_a_a/Desktop/NUCLEO-F446RE/APP/Build/Object/RTOS/RTOS.o
 .bss           0x20000064        0x0 C:/Users/s_a_a/Desktop/NUCLEO-F446RE/APP/Build/Object/Startup/startup_stm32f103.o
 .bss           0x20000064        0x0 C:/Users/s_a_a/Desktop/NUCLEO-F446RE/APP/Build/Object/Src/App_Config.o
 .bss           0x20000064        0x0 C:/Users/s_a_a/Desktop/NUCLEO-F446RE/APP/Build/Object/Src/App_Ctrl.o
 .bss           0x20000064        0x0 C:/Users/s_a_a/Desktop/NUCLEO-F446RE/APP/Build/Object/Src/ISR.o
 .bss           0x20000064        0x0 C:/Users/s_a_a/Desktop/NUCLEO-F446RE/APP/Build/Object/Src/main.o
 .bss           0x20000064        0x0 C:/Users/s_a_a/Desktop/NUCLEO-F446RE/APP/Build/Object/Src/SwM.o
 .bss           0x20000064        0x0 C:/Users/s_a_a/Desktop/NUCLEO-F446RE/APP/Build/Object/Src/Telemetry.o
 *(.bss*)
 .bss.Local_PvFunction
                0x20000064        0x4 C:/Users/s_a_a/Desktop/NUCLEO-F446RE/APP/Build/Object/MCAL/SysTick/src/SysTick_program.o
 .bss.rx_test   0x20000068        0x1 C:/Users/s_a_a/Desktop/NUCLEO-F446RE/APP/Build/Object/MCAL/UART/src/UART.o
                0x20000068                rx_test
 *fill*         0x20000069        0x3 
 .bss.uart1_funcPtr
                0x2000006c        0x4 C:/Users/s_a_a/Desktop/NUCLEO-F446RE/APP/Build/Object/MCAL/UART/src/UART.o
                0x2000006c                uart1_funcPtr
 .bss.uart2_funcPtr
                0x20000070        0x4 C:/Users/s_a_a/Desktop/NUCLEO-F446RE/APP/Build/Object/MCAL/UART/src/UART.o
                0x20000070                uart2_funcPtr
 .bss.uart3_funcPtr
                0x20000074        0x4 C:/Users/s_a_a/Desktop/NUCLEO-F446RE/APP/Build/Object/MCAL/UART/src/UART.o
                0x20000074                uart3_funcPtr
 .bss.g_dma_cbs
                0x20000078       0x80 C:/Users/s_a_a/Desktop/NUCLEO-F446RE/APP/Build/Object/MCAL/DMA/src/DMA.o
 .bss.tim6_callback
                0x200000f8        0x4 C:/Users/s_a_a/Desktop/NUCLEO-F446RE/APP/Build/Object/MCAL/BASIC_TIMER/src/Basic_Timer.o
 .bss.tim7_callback
                0x200000fc        0x4 C:/Users/s_a_a/Desktop/NUCLEO-F446RE/APP/Build/Object/MCAL/BASIC_TIMER/src/Basic_Timer.o
 .bss.total_ticks
                0x20000100        0x4 C:/Users/s_a_a/Desktop/NUCLEO-F446RE/APP/Build/Object/MCAL/BASIC_TIMER/src/Basic_Timer.o
                0x20000100                total_ticks
 .bss.I2C_Handle
                0x20000104       0x54 C:/Users/s_a_a/Desktop/NUCLEO-F446RE/APP/Build/Object/MCAL/I2C/src/I2C.o
 .bss.tim2_callback
                0x20000158        0x4 C:/Users/s_a_a/Desktop/NUCLEO-F446RE/APP/Build/Object/MCAL/GP_TIMER/src/GP_Timer.o
 .bss.tim3_callback
                0x2000015c        0x4 C:/Users/s_a_a/Desktop/NUCLEO-F446RE/APP/Build/Object/MCAL/GP_TIMER/src/GP_Timer.o
 .bss.tim4_callback
                0x20000160        0x4 C:/Users/s_a_a/Desktop/NUCLEO-F446RE/APP/Build/Object/MCAL/GP_TIMER/src/GP_Timer.o
 .bss.tim5_callback
                0x20000164        0x4 C:/Users/s_a_a/Desktop/NUCLEO-F446RE/APP/Build/Object/MCAL/GP_TIMER/src/GP_Timer.o
 .bss.Copy_pvCallBackFunc
                0x20000168        0x4 C:/Users/s_a_a/Desktop/NUCLEO-F446RE/APP/Build/Object/MCAL/PendSV/src/PendSV.o
                0x20000168                Copy_pvCallBackFunc
 .bss.ESP_APPLICATION_FLAG
                0x2000016c        0x1 C:/Users/s_a_a/Desktop/NUCLEO-F446RE/APP/Build/Object/HAL/ESP/ESP.o
                0x2000016c                ESP_APPLICATION_FLAG
 .bss.ESP_Commands_Counter.0
                0x2000016d        0x1 C:/Users/s_a_a/Desktop/NUCLEO-F446RE/APP/Build/Object/HAL/ESP/ESP.o
 *fill*         0x2000016e        0x2 
 .bss.OLED_Buffer
                0x20000170      0x400 C:/Users/s_a_a/Desktop/NUCLEO-F446RE/APP/Build/Object/HAL/OLED/OLED.o
 .bss.counter_oled.1
                0x20000570        0x1 C:/Users/s_a_a/Desktop/NUCLEO-F446RE/APP/Build/Object/HAL/OLED/OLED.o
 .bss.frame.0   0x20000571        0x1 C:/Users/s_a_a/Desktop/NUCLEO-F446RE/APP/Build/Object/HAL/OLED/OLED.o
 .bss.move      0x20000572        0x1 C:/Users/s_a_a/Desktop/NUCLEO-F446RE/APP/Build/Object/P1/Snake/Snake.o
                0x20000572                move
 *fill*         0x20000573        0x1 
 .bss.Snake     0x20000574     0x4006 C:/Users/s_a_a/Desktop/NUCLEO-F446RE/APP/Build/Object/P1/Snake/Snake.o
                0x20000574                Snake
 .bss.Game_Status
                0x2000457a        0x1 C:/Users/s_a_a/Desktop/NUCLEO-F446RE/APP/Build/Object/P1/Snake/Snake.o
 *fill*         0x2000457b        0x1 
 .bss.food      0x2000457c        0x2 C:/Users/s_a_a/Desktop/NUCLEO-F446RE/APP/Build/Object/P1/Snake/Snake.o
                0x2000457c                food
 *fill*         0x2000457e        0x2 
 .bss.SysTask   0x20004580     0x1890 C:/Users/s_a_a/Desktop/NUCLEO-F446RE/APP/Build/Object/RTOS/RTOS.o
 .bss.IdleTCB   0x20005e10      0x404 C:/Users/s_a_a/Desktop/NUCLEO-F446RE/APP/Build/Object/RTOS/RTOS.o
 .bss.CurrentTask
                0x20006214        0x4 C:/Users/s_a_a/Desktop/NUCLEO-F446RE/APP/Build/Object/RTOS/RTOS.o
                0x20006214                CurrentTask
 .bss.NextTask  0x20006218        0x4 C:/Users/s_a_a/Desktop/NUCLEO-F446RE/APP/Build/Object/RTOS/RTOS.o
                0x20006218                NextTask
 .bss.load_tick.0
                0x2000621c        0x2 C:/Users/s_a_a/Desktop/NUCLEO-F446RE/APP/Build/Object/RTOS/RTOS.o
 *fill*         0x2000621e        0x2 
 .bss.Time      0x20006220        0x4 C:/Users/s_a_a/Desktop/NUCLEO-F446RE/APP/Build/Object/Src/App_Config.o
                0x20006220                Time
 .bss.Bias_accel_data
                0x20006224        0x6 C:/Users/s_a_a/Desktop/NUCLEO-F446RE/APP/Build/Object/Src/App_Config.o
                0x20006224                Bias_accel_data
 *fill*         0x2000622a        0x2 
 .bss.Bias_gyro_data
                0x2000622c        0x6 C:/Users/s_a_a/Desktop/NUCLEO-F446RE/APP/Build/Object/Src/App_Config.o
                0x2000622c                Bias_gyro_data
 .bss.LED_Global
                0x20006232        0x1 C:/Users/s_a_a/Desktop/NUCLEO-F446RE/APP/Build/Object/Src/App_Ctrl.o
                0x20006232                LED_Global
 .bss.s_pwm_duty
                0x20006233        0x1 C:/Users/s_a_a/Desktop/NUCLEO-F446RE/APP/Build/Object/Src/App_Ctrl.o
 .bss.i.0       0x20006234        0x1 C:/Users/s_a_a/Desktop/NUCLEO-F446RE/APP/Build/Object/Src/App_Ctrl.o
 .bss.s_pwm_pending
                0x20006235        0x1 C:/Users/s_a_a/Desktop/NUCLEO-F446RE/APP/Build/Object/Src/ISR.o
 .bss.s_uart1_armed
                0x20006236        0x1 C:/Users/s_a_a/Desktop/NUCLEO-F446RE/APP/Build/Object/Src/ISR.o
 *fill*         0x20006237        0x1 
 .bss.RCC_Configuration
                0x20006238        0xc C:/Users/s_a_a/Desktop/NUCLEO-F446RE/APP/Build/Object/Src/main.o
                0x20006238                RCC_Configuration
 .bss.accel_data
                0x20006244        0x6 C:/Users/s_a_a/Desktop/NUCLEO-F446RE/APP/Build/Object/Src/SwM.o
                0x20006244                accel_data
 *fill*         0x2000624a        0x2 
 .bss.gyro_data
                0x2000624c        0x6 C:/Users/s_a_a/Desktop/NUCLEO-F446RE/APP/Build/Object/Src/SwM.o
                0x2000624c                gyro_data
 .bss.User_Option
                0x20006252        0x1 C:/Users/s_a_a/Desktop/NUCLEO-F446RE/APP/Build/Object/Src/SwM.o
                0x20006252                User_Option
 .bss.counter.2
                0x20006253        0x1 C:/Users/s_a_a/Desktop/NUCLEO-F446RE/APP/Build/Object/Src/SwM.o
 .bss.flag.1    0x20006254        0x1 C:/Users/s_a_a/Desktop/NUCLEO-F446RE/APP/Build/Object/Src/SwM.o
 .bss.tick.0    0x20006255        0x1 C:/Users/s_a_a/Desktop/NUCLEO-F446RE/APP/Build/Object/Src/SwM.o
 *fill*         0x20006256        0x2 
 .bss.Get_Time  0x20006258        0x4 C:/Users/s_a_a/Desktop/NUCLEO-F446RE/APP/Build/Object/Src/Telemetry.o
                0x20006258                Get_Time
 .bss.counter.0
                0x2000625c        0x4 C:/Users/s_a_a/Desktop/NUCLEO-F446RE/APP/Build/Object/Src/Telemetry.o
                0x20006260                . = ALIGN (0x4)
                0x20006260                _ebss = .

._user_heap_stack
                0x20006260     0x1200 load address 0x08010f68
                0x20006260                . = ALIGN (0x8)
                0x20006460                . = (. + _Min_Heap_Size)
 *fill*         0x20006260      0x200 
                0x20007460                . = (. + _Min_Stack_Size)
 *fill*         0x20006460     0x1000 
                0x20007460                . = ALIGN (0x8)
LOAD C:/Users/s_a_a/Desktop/NUCLEO-F446RE/APP/Build/Object/MCAL/RCC/src/RCC_program.o
LOAD C:/Users/s_a_a/Desktop/NUCLEO-F446RE/APP/Build/Object/MCAL/NVIC/src/NVIC_program.o
LOAD C:/Users/s_a_a/Desktop/NUCLEO-F446RE/APP/Build/Object/MCAL/SysTick/src/SysTick_program.o
LOAD C:/Users/s_a_a/Desktop/NUCLEO-F446RE/APP/Build/Object/MCAL/GPIO/src/GPIO_program.o
LOAD C:/Users/s_a_a/Desktop/NUCLEO-F446RE/APP/Build/Object/MCAL/ADC/src/ADC.o
LOAD C:/Users/s_a_a/Desktop/NUCLEO-F446RE/APP/Build/Object/MCAL/UART/src/UART.o
LOAD C:/Users/s_a_a/Desktop/NUCLEO-F446RE/APP/Build/Object/MCAL/PwrMD/src/LOW_POWER.o
LOAD C:/Users/s_a_a/Desktop/NUCLEO-F446RE/APP/Build/Object/MCAL/DMA/src/DMA.o
LOAD C:/Users/s_a_a/Desktop/NUCLEO-F446RE/APP/Build/Object/MCAL/IWDG/src/IWDG.o
LOAD C:/Users/s_a_a/Desktop/NUCLEO-F446RE/APP/Build/Object/MCAL/WWDG/src/WWDG.o
LOAD C:/Users/s_a_a/Desktop/NUCLEO-F446RE/APP/Build/Object/MCAL/RTC/src/RTC.o
LOAD C:/Users/s_a_a/Desktop/NUCLEO-F446RE/APP/Build/Object/MCAL/FPU/src/FPU.o
LOAD C:/Users/s_a_a/Desktop/NUCLEO-F446RE/APP/Build/Object/MCAL/MPU/src/MPU.o
LOAD C:/Users/s_a_a/Desktop/NUCLEO-F446RE/APP/Build/Object/MCAL/CRC/src/CRC.o
LOAD C:/Users/s_a_a/Desktop/NUCLEO-F446RE/APP/Build/Object/MCAL/BASIC_TIMER/src/Basic_Timer.o
LOAD C:/Users/s_a_a/Desktop/NUCLEO-F446RE/APP/Build/Object/MCAL/I2C/src/I2C.o
LOAD C:/Users/s_a_a/Desktop/NUCLEO-F446RE/APP/Build/Object/MCAL/FLASH/src/FLASH.o
LOAD C:/Users/s_a_a/Desktop/NUCLEO-F446RE/APP/Build/Object/MCAL/GP_TIMER/src/GP_Timer.o
LOAD C:/Users/s_a_a/Desktop/NUCLEO-F446RE/APP/Build/Object/MCAL/PendSV/src/PendSV.o
LOAD C:/Users/s_a_a/Desktop/NUCLEO-F446RE/APP/Build/Object/HAL/ESP/ESP.o
LOAD C:/Users/s_a_a/Desktop/NUCLEO-F446RE/APP/Build/Object/HAL/OLED/OLED.o
LOAD C:/Users/s_a_a/Desktop/NUCLEO-F446RE/APP/Build/Object/HAL/MPU_6050/MPU_6050.o
LOAD C:/Users/s_a_a/Desktop/NUCLEO-F446RE/APP/Build/Object/P1/FLAPPY_Bird/FLAPPY_Bird.o
LOAD C:/Users/s_a_a/Desktop/NUCLEO-F446RE/APP/Build/Object/P1/Snake/Snake.o
LOAD C:/Users/s_a_a/Desktop/NUCLEO-F446RE/APP/Build/Object/RTOS/RTOS.o
LOAD C:/Users/s_a_a/Desktop/NUCLEO-F446RE/APP/Build/Object/Startup/startup_stm32f103.o
LOAD C:/Users/s_a_a/Desktop/NUCLEO-F446RE/APP/Build/Object/Src/App_Config.o
LOAD C:/Users/s_a_a/Desktop/NUCLEO-F446RE/APP/Build/Object/Src/App_Ctrl.o
LOAD C:/Users/s_a_a/Desktop/NUCLEO-F446RE/APP/Build/Object/Src/ISR.o
LOAD C:/Users/s_a_a/Desktop/NUCLEO-F446RE/APP/Build/Object/Src/main.o
LOAD C:/Users/s_a_a/Desktop/NUCLEO-F446RE/APP/Build/Object/Src/SwM.o
LOAD C:/Users/s_a_a/Desktop/NUCLEO-F446RE/APP/Build/Object/Src/Telemetry.o
OUTPUT(C:/Users/s_a_a/Desktop/NUCLEO-F446RE/APP/Tools/application.elf elf32-littlearm)
LOAD linker stubs

.debug_info     0x00000000     0x7f83
 .debug_info    0x00000000      0x3e2 C:/Users/s_a_a/Desktop/NUCLEO-F446RE/APP/Build/Object/MCAL/RCC/src/RCC_program.o
 .debug_info    0x000003e2      0x303 C:/Users/s_a_a/Desktop/NUCLEO-F446RE/APP/Build/Object/MCAL/NVIC/src/NVIC_program.o
 .debug_info    0x000006e5      0x26b C:/Users/s_a_a/Desktop/NUCLEO-F446RE/APP/Build/Object/MCAL/SysTick/src/SysTick_program.o
 .debug_info    0x00000950      0x531 C:/Users/s_a_a/Desktop/NUCLEO-F446RE/APP/Build/Object/MCAL/GPIO/src/GPIO_program.o
 .debug_info    0x00000e81      0x233 C:/Users/s_a_a/Desktop/NUCLEO-F446RE/APP/Build/Object/MCAL/ADC/src/ADC.o
 .debug_info    0x000010b4      0x63a C:/Users/s_a_a/Desktop/NUCLEO-F446RE/APP/Build/Object/MCAL/UART/src/UART.o
 .debug_info    0x000016ee      0x2d2 C:/Users/s_a_a/Desktop/NUCLEO-F446RE/APP/Build/Object/MCAL/PwrMD/src/LOW_POWER.o
 .debug_info    0x000019c0      0x6d0 C:/Users/s_a_a/Desktop/NUCLEO-F446RE/APP/Build/Object/MCAL/DMA/src/DMA.o
 .debug_info    0x00002090      0x1bc C:/Users/s_a_a/Desktop/NUCLEO-F446RE/APP/Build/Object/MCAL/IWDG/src/IWDG.o
 .debug_info    0x0000224c      0x20f C:/Users/s_a_a/Desktop/NUCLEO-F446RE/APP/Build/Object/MCAL/WWDG/src/WWDG.o
 .debug_info    0x0000245b      0x8a1 C:/Users/s_a_a/Desktop/NUCLEO-F446RE/APP/Build/Object/MCAL/RTC/src/RTC.o
 .debug_info    0x00002cfc      0x2d3 C:/Users/s_a_a/Desktop/NUCLEO-F446RE/APP/Build/Object/MCAL/FPU/src/FPU.o
 .debug_info    0x00002fcf      0x319 C:/Users/s_a_a/Desktop/NUCLEO-F446RE/APP/Build/Object/MCAL/MPU/src/MPU.o
 .debug_info    0x000032e8      0x340 C:/Users/s_a_a/Desktop/NUCLEO-F446RE/APP/Build/Object/MCAL/CRC/src/CRC.o
 .debug_info    0x00003628      0x3af C:/Users/s_a_a/Desktop/NUCLEO-F446RE/APP/Build/Object/MCAL/BASIC_TIMER/src/Basic_Timer.o
 .debug_info    0x000039d7      0xbcd C:/Users/s_a_a/Desktop/NUCLEO-F446RE/APP/Build/Object/MCAL/I2C/src/I2C.o
 .debug_info    0x000045a4      0x684 C:/Users/s_a_a/Desktop/NUCLEO-F446RE/APP/Build/Object/MCAL/FLASH/src/FLASH.o
 .debug_info    0x00004c28      0x451 C:/Users/s_a_a/Desktop/NUCLEO-F446RE/APP/Build/Object/MCAL/GP_TIMER/src/GP_Timer.o
 .debug_info    0x00005079       0xc0 C:/Users/s_a_a/Desktop/NUCLEO-F446RE/APP/Build/Object/MCAL/PendSV/src/PendSV.o
 .debug_info    0x00005139      0x1b8 C:/Users/s_a_a/Desktop/NUCLEO-F446RE/APP/Build/Object/HAL/ESP/ESP.o
 .debug_info    0x000052f1      0x659 C:/Users/s_a_a/Desktop/NUCLEO-F446RE/APP/Build/Object/HAL/OLED/OLED.o
 .debug_info    0x0000594a      0x4ec C:/Users/s_a_a/Desktop/NUCLEO-F446RE/APP/Build/Object/HAL/MPU_6050/MPU_6050.o
 .debug_info    0x00005e36      0x11b C:/Users/s_a_a/Desktop/NUCLEO-F446RE/APP/Build/Object/P1/FLAPPY_Bird/FLAPPY_Bird.o
 .debug_info    0x00005f51      0x341 C:/Users/s_a_a/Desktop/NUCLEO-F446RE/APP/Build/Object/P1/Snake/Snake.o
 .debug_info    0x00006292      0x568 C:/Users/s_a_a/Desktop/NUCLEO-F446RE/APP/Build/Object/RTOS/RTOS.o
 .debug_info    0x000067fa      0x148 C:/Users/s_a_a/Desktop/NUCLEO-F446RE/APP/Build/Object/Startup/startup_stm32f103.o
 .debug_info    0x00006942      0x7ac C:/Users/s_a_a/Desktop/NUCLEO-F446RE/APP/Build/Object/Src/App_Config.o
 .debug_info    0x000070ee      0x31f C:/Users/s_a_a/Desktop/NUCLEO-F446RE/APP/Build/Object/Src/App_Ctrl.o
 .debug_info    0x0000740d      0x164 C:/Users/s_a_a/Desktop/NUCLEO-F446RE/APP/Build/Object/Src/ISR.o
 .debug_info    0x00007571      0x517 C:/Users/s_a_a/Desktop/NUCLEO-F446RE/APP/Build/Object/Src/main.o
 .debug_info    0x00007a88      0x24f C:/Users/s_a_a/Desktop/NUCLEO-F446RE/APP/Build/Object/Src/SwM.o
 .debug_info    0x00007cd7      0x2ac C:/Users/s_a_a/Desktop/NUCLEO-F446RE/APP/Build/Object/Src/Telemetry.o

.debug_abbrev   0x00000000     0x276c
 .debug_abbrev  0x00000000      0x134 C:/Users/s_a_a/Desktop/NUCLEO-F446RE/APP/Build/Object/MCAL/RCC/src/RCC_program.o
 .debug_abbrev  0x00000134      0x12e C:/Users/s_a_a/Desktop/NUCLEO-F446RE/APP/Build/Object/MCAL/NVIC/src/NVIC_program.o
 .debug_abbrev  0x00000262      0x144 C:/Users/s_a_a/Desktop/NUCLEO-F446RE/APP/Build/Object/MCAL/SysTick/src/SysTick_program.o
 .debug_abbrev  0x000003a6      0x129 C:/Users/s_a_a/Desktop/NUCLEO-F446RE/APP/Build/Object/MCAL/GPIO/src/GPIO_program.o
 .debug_abbrev  0x000004cf       0xef C:/Users/s_a_a/Desktop/NUCLEO-F446RE/APP/Build/Object/MCAL/ADC/src/ADC.o
 .debug_abbrev  0x000005be      0x165 C:/Users/s_a_a/Desktop/NUCLEO-F446RE/APP/Build/Object/MCAL/UART/src/UART.o
 .debug_abbrev  0x00000723      0x120 C:/Users/s_a_a/Desktop/NUCLEO-F446RE/APP/Build/Object/MCAL/PwrMD/src/LOW_POWER.o
 .debug_abbrev  0x00000843      0x1e5 C:/Users/s_a_a/Desktop/NUCLEO-F446RE/APP/Build/Object/MCAL/DMA/src/DMA.o
 .debug_abbrev  0x00000a28       0xeb C:/Users/s_a_a/Desktop/NUCLEO-F446RE/APP/Build/Object/MCAL/IWDG/src/IWDG.o
 .debug_abbrev  0x00000b13      0x120 C:/Users/s_a_a/Desktop/NUCLEO-F446RE/APP/Build/Object/MCAL/WWDG/src/WWDG.o
 .debug_abbrev  0x00000c33      0x249 C:/Users/s_a_a/Desktop/NUCLEO-F446RE/APP/Build/Object/MCAL/RTC/src/RTC.o
 .debug_abbrev  0x00000e7c      0x10a C:/Users/s_a_a/Desktop/NUCLEO-F446RE/APP/Build/Object/MCAL/FPU/src/FPU.o
 .debug_abbrev  0x00000f86      0x11c C:/Users/s_a_a/Desktop/NUCLEO-F446RE/APP/Build/Object/MCAL/MPU/src/MPU.o
 .debug_abbrev  0x000010a2      0x136 C:/Users/s_a_a/Desktop/NUCLEO-F446RE/APP/Build/Object/MCAL/CRC/src/CRC.o
 .debug_abbrev  0x000011d8      0x116 C:/Users/s_a_a/Desktop/NUCLEO-F446RE/APP/Build/Object/MCAL/BASIC_TIMER/src/Basic_Timer.o
 .debug_abbrev  0x000012ee      0x23c C:/Users/s_a_a/Desktop/NUCLEO-F446RE/APP/Build/Object/MCAL/I2C/src/I2C.o
 .debug_abbrev  0x0000152a      0x1aa C:/Users/s_a_a/Desktop/NUCLEO-F446RE/APP/Build/Object/MCAL/FLASH/src/FLASH.o
 .debug_abbrev  0x000016d4       0xfc C:/Users/s_a_a/Desktop/NUCLEO-F446RE/APP/Build/Object/MCAL/GP_TIMER/src/GP_Timer.o
 .debug_abbrev  0x000017d0       0x6e C:/Users/s_a_a/Desktop/NUCLEO-F446RE/APP/Build/Object/MCAL/PendSV/src/PendSV.o
 .debug_abbrev  0x0000183e      0x120 C:/Users/s_a_a/Desktop/NUCLEO-F446RE/APP/Build/Object/HAL/ESP/ESP.o
 .debug_abbrev  0x0000195e      0x13a C:/Users/s_a_a/Desktop/NUCLEO-F446RE/APP/Build/Object/HAL/OLED/OLED.o
 .debug_abbrev  0x00001a98      0x143 C:/Users/s_a_a/Desktop/NUCLEO-F446RE/APP/Build/Object/HAL/MPU_6050/MPU_6050.o
 .debug_abbrev  0x00001bdb       0x92 C:/Users/s_a_a/Desktop/NUCLEO-F446RE/APP/Build/Object/P1/FLAPPY_Bird/FLAPPY_Bird.o
 .debug_abbrev  0x00001c6d      0x19a C:/Users/s_a_a/Desktop/NUCLEO-F446RE/APP/Build/Object/P1/Snake/Snake.o
 .debug_abbrev  0x00001e07      0x25b C:/Users/s_a_a/Desktop/NUCLEO-F446RE/APP/Build/Object/RTOS/RTOS.o
 .debug_abbrev  0x00002062       0xe3 C:/Users/s_a_a/Desktop/NUCLEO-F446RE/APP/Build/Object/Startup/startup_stm32f103.o
 .debug_abbrev  0x00002145       0xeb C:/Users/s_a_a/Desktop/NUCLEO-F446RE/APP/Build/Object/Src/App_Config.o
 .debug_abbrev  0x00002230      0x113 C:/Users/s_a_a/Desktop/NUCLEO-F446RE/APP/Build/Object/Src/App_Ctrl.o
 .debug_abbrev  0x00002343       0xd4 C:/Users/s_a_a/Desktop/NUCLEO-F446RE/APP/Build/Object/Src/ISR.o
 .debug_abbrev  0x00002417      0x108 C:/Users/s_a_a/Desktop/NUCLEO-F446RE/APP/Build/Object/Src/main.o