
Discarded input sections

 .group         0x00000000        0xc /home/esmail/Desktop/NUCLEO-F446RE/APP/Build/Object/MCAL/RCC/src/RCC_program.o
 .group         0x00000000        0xc /home/esmail/Desktop/NUCLEO-F446RE/APP/Build/Object/MCAL/RCC/src/RCC_program.o
 .group         0x00000000        0xc /home/esmail/Desktop/NUCLEO-F446RE/APP/Build/Object/MCAL/RCC/src/RCC_program.o
 .group         0x00000000        0xc /home/esmail/Desktop/NUCLEO-F446RE/APP/Build/Object/MCAL/RCC/src/RCC_program.o
 .group         0x00000000        0xc /home/esmail/Desktop/NUCLEO-F446RE/APP/Build/Object/MCAL/NVIC/src/NVIC_program.o
 .group         0x00000000        0xc /home/esmail/Desktop/NUCLEO-F446RE/APP/Build/Object/MCAL/NVIC/src/NVIC_program.o
 .group         0x00000000        0xc /home/esmail/Desktop/NUCLEO-F446RE/APP/Build/Object/MCAL/NVIC/src/NVIC_program.o
 .group         0x00000000        0xc /home/esmail/Desktop/NUCLEO-F446RE/APP/Build/Object/MCAL/NVIC/src/NVIC_program.o
 .group         0x00000000        0xc /home/esmail/Desktop/NUCLEO-F446RE/APP/Build/Object/MCAL/NVIC/src/NVIC_program.o
 .debug_macro   0x00000000      0xac6 /home/esmail/Desktop/NUCLEO-F446RE/APP/Build/Object/MCAL/NVIC/src/NVIC_program.o
 .debug_macro   0x00000000       0x10 /home/esmail/Desktop/NUCLEO-F446RE/APP/Build/Object/MCAL/NVIC/src/NVIC_program.o
 .debug_macro   0x00000000       0x22 /home/esmail/Desktop/NUCLEO-F446RE/APP/Build/Object/MCAL/NVIC/src/NVIC_program.o
 .group         0x00000000        0xc /home/esmail/Desktop/NUCLEO-F446RE/APP/Build/Object/MCAL/SysTick/src/SysTick_program.o
 .group         0x00000000        0xc /home/esmail/Desktop/NUCLEO-F446RE/APP/Build/Object/MCAL/SysTick/src/SysTick_program.o
 .group         0x00000000        0xc /home/esmail/Desktop/NUCLEO-F446RE/APP/Build/Object/MCAL/SysTick/src/SysTick_program.o
 .group         0x00000000        0xc /home/esmail/Desktop/NUCLEO-F446RE/APP/Build/Object/MCAL/SysTick/src/SysTick_program.o
 .group         0x00000000        0xc /home/esmail/Desktop/NUCLEO-F446RE/APP/Build/Object/MCAL/SysTick/src/SysTick_program.o
 .debug_macro   0x00000000      0xac6 /home/esmail/Desktop/NUCLEO-F446RE/APP/Build/Object/MCAL/SysTick/src/SysTick_program.o
 .debug_macro   0x00000000       0x10 /home/esmail/Desktop/NUCLEO-F446RE/APP/Build/Object/MCAL/SysTick/src/SysTick_program.o
 .debug_macro   0x00000000       0x22 /home/esmail/Desktop/NUCLEO-F446RE/APP/Build/Object/MCAL/SysTick/src/SysTick_program.o
 .group         0x00000000        0xc /home/esmail/Desktop/NUCLEO-F446RE/APP/Build/Object/MCAL/GPIO/src/GPIO_program.o
 .group         0x00000000        0xc /home/esmail/Desktop/NUCLEO-F446RE/APP/Build/Object/MCAL/GPIO/src/GPIO_program.o
 .group         0x00000000        0xc /home/esmail/Desktop/NUCLEO-F446RE/APP/Build/Object/MCAL/GPIO/src/GPIO_program.o
 .group         0x00000000        0xc /home/esmail/Desktop/NUCLEO-F446RE/APP/Build/Object/MCAL/GPIO/src/GPIO_program.o
 .group         0x00000000        0xc /home/esmail/Desktop/NUCLEO-F446RE/APP/Build/Object/MCAL/GPIO/src/GPIO_program.o
 .debug_macro   0x00000000      0xac6 /home/esmail/Desktop/NUCLEO-F446RE/APP/Build/Object/MCAL/GPIO/src/GPIO_program.o
 .debug_macro   0x00000000       0x10 /home/esmail/Desktop/NUCLEO-F446RE/APP/Build/Object/MCAL/GPIO/src/GPIO_program.o
 .debug_macro   0x00000000       0x22 /home/esmail/Desktop/NUCLEO-F446RE/APP/Build/Object/MCAL/GPIO/src/GPIO_program.o
 .group         0x00000000        0xc /home/esmail/Desktop/NUCLEO-F446RE/APP/Build/Object/MCAL/UART/src/UART.o
 .group         0x00000000        0xc /home/esmail/Desktop/NUCLEO-F446RE/APP/Build/Object/MCAL/UART/src/UART.o
 .group         0x00000000        0xc /home/esmail/Desktop/NUCLEO-F446RE/APP/Build/Object/MCAL/UART/src/UART.o
 .group         0x00000000        0xc /home/esmail/Desktop/NUCLEO-F446RE/APP/Build/Object/MCAL/UART/src/UART.o
 .debug_macro   0x00000000      0xac6 /home/esmail/Desktop/NUCLEO-F446RE/APP/Build/Object/MCAL/UART/src/UART.o
 .debug_macro   0x00000000       0x10 /home/esmail/Desktop/NUCLEO-F446RE/APP/Build/Object/MCAL/UART/src/UART.o
 .debug_macro   0x00000000       0x22 /home/esmail/Desktop/NUCLEO-F446RE/APP/Build/Object/MCAL/UART/src/UART.o
 .group         0x00000000        0xc /home/esmail/Desktop/NUCLEO-F446RE/APP/Build/Object/MCAL/DMA/src/DMA.o
 .group         0x00000000        0xc /home/esmail/Desktop/NUCLEO-F446RE/APP/Build/Object/MCAL/DMA/src/DMA.o
 .group         0x00000000        0xc /home/esmail/Desktop/NUCLEO-F446RE/APP/Build/Object/MCAL/DMA/src/DMA.o
 .group         0x00000000        0xc /home/esmail/Desktop/NUCLEO-F446RE/APP/Build/Object/MCAL/DMA/src/DMA.o
 .debug_macro   0x00000000      0xac6 /home/esmail/Desktop/NUCLEO-F446RE/APP/Build/Object/MCAL/DMA/src/DMA.o
 .debug_macro   0x00000000       0x10 /home/esmail/Desktop/NUCLEO-F446RE/APP/Build/Object/MCAL/DMA/src/DMA.o
 .group         0x00000000        0xc /home/esmail/Desktop/NUCLEO-F446RE/APP/Build/Object/MCAL/BASIC_TIMER/src/Basic_Timer.o
 .group         0x00000000        0xc /home/esmail/Desktop/NUCLEO-F446RE/APP/Build/Object/MCAL/BASIC_TIMER/src/Basic_Timer.o
 .group         0x00000000        0xc /home/esmail/Desktop/NUCLEO-F446RE/APP/Build/Object/MCAL/BASIC_TIMER/src/Basic_Timer.o
 .group         0x00000000        0xc /home/esmail/Desktop/NUCLEO-F446RE/APP/Build/Object/MCAL/BASIC_TIMER/src/Basic_Timer.o
 .group         0x00000000        0xc /home/esmail/Desktop/NUCLEO-F446RE/APP/Build/Object/MCAL/BASIC_TIMER/src/Basic_Timer.o
 .debug_macro   0x00000000      0xac6 /home/esmail/Desktop/NUCLEO-F446RE/APP/Build/Object/MCAL/BASIC_TIMER/src/Basic_Timer.o
 .debug_macro   0x00000000       0x10 /home/esmail/Desktop/NUCLEO-F446RE/APP/Build/Object/MCAL/BASIC_TIMER/src/Basic_Timer.o
 .debug_macro   0x00000000       0x22 /home/esmail/Desktop/NUCLEO-F446RE/APP/Build/Object/MCAL/BASIC_TIMER/src/Basic_Timer.o
 .group         0x00000000        0xc /home/esmail/Desktop/NUCLEO-F446RE/APP/Build/Object/MCAL/I2C/src/I2C.o
 .group         0x00000000        0xc /home/esmail/Desktop/NUCLEO-F446RE/APP/Build/Object/MCAL/I2C/src/I2C.o
 .group         0x00000000        0xc /home/esmail/Desktop/NUCLEO-F446RE/APP/Build/Object/MCAL/I2C/src/I2C.o
 .group         0x00000000        0xc /home/esmail/Desktop/NUCLEO-F446RE/APP/Build/Object/MCAL/I2C/src/I2C.o
 .debug_macro   0x00000000      0xac6 /home/esmail/Desktop/NUCLEO-F446RE/APP/Build/Object/MCAL/I2C/src/I2C.o
 .debug_macro   0x00000000       0x10 /home/esmail/Desktop/NUCLEO-F446RE/APP/Build/Object/MCAL/I2C/src/I2C.o
 .debug_macro   0x00000000       0x22 /home/esmail/Desktop/NUCLEO-F446RE/APP/Build/Object/MCAL/I2C/src/I2C.o
 .group         0x00000000        0xc /home/esmail/Desktop/NUCLEO-F446RE/APP/Build/Object/MCAL/FLASH/src/FLASH.o
 .group         0x00000000        0xc /home/esmail/Desktop/NUCLEO-F446RE/APP/Build/Object/MCAL/FLASH/src/FLASH.o
 .group         0x00000000        0xc /home/esmail/Desktop/NUCLEO-F446RE/APP/Build/Object/MCAL/FLASH/src/FLASH.o
 .debug_macro   0x00000000      0xac6 /home/esmail/Desktop/NUCLEO-F446RE/APP/Build/Object/MCAL/FLASH/src/FLASH.o
 .debug_macro   0x00000000       0x10 /home/esmail/Desktop/NUCLEO-F446RE/APP/Build/Object/MCAL/FLASH/src/FLASH.o
 .group         0x00000000        0xc /home/esmail/Desktop/NUCLEO-F446RE/APP/Build/Object/HAL/ESP/ESP.o
 .group         0x00000000        0xc /home/esmail/Desktop/NUCLEO-F446RE/APP/Build/Object/HAL/ESP/ESP.o
 .group         0x00000000        0xc /home/esmail/Desktop/NUCLEO-F446RE/APP/Build/Object/HAL/ESP/ESP.o
 .group         0x00000000        0xc /home/esmail/Desktop/NUCLEO-F446RE/APP/Build/Object/HAL/ESP/ESP.o
 .debug_macro   0x00000000      0xac6 /home/esmail/Desktop/NUCLEO-F446RE/APP/Build/Object/HAL/ESP/ESP.o
 .debug_macro   0x00000000       0x10 /home/esmail/Desktop/NUCLEO-F446RE/APP/Build/Object/HAL/ESP/ESP.o
 .debug_macro   0x00000000       0x22 /home/esmail/Desktop/NUCLEO-F446RE/APP/Build/Object/HAL/ESP/ESP.o
 .debug_macro   0x00000000       0x70 /home/esmail/Desktop/NUCLEO-F446RE/APP/Build/Object/HAL/ESP/ESP.o
 .group         0x00000000        0xc /home/esmail/Desktop/NUCLEO-F446RE/APP/Build/Object/HAL/OLED/OLED.o
 .group         0x00000000        0xc /home/esmail/Desktop/NUCLEO-F446RE/APP/Build/Object/HAL/OLED/OLED.o
 .group         0x00000000        0xc /home/esmail/Desktop/NUCLEO-F446RE/APP/Build/Object/HAL/OLED/OLED.o
 .group         0x00000000        0xc /home/esmail/Desktop/NUCLEO-F446RE/APP/Build/Object/HAL/OLED/OLED.o
 .group         0x00000000        0xc /home/esmail/Desktop/NUCLEO-F446RE/APP/Build/Object/HAL/OLED/OLED.o
 .debug_macro   0x00000000      0xac6 /home/esmail/Desktop/NUCLEO-F446RE/APP/Build/Object/HAL/OLED/OLED.o
 .debug_macro   0x00000000       0x10 /home/esmail/Desktop/NUCLEO-F446RE/APP/Build/Object/HAL/OLED/OLED.o
 .debug_macro   0x00000000       0x22 /home/esmail/Desktop/NUCLEO-F446RE/APP/Build/Object/HAL/OLED/OLED.o
 .debug_macro   0x00000000       0x64 /home/esmail/Desktop/NUCLEO-F446RE/APP/Build/Object/HAL/OLED/OLED.o
 .group         0x00000000        0xc /home/esmail/Desktop/NUCLEO-F446RE/APP/Build/Object/P1/FLAPPY_Bird/FLAPPY_Bird.o
 .group         0x00000000        0xc /home/esmail/Desktop/NUCLEO-F446RE/APP/Build/Object/P1/FLAPPY_Bird/FLAPPY_Bird.o
 .group         0x00000000        0xc /home/esmail/Desktop/NUCLEO-F446RE/APP/Build/Object/P1/FLAPPY_Bird/FLAPPY_Bird.o
 .group         0x00000000        0xc /home/esmail/Desktop/NUCLEO-F446RE/APP/Build/Object/P1/FLAPPY_Bird/FLAPPY_Bird.o
 .group         0x00000000        0xc /home/esmail/Desktop/NUCLEO-F446RE/APP/Build/Object/P1/FLAPPY_Bird/FLAPPY_Bird.o
 .debug_macro   0x00000000      0xac6 /home/esmail/Desktop/NUCLEO-F446RE/APP/Build/Object/P1/FLAPPY_Bird/FLAPPY_Bird.o
 .debug_macro   0x00000000       0x10 /home/esmail/Desktop/NUCLEO-F446RE/APP/Build/Object/P1/FLAPPY_Bird/FLAPPY_Bird.o
 .debug_macro   0x00000000       0x22 /home/esmail/Desktop/NUCLEO-F446RE/APP/Build/Object/P1/FLAPPY_Bird/FLAPPY_Bird.o
 .debug_macro   0x00000000       0x64 /home/esmail/Desktop/NUCLEO-F446RE/APP/Build/Object/P1/FLAPPY_Bird/FLAPPY_Bird.o
 .debug_macro   0x00000000       0x1c /home/esmail/Desktop/NUCLEO-F446RE/APP/Build/Object/P1/FLAPPY_Bird/FLAPPY_Bird.o
 .group         0x00000000        0xc /home/esmail/Desktop/NUCLEO-F446RE/APP/Build/Object/RTOS/RTOS.o
 .group         0x00000000        0xc /home/esmail/Desktop/NUCLEO-F446RE/APP/Build/Object/RTOS/RTOS.o
 .group         0x00000000        0xc /home/esmail/Desktop/NUCLEO-F446RE/APP/Build/Object/RTOS/RTOS.o
 .group         0x00000000        0xc /home/esmail/Desktop/NUCLEO-F446RE/APP/Build/Object/RTOS/RTOS.o
 .group         0x00000000        0xc /home/esmail/Desktop/NUCLEO-F446RE/APP/Build/Object/RTOS/RTOS.o
 .group         0x00000000        0xc /home/esmail/Desktop/NUCLEO-F446RE/APP/Build/Object/RTOS/RTOS.o
 .debug_macro   0x00000000      0xac6 /home/esmail/Desktop/NUCLEO-F446RE/APP/Build/Object/RTOS/RTOS.o
 .debug_macro   0x00000000       0x10 /home/esmail/Desktop/NUCLEO-F446RE/APP/Build/Object/RTOS/RTOS.o
 .debug_macro   0x00000000       0x22 /home/esmail/Desktop/NUCLEO-F446RE/APP/Build/Object/RTOS/RTOS.o
 .debug_macro   0x00000000       0x22 /home/esmail/Desktop/NUCLEO-F446RE/APP/Build/Object/RTOS/RTOS.o
 .debug_macro   0x00000000       0x2e /home/esmail/Desktop/NUCLEO-F446RE/APP/Build/Object/RTOS/RTOS.o
 .group         0x00000000        0xc /home/esmail/Desktop/NUCLEO-F446RE/APP/Build/Object/Startup/startup_stm32f103.o
 .debug_macro   0x00000000      0xac6 /home/esmail/Desktop/NUCLEO-F446RE/APP/Build/Object/Startup/startup_stm32f103.o
 .group         0x00000000        0xc /home/esmail/Desktop/NUCLEO-F446RE/APP/Build/Object/Src/main.o
 .group         0x00000000        0xc /home/esmail/Desktop/NUCLEO-F446RE/APP/Build/Object/Src/main.o
 .group         0x00000000        0xc /home/esmail/Desktop/NUCLEO-F446RE/APP/Build/Object/Src/main.o
 .group         0x00000000        0xc /home/esmail/Desktop/NUCLEO-F446RE/APP/Build/Object/Src/main.o
 .group         0x00000000        0xc /home/esmail/Desktop/NUCLEO-F446RE/APP/Build/Object/Src/main.o
 .group         0x00000000        0xc /home/esmail/Desktop/NUCLEO-F446RE/APP/Build/Object/Src/main.o
 .group         0x00000000        0xc /home/esmail/Desktop/NUCLEO-F446RE/APP/Build/Object/Src/main.o
 .group         0x00000000        0xc /home/esmail/Desktop/NUCLEO-F446RE/APP/Build/Object/Src/main.o
 .group         0x00000000        0xc /home/esmail/Desktop/NUCLEO-F446RE/APP/Build/Object/Src/main.o
 .group         0x00000000        0xc /home/esmail/Desktop/NUCLEO-F446RE/APP/Build/Object/Src/main.o
 .group         0x00000000        0xc /home/esmail/Desktop/NUCLEO-F446RE/APP/Build/Object/Src/main.o
 .group         0x00000000        0xc /home/esmail/Desktop/NUCLEO-F446RE/APP/Build/Object/Src/main.o
 .debug_macro   0x00000000      0xac6 /home/esmail/Desktop/NUCLEO-F446RE/APP/Build/Object/Src/main.o
 .debug_macro   0x00000000       0x10 /home/esmail/Desktop/NUCLEO-F446RE/APP/Build/Object/Src/main.o
 .debug_macro   0x00000000       0x22 /home/esmail/Desktop/NUCLEO-F446RE/APP/Build/Object/Src/main.o
 .debug_macro   0x00000000       0xd0 /home/esmail/Desktop/NUCLEO-F446RE/APP/Build/Object/Src/main.o
 .debug_macro   0x00000000       0x10 /home/esmail/Desktop/NUCLEO-F446RE/APP/Build/Object/Src/main.o
 .debug_macro   0x00000000       0x6a /home/esmail/Desktop/NUCLEO-F446RE/APP/Build/Object/Src/main.o
 .debug_macro   0x00000000       0x10 /home/esmail/Desktop/NUCLEO-F446RE/APP/Build/Object/Src/main.o
 .debug_macro   0x00000000       0x1c /home/esmail/Desktop/NUCLEO-F446RE/APP/Build/Object/Src/main.o

Memory Configuration

Name             Origin             Length             Attributes
FLASH            0x08008000         0x00078000         xr
RAM              0x20000000         0x00020000         xrw
*default*        0x00000000         0xffffffff

Linker script and memory map

                0x20020000                        _estack = (ORIGIN (RAM) + LENGTH (RAM))
                0x00000200                        _Min_Heap_Size = 0x200
                0x00001000                        _Min_Stack_Size = 0x1000

.isr_vector     0x08008000      0x178
                0x08008000                        . = ALIGN (0x4)
 *(.isr_vector)
 .isr_vector    0x08008000      0x178 /home/esmail/Desktop/NUCLEO-F446RE/APP/Build/Object/Startup/startup_stm32f103.o
                0x08008000                Vector_Table
                0x08008178                        . = ALIGN (0x4)

.text           0x08008178     0x3234
                0x08008178                        . = ALIGN (0x4)
 *(.text)
 .text          0x08008178        0x0 /home/esmail/Desktop/NUCLEO-F446RE/APP/Build/Object/MCAL/RCC/src/RCC_program.o
 .text          0x08008178        0x0 /home/esmail/Desktop/NUCLEO-F446RE/APP/Build/Object/MCAL/NVIC/src/NVIC_program.o
 .text          0x08008178        0x0 /home/esmail/Desktop/NUCLEO-F446RE/APP/Build/Object/MCAL/SysTick/src/SysTick_program.o
 .text          0x08008178        0x0 /home/esmail/Desktop/NUCLEO-F446RE/APP/Build/Object/MCAL/GPIO/src/GPIO_program.o
 .text          0x08008178        0x0 /home/esmail/Desktop/NUCLEO-F446RE/APP/Build/Object/MCAL/UART/src/UART.o
 .text          0x08008178        0x0 /home/esmail/Desktop/NUCLEO-F446RE/APP/Build/Object/MCAL/DMA/src/DMA.o
 .text          0x08008178        0x0 /home/esmail/Desktop/NUCLEO-F446RE/APP/Build/Object/MCAL/BASIC_TIMER/src/Basic_Timer.o
 .text          0x08008178        0x0 /home/esmail/Desktop/NUCLEO-F446RE/APP/Build/Object/MCAL/I2C/src/I2C.o
 .text          0x08008178        0x0 /home/esmail/Desktop/NUCLEO-F446RE/APP/Build/Object/MCAL/FLASH/src/FLASH.o
 .text          0x08008178        0x0 /home/esmail/Desktop/NUCLEO-F446RE/APP/Build/Object/HAL/ESP/ESP.o
 .text          0x08008178        0x0 /home/esmail/Desktop/NUCLEO-F446RE/APP/Build/Object/HAL/OLED/OLED.o
 .text          0x08008178        0x0 /home/esmail/Desktop/NUCLEO-F446RE/APP/Build/Object/P1/FLAPPY_Bird/FLAPPY_Bird.o
 .text          0x08008178        0x0 /home/esmail/Desktop/NUCLEO-F446RE/APP/Build/Object/RTOS/RTOS.o
 .text          0x08008178        0x0 /home/esmail/Desktop/NUCLEO-F446RE/APP/Build/Object/Startup/startup_stm32f103.o
 .text          0x08008178        0x0 /home/esmail/Desktop/NUCLEO-F446RE/APP/Build/Object/Src/main.o
 *(.text*)
 .text.RCC_EnableHSI
                0x08008178       0x30 /home/esmail/Desktop/NUCLEO-F446RE/APP/Build/Object/MCAL/RCC/src/RCC_program.o
 .text.RCC_EnableHSE
                0x080081a8       0x30 /home/esmail/Desktop/NUCLEO-F446RE/APP/Build/Object/MCAL/RCC/src/RCC_program.o
 .text.RCC_EnablePLL
                0x080081d8       0x30 /home/esmail/Desktop/NUCLEO-F446RE/APP/Build/Object/MCAL/RCC/src/RCC_program.o
 .text.RCC_DisablePLL
                0x08008208       0x30 /home/esmail/Desktop/NUCLEO-F446RE/APP/Build/Object/MCAL/RCC/src/RCC_program.o
 .text.RCC_SelectSystemClock
                0x08008238       0x4c /home/esmail/Desktop/NUCLEO-F446RE/APP/Build/Object/MCAL/RCC/src/RCC_program.o
 .text.RCC_ConfigPLL
                0x08008284       0x74 /home/esmail/Desktop/NUCLEO-F446RE/APP/Build/Object/MCAL/RCC/src/RCC_program.o
 .text.RCC_SetAHBPrescaler
                0x080082f8       0x34 /home/esmail/Desktop/NUCLEO-F446RE/APP/Build/Object/MCAL/RCC/src/RCC_program.o
 .text.RCC_SetAPB1Prescaler
                0x0800832c       0x34 /home/esmail/Desktop/NUCLEO-F446RE/APP/Build/Object/MCAL/RCC/src/RCC_program.o
 .text.RCC_SetAPB2Prescaler
                0x08008360       0x34 /home/esmail/Desktop/NUCLEO-F446RE/APP/Build/Object/MCAL/RCC/src/RCC_program.o
 .text.RCC_Init
                0x08008394       0x8e /home/esmail/Desktop/NUCLEO-F446RE/APP/Build/Object/MCAL/RCC/src/RCC_program.o
                0x08008394                RCC_Init
 *fill*         0x08008422        0x2 
 .text.RCC_EnableClock
                0x08008424       0xc0 /home/esmail/Desktop/NUCLEO-F446RE/APP/Build/Object/MCAL/RCC/src/RCC_program.o
                0x08008424                RCC_EnableClock
 .text.RCC_DisableClock
                0x080084e4       0xcc /home/esmail/Desktop/NUCLEO-F446RE/APP/Build/Object/MCAL/RCC/src/RCC_program.o
                0x080084e4                RCC_DisableClock
 .text.NVIC_EnableInterrupt
                0x080085b0       0x54 /home/esmail/Desktop/NUCLEO-F446RE/APP/Build/Object/MCAL/NVIC/src/NVIC_program.o
                0x080085b0                NVIC_EnableInterrupt
 .text.NVIC_DisableInterrupt
                0x08008604       0x54 /home/esmail/Desktop/NUCLEO-F446RE/APP/Build/Object/MCAL/NVIC/src/NVIC_program.o
                0x08008604                NVIC_DisableInterrupt
 .text.NVIC_SetPendingFlag
                0x08008658       0x54 /home/esmail/Desktop/NUCLEO-F446RE/APP/Build/Object/MCAL/NVIC/src/NVIC_program.o
                0x08008658                NVIC_SetPendingFlag
 .text.NVIC_ClearPendingFlag
                0x080086ac       0x54 /home/esmail/Desktop/NUCLEO-F446RE/APP/Build/Object/MCAL/NVIC/src/NVIC_program.o
                0x080086ac                NVIC_ClearPendingFlag
 .text.NVIC_GetActiveInterrupt
                0x08008700       0x6c /home/esmail/Desktop/NUCLEO-F446RE/APP/Build/Object/MCAL/NVIC/src/NVIC_program.o
                0x08008700                NVIC_GetActiveInterrupt
 .text.NVIC_SetPriority
                0x0800876c       0x68 /home/esmail/Desktop/NUCLEO-F446RE/APP/Build/Object/MCAL/NVIC/src/NVIC_program.o
                0x0800876c                NVIC_SetPriority
 .text.SysTick_voidInit
                0x080087d4       0x1c /home/esmail/Desktop/NUCLEO-F446RE/APP/Build/Object/MCAL/SysTick/src/SysTick_program.o
                0x080087d4                SysTick_voidInit
 .text.SysTick_voidSetBusyWait
                0x080087f0       0x54 /home/esmail/Desktop/NUCLEO-F446RE/APP/Build/Object/MCAL/SysTick/src/SysTick_program.o
                0x080087f0                SysTick_voidSetBusyWait
 .text.SysTick_voidSetIntervalSingle
                0x08008844       0x58 /home/esmail/Desktop/NUCLEO-F446RE/APP/Build/Object/MCAL/SysTick/src/SysTick_program.o
                0x08008844                SysTick_voidSetIntervalSingle
 .text.SysTick_voidSetIntervalPeriodoc
                0x0800889c       0x64 /home/esmail/Desktop/NUCLEO-F446RE/APP/Build/Object/MCAL/SysTick/src/SysTick_program.o
                0x0800889c                SysTick_voidSetIntervalPeriodoc
 .text.SysTick_voidStopTimer
                0x08008900       0x1c /home/esmail/Desktop/NUCLEO-F446RE/APP/Build/Object/MCAL/SysTick/src/SysTick_program.o
                0x08008900                SysTick_voidStopTimer
 .text.SysTick_GetElapsedTime
                0x0800891c       0x20 /home/esmail/Desktop/NUCLEO-F446RE/APP/Build/Object/MCAL/SysTick/src/SysTick_program.o
                0x0800891c                SysTick_GetElapsedTime
 .text.SysTick_GetRemaningTime
                0x0800893c       0x18 /home/esmail/Desktop/NUCLEO-F446RE/APP/Build/Object/MCAL/SysTick/src/SysTick_program.o
                0x0800893c                SysTick_GetRemaningTime
 .text.SysTick_Handler
                0x08008954       0x14 /home/esmail/Desktop/NUCLEO-F446RE/APP/Build/Object/MCAL/SysTick/src/SysTick_program.o
                0x08008954                SysTick_Handler
 .text.GPIO_GetPort
                0x08008968       0x88 /home/esmail/Desktop/NUCLEO-F446RE/APP/Build/Object/MCAL/GPIO/src/GPIO_program.o
 .text.GPIO_InitPin
                0x080089f0      0x106 /home/esmail/Desktop/NUCLEO-F446RE/APP/Build/Object/MCAL/GPIO/src/GPIO_program.o
                0x080089f0                GPIO_InitPin
 .text.GPIO_WritePin
                0x08008af6       0x60 /home/esmail/Desktop/NUCLEO-F446RE/APP/Build/Object/MCAL/GPIO/src/GPIO_program.o
                0x08008af6                GPIO_WritePin
 .text.GPIO_TogglePin
                0x08008b56       0x4a /home/esmail/Desktop/NUCLEO-F446RE/APP/Build/Object/MCAL/GPIO/src/GPIO_program.o
                0x08008b56                GPIO_TogglePin
 .text.GPIO_ReadPin
                0x08008ba0       0x4e /home/esmail/Desktop/NUCLEO-F446RE/APP/Build/Object/MCAL/GPIO/src/GPIO_program.o
                0x08008ba0                GPIO_ReadPin
 *fill*         0x08008bee        0x2 
 .text.GPIO_SetAF
                0x08008bf0      0x118 /home/esmail/Desktop/NUCLEO-F446RE/APP/Build/Object/MCAL/GPIO/src/GPIO_program.o
                0x08008bf0                GPIO_SetAF
 .text.Get_BASE_ADD
                0x08008d08       0x50 /home/esmail/Desktop/NUCLEO-F446RE/APP/Build/Object/MCAL/UART/src/UART.o
                0x08008d08                Get_BASE_ADD
 .text.Write_UART_Number
                0x08008d58       0x88 /home/esmail/Desktop/NUCLEO-F446RE/APP/Build/Object/MCAL/UART/src/UART.o
                0x08008d58                Write_UART_Number
 .text.UART_Init
                0x08008de0      0x132 /home/esmail/Desktop/NUCLEO-F446RE/APP/Build/Object/MCAL/UART/src/UART.o
                0x08008de0                UART_Init
 .text.UART_SendSyncBuffer
                0x08008f12       0x56 /home/esmail/Desktop/NUCLEO-F446RE/APP/Build/Object/MCAL/UART/src/UART.o
                0x08008f12                UART_SendSyncBuffer
 .text.UART_voidSendNumber
                0x08008f68       0x50 /home/esmail/Desktop/NUCLEO-F446RE/APP/Build/Object/MCAL/UART/src/UART.o
                0x08008f68                UART_voidSendNumber
 .text.UART1_CALLBACK
                0x08008fb8       0x24 /home/esmail/Desktop/NUCLEO-F446RE/APP/Build/Object/MCAL/UART/src/UART.o
                0x08008fb8                UART1_CALLBACK
 .text.UART2_CALLBACK
                0x08008fdc       0x24 /home/esmail/Desktop/NUCLEO-F446RE/APP/Build/Object/MCAL/UART/src/UART.o
                0x08008fdc                UART2_CALLBACK
 .text.UART3_CALLBACK
                0x08009000       0x24 /home/esmail/Desktop/NUCLEO-F446RE/APP/Build/Object/MCAL/UART/src/UART.o
                0x08009000                UART3_CALLBACK
 .text.USART2_IRQHandler
                0x08009024       0x84 /home/esmail/Desktop/NUCLEO-F446RE/APP/Build/Object/MCAL/UART/src/UART.o
                0x08009024                USART2_IRQHandler
 .text.USART3_IRQHandler
                0x080090a8       0x84 /home/esmail/Desktop/NUCLEO-F446RE/APP/Build/Object/MCAL/UART/src/UART.o
                0x080090a8                USART3_IRQHandler
 .text.USART1_IRQHandler
                0x0800912c       0x84 /home/esmail/Desktop/NUCLEO-F446RE/APP/Build/Object/MCAL/UART/src/UART.o
                0x0800912c                USART1_IRQHandler
 .text.DMA_GetStreamReg
                0x080091b0       0x44 /home/esmail/Desktop/NUCLEO-F446RE/APP/Build/Object/MCAL/DMA/src/DMA.o
                0x080091b0                DMA_GetStreamReg
 .text.dma_status_offset_for_stream
                0x080091f4       0x26 /home/esmail/Desktop/NUCLEO-F446RE/APP/Build/Object/MCAL/DMA/src/DMA.o
 *fill*         0x0800921a        0x2 
 .text.DMA_ReadStatus
                0x0800921c       0x5c /home/esmail/Desktop/NUCLEO-F446RE/APP/Build/Object/MCAL/DMA/src/DMA.o
 .text.DMA_ClearFlag
                0x08009278       0x5c /home/esmail/Desktop/NUCLEO-F446RE/APP/Build/Object/MCAL/DMA/src/DMA.o
 .text.DMA_DriverInit
                0x080092d4       0x60 /home/esmail/Desktop/NUCLEO-F446RE/APP/Build/Object/MCAL/DMA/src/DMA.o
                0x080092d4                DMA_DriverInit
 .text.DMA_ConfigStream
                0x08009334      0x142 /home/esmail/Desktop/NUCLEO-F446RE/APP/Build/Object/MCAL/DMA/src/DMA.o
                0x08009334                DMA_ConfigStream
 .text.DMA_Start
                0x08009476       0x76 /home/esmail/Desktop/NUCLEO-F446RE/APP/Build/Object/MCAL/DMA/src/DMA.o
                0x08009476                DMA_Start
 .text.DMA_Abort
                0x080094ec       0x4e /home/esmail/Desktop/NUCLEO-F446RE/APP/Build/Object/MCAL/DMA/src/DMA.o
                0x080094ec                DMA_Abort
 *fill*         0x0800953a        0x2 
 .text.DMA_RegisterCallback
                0x0800953c       0x64 /home/esmail/Desktop/NUCLEO-F446RE/APP/Build/Object/MCAL/DMA/src/DMA.o
                0x0800953c                DMA_RegisterCallback
 .text.DMA_HandleIRQ
                0x080095a0       0xc0 /home/esmail/Desktop/NUCLEO-F446RE/APP/Build/Object/MCAL/DMA/src/DMA.o
                0x080095a0                DMA_HandleIRQ
 .text.GET_TIMER_BASE_ADD
                0x08009660       0x34 /home/esmail/Desktop/NUCLEO-F446RE/APP/Build/Object/MCAL/BASIC_TIMER/src/Basic_Timer.o
 .text.Timer_Init
                0x08009694       0xa8 /home/esmail/Desktop/NUCLEO-F446RE/APP/Build/Object/MCAL/BASIC_TIMER/src/Basic_Timer.o
                0x08009694                Timer_Init
 .text.Timer_Start
                0x0800973c       0x4c /home/esmail/Desktop/NUCLEO-F446RE/APP/Build/Object/MCAL/BASIC_TIMER/src/Basic_Timer.o
                0x0800973c                Timer_Start
 .text.Timer_Stop
                0x08009788       0x4c /home/esmail/Desktop/NUCLEO-F446RE/APP/Build/Object/MCAL/BASIC_TIMER/src/Basic_Timer.o
                0x08009788                Timer_Stop
 .text.Timer_SetCallback
                0x080097d4       0x44 /home/esmail/Desktop/NUCLEO-F446RE/APP/Build/Object/MCAL/BASIC_TIMER/src/Basic_Timer.o
                0x080097d4                Timer_SetCallback
 .text.TIM6_DAC_IRQHandler
                0x08009818       0x3c /home/esmail/Desktop/NUCLEO-F446RE/APP/Build/Object/MCAL/BASIC_TIMER/src/Basic_Timer.o
                0x08009818                TIM6_DAC_IRQHandler
 .text.TIM7_IRQHandler
                0x08009854       0x3c /home/esmail/Desktop/NUCLEO-F446RE/APP/Build/Object/MCAL/BASIC_TIMER/src/Basic_Timer.o
                0x08009854                TIM7_IRQHandler
 .text.I2C_GetBase
                0x08009890       0x44 /home/esmail/Desktop/NUCLEO-F446RE/APP/Build/Object/MCAL/I2C/src/I2C.o
 .text.I2C_Init
                0x080098d4      0x184 /home/esmail/Desktop/NUCLEO-F446RE/APP/Build/Object/MCAL/I2C/src/I2C.o
                0x080098d4                I2C_Init
 .text.I2C_DeInit
                0x08009a58       0x28 /home/esmail/Desktop/NUCLEO-F446RE/APP/Build/Object/MCAL/I2C/src/I2C.o
                0x08009a58                I2C_DeInit
 .text.I2C_Start
                0x08009a80       0x50 /home/esmail/Desktop/NUCLEO-F446RE/APP/Build/Object/MCAL/I2C/src/I2C.o
                0x08009a80                I2C_Start
 .text.I2C_SendAddress
                0x08009ad0       0x6a /home/esmail/Desktop/NUCLEO-F446RE/APP/Build/Object/MCAL/I2C/src/I2C.o
                0x08009ad0                I2C_SendAddress
 .text.I2C_SendData
                0x08009b3a       0x54 /home/esmail/Desktop/NUCLEO-F446RE/APP/Build/Object/MCAL/I2C/src/I2C.o
                0x08009b3a                I2C_SendData
 .text.I2C_ReceiveData
                0x08009b8e       0x76 /home/esmail/Desktop/NUCLEO-F446RE/APP/Build/Object/MCAL/I2C/src/I2C.o
                0x08009b8e                I2C_ReceiveData
 .text.I2C_Stop
                0x08009c04       0x2a /home/esmail/Desktop/NUCLEO-F446RE/APP/Build/Object/MCAL/I2C/src/I2C.o
                0x08009c04                I2C_Stop
 .text.I2C_MasterTransmit
                0x08009c2e       0xc4 /home/esmail/Desktop/NUCLEO-F446RE/APP/Build/Object/MCAL/I2C/src/I2C.o
                0x08009c2e                I2C_MasterTransmit
 .text.I2C_ReadStatus
                0x08009cf2       0x1c /home/esmail/Desktop/NUCLEO-F446RE/APP/Build/Object/MCAL/I2C/src/I2C.o
                0x08009cf2                I2C_ReadStatus
 .text.I2C_MasterReceive
                0x08009d0e       0xae /home/esmail/Desktop/NUCLEO-F446RE/APP/Build/Object/MCAL/I2C/src/I2C.o
                0x08009d0e                I2C_MasterReceive
 .text.I2C_DisableInterrupts
                0x08009dbc       0x44 /home/esmail/Desktop/NUCLEO-F446RE/APP/Build/Object/MCAL/I2C/src/I2C.o
 .text.I2C_MasterTransmit_IT
                0x08009e00       0x9c /home/esmail/Desktop/NUCLEO-F446RE/APP/Build/Object/MCAL/I2C/src/I2C.o
                0x08009e00                I2C_MasterTransmit_IT
 .text.I2C1_EV_IRQHandler
                0x08009e9c       0xd0 /home/esmail/Desktop/NUCLEO-F446RE/APP/Build/Object/MCAL/I2C/src/I2C.o
                0x08009e9c                I2C1_EV_IRQHandler
 .text.I2C1_ER_IRQHandler
                0x08009f6c       0x30 /home/esmail/Desktop/NUCLEO-F446RE/APP/Build/Object/MCAL/I2C/src/I2C.o
                0x08009f6c                I2C1_ER_IRQHandler
 .text.I2C2_EV_IRQHandler
                0x08009f9c        0xe /home/esmail/Desktop/NUCLEO-F446RE/APP/Build/Object/MCAL/I2C/src/I2C.o
                0x08009f9c                I2C2_EV_IRQHandler
 .text.I2C2_ER_IRQHandler
                0x08009faa        0xe /home/esmail/Desktop/NUCLEO-F446RE/APP/Build/Object/MCAL/I2C/src/I2C.o
                0x08009faa                I2C2_ER_IRQHandler
 .text.I2C3_EV_IRQHandler
                0x08009fb8        0xe /home/esmail/Desktop/NUCLEO-F446RE/APP/Build/Object/MCAL/I2C/src/I2C.o
                0x08009fb8                I2C3_EV_IRQHandler
 .text.I2C3_ER_IRQHandler
                0x08009fc6        0xe /home/esmail/Desktop/NUCLEO-F446RE/APP/Build/Object/MCAL/I2C/src/I2C.o
                0x08009fc6                I2C3_ER_IRQHandler
 .text.FlashDrv_Unlock
                0x08009fd4       0x34 /home/esmail/Desktop/NUCLEO-F446RE/APP/Build/Object/MCAL/FLASH/src/FLASH.o
                0x08009fd4                FlashDrv_Unlock
 .text.FlashDrv_Lock
                0x0800a008       0x20 /home/esmail/Desktop/NUCLEO-F446RE/APP/Build/Object/MCAL/FLASH/src/FLASH.o
                0x0800a008                FlashDrv_Lock
 .text.FlashDrv_IsLocked
                0x0800a028       0x1c /home/esmail/Desktop/NUCLEO-F446RE/APP/Build/Object/MCAL/FLASH/src/FLASH.o
                0x0800a028                FlashDrv_IsLocked
 .text.FlashDrv_ClearErrors
                0x0800a044       0x20 /home/esmail/Desktop/NUCLEO-F446RE/APP/Build/Object/MCAL/FLASH/src/FLASH.o
                0x0800a044                FlashDrv_ClearErrors
 .text.FlashDrv_WaitForLastOperation
                0x0800a064       0x54 /home/esmail/Desktop/NUCLEO-F446RE/APP/Build/Object/MCAL/FLASH/src/FLASH.o
 .text.FlashDrv_IsValidAddress
                0x0800a0b8       0x30 /home/esmail/Desktop/NUCLEO-F446RE/APP/Build/Object/MCAL/FLASH/src/FLASH.o
 .text.FlashDrv_GetSector
                0x0800a0e8       0x88 /home/esmail/Desktop/NUCLEO-F446RE/APP/Build/Object/MCAL/FLASH/src/FLASH.o
                0x0800a0e8                FlashDrv_GetSector
 .text.FlashDrv_GetSectorBase
                0x0800a170       0x80 /home/esmail/Desktop/NUCLEO-F446RE/APP/Build/Object/MCAL/FLASH/src/FLASH.o
                0x0800a170                FlashDrv_GetSectorBase
 .text.FlashDrv_GetSectorSize
                0x0800a1f0       0x74 /home/esmail/Desktop/NUCLEO-F446RE/APP/Build/Object/MCAL/FLASH/src/FLASH.o
                0x0800a1f0                FlashDrv_GetSectorSize
 .text.FlashDrv_EraseSector
                0x0800a264       0x88 /home/esmail/Desktop/NUCLEO-F446RE/APP/Build/Object/MCAL/FLASH/src/FLASH.o
                0x0800a264                FlashDrv_EraseSector
 .text.FlashDrv_EraseRange
                0x0800a2ec       0x76 /home/esmail/Desktop/NUCLEO-F446RE/APP/Build/Object/MCAL/FLASH/src/FLASH.o
                0x0800a2ec                FlashDrv_EraseRange
 *fill*         0x0800a362        0x2 
 .text.FlashDrv_MassErase
                0x0800a364       0x64 /home/esmail/Desktop/NUCLEO-F446RE/APP/Build/Object/MCAL/FLASH/src/FLASH.o
                0x0800a364                FlashDrv_MassErase
 .text.FlashDrv_ProgramByte
                0x0800a3c8       0x88 /home/esmail/Desktop/NUCLEO-F446RE/APP/Build/Object/MCAL/FLASH/src/FLASH.o
                0x0800a3c8                FlashDrv_ProgramByte
 .text.FlashDrv_ProgramHalfWord
                0x0800a450       0x98 /home/esmail/Desktop/NUCLEO-F446RE/APP/Build/Object/MCAL/FLASH/src/FLASH.o
                0x0800a450                FlashDrv_ProgramHalfWord
 .text.FlashDrv_ProgramWord
                0x0800a4e8       0x98 /home/esmail/Desktop/NUCLEO-F446RE/APP/Build/Object/MCAL/FLASH/src/FLASH.o
                0x0800a4e8                FlashDrv_ProgramWord
 .text.FlashDrv_ProgramBuffer
                0x0800a580       0x80 /home/esmail/Desktop/NUCLEO-F446RE/APP/Build/Object/MCAL/FLASH/src/FLASH.o
                0x0800a580                FlashDrv_ProgramBuffer
 .text.FlashDrv_ProgramBufferAligned
                0x0800a600       0xc6 /home/esmail/Desktop/NUCLEO-F446RE/APP/Build/Object/MCAL/FLASH/src/FLASH.o
                0x0800a600                FlashDrv_ProgramBufferAligned
 .text.FlashDrv_Verify
                0x0800a6c6       0x4c /home/esmail/Desktop/NUCLEO-F446RE/APP/Build/Object/MCAL/FLASH/src/FLASH.o
                0x0800a6c6                FlashDrv_Verify
 .text.FlashDrv_IsErased
                0x0800a712       0x40 /home/esmail/Desktop/NUCLEO-F446RE/APP/Build/Object/MCAL/FLASH/src/FLASH.o
                0x0800a712                FlashDrv_IsErased
 .text.FlashDrv_Read
                0x0800a752       0x62 /home/esmail/Desktop/NUCLEO-F446RE/APP/Build/Object/MCAL/FLASH/src/FLASH.o
                0x0800a752                FlashDrv_Read
 .text.FlashDrv_PrepareForWrite
                0x0800a7b4       0x10 /home/esmail/Desktop/NUCLEO-F446RE/APP/Build/Object/MCAL/FLASH/src/FLASH.o
                0x0800a7b4                FlashDrv_PrepareForWrite
 .text.FlashDrv_FinishWrite
                0x0800a7c4       0x10 /home/esmail/Desktop/NUCLEO-F446RE/APP/Build/Object/MCAL/FLASH/src/FLASH.o
                0x0800a7c4                FlashDrv_FinishWrite
 .text.FlashDrv_ProgramWordSafe
                0x0800a7d4       0x28 /home/esmail/Desktop/NUCLEO-F446RE/APP/Build/Object/MCAL/FLASH/src/FLASH.o
                0x0800a7d4                FlashDrv_ProgramWordSafe
 .text.int_to_str
                0x0800a7fc       0x90 /home/esmail/Desktop/NUCLEO-F446RE/APP/Build/Object/HAL/ESP/ESP.o
                0x0800a7fc                int_to_str
 .text.my_strlen
                0x0800a88c       0x2e /home/esmail/Desktop/NUCLEO-F446RE/APP/Build/Object/HAL/ESP/ESP.o
                0x0800a88c                my_strlen
 *fill*         0x0800a8ba        0x2 
 .text.ESP_MainFunction
                0x0800a8bc       0x70 /home/esmail/Desktop/NUCLEO-F446RE/APP/Build/Object/HAL/ESP/ESP.o
                0x0800a8bc                ESP_MainFunction
 .text.swapBuffer
                0x0800a92c       0x30 /home/esmail/Desktop/NUCLEO-F446RE/APP/Build/Object/HAL/OLED/OLED.o
                0x0800a92c                swapBuffer
 .text.OLED_SendCommand
                0x0800a95c       0x32 /home/esmail/Desktop/NUCLEO-F446RE/APP/Build/Object/HAL/OLED/OLED.o
                0x0800a95c                OLED_SendCommand
 .text.OLED_SendData
                0x0800a98e       0x32 /home/esmail/Desktop/NUCLEO-F446RE/APP/Build/Object/HAL/OLED/OLED.o
                0x0800a98e                OLED_SendData
 .text.OLED_Init
                0x0800a9c0      0x120 /home/esmail/Desktop/NUCLEO-F446RE/APP/Build/Object/HAL/OLED/OLED.o
                0x0800a9c0                OLED_Init
 .text.OLED_Clear
                0x0800aae0       0x38 /home/esmail/Desktop/NUCLEO-F446RE/APP/Build/Object/HAL/OLED/OLED.o
                0x0800aae0                OLED_Clear
 .text.OLED_DrawPixel
                0x0800ab18       0xa4 /home/esmail/Desktop/NUCLEO-F446RE/APP/Build/Object/HAL/OLED/OLED.o
                0x0800ab18                OLED_DrawPixel
 .text.OLED_UpdateScreen
                0x0800abbc       0xac /home/esmail/Desktop/NUCLEO-F446RE/APP/Build/Object/HAL/OLED/OLED.o
                0x0800abbc                OLED_UpdateScreen
 .text.BLOCK_DRAW
                0x0800ac68       0x64 /home/esmail/Desktop/NUCLEO-F446RE/APP/Build/Object/P1/FLAPPY_Bird/FLAPPY_Bird.o
                0x0800ac68                BLOCK_DRAW
 .text.RTOS_voidStart
                0x0800accc       0x1c /home/esmail/Desktop/NUCLEO-F446RE/APP/Build/Object/RTOS/RTOS.o
                0x0800accc                RTOS_voidStart
 .text.RTOS_voidCreateTask
                0x0800ace8       0x84 /home/esmail/Desktop/NUCLEO-F446RE/APP/Build/Object/RTOS/RTOS.o
                0x0800ace8                RTOS_voidCreateTask
 .text.RTOS_voidSchedular
                0x0800ad6c      0x124 /home/esmail/Desktop/NUCLEO-F446RE/APP/Build/Object/RTOS/RTOS.o
                0x0800ad6c                RTOS_voidSchedular
 .text.RTOS_u8GetCPULoad
                0x0800ae90       0x18 /home/esmail/Desktop/NUCLEO-F446RE/APP/Build/Object/RTOS/RTOS.o
                0x0800ae90                RTOS_u8GetCPULoad
 .text.RTOS_voidDeleteTask
                0x0800aea8       0x90 /home/esmail/Desktop/NUCLEO-F446RE/APP/Build/Object/RTOS/RTOS.o
                0x0800aea8                RTOS_voidDeleteTask
 .text.RTOS_voidSuspendTask
                0x0800af38       0x30 /home/esmail/Desktop/NUCLEO-F446RE/APP/Build/Object/RTOS/RTOS.o
                0x0800af38                RTOS_voidSuspendTask
 .text.RTOS_voidResumeTask
                0x0800af68       0x30 /home/esmail/Desktop/NUCLEO-F446RE/APP/Build/Object/RTOS/RTOS.o
                0x0800af68                RTOS_voidResumeTask
 .text.RTOS_voidWaitEvent
                0x0800af98       0x30 /home/esmail/Desktop/NUCLEO-F446RE/APP/Build/Object/RTOS/RTOS.o
                0x0800af98                RTOS_voidWaitEvent
 .text.Reset_Handler
                0x0800afc8       0x94 /home/esmail/Desktop/NUCLEO-F446RE/APP/Build/Object/Startup/startup_stm32f103.o
                0x0800afc8                Reset_Handler
 .text.Default_Handler
                0x0800b05c        0x8 /home/esmail/Desktop/NUCLEO-F446RE/APP/Build/Object/Startup/startup_stm32f103.o
                0x0800b05c                RTC_Alarm_IRQHandler
                0x0800b05c                EXTI2_IRQHandler
                0x0800b05c                TIM8_CC_IRQHandler
                0x0800b05c                DebugMon_Handler
                0x0800b05c                SPI4_IRQHandler
                0x0800b05c                TIM1_CC_IRQHandler
                0x0800b05c                DMA2_Stream5_IRQHandler
                0x0800b05c                HardFault_Handler
                0x0800b05c                DMA1_Stream5_IRQHandler
                0x0800b05c                PVD_IRQHandler
                0x0800b05c                SDIO_IRQHandler
                0x0800b05c                TAMP_STAMP_IRQHandler
                0x0800b05c                PendSV_Handler
                0x0800b05c                NMI_Handler
                0x0800b05c                CAN2_RX1_IRQHandler
                0x0800b05c                EXTI3_IRQHandler
                0x0800b05c                TIM8_TRG_COM_TIM14_IRQHandler
                0x0800b05c                TIM1_UP_TIM10_IRQHandler
                0x0800b05c                TIM8_UP_TIM13_IRQHandler
                0x0800b05c                EXTI0_IRQHandler
                0x0800b05c                DMA1_Stream2_IRQHandler
                0x0800b05c                CAN1_RX0_IRQHandler
                0x0800b05c                FPU_IRQHandler
                0x0800b05c                UsageFault_Handler
                0x0800b05c                CAN2_SCE_IRQHandler
                0x0800b05c                DMA2_Stream2_IRQHandler
                0x0800b05c                SPI1_IRQHandler
                0x0800b05c                TIM1_BRK_TIM9_IRQHandler
                0x0800b05c                CAN2_RX0_IRQHandler
                0x0800b05c                DMA2_Stream3_IRQHandler
                0x0800b05c                USART6_IRQHandler
                0x0800b05c                CAN1_RX1_IRQHandler
                0x0800b05c                UART5_IRQHandler
                0x0800b05c                DMA2_Stream0_IRQHandler
                0x0800b05c                TIM4_IRQHandler
                0x0800b05c                DMA1_Stream6_IRQHandler
                0x0800b05c                DMA1_Stream1_IRQHandler
                0x0800b05c                UART4_IRQHandler
                0x0800b05c                TIM3_IRQHandler
                0x0800b05c                RCC_IRQHandler
                0x0800b05c                TIM8_BRK_TIM12_IRQHandler
                0x0800b05c                Default_Handler
                0x0800b05c                EXTI15_10_IRQHandler
                0x0800b05c                ADC_IRQHandler
                0x0800b05c                DMA1_Stream7_IRQHandler
                0x0800b05c                SPI5_IRQHandler
                0x0800b05c                CAN2_TX_IRQHandler
                0x0800b05c                TIM5_IRQHandler
                0x0800b05c                DMA2_Stream7_IRQHandler
                0x0800b05c                EXTI9_5_IRQHandler
                0x0800b05c                RTC_WKUP_IRQHandler
                0x0800b05c                SPI2_IRQHandler
                0x0800b05c                MemManage_Handler
                0x0800b05c                DMA1_Stream0_IRQHandler
                0x0800b05c                CAN1_TX_IRQHandler
                0x0800b05c                SVC_Handler
                0x0800b05c                EXTI4_IRQHandler
                0x0800b05c                WWDG_IRQHandler
                0x0800b05c                SPI6_IRQHandler
                0x0800b05c                TIM2_IRQHandler
                0x0800b05c                OTG_FS_WKUP_IRQHandler
                0x0800b05c                TIM1_TRG_COM_TIM11_IRQHandler
                0x0800b05c                DMA2D_IRQHandler
                0x0800b05c                EXTI1_IRQHandler
                0x0800b05c                DMA2_Stream1_IRQHandler
                0x0800b05c                CAN1_SCE_IRQHandler
                0x0800b05c                FLASH_IRQHandler
                0x0800b05c                DMA2_Stream4_IRQHandler
                0x0800b05c                BusFault_Handler
                0x0800b05c                OTG_FS_IRQHandler
                0x0800b05c                SPI3_IRQHandler
                0x0800b05c                DMA1_Stream4_IRQHandler
                0x0800b05c                FMC_IRQHandler
                0x0800b05c                DMA2_Stream6_IRQHandler
                0x0800b05c                SAI1_IRQHandler
                0x0800b05c                DMA1_Stream3_IRQHandler
 .text.LED      0x0800b064       0x10 /home/esmail/Desktop/NUCLEO-F446RE/APP/Build/Object/Src/main.o
                0x0800b064                LED
 .text.ESP_TASK
                0x0800b074       0x20 /home/esmail/Desktop/NUCLEO-F446RE/APP/Build/Object/Src/main.o
                0x0800b074                ESP_TASK
 .text.OS_10ms_Task
                0x0800b094       0x34 /home/esmail/Desktop/NUCLEO-F446RE/APP/Build/Object/Src/main.o
                0x0800b094                OS_10ms_Task
 .text.OS_5ms_Task
                0x0800b0c8       0x3c /home/esmail/Desktop/NUCLEO-F446RE/APP/Build/Object/Src/main.o
                0x0800b0c8                OS_5ms_Task
 .text.OS_IDLE_TASK
                0x0800b104       0x10 /home/esmail/Desktop/NUCLEO-F446RE/APP/Build/Object/Src/main.o
                0x0800b104                OS_IDLE_TASK
 .text.LifeCounter
                0x0800b114       0x40 /home/esmail/Desktop/NUCLEO-F446RE/APP/Build/Object/Src/main.o
                0x0800b114                LifeCounter
 .text.main     0x0800b154       0x38 /home/esmail/Desktop/NUCLEO-F446RE/APP/Build/Object/Src/main.o
                0x0800b154                main
 .text.APP_init
                0x0800b18c       0x38 /home/esmail/Desktop/NUCLEO-F446RE/APP/Build/Object/Src/main.o
                0x0800b18c                APP_init
 .text.GPIO_PIN_CONFIG
                0x0800b1c4      0x124 /home/esmail/Desktop/NUCLEO-F446RE/APP/Build/Object/Src/main.o
                0x0800b1c4                GPIO_PIN_CONFIG
 .text.ENABLE_NVIC_INTERRUPTS
                0x0800b2e8       0x14 /home/esmail/Desktop/NUCLEO-F446RE/APP/Build/Object/Src/main.o
                0x0800b2e8                ENABLE_NVIC_INTERRUPTS
 .text.CallBackFunctions
                0x0800b2fc       0x1c /home/esmail/Desktop/NUCLEO-F446RE/APP/Build/Object/Src/main.o
                0x0800b2fc                CallBackFunctions
 .text.UART1_ISR
                0x0800b318       0x24 /home/esmail/Desktop/NUCLEO-F446RE/APP/Build/Object/Src/main.o
                0x0800b318                UART1_ISR
 .text.UART2_ISR
                0x0800b33c       0x24 /home/esmail/Desktop/NUCLEO-F446RE/APP/Build/Object/Src/main.o
                0x0800b33c                UART2_ISR
 .text.SystemInit
                0x0800b360       0x4c /home/esmail/Desktop/NUCLEO-F446RE/APP/Build/Object/Src/main.o
                0x0800b360                SystemInit
                0x0800b3ac                        . = ALIGN (0x4)
                0x0800b3ac                        _etext = .

.glue_7         0x0800b3ac        0x0
 .glue_7        0x0800b3ac        0x0 linker stubs

.glue_7t        0x0800b3ac        0x0
 .glue_7t       0x0800b3ac        0x0 linker stubs

.vfp11_veneer   0x0800b3ac        0x0
 .vfp11_veneer  0x0800b3ac        0x0 linker stubs

.v4_bx          0x0800b3ac        0x0
 .v4_bx         0x0800b3ac        0x0 linker stubs

.iplt           0x0800b3ac        0x0
 .iplt          0x0800b3ac        0x0 /home/esmail/Desktop/NUCLEO-F446RE/APP/Build/Object/MCAL/RCC/src/RCC_program.o

.rodata         0x0800b3ac       0xe4
                0x0800b3ac                        . = ALIGN (0x4)
 *(.rodata)
 .rodata        0x0800b3ac        0x6 /home/esmail/Desktop/NUCLEO-F446RE/APP/Build/Object/MCAL/UART/src/UART.o
 *fill*         0x0800b3b2        0x2 
 .rodata        0x0800b3b4       0xa7 /home/esmail/Desktop/NUCLEO-F446RE/APP/Build/Object/HAL/ESP/ESP.o
 *fill*         0x0800b45b        0x1 
 .rodata        0x0800b45c       0x30 /home/esmail/Desktop/NUCLEO-F446RE/APP/Build/Object/Src/main.o
 *(.rodata*)
 .rodata.MSP_Value
                0x0800b48c        0x4 /home/esmail/Desktop/NUCLEO-F446RE/APP/Build/Object/Startup/startup_stm32f103.o
                0x0800b48c                MSP_Value
                0x0800b490                        . = ALIGN (0x4)
                0x0800b490                        _sidata = LOADADDR (.data)

.rel.dyn        0x0800b490        0x0
 .rel.iplt      0x0800b490        0x0 /home/esmail/Desktop/NUCLEO-F446RE/APP/Build/Object/MCAL/RCC/src/RCC_program.o

.data           0x20000000       0x4c load address 0x0800b490
                0x20000000                        . = ALIGN (0x4)
                0x20000000                        _sdata = .
 *(.data)
 .data          0x20000000        0x0 /home/esmail/Desktop/NUCLEO-F446RE/APP/Build/Object/MCAL/RCC/src/RCC_program.o
 .data          0x20000000        0x0 /home/esmail/Desktop/NUCLEO-F446RE/APP/Build/Object/MCAL/NVIC/src/NVIC_program.o
 .data          0x20000000        0x0 /home/esmail/Desktop/NUCLEO-F446RE/APP/Build/Object/MCAL/SysTick/src/SysTick_program.o
 .data          0x20000000        0x0 /home/esmail/Desktop/NUCLEO-F446RE/APP/Build/Object/MCAL/GPIO/src/GPIO_program.o
 .data          0x20000000        0x0 /home/esmail/Desktop/NUCLEO-F446RE/APP/Build/Object/MCAL/UART/src/UART.o
 .data          0x20000000        0x0 /home/esmail/Desktop/NUCLEO-F446RE/APP/Build/Object/MCAL/DMA/src/DMA.o
 .data          0x20000000        0x0 /home/esmail/Desktop/NUCLEO-F446RE/APP/Build/Object/MCAL/BASIC_TIMER/src/Basic_Timer.o
 .data          0x20000000        0x0 /home/esmail/Desktop/NUCLEO-F446RE/APP/Build/Object/MCAL/I2C/src/I2C.o
 .data          0x20000000        0x0 /home/esmail/Desktop/NUCLEO-F446RE/APP/Build/Object/MCAL/FLASH/src/FLASH.o
 .data          0x20000000        0x0 /home/esmail/Desktop/NUCLEO-F446RE/APP/Build/Object/HAL/ESP/ESP.o
 .data          0x20000000        0x0 /home/esmail/Desktop/NUCLEO-F446RE/APP/Build/Object/HAL/OLED/OLED.o
 .data          0x20000000        0x0 /home/esmail/Desktop/NUCLEO-F446RE/APP/Build/Object/P1/FLAPPY_Bird/FLAPPY_Bird.o
 .data          0x20000000        0x0 /home/esmail/Desktop/NUCLEO-F446RE/APP/Build/Object/RTOS/RTOS.o
 .data          0x20000000        0x0 /home/esmail/Desktop/NUCLEO-F446RE/APP/Build/Object/Startup/startup_stm32f103.o
 .data          0x20000000        0x0 /home/esmail/Desktop/NUCLEO-F446RE/APP/Build/Object/Src/main.o
 *(.data*)
 .data.nvic_stat
                0x20000000        0x1 /home/esmail/Desktop/NUCLEO-F446RE/APP/Build/Object/MCAL/BASIC_TIMER/src/Basic_Timer.o
                0x20000000                nvic_stat
 *fill*         0x20000001        0x3 
 .data.ESP_Commands
                0x20000004       0x20 /home/esmail/Desktop/NUCLEO-F446RE/APP/Build/Object/HAL/ESP/ESP.o
                0x20000004                ESP_Commands
 .data.OLED_Buffer
                0x20000024        0x4 /home/esmail/Desktop/NUCLEO-F446RE/APP/Build/Object/HAL/OLED/OLED.o
                0x20000024                OLED_Buffer
 .data.OLED_DisplayBuffer
                0x20000028        0x4 /home/esmail/Desktop/NUCLEO-F446RE/APP/Build/Object/HAL/OLED/OLED.o
                0x20000028                OLED_DisplayBuffer
 .data.Uart1_configuration
                0x2000002c        0xc /home/esmail/Desktop/NUCLEO-F446RE/APP/Build/Object/Src/main.o
                0x2000002c                Uart1_configuration
 .data.Uart2_configuration
                0x20000038        0xc /home/esmail/Desktop/NUCLEO-F446RE/APP/Build/Object/Src/main.o
                0x20000038                Uart2_configuration
 .data.config   0x20000044        0x8 /home/esmail/Desktop/NUCLEO-F446RE/APP/Build/Object/Src/main.o
                0x20000044                config
                0x2000004c                        . = ALIGN (0x4)
                0x2000004c                        _edata = .

.igot.plt       0x2000004c        0x0 load address 0x0800b4dc
 .igot.plt      0x2000004c        0x0 /home/esmail/Desktop/NUCLEO-F446RE/APP/Build/Object/MCAL/RCC/src/RCC_program.o

.bss            0x2000004c      0x908 load address 0x0800b4dc
                0x2000004c                        _sbss = .
 *(.bss)
 .bss           0x2000004c        0x0 /home/esmail/Desktop/NUCLEO-F446RE/APP/Build/Object/MCAL/RCC/src/RCC_program.o
 .bss           0x2000004c        0x0 /home/esmail/Desktop/NUCLEO-F446RE/APP/Build/Object/MCAL/NVIC/src/NVIC_program.o
 .bss           0x2000004c        0x0 /home/esmail/Desktop/NUCLEO-F446RE/APP/Build/Object/MCAL/SysTick/src/SysTick_program.o
 .bss           0x2000004c        0x0 /home/esmail/Desktop/NUCLEO-F446RE/APP/Build/Object/MCAL/GPIO/src/GPIO_program.o
 .bss           0x2000004c        0x0 /home/esmail/Desktop/NUCLEO-F446RE/APP/Build/Object/MCAL/UART/src/UART.o
 .bss           0x2000004c        0x0 /home/esmail/Desktop/NUCLEO-F446RE/APP/Build/Object/MCAL/DMA/src/DMA.o
 .bss           0x2000004c        0x0 /home/esmail/Desktop/NUCLEO-F446RE/APP/Build/Object/MCAL/BASIC_TIMER/src/Basic_Timer.o
 .bss           0x2000004c        0x0 /home/esmail/Desktop/NUCLEO-F446RE/APP/Build/Object/MCAL/I2C/src/I2C.o
 .bss           0x2000004c        0x0 /home/esmail/Desktop/NUCLEO-F446RE/APP/Build/Object/MCAL/FLASH/src/FLASH.o
 .bss           0x2000004c        0x0 /home/esmail/Desktop/NUCLEO-F446RE/APP/Build/Object/HAL/ESP/ESP.o
 .bss           0x2000004c        0x0 /home/esmail/Desktop/NUCLEO-F446RE/APP/Build/Object/HAL/OLED/OLED.o
 .bss           0x2000004c        0x0 /home/esmail/Desktop/NUCLEO-F446RE/APP/Build/Object/P1/FLAPPY_Bird/FLAPPY_Bird.o
 .bss           0x2000004c        0x0 /home/esmail/Desktop/NUCLEO-F446RE/APP/Build/Object/RTOS/RTOS.o
 .bss           0x2000004c        0x0 /home/esmail/Desktop/NUCLEO-F446RE/APP/Build/Object/Startup/startup_stm32f103.o
 .bss           0x2000004c        0x0 /home/esmail/Desktop/NUCLEO-F446RE/APP/Build/Object/Src/main.o
 *(.bss*)
 .bss.Local_PvFunction
                0x2000004c        0x4 /home/esmail/Desktop/NUCLEO-F446RE/APP/Build/Object/MCAL/SysTick/src/SysTick_program.o
 .bss.rx_test   0x20000050        0x1 /home/esmail/Desktop/NUCLEO-F446RE/APP/Build/Object/MCAL/UART/src/UART.o
                0x20000050                rx_test
 *fill*         0x20000051        0x3 
 .bss.uart1_funcPtr
                0x20000054        0x4 /home/esmail/Desktop/NUCLEO-F446RE/APP/Build/Object/MCAL/UART/src/UART.o
                0x20000054                uart1_funcPtr
 .bss.uart2_funcPtr
                0x20000058        0x4 /home/esmail/Desktop/NUCLEO-F446RE/APP/Build/Object/MCAL/UART/src/UART.o
                0x20000058                uart2_funcPtr
 .bss.uart3_funcPtr
                0x2000005c        0x4 /home/esmail/Desktop/NUCLEO-F446RE/APP/Build/Object/MCAL/UART/src/UART.o
                0x2000005c                uart3_funcPtr
 .bss.g_dma_cbs
                0x20000060       0x80 /home/esmail/Desktop/NUCLEO-F446RE/APP/Build/Object/MCAL/DMA/src/DMA.o
 .bss.tim6_callback
                0x200000e0        0x4 /home/esmail/Desktop/NUCLEO-F446RE/APP/Build/Object/MCAL/BASIC_TIMER/src/Basic_Timer.o
 .bss.tim7_callback
                0x200000e4        0x4 /home/esmail/Desktop/NUCLEO-F446RE/APP/Build/Object/MCAL/BASIC_TIMER/src/Basic_Timer.o
 .bss.total_ticks
                0x200000e8        0x4 /home/esmail/Desktop/NUCLEO-F446RE/APP/Build/Object/MCAL/BASIC_TIMER/src/Basic_Timer.o
                0x200000e8                total_ticks
 .bss.I2C1_State
                0x200000ec        0x1 /home/esmail/Desktop/NUCLEO-F446RE/APP/Build/Object/MCAL/I2C/src/I2C.o
 *fill*         0x200000ed        0x3 
 .bss.I2C1_TxBuffer
                0x200000f0        0x4 /home/esmail/Desktop/NUCLEO-F446RE/APP/Build/Object/MCAL/I2C/src/I2C.o
 .bss.I2C1_TxSize
                0x200000f4        0x2 /home/esmail/Desktop/NUCLEO-F446RE/APP/Build/Object/MCAL/I2C/src/I2C.o
 .bss.I2C1_TxIndex
                0x200000f6        0x2 /home/esmail/Desktop/NUCLEO-F446RE/APP/Build/Object/MCAL/I2C/src/I2C.o
 .bss.I2C1_Address
                0x200000f8        0x1 /home/esmail/Desktop/NUCLEO-F446RE/APP/Build/Object/MCAL/I2C/src/I2C.o
 .bss.ESP_APPLICATION_FLAG
                0x200000f9        0x1 /home/esmail/Desktop/NUCLEO-F446RE/APP/Build/Object/HAL/ESP/ESP.o
                0x200000f9                ESP_APPLICATION_FLAG
 .bss.ESP_Commands_Counter.0
                0x200000fa        0x1 /home/esmail/Desktop/NUCLEO-F446RE/APP/Build/Object/HAL/ESP/ESP.o
 *fill*         0x200000fb        0x1 
 .bss.BufferA   0x200000fc      0x400 /home/esmail/Desktop/NUCLEO-F446RE/APP/Build/Object/HAL/OLED/OLED.o
                0x200000fc                BufferA
 .bss.BufferB   0x200004fc      0x400 /home/esmail/Desktop/NUCLEO-F446RE/APP/Build/Object/HAL/OLED/OLED.o
                0x200004fc                BufferB
 .bss.Local_PvFunction
                0x200008fc        0x4 /home/esmail/Desktop/NUCLEO-F446RE/APP/Build/Object/RTOS/RTOS.o
 .bss.SysTask   0x20000900       0x30 /home/esmail/Desktop/NUCLEO-F446RE/APP/Build/Object/RTOS/RTOS.o
                0x20000900                SysTask
 .bss.CPU_Load  0x20000930        0xc /home/esmail/Desktop/NUCLEO-F446RE/APP/Build/Object/RTOS/RTOS.o
                0x20000930                CPU_Load
 .bss.RCC_Configuration
                0x2000093c        0xc /home/esmail/Desktop/NUCLEO-F446RE/APP/Build/Object/Src/main.o
                0x2000093c                RCC_Configuration
 .bss.counter.3
                0x20000948        0x4 /home/esmail/Desktop/NUCLEO-F446RE/APP/Build/Object/Src/main.o
 .bss.x.2       0x2000094c        0x1 /home/esmail/Desktop/NUCLEO-F446RE/APP/Build/Object/Src/main.o
 .bss.y.1       0x2000094d        0x1 /home/esmail/Desktop/NUCLEO-F446RE/APP/Build/Object/Src/main.o
 *fill*         0x2000094e        0x2 
 .bss.counter.0
                0x20000950        0x4 /home/esmail/Desktop/NUCLEO-F446RE/APP/Build/Object/Src/main.o
                0x20000954                        . = ALIGN (0x4)
                0x20000954                        _ebss = .

._user_heap_stack
                0x20000954     0x1204 load address 0x0800b4dc
                0x20000958                        . = ALIGN (0x8)
 *fill*         0x20000954        0x4 
                0x20000b58                        . = (. + _Min_Heap_Size)
 *fill*         0x20000958      0x200 
                0x20001b58                        . = (. + _Min_Stack_Size)
 *fill*         0x20000b58     0x1000 
                0x20001b58                        . = ALIGN (0x8)
LOAD /home/esmail/Desktop/NUCLEO-F446RE/APP/Build/Object/MCAL/RCC/src/RCC_program.o
LOAD /home/esmail/Desktop/NUCLEO-F446RE/APP/Build/Object/MCAL/NVIC/src/NVIC_program.o
LOAD /home/esmail/Desktop/NUCLEO-F446RE/APP/Build/Object/MCAL/SysTick/src/SysTick_program.o
LOAD /home/esmail/Desktop/NUCLEO-F446RE/APP/Build/Object/MCAL/GPIO/src/GPIO_program.o
LOAD /home/esmail/Desktop/NUCLEO-F446RE/APP/Build/Object/MCAL/UART/src/UART.o
LOAD /home/esmail/Desktop/NUCLEO-F446RE/APP/Build/Object/MCAL/DMA/src/DMA.o
LOAD /home/esmail/Desktop/NUCLEO-F446RE/APP/Build/Object/MCAL/BASIC_TIMER/src/Basic_Timer.o
LOAD /home/esmail/Desktop/NUCLEO-F446RE/APP/Build/Object/MCAL/I2C/src/I2C.o
LOAD /home/esmail/Desktop/NUCLEO-F446RE/APP/Build/Object/MCAL/FLASH/src/FLASH.o
LOAD /home/esmail/Desktop/NUCLEO-F446RE/APP/Build/Object/HAL/ESP/ESP.o
LOAD /home/esmail/Desktop/NUCLEO-F446RE/APP/Build/Object/HAL/OLED/OLED.o
LOAD /home/esmail/Desktop/NUCLEO-F446RE/APP/Build/Object/P1/FLAPPY_Bird/FLAPPY_Bird.o
LOAD /home/esmail/Desktop/NUCLEO-F446RE/APP/Build/Object/RTOS/RTOS.o
LOAD /home/esmail/Desktop/NUCLEO-F446RE/APP/Build/Object/Startup/startup_stm32f103.o
LOAD /home/esmail/Desktop/NUCLEO-F446RE/APP/Build/Object/Src/main.o
OUTPUT(/home/esmail/Desktop/NUCLEO-F446RE/APP/Tools/application.elf elf32-littlearm)
LOAD linker stubs

.debug_info     0x00000000     0x4129
 .debug_info    0x00000000      0x3a5 /home/esmail/Desktop/NUCLEO-F446RE/APP/Build/Object/MCAL/RCC/src/RCC_program.o
 .debug_info    0x000003a5      0x2d5 /home/esmail/Desktop/NUCLEO-F446RE/APP/Build/Object/MCAL/NVIC/src/NVIC_program.o
 .debug_info    0x0000067a      0x24b /home/esmail/Desktop/NUCLEO-F446RE/APP/Build/Object/MCAL/SysTick/src/SysTick_program.o
 .debug_info    0x000008c5      0x4dc /home/esmail/Desktop/NUCLEO-F446RE/APP/Build/Object/MCAL/GPIO/src/GPIO_program.o
 .debug_info    0x00000da1      0x5dd /home/esmail/Desktop/NUCLEO-F446RE/APP/Build/Object/MCAL/UART/src/UART.o
 .debug_info    0x0000137e      0x688 /home/esmail/Desktop/NUCLEO-F446RE/APP/Build/Object/MCAL/DMA/src/DMA.o
 .debug_info    0x00001a06      0x3d7 /home/esmail/Desktop/NUCLEO-F446RE/APP/Build/Object/MCAL/BASIC_TIMER/src/Basic_Timer.o
 .debug_info    0x00001ddd      0x69b /home/esmail/Desktop/NUCLEO-F446RE/APP/Build/Object/MCAL/I2C/src/I2C.o
 .debug_info    0x00002478      0x628 /home/esmail/Desktop/NUCLEO-F446RE/APP/Build/Object/MCAL/FLASH/src/FLASH.o
 .debug_info    0x00002aa0      0x1e2 /home/esmail/Desktop/NUCLEO-F446RE/APP/Build/Object/HAL/ESP/ESP.o
 .debug_info    0x00002c82      0x384 /home/esmail/Desktop/NUCLEO-F446RE/APP/Build/Object/HAL/OLED/OLED.o
 .debug_info    0x00003006      0x13a /home/esmail/Desktop/NUCLEO-F446RE/APP/Build/Object/P1/FLAPPY_Bird/FLAPPY_Bird.o
 .debug_info    0x00003140      0x379 /home/esmail/Desktop/NUCLEO-F446RE/APP/Build/Object/RTOS/RTOS.o
 .debug_info    0x000034b9      0x196 /home/esmail/Desktop/NUCLEO-F446RE/APP/Build/Object/Startup/startup_stm32f103.o
 .debug_info    0x0000364f      0xada /home/esmail/Desktop/NUCLEO-F446RE/APP/Build/Object/Src/main.o

.debug_abbrev   0x00000000     0x14c1
 .debug_abbrev  0x00000000      0x13e /home/esmail/Desktop/NUCLEO-F446RE/APP/Build/Object/MCAL/RCC/src/RCC_program.o
 .debug_abbrev  0x0000013e      0x12c /home/esmail/Desktop/NUCLEO-F446RE/APP/Build/Object/MCAL/NVIC/src/NVIC_program.o
 .debug_abbrev  0x0000026a      0x143 /home/esmail/Desktop/NUCLEO-F446RE/APP/Build/Object/MCAL/SysTick/src/SysTick_program.o
 .debug_abbrev  0x000003ad      0x133 /home/esmail/Desktop/NUCLEO-F446RE/APP/Build/Object/MCAL/GPIO/src/GPIO_program.o
 .debug_abbrev  0x000004e0      0x170 /home/esmail/Desktop/NUCLEO-F446RE/APP/Build/Object/MCAL/UART/src/UART.o
 .debug_abbrev  0x00000650      0x1ed /home/esmail/Desktop/NUCLEO-F446RE/APP/Build/Object/MCAL/DMA/src/DMA.o
 .debug_abbrev  0x0000083d      0x132 /home/esmail/Desktop/NUCLEO-F446RE/APP/Build/Object/MCAL/BASIC_TIMER/src/Basic_Timer.o
 .debug_abbrev  0x0000096f      0x1b9 /home/esmail/Desktop/NUCLEO-F446RE/APP/Build/Object/MCAL/I2C/src/I2C.o
 .debug_abbrev  0x00000b28      0x1b3 /home/esmail/Desktop/NUCLEO-F446RE/APP/Build/Object/MCAL/FLASH/src/FLASH.o
 .debug_abbrev  0x00000cdb      0x143 /home/esmail/Desktop/NUCLEO-F446RE/APP/Build/Object/HAL/ESP/ESP.o
 .debug_abbrev  0x00000e1e      0x150 /home/esmail/Desktop/NUCLEO-F446RE/APP/Build/Object/HAL/OLED/OLED.o
 .debug_abbrev  0x00000f6e       0xaf /home/esmail/Desktop/NUCLEO-F446RE/APP/Build/Object/P1/FLAPPY_Bird/FLAPPY_Bird.o
 .debug_abbrev  0x0000101d      0x1c8 /home/esmail/Desktop/NUCLEO-F446RE/APP/Build/Object/RTOS/RTOS.o
 .debug_abbrev  0x000011e5       0xfa /home/esmail/Desktop/NUCLEO-F446RE/APP/Build/Object/Startup/startup_stm32f103.o
 .debug_abbrev  0x000012df      0x1e2 /home/esmail/Desktop/NUCLEO-F446RE/APP/Build/Object/Src/main.o

.debug_aranges  0x00000000      0x5b0
 .debug_aranges
                0x00000000       0x78 /home/esmail/Desktop/NUCLEO-F446RE/APP/Build/Object/MCAL/RCC/src/RCC_program.o
 .debug_aranges
                0x00000078       0x48 /home/esmail/Desktop/NUCLEO-F446RE/APP/Build/Object/MCAL/NVIC/src/NVIC_program.o
 .debug_aranges
                0x000000c0       0x58 /home/esmail/Desktop/NUCLEO-F446RE/APP/Build/Object/MCAL/SysTick/src/SysTick_program.o
 .debug_aranges
                0x00000118       0x48 /home/esmail/Desktop/NUCLEO-F446RE/APP/Build/Object/MCAL/GPIO/src/GPIO_program.o
 .debug_aranges
                0x00000160       0x70 /home/esmail/Desktop/NUCLEO-F446RE/APP/Build/Object/MCAL/UART/src/UART.o
 .debug_aranges
                0x000001d0       0x68 /home/esmail/Desktop/NUCLEO-F446RE/APP/Build/Object/MCAL/DMA/src/DMA.o
 .debug_aranges
                0x00000238       0x50 /home/esmail/Desktop/NUCLEO-F446RE/APP/Build/Object/MCAL/BASIC_TIMER/src/Basic_Timer.o
 .debug_aranges
                0x00000288       0xb0 /home/esmail/Desktop/NUCLEO-F446RE/APP/Build/Object/MCAL/I2C/src/I2C.o
 .debug_aranges
                0x00000338       0xd0 /home/esmail/Desktop/NUCLEO-F446RE/APP/Build/Object/MCAL/FLASH/src/FLASH.o
 .debug_aranges
                0x00000408       0x30 /home/esmail/Desktop/NUCLEO-F446RE/APP/Build/Object/HAL/ESP/ESP.o
 .debug_aranges
                0x00000438       0x50 /home/esmail/Desktop/NUCLEO-F446RE/APP/Build/Object/HAL/OLED/OLED.o
 .debug_aranges
                0x00000488       0x20 /home/esmail/Desktop/NUCLEO-F446RE/APP/Build/Object/P1/FLAPPY_Bird/FLAPPY_Bird.o
 .debug_aranges
                0x000004a8       0x58 /home/esmail/Desktop/NUCLEO-F446RE/APP/Build/Object/RTOS/RTOS.o
 .debug_aranges
                0x00000500       0x28 /home/esmail/Desktop/NUCLEO-F446RE/APP/Build/Object/Startup/startup_stm32f103.o
 .debug_aranges
                0x00000528       0x88 /home/esmail/Desktop/NUCLEO-F446RE/APP/Build/Object/Src/main.o

.debug_rnglists
                0x00000000      0x41d
 .debug_rnglists
                0x00000000       0x58 /home/esmail/Desktop/NUCLEO-F446RE/APP/Build/Object/MCAL/RCC/src/RCC_program.o
 .debug_rnglists
                0x00000058       0x31 /home/esmail/Desktop/NUCLEO-F446RE/APP/Build/Object/MCAL/NVIC/src/NVIC_program.o
 .debug_rnglists
                0x00000089       0x3d /home/esmail/Desktop/NUCLEO-F446RE/APP/Build/Object/MCAL/SysTick/src/SysTick_program.o
 .debug_rnglists
                0x000000c6       0x34 /home/esmail/Desktop/NUCLEO-F446RE/APP/Build/Object/MCAL/GPIO/src/GPIO_program.o
 .debug_rnglists
                0x000000fa       0x54 /home/esmail/Desktop/NUCLEO-F446RE/APP/Build/Object/MCAL/UART/src/UART.o
 .debug_rnglists
                0x0000014e       0x4b /home/esmail/Desktop/NUCLEO-F446RE/APP/Build/Object/MCAL/DMA/src/DMA.o
 .debug_rnglists
                0x00000199       0x38 /home/esmail/Desktop/NUCLEO-F446RE/APP/Build/Object/MCAL/BASIC_TIMER/src/Basic_Timer.o
 .debug_rnglists
                0x000001d1       0x84 /home/esmail/Desktop/NUCLEO-F446RE/APP/Build/Object/MCAL/I2C/src/I2C.o
 .debug_rnglists
                0x00000255       0x9f /home/esmail/Desktop/NUCLEO-F446RE/APP/Build/Object/MCAL/FLASH/src/FLASH.o
 .debug_rnglists
                0x000002f4       0x20 /home/esmail/Desktop/NUCLEO-F446RE/APP/Build/Object/HAL/ESP/ESP.o
 .debug_rnglists
                0x00000314       0x3a /home/esmail/Desktop/NUCLEO-F446RE/APP/Build/Object/HAL/OLED/OLED.o
 .debug_rnglists
                0x0000034e       0x13 /home/esmail/Desktop/NUCLEO-F446RE/APP/Build/Object/P1/FLAPPY_Bird/FLAPPY_Bird.o
 .debug_rnglists
                0x00000361       0x40 /home/esmail/Desktop/NUCLEO-F446RE/APP/Build/Object/RTOS/RTOS.o
 .debug_rnglists
                0x000003a1       0x1a /home/esmail/Desktop/NUCLEO-F446RE/APP/Build/Object/Startup/startup_stm32f103.o
 .debug_rnglists
                0x000003bb       0x62 /home/esmail/Desktop/NUCLEO-F446RE/APP/Build/Object/Src/main.o

.debug_macro    0x00000000     0x17a0
 .debug_macro   0x00000000       0x32 /home/esmail/Desktop/NUCLEO-F446RE/APP/Build/Object/MCAL/RCC/src/RCC_program.o
 .debug_macro   0x00000032      0xac6 /home/esmail/Desktop/NUCLEO-F446RE/APP/Build/Object/MCAL/RCC/src/RCC_program.o
 .debug_macro   0x00000af8       0x10 /home/esmail/Desktop/NUCLEO-F446RE/APP/Build/Object/MCAL/RCC/src/RCC_program.o
 .debug_macro   0x00000b08       0x22 /home/esmail/Desktop/NUCLEO-F446RE/APP/Build/Object/MCAL/RCC/src/RCC_program.o
 .debug_macro   0x00000b2a       0xd0 /home/esmail/Desktop/NUCLEO-F446RE/APP/Build/Object/MCAL/RCC/src/RCC_program.o
 .debug_macro   0x00000bfa       0x49 /home/esmail/Desktop/NUCLEO-F446RE/APP/Build/Object/MCAL/NVIC/src/NVIC_program.o
 .debug_macro   0x00000c43       0x58 /home/esmail/Desktop/NUCLEO-F446RE/APP/Build/Object/MCAL/NVIC/src/NVIC_program.o
 .debug_macro   0x00000c9b       0x10 /home/esmail/Desktop/NUCLEO-F446RE/APP/Build/Object/MCAL/NVIC/src/NVIC_program.o
 .debug_macro   0x00000cab       0x3b /home/esmail/Desktop/NUCLEO-F446RE/APP/Build/Object/MCAL/SysTick/src/SysTick_program.o
 .debug_macro   0x00000ce6       0x22 /home/esmail/Desktop/NUCLEO-F446RE/APP/Build/Object/MCAL/SysTick/src/SysTick_program.o
 .debug_macro   0x00000d08       0x2e /home/esmail/Desktop/NUCLEO-F446RE/APP/Build/Object/MCAL/SysTick/src/SysTick_program.o
 .debug_macro   0x00000d36       0x3b /home/esmail/Desktop/NUCLEO-F446RE/APP/Build/Object/MCAL/GPIO/src/GPIO_program.o
 .debug_macro   0x00000d71       0x6a /home/esmail/Desktop/NUCLEO-F446RE/APP/Build/Object/MCAL/GPIO/src/GPIO_program.o
 .debug_macro   0x00000ddb       0x10 /home/esmail/Desktop/NUCLEO-F446RE/APP/Build/Object/MCAL/GPIO/src/GPIO_program.o
 .debug_macro   0x00000deb       0x32 /home/esmail/Desktop/NUCLEO-F446RE/APP/Build/Object/MCAL/UART/src/UART.o
 .debug_macro   0x00000e1d       0x70 /home/esmail/Desktop/NUCLEO-F446RE/APP/Build/Object/MCAL/UART/src/UART.o
 .debug_macro   0x00000e8d       0x28 /home/esmail/Desktop/NUCLEO-F446RE/APP/Build/Object/MCAL/DMA/src/DMA.o
 .debug_macro   0x00000eb5       0x10 /home/esmail/Desktop/NUCLEO-F446RE/APP/Build/Object/MCAL/DMA/src/DMA.o
 .debug_macro   0x00000ec5       0xd0 /home/esmail/Desktop/NUCLEO-F446RE/APP/Build/Object/MCAL/DMA/src/DMA.o
 .debug_macro   0x00000f95       0x45 /home/esmail/Desktop/NUCLEO-F446RE/APP/Build/Object/MCAL/BASIC_TIMER/src/Basic_Timer.o
 .debug_macro   0x00000fda       0xd6 /home/esmail/Desktop/NUCLEO-F446RE/APP/Build/Object/MCAL/BASIC_TIMER/src/Basic_Timer.o
 .debug_macro   0x000010b0       0x76 /home/esmail/Desktop/NUCLEO-F446RE/APP/Build/Object/MCAL/BASIC_TIMER/src/Basic_Timer.o
 .debug_macro   0x00001126       0x32 /home/esmail/Desktop/NUCLEO-F446RE/APP/Build/Object/MCAL/I2C/src/I2C.o
 .debug_macro   0x00001158       0x64 /home/esmail/Desktop/NUCLEO-F446RE/APP/Build/Object/MCAL/I2C/src/I2C.o
 .debug_macro   0x000011bc       0x29 /home/esmail/Desktop/NUCLEO-F446RE/APP/Build/Object/MCAL/FLASH/src/FLASH.o
 .debug_macro   0x000011e5      0x130 /home/esmail/Desktop/NUCLEO-F446RE/APP/Build/Object/MCAL/FLASH/src/FLASH.o
 .debug_macro   0x00001315       0x3c /home/esmail/Desktop/NUCLEO-F446RE/APP/Build/Object/HAL/ESP/ESP.o
 .debug_macro   0x00001351       0x47 /home/esmail/Desktop/NUCLEO-F446RE/APP/Build/Object/HAL/OLED/OLED.o
 .debug_macro   0x00001398       0x1c /home/esmail/Desktop/NUCLEO-F446RE/APP/Build/Object/HAL/OLED/OLED.o
 .debug_macro   0x000013b4       0x4b /home/esmail/Desktop/NUCLEO-F446RE/APP/Build/Object/P1/FLAPPY_Bird/FLAPPY_Bird.o
 .debug_macro   0x000013ff       0x44 /home/esmail/Desktop/NUCLEO-F446RE/APP/Build/Object/RTOS/RTOS.o
 .debug_macro   0x00001443       0x10 /home/esmail/Desktop/NUCLEO-F446RE/APP/Build/Object/RTOS/RTOS.o
 .debug_macro   0x00001453       0x17 /home/esmail/Desktop/NUCLEO-F446RE/APP/Build/Object/Startup/startup_stm32f103.o
 .debug_macro   0x0000146a       0xa4 /home/esmail/Desktop/NUCLEO-F446RE/APP/Build/Object/Src/main.o
 .debug_macro   0x0000150e       0x76 /home/esmail/Desktop/NUCLEO-F446RE/APP/Build/Object/Src/main.o
 .debug_macro   0x00001584       0x7c /home/esmail/Desktop/NUCLEO-F446RE/APP/Build/Object/Src/main.o
 .debug_macro   0x00001600      0x136 /home/esmail/Desktop/NUCLEO-F446RE/APP/Build/Object/Src/main.o
 .debug_macro   0x00001736       0x6a /home/esmail/Desktop/NUCLEO-F446RE/APP/Build/Object/Src/main.o

.debug_line     0x00000000     0x27b3
 .debug_line    0x00000000      0x2e5 /home/esmail/Desktop/NUCLEO-F446RE/APP/Build/Object/MCAL/RCC/src/RCC_program.o
 .debug_line    0x000002e5      0x206 /home/esmail/Desktop/NUCLEO-F446RE/APP/Build/Object/MCAL/NVIC/src/NVIC_program.o
 .debug_line    0x000004eb      0x1da /home/esmail/Desktop/NUCLEO-F446RE/APP/Build/Object/MCAL/SysTick/src/SysTick_program.o
 .debug_line    0x000006c5      0x2b9 /home/esmail/Desktop/NUCLEO-F446RE/APP/Build/Object/MCAL/GPIO/src/GPIO_program.o
 .debug_line    0x0000097e      0x367 /home/esmail/Desktop/NUCLEO-F446RE/APP/Build/Object/MCAL/UART/src/UART.o
 .debug_line    0x00000ce5      0x374 /home/esmail/Desktop/NUCLEO-F446RE/APP/Build/Object/MCAL/DMA/src/DMA.o
 .debug_line    0x00001059      0x23a /home/esmail/Desktop/NUCLEO-F446RE/APP/Build/Object/MCAL/BASIC_TIMER/src/Basic_Timer.o
 .debug_line    0x00001293      0x4f0 /home/esmail/Desktop/NUCLEO-F446RE/APP/Build/Object/MCAL/I2C/src/I2C.o
 .debug_line    0x00001783      0x60c /home/esmail/Desktop/NUCLEO-F446RE/APP/Build/Object/MCAL/FLASH/src/FLASH.o
 .debug_line    0x00001d8f      0x11d /home/esmail/Desktop/NUCLEO-F446RE/APP/Build/Object/HAL/ESP/ESP.o
 .debug_line    0x00001eac      0x1f5 /home/esmail/Desktop/NUCLEO-F446RE/APP/Build/Object/HAL/OLED/OLED.o
 .debug_line    0x000020a1       0xfd /home/esmail/Desktop/NUCLEO-F446RE/APP/Build/Object/P1/FLAPPY_Bird/FLAPPY_Bird.o
 .debug_line    0x0000219e      0x225 /home/esmail/Desktop/NUCLEO-F446RE/APP/Build/Object/RTOS/RTOS.o
 .debug_line    0x000023c3       0xc3 /home/esmail/Desktop/NUCLEO-F446RE/APP/Build/Object/Startup/startup_stm32f103.o
 .debug_line    0x00002486      0x32d /home/esmail/Desktop/NUCLEO-F446RE/APP/Build/Object/Src/main.o

.debug_str      0x00000000     0x68b1
 .debug_str     0x00000000     0x68b1 /home/esmail/Desktop/NUCLEO-F446RE/APP/Build/Object/MCAL/RCC/src/RCC_program.o
                               0x371c (size before relaxing)
 .debug_str     0x000068b1     0x341e /home/esmail/Desktop/NUCLEO-F446RE/APP/Build/Object/MCAL/NVIC/src/NVIC_program.o
 .debug_str     0x000068b1     0x3296 /home/esmail/Desktop/NUCLEO-F446RE/APP/Build/Object/MCAL/SysTick/src/SysTick_program.o
 .debug_str     0x000068b1     0x343c /home/esmail/Desktop/NUCLEO-F446RE/APP/Build/Object/MCAL/GPIO/src/GPIO_program.o
 .debug_str     0x000068b1     0x3452 /home/esmail/Desktop/NUCLEO-F446RE/APP/Build/Object/MCAL/UART/src/UART.o
 .debug_str     0x000068b1     0x3697 /home/esmail/Desktop/NUCLEO-F446RE/APP/Build/Object/MCAL/DMA/src/DMA.o
 .debug_str     0x000068b1     0x3a3f /home/esmail/Desktop/NUCLEO-F446RE/APP/Build/Object/MCAL/BASIC_TIMER/src/Basic_Timer.o
 .debug_str     0x000068b1     0x3453 /home/esmail/Desktop/NUCLEO-F446RE/APP/Build/Object/MCAL/I2C/src/I2C.o
 .debug_str     0x000068b1     0x37cd /home/esmail/Desktop/NUCLEO-F446RE/APP/Build/Object/MCAL/FLASH/src/FLASH.o
 .debug_str     0x000068b1     0x3225 /home/esmail/Desktop/NUCLEO-F446RE/APP/Build/Object/HAL/ESP/ESP.o
 .debug_str     0x000068b1     0x3377 /home/esmail/Desktop/NUCLEO-F446RE/APP/Build/Object/HAL/OLED/OLED.o
 .debug_str     0x000068b1     0x3274 /home/esmail/Desktop/NUCLEO-F446RE/APP/Build/Object/P1/FLAPPY_Bird/FLAPPY_Bird.o
 .debug_str     0x000068b1     0x337d /home/esmail/Desktop/NUCLEO-F446RE/APP/Build/Object/RTOS/RTOS.o
 .debug_str     0x000068b1     0x2fb2 /home/esmail/Desktop/NUCLEO-F446RE/APP/Build/Object/Startup/startup_stm32f103.o
 .debug_str     0x000068b1     0x4e06 /home/esmail/Desktop/NUCLEO-F446RE/APP/Build/Object/Src/main.o

.comment        0x00000000       0x26
 .comment       0x00000000       0x26 /home/esmail/Desktop/NUCLEO-F446RE/APP/Build/Object/MCAL/RCC/src/RCC_program.o
                                 0x27 (size before relaxing)
 .comment       0x00000026       0x27 /home/esmail/Desktop/NUCLEO-F446RE/APP/Build/Object/MCAL/NVIC/src/NVIC_program.o
 .comment       0x00000026       0x27 /home/esmail/Desktop/NUCLEO-F446RE/APP/Build/Object/MCAL/SysTick/src/SysTick_program.o
 .comment       0x00000026       0x27 /home/esmail/Desktop/NUCLEO-F446RE/APP/Build/Object/MCAL/GPIO/src/GPIO_program.o
 .comment       0x00000026       0x27 /home/esmail/Desktop/NUCLEO-F446RE/APP/Build/Object/MCAL/UART/src/UART.o
 .comment       0x00000026       0x27 /home/esmail/Desktop/NUCLEO-F446RE/APP/Build/Object/MCAL/DMA/src/DMA.o
 .comment       0x00000026       0x27 /home/esmail/Desktop/NUCLEO-F446RE/APP/Build/Object/MCAL/BASIC_TIMER/src/Basic_Timer.o
 .comment       0x00000026       0x27 /home/esmail/Desktop/NUCLEO-F446RE/APP/Build/Object/MCAL/I2C/src/I2C.o
 .comment       0x00000026       0x27 /home/esmail/Desktop/NUCLEO-F446RE/APP/Build/Object/MCAL/FLASH/src/FLASH.o
 .comment       0x00000026       0x27 /home/esmail/Desktop/NUCLEO-F446RE/APP/Build/Object/HAL/ESP/ESP.o
 .comment       0x00000026       0x27 /home/esmail/Desktop/NUCLEO-F446RE/APP/Build/Object/HAL/OLED/OLED.o
 .comment       0x00000026       0x27 /home/esmail/Desktop/NUCLEO-F446RE/APP/Build/Object/P1/FLAPPY_Bird/FLAPPY_Bird.o
 .comment       0x00000026       0x27 /home/esmail/Desktop/NUCLEO-F446RE/APP/Build/Object/RTOS/RTOS.o
 .comment       0x00000026       0x27 /home/esmail/Desktop/NUCLEO-F446RE/APP/Build/Object/Startup/startup_stm32f103.o
 .comment       0x00000026       0x27 /home/esmail/Desktop/NUCLEO-F446RE/APP/Build/Object/Src/main.o

.ARM.attributes
                0x00000000       0x34
 .ARM.attributes
                0x00000000       0x34 /home/esmail/Desktop/NUCLEO-F446RE/APP/Build/Object/MCAL/RCC/src/RCC_program.o
 .ARM.attributes
                0x00000034       0x34 /home/esmail/Desktop/NUCLEO-F446RE/APP/Build/Object/MCAL/NVIC/src/NVIC_program.o
 .ARM.attributes
                0x00000068       0x34 /home/esmail/Desktop/NUCLEO-F446RE/APP/Build/Object/MCAL/SysTick/src/SysTick_program.o
 .ARM.attributes
                0x0000009c       0x34 /home/esmail/Desktop/NUCLEO-F446RE/APP/Build/Object/MCAL/GPIO/src/GPIO_program.o
 .ARM.attributes
                0x000000d0       0x34 /home/esmail/Desktop/NUCLEO-F446RE/APP/Build/Object/MCAL/UART/src/UART.o
 .ARM.attributes
                0x00000104       0x34 /home/esmail/Desktop/NUCLEO-F446RE/APP/Build/Object/MCAL/DMA/src/DMA.o
 .ARM.attributes
                0x00000138       0x34 /home/esmail/Desktop/NUCLEO-F446RE/APP/Build/Object/MCAL/BASIC_TIMER/src/Basic_Timer.o
 .ARM.attributes
                0x0000016c       0x34 /home/esmail/Desktop/NUCLEO-F446RE/APP/Build/Object/MCAL/I2C/src/I2C.o
 .ARM.attributes
                0x000001a0       0x34 /home/esmail/Desktop/NUCLEO-F446RE/APP/Build/Object/MCAL/FLASH/src/FLASH.o
 .ARM.attributes
                0x000001d4       0x34 /home/esmail/Desktop/NUCLEO-F446RE/APP/Build/Object/HAL/ESP/ESP.o
 .ARM.attributes
                0x00000208       0x34 /home/esmail/Desktop/NUCLEO-F446RE/APP/Build/Object/HAL/OLED/OLED.o
 .ARM.attributes
                0x0000023c       0x34 /home/esmail/Desktop/NUCLEO-F446RE/APP/Build/Object/P1/FLAPPY_Bird/FLAPPY_Bird.o
 .ARM.attributes
                0x00000270       0x34 /home/esmail/Desktop/NUCLEO-F446RE/APP/Build/Object/RTOS/RTOS.o
 .ARM.attributes
                0x000002a4       0x34 /home/esmail/Desktop/NUCLEO-F446RE/APP/Build/Object/Startup/startup_stm32f103.o
 .ARM.attributes
                0x000002d8       0x34 /home/esmail/Desktop/NUCLEO-F446RE/APP/Build/Object/Src/main.o

.debug_frame    0x00000000     0x1424
 .debug_frame   0x00000000      0x1c8 /home/esmail/Desktop/NUCLEO-F446RE/APP/Build/Object/MCAL/RCC/src/RCC_program.o
 .debug_frame   0x000001c8      0x100 /home/esmail/Desktop/NUCLEO-F446RE/APP/Build/Object/MCAL/NVIC/src/NVIC_program.o
 .debug_frame   0x000002c8      0x120 /home/esmail/Desktop/NUCLEO-F446RE/APP/Build/Object/MCAL/SysTick/src/SysTick_program.o
 .debug_frame   0x000003e8       0xf4 /home/esmail/Desktop/NUCLEO-F446RE/APP/Build/Object/MCAL/GPIO/src/GPIO_program.o
 .debug_frame   0x000004dc      0x1ac /home/esmail/Desktop/NUCLEO-F446RE/APP/Build/Object/MCAL/UART/src/UART.o
 .debug_frame   0x00000688      0x188 /home/esmail/Desktop/NUCLEO-F446RE/APP/Build/Object/MCAL/DMA/src/DMA.o
 .debug_frame   0x00000810      0x100 /home/esmail/Desktop/NUCLEO-F446RE/APP/Build/Object/MCAL/BASIC_TIMER/src/Basic_Timer.o
 .debug_frame   0x00000910      0x2b8 /home/esmail/Desktop/NUCLEO-F446RE/APP/Build/Object/MCAL/I2C/src/I2C.o
 .debug_frame   0x00000bc8      0x354 /home/esmail/Desktop/NUCLEO-F446RE/APP/Build/Object/MCAL/FLASH/src/FLASH.o
 .debug_frame   0x00000f1c       0x80 /home/esmail/Desktop/NUCLEO-F446RE/APP/Build/Object/HAL/ESP/ESP.o
 .debug_frame   0x00000f9c      0x11c /home/esmail/Desktop/NUCLEO-F446RE/APP/Build/Object/HAL/OLED/OLED.o
 .debug_frame   0x000010b8       0x38 /home/esmail/Desktop/NUCLEO-F446RE/APP/Build/Object/P1/FLAPPY_Bird/FLAPPY_Bird.o
 .debug_frame   0x000010f0      0x138 /home/esmail/Desktop/NUCLEO-F446RE/APP/Build/Object/RTOS/RTOS.o
 .debug_frame   0x00001228       0x48 /home/esmail/Desktop/NUCLEO-F446RE/APP/Build/Object/Startup/startup_stm32f103.o
 .debug_frame   0x00001270      0x1b4 /home/esmail/Desktop/NUCLEO-F446RE/APP/Build/Object/Src/main.o
