
Discarded input sections

 .group         0x00000000        0xc C:/Users/s_a_a/Desktop/NUCLEO-F446RE/APP/Build/Object/MCAL/RCC/src/RCC_program.o
 .group         0x00000000        0xc C:/Users/s_a_a/Desktop/NUCLEO-F446RE/APP/Build/Object/MCAL/RCC/src/RCC_program.o
 .group         0x00000000        0xc C:/Users/s_a_a/Desktop/NUCLEO-F446RE/APP/Build/Object/MCAL/RCC/src/RCC_program.o
 .group         0x00000000        0xc C:/Users/s_a_a/Desktop/NUCLEO-F446RE/APP/Build/Object/MCAL/RCC/src/RCC_program.o
 .group         0x00000000        0xc C:/Users/s_a_a/Desktop/NUCLEO-F446RE/APP/Build/Object/MCAL/NVIC/src/NVIC_program.o
 .group         0x00000000        0xc C:/Users/s_a_a/Desktop/NUCLEO-F446RE/APP/Build/Object/MCAL/NVIC/src/NVIC_program.o
 .group         0x00000000        0xc C:/Users/s_a_a/Desktop/NUCLEO-F446RE/APP/Build/Object/MCAL/NVIC/src/NVIC_program.o
 .group         0x00000000        0xc C:/Users/s_a_a/Desktop/NUCLEO-F446RE/APP/Build/Object/MCAL/NVIC/src/NVIC_program.o
 .group         0x00000000        0xc C:/Users/s_a_a/Desktop/NUCLEO-F446RE/APP/Build/Object/MCAL/NVIC/src/NVIC_program.o
 .debug_macro   0x00000000      0xa66 C:/Users/s_a_a/Desktop/NUCLEO-F446RE/APP/Build/Object/MCAL/NVIC/src/NVIC_program.o
 .debug_macro   0x00000000       0x10 C:/Users/s_a_a/Desktop/NUCLEO-F446RE/APP/Build/Object/MCAL/NVIC/src/NVIC_program.o
 .debug_macro   0x00000000       0x22 C:/Users/s_a_a/Desktop/NUCLEO-F446RE/APP/Build/Object/MCAL/NVIC/src/NVIC_program.o
 .group         0x00000000        0xc C:/Users/s_a_a/Desktop/NUCLEO-F446RE/APP/Build/Object/MCAL/SysTick/src/SysTick_program.o
 .group         0x00000000        0xc C:/Users/s_a_a/Desktop/NUCLEO-F446RE/APP/Build/Object/MCAL/SysTick/src/SysTick_program.o
 .group         0x00000000        0xc C:/Users/s_a_a/Desktop/NUCLEO-F446RE/APP/Build/Object/MCAL/SysTick/src/SysTick_program.o
 .group         0x00000000        0xc C:/Users/s_a_a/Desktop/NUCLEO-F446RE/APP/Build/Object/MCAL/SysTick/src/SysTick_program.o
 .group         0x00000000        0xc C:/Users/s_a_a/Desktop/NUCLEO-F446RE/APP/Build/Object/MCAL/SysTick/src/SysTick_program.o
 .debug_macro   0x00000000      0xa66 C:/Users/s_a_a/Desktop/NUCLEO-F446RE/APP/Build/Object/MCAL/SysTick/src/SysTick_program.o
 .debug_macro   0x00000000       0x10 C:/Users/s_a_a/Desktop/NUCLEO-F446RE/APP/Build/Object/MCAL/SysTick/src/SysTick_program.o
 .debug_macro   0x00000000       0x22 C:/Users/s_a_a/Desktop/NUCLEO-F446RE/APP/Build/Object/MCAL/SysTick/src/SysTick_program.o
 .group         0x00000000        0xc C:/Users/s_a_a/Desktop/NUCLEO-F446RE/APP/Build/Object/MCAL/GPIO/src/GPIO_program.o
 .group         0x00000000        0xc C:/Users/s_a_a/Desktop/NUCLEO-F446RE/APP/Build/Object/MCAL/GPIO/src/GPIO_program.o
 .group         0x00000000        0xc C:/Users/s_a_a/Desktop/NUCLEO-F446RE/APP/Build/Object/MCAL/GPIO/src/GPIO_program.o
 .group         0x00000000        0xc C:/Users/s_a_a/Desktop/NUCLEO-F446RE/APP/Build/Object/MCAL/GPIO/src/GPIO_program.o
 .group         0x00000000        0xc C:/Users/s_a_a/Desktop/NUCLEO-F446RE/APP/Build/Object/MCAL/GPIO/src/GPIO_program.o
 .debug_macro   0x00000000      0xa66 C:/Users/s_a_a/Desktop/NUCLEO-F446RE/APP/Build/Object/MCAL/GPIO/src/GPIO_program.o
 .debug_macro   0x00000000       0x10 C:/Users/s_a_a/Desktop/NUCLEO-F446RE/APP/Build/Object/MCAL/GPIO/src/GPIO_program.o
 .debug_macro   0x00000000       0x22 C:/Users/s_a_a/Desktop/NUCLEO-F446RE/APP/Build/Object/MCAL/GPIO/src/GPIO_program.o
 .group         0x00000000        0xc C:/Users/s_a_a/Desktop/NUCLEO-F446RE/APP/Build/Object/MCAL/ADC/src/ADC.o
 .group         0x00000000        0xc C:/Users/s_a_a/Desktop/NUCLEO-F446RE/APP/Build/Object/MCAL/ADC/src/ADC.o
 .group         0x00000000        0xc C:/Users/s_a_a/Desktop/NUCLEO-F446RE/APP/Build/Object/MCAL/ADC/src/ADC.o
 .debug_macro   0x00000000      0xa66 C:/Users/s_a_a/Desktop/NUCLEO-F446RE/APP/Build/Object/MCAL/ADC/src/ADC.o
 .debug_macro   0x00000000       0x10 C:/Users/s_a_a/Desktop/NUCLEO-F446RE/APP/Build/Object/MCAL/ADC/src/ADC.o
 .group         0x00000000        0xc C:/Users/s_a_a/Desktop/NUCLEO-F446RE/APP/Build/Object/MCAL/UART/src/UART.o
 .group         0x00000000        0xc C:/Users/s_a_a/Desktop/NUCLEO-F446RE/APP/Build/Object/MCAL/UART/src/UART.o
 .group         0x00000000        0xc C:/Users/s_a_a/Desktop/NUCLEO-F446RE/APP/Build/Object/MCAL/UART/src/UART.o
 .group         0x00000000        0xc C:/Users/s_a_a/Desktop/NUCLEO-F446RE/APP/Build/Object/MCAL/UART/src/UART.o
 .debug_macro   0x00000000      0xa66 C:/Users/s_a_a/Desktop/NUCLEO-F446RE/APP/Build/Object/MCAL/UART/src/UART.o
 .debug_macro   0x00000000       0x10 C:/Users/s_a_a/Desktop/NUCLEO-F446RE/APP/Build/Object/MCAL/UART/src/UART.o
 .debug_macro   0x00000000       0x22 C:/Users/s_a_a/Desktop/NUCLEO-F446RE/APP/Build/Object/MCAL/UART/src/UART.o
 .group         0x00000000        0xc C:/Users/s_a_a/Desktop/NUCLEO-F446RE/APP/Build/Object/MCAL/Pwr/src/Pwr.o
[...]
Memory Configuration

Name             Origin             Length             Attributes
FLASH            0x08008000         0x00078000         xr
RAM              0x20000000         0x00020000         xrw
*default*        0x00000000         0xffffffff

Linker script and memory map

                0x20020000                _estack = (ORIGIN (RAM) + LENGTH (RAM))
                0x00000200                _Min_Heap_Size = 0x200
                0x00001000                _Min_Stack_Size = 0x1000

.isr_vector     0x08008000      0x178
                0x08008000                . = ALIGN (0x4)
 *(.isr_vector)
 .isr_vector    0x08008000      0x178 C:/Users/s_a_a/Desktop/NUCLEO-F446RE/APP/Build/Object/Startup/startup_stm32f103.o
                0x08008000                Vector_Table
                0x08008178                . = ALIGN (0x4)

.text           0x08008178     0x767c
                0x08008178                . = ALIGN (0x4)
 *(.text)
 .text          0x08008178        0x0 C:/Users/s_a_a/Desktop/NUCLEO-F446RE/APP/Build/Object/MCAL/RCC/src/RCC_program.o
 .text          0x08008178        0x0 C:/Users/s_a_a/Desktop/NUCLEO-F446RE/APP/Build/Object/MCAL/NVIC/src/NVIC_program.o
 .text          0x08008178        0x0 C:/Users/s_a_a/Desktop/NUCLEO-F446RE/APP/Build/Object/MCAL/SysTick/src/SysTick_program.o
 .text          0x08008178        0x0 C:/Users/s_a_a/Desktop/NUCLEO-F446RE/APP/Build/Object/MCAL/GPIO/src/GPIO_program.o
 .text          0x08008178        0x0 C:/Users/s_a_a/Desktop/NUCLEO-F446RE/APP/Build/Object/MCAL/ADC/src/ADC.o
 .text          0x08008178        0x0 C:/Users/s_a_a/Desktop/NUCLEO-F446RE/APP/Build/Object/MCAL/UART/src/UART.o
 .text          0x08008178        0x0 C:/Users/s_a_a/Desktop/NUCLEO-F446RE/APP/Build/Object/MCAL/Pwr/src/Pwr.o
 .text          0x08008178        0x0 C:/Users/s_a_a/Desktop/NUCLEO-F446RE/APP/Build/Object/MCAL/DMA/src/DMA.o
 .text          0x08008178        0x0 C:/Users/s_a_a/Desktop/NUCLEO-F446RE/APP/Build/Object/MCAL/IWDG/src/IWDG.o
 .text          0x08008178        0x0 C:/Users/s_a_a/Desktop/NUCLEO-F446RE/APP/Build/Object/MCAL/WWDG/src/WWDG.o
 .text          0x08008178        0x0 C:/Users/s_a_a/Desktop/NUCLEO-F446RE/APP/Build/Object/MCAL/RTC/src/RTC.o
 .text          0x08008178        0x0 C:/Users/s_a_a/Desktop/NUCLEO-F446RE/APP/Build/Object/MCAL/FPU/src/FPU.o
 .text          0x08008178        0x0 C:/Users/s_a_a/Desktop/NUCLEO-F446RE/APP/Build/Object/MCAL/MPU/src/MPU.o
 .text          0x08008178        0x0 C:/Users/s_a_a/Desktop/NUCLEO-F446RE/APP/Build/Object/MCAL/CRC/src/CRC.o
 .text          0x08008178        0x0 C:/Users/s_a_a/Desktop/NUCLEO-F446RE/APP/Build/Object/MCAL/BASIC_TIMER/src/Basic_Timer.o
 .text          0x08008178        0x0 C:/Users/s_a_a/Desktop/NUCLEO-F446RE/APP/Build/Object/MCAL/I2C/src/I2C.o
 .text          0x08008178        0x0 C:/Users/s_a_a/Desktop/NUCLEO-F446RE/APP/Build/Object/MCAL/FLASH/src/FLASH.o
 .text          0x08008178        0x0 C:/Users/s_a_a/Desktop/NUCLEO-F446RE/APP/Build/Object/MCAL/GP_TIMER/src/GP_Timer.o
 .text          0x08008178        0x0 C:/Users/s_a_a/Desktop/NUCLEO-F446RE/APP/Build/Object/MCAL/PendSV/src/PendSV.o
 .text          0x08008178        0x0 C:/Users/s_a_a/Desktop/NUCLEO-F446RE/APP/Build/Object/HAL/ESP/ESP.o
 .text          0x08008178        0x0 C:/Users/s_a_a/Desktop/NUCLEO-F446RE/APP/Build/Object/HAL/OLED/OLED.o
 .text          0x08008178        0x0 C:/Users/s_a_a/Desktop/NUCLEO-F446RE/APP/Build/Object/HAL/MPU_6050/MPU_6050.o
 .text          0x08008178        0x0 C:/Users/s_a_a/Desktop/NUCLEO-F446RE/APP/Build/Object/P1/Snake/Snake.o
 .text          0x08008178        0x0 C:/Users/s_a_a/Desktop/NUCLEO-F446RE/APP/Build/Object/P1/Gif/Gif.o
 .text          0x08008178        0x0 C:/Users/s_a_a/Desktop/NUCLEO-F446RE/APP/Build/Object/P1/OLEDH/Oledh.o
 .text          0x08008178        0x0 C:/Users/s_a_a/Desktop/NUCLEO-F446RE/APP/Build/Object/P1/PwrMd/PwrMd.o
 .text          0x08008178        0x0 C:/Users/s_a_a/Desktop/NUCLEO-F446RE/APP/Build/Object/RTOS/RTOS.o
 .text          0x08008178        0x0 C:/Users/s_a_a/Desktop/NUCLEO-F446RE/APP/Build/Object/Startup/startup_stm32f103.o
 .text          0x08008178        0x0 C:/Users/s_a_a/Desktop/NUCLEO-F446RE/APP/Build/Object/Src/App_Config.o
 .text          0x08008178        0x0 C:/Users/s_a_a/Desktop/NUCLEO-F446RE/APP/Build/Object/Src/App_Ctrl.o
 .text          0x08008178        0x0 C:/Users/s_a_a/Desktop/NUCLEO-F446RE/APP/Build/Object/Src/ISR.o
 .text          0x08008178        0x0 C:/Users/s_a_a/Desktop/NUCLEO-F446RE/APP/Build/Object/Src/main.o
 .text          0x08008178        0x0 C:/Users/s_a_a/Desktop/NUCLEO-F446RE/APP/Build/Object/Src/SwM.o
 .text          0x08008178        0x0 C:/Users/s_a_a/Desktop/NUCLEO-F446RE/APP/Build/Object/Src/Telemetry.o
 *(.text*)
 .text.RCC_EnableHSI
                0x08008178       0x30 C:/Users/s_a_a/Desktop/NUCLEO-F446RE/APP/Build/Object/MCAL/RCC/src/RCC_program.o
 .text.RCC_EnableHSE
                0x080081a8       0x3c C:/Users/s_a_a/Desktop/NUCLEO-F446RE/APP/Build/Object/MCAL/RCC/src/RCC_program.o
 .text.RCC_EnablePLL
                0x080081e4       0x30 C:/Users/s_a_a/Desktop/NUCLEO-F446RE/APP/Build/Object/MCAL/RCC/src/RCC_program.o
 .text.RCC_DisablePLL
                0x08008214       0x30 C:/Users/s_a_a/Desktop/NUCLEO-F446RE/APP/Build/Object/MCAL/RCC/src/RCC_program.o
 .text.RCC_SelectSystemClock
                0x08008244       0x60 C:/Users/s_a_a/Desktop/NUCLEO-F446RE/APP/Build/Object/MCAL/RCC/src/RCC_program.o
 .text.RCC_ConfigPLL
                0x080082a4       0x78 C:/Users/s_a_a/Desktop/NUCLEO-F446RE/APP/Build/Object/MCAL/RCC/src/RCC_program.o
 .text.RCC_SetAHBPrescaler
                0x0800831c       0x38 C:/Users/s_a_a/Desktop/NUCLEO-F446RE/APP/Build/Object/MCAL/RCC/src/RCC_program.o
 .text.RCC_SetAPB1Prescaler
                0x08008354       0x38 C:/Users/s_a_a/Desktop/NUCLEO-F446RE/APP/Build/Object/MCAL/RCC/src/RCC_program.o
 .text.RCC_SetAPB2Prescaler
                0x0800838c       0x38 C:/Users/s_a_a/Desktop/NUCLEO-F446RE/APP/Build/Object/MCAL/RCC/src/RCC_program.o
 .text.RCC_Init
                0x080083c4       0x98 C:/Users/s_a_a/Desktop/NUCLEO-F446RE/APP/Build/Object/MCAL/RCC/src/RCC_program.o
                0x080083c4                RCC_Init
 .text.RCC_EnableClock
                0x0800845c       0xc0 C:/Users/s_a_a/Desktop/NUCLEO-F446RE/APP/Build/Object/MCAL/RCC/src/RCC_program.o
                0x0800845c                RCC_EnableClock
 .text.RCC_DisableClock
                0x0800851c       0xcc C:/Users/s_a_a/Desktop/NUCLEO-F446RE/APP/Build/Object/MCAL/RCC/src/RCC_program.o
                0x0800851c                RCC_DisableClock
 .text.NVIC_EnableInterrupt
                0x080085e8       0x54 C:/Users/s_a_a/Desktop/NUCLEO-F446RE/APP/Build/Object/MCAL/NVIC/src/NVIC_program.o
                0x080085e8                NVIC_EnableInterrupt
 .text.NVIC_DisableInterrupt
                0x0800863c       0x54 C:/Users/s_a_a/Desktop/NUCLEO-F446RE/APP/Build/Object/MCAL/NVIC/src/NVIC_program.o
                0x0800863c                NVIC_DisableInterrupt
 .text.NVIC_SetPendingFlag
                0x08008690       0x54 C:/Users/s_a_a/Desktop/NUCLEO-F446RE/APP/Build/Object/MCAL/NVIC/src/NVIC_program.o
                0x08008690                NVIC_SetPendingFlag
 .text.NVIC_ClearPendingFlag
                0x080086e4       0x54 C:/Users/s_a_a/Desktop/NUCLEO-F446RE/APP/Build/Object/MCAL/NVIC/src/NVIC_program.o
                0x080086e4                NVIC_ClearPendingFlag
 .text.NVIC_GetActiveInterrupt
                0x08008738       0x6c C:/Users/s_a_a/Desktop/NUCLEO-F446RE/APP/Build/Object/MCAL/NVIC/src/NVIC_program.o
                0x08008738                NVIC_GetActiveInterrupt
 .text.NVIC_SetPriority
                0x080087a4       0x68 C:/Users/s_a_a/Desktop/NUCLEO-F446RE/APP/Build/Object/MCAL/NVIC/src/NVIC_program.o
                0x080087a4                NVIC_SetPriority
 .text.SysTick_voidInit
                0x0800880c       0x1c C:/Users/s_a_a/Desktop/NUCLEO-F446RE/APP/Build/Object/MCAL/SysTick/src/SysTick_program.o
                0x0800880c                SysTick_voidInit
 .text.SysTick_voidSetBusyWait
                0x08008828       0x54 C:/Users/s_a_a/Desktop/NUCLEO-F446RE/APP/Build/Object/MCAL/SysTick/src/SysTick_program.o
                0x08008828                SysTick_voidSetBusyWait
 .text.SysTick_voidSetIntervalSingle
                0x0800887c       0x58 C:/Users/s_a_a/Desktop/NUCLEO-F446RE/APP/Build/Object/MCAL/SysTick/src/SysTick_program.o
                0x0800887c                SysTick_voidSetIntervalSingle
 .text.SysTick_voidSetIntervalPeriodoc
                0x080088d4       0x64 C:/Users/s_a_a/Desktop/NUCLEO-F446RE/APP/Build/Object/MCAL/SysTick/src/SysTick_program.o
                0x080088d4                SysTick_voidSetIntervalPeriodoc
 .text.SysTick_voidStopTimer
                0x08008938       0x1c C:/Users/s_a_a/Desktop/NUCLEO-F446RE/APP/Build/Object/MCAL/SysTick/src/SysTick_program.o
                0x08008938                SysTick_voidStopTimer
 .text.SysTick_GetElapsedTime
                0x08008954       0x20 C:/Users/s_a_a/Desktop/NUCLEO-F446RE/APP/Build/Object/MCAL/SysTick/src/SysTick_program.o
                0x08008954                SysTick_GetElapsedTime
 .text.SysTick_GetRemaningTime
                0x08008974       0x18 C:/Users/s_a_a/Desktop/NUCLEO-F446RE/APP/Build/Object/MCAL/SysTick/src/SysTick_program.o
                0x08008974                SysTick_GetRemaningTime
 .text.SysTick_Handler
                0x0800898c       0x14 C:/Users/s_a_a/Desktop/NUCLEO-F446RE/APP/Build/Object/MCAL/SysTick/src/SysTick_program.o
                0x0800898c                SysTick_Handler
 .text.GPIO_GetPort
                0x080089a0       0x88 C:/Users/s_a_a/Desktop/NUCLEO-F446RE/APP/Build/Object/MCAL/GPIO/src/GPIO_program.o
 .text.GPIO_InitPin
                0x08008a28      0x106 C:/Users/s_a_a/Desktop/NUCLEO-F446RE/APP/Build/Object/MCAL/GPIO/src/GPIO_program.o
                0x08008a28                GPIO_InitPin
 .text.GPIO_WritePin
                0x08008b2e       0x60 C:/Users/s_a_a/Desktop/NUCLEO-F446RE/APP/Build/Object/MCAL/GPIO/src/GPIO_program.o
                0x08008b2e                GPIO_WritePin
 .text.GPIO_TogglePin
                0x08008b8e       0x4a C:/Users/s_a_a/Desktop/NUCLEO-F446RE/APP/Build/Object/MCAL/GPIO/src/GPIO_program.o
                0x08008b8e                GPIO_TogglePin
 .text.GPIO_ReadPin
                0x08008bd8       0x4e C:/Users/s_a_a/Desktop/NUCLEO-F446RE/APP/Build/Object/MCAL/GPIO/src/GPIO_program.o
                0x08008bd8                GPIO_ReadPin
 *fill*         0x08008c26        0x2 
 .text.GPIO_SetAF
                0x08008c28      0x118 C:/Users/s_a_a/Desktop/NUCLEO-F446RE/APP/Build/Object/MCAL/GPIO/src/GPIO_program.o
                0x08008c28                GPIO_SetAF
 .text.ADC_SetChannelSampleTime
                0x08008d40       0x9c C:/Users/s_a_a/Desktop/NUCLEO-F446RE/APP/Build/Object/MCAL/ADC/src/ADC.o
 .text.ADC_Init
                0x08008ddc       0xec C:/Users/s_a_a/Desktop/NUCLEO-F446RE/APP/Build/Object/MCAL/ADC/src/ADC.o
                0x08008ddc                ADC_Init
 .text.ADC_Read
                0x08008ec8       0x74 C:/Users/s_a_a/Desktop/NUCLEO-F446RE/APP/Build/Object/MCAL/ADC/src/ADC.o
                0x08008ec8                ADC_Read
 .text.ADC_ReadAveraged
                0x08008f3c       0x54 C:/Users/s_a_a/Desktop/NUCLEO-F446RE/APP/Build/Object/MCAL/ADC/src/ADC.o
                0x08008f3c                ADC_ReadAveraged
 .text.ADC_ReadVoltage_mV
                0x08008f90       0x2a C:/Users/s_a_a/Desktop/NUCLEO-F446RE/APP/Build/Object/MCAL/ADC/src/ADC.o
                0x08008f90                ADC_ReadVoltage_mV
 .text.ADC_SetSampleTime
                0x08008fba       0x24 C:/Users/s_a_a/Desktop/NUCLEO-F446RE/APP/Build/Object/MCAL/ADC/src/ADC.o
                0x08008fba                ADC_SetSampleTime
 *fill*         0x08008fde        0x2 
 .text.Get_BASE_ADD
                0x08008fe0       0x50 C:/Users/s_a_a/Desktop/NUCLEO-F446RE/APP/Build/Object/MCAL/UART/src/UART.o
                0x08008fe0                Get_BASE_ADD
 .text.Write_UART_Number
                0x08009030       0x88 C:/Users/s_a_a/Desktop/NUCLEO-F446RE/APP/Build/Object/MCAL/UART/src/UART.o
                0x08009030                Write_UART_Number
 .text.UART_Init
                0x080090b8      0x134 C:/Users/s_a_a/Desktop/NUCLEO-F446RE/APP/Build/Object/MCAL/UART/src/UART.o
                0x080090b8                UART_Init
 .text.UART_SendSyncBuffer
                0x080091ec       0x56 C:/Users/s_a_a/Desktop/NUCLEO-F446RE/APP/Build/Object/MCAL/UART/src/UART.o
                0x080091ec                UART_SendSyncBuffer
 *fill*         0x08009242        0x2 
 .text.UART_voidSendNumber
                0x08009244       0x50 C:/Users/s_a_a/Desktop/NUCLEO-F446RE/APP/Build/Object/MCAL/UART/src/UART.o
                0x08009244                UART_voidSendNumber
 .text.UART1_CALLBACK
                0x08009294       0x24 C:/Users/s_a_a/Desktop/NUCLEO-F446RE/APP/Build/Object/MCAL/UART/src/UART.o
                0x08009294                UART1_CALLBACK
 .text.UART2_CALLBACK
                0x080092b8       0x24 C:/Users/s_a_a/Desktop/NUCLEO-F446RE/APP/Build/Object/MCAL/UART/src/UART.o
                0x080092b8                UART2_CALLBACK
 .text.UART3_CALLBACK
                0x080092dc       0x24 C:/Users/s_a_a/Desktop/NUCLEO-F446RE/APP/Build/Object/MCAL/UART/src/UART.o
                0x080092dc                UART3_CALLBACK
 .text.USART2_IRQHandler
                0x08009300       0x84 C:/Users/s_a_a/Desktop/NUCLEO-F446RE/APP/Build/Object/MCAL/UART/src/UART.o
                0x08009300                USART2_IRQHandler
 .text.USART3_IRQHandler
                0x08009384       0x84 C:/Users/s_a_a/Desktop/NUCLEO-F446RE/APP/Build/Object/MCAL/UART/src/UART.o
                0x08009384                USART3_IRQHandler
 .text.USART1_IRQHandler
                0x08009408       0x84 C:/Users/s_a_a/Desktop/NUCLEO-F446RE/APP/Build/Object/MCAL/UART/src/UART.o
                0x08009408                USART1_IRQHandler
 .text.exec_wfi
                0x0800948c       0x14 C:/Users/s_a_a/Desktop/NUCLEO-F446RE/APP/Build/Object/MCAL/Pwr/src/Pwr.o
 .text.exec_wfe
                0x080094a0       0x14 C:/Users/s_a_a/Desktop/NUCLEO-F446RE/APP/Build/Object/MCAL/Pwr/src/Pwr.o
 .text.LP_EnterSleep
                0x080094b4       0x34 C:/Users/s_a_a/Desktop/NUCLEO-F446RE/APP/Build/Object/MCAL/Pwr/src/Pwr.o
                0x080094b4                LP_EnterSleep
 .text.LP_EnableSleepOnExit
                0x080094e8       0x20 C:/Users/s_a_a/Desktop/NUCLEO-F446RE/APP/Build/Object/MCAL/Pwr/src/Pwr.o
                0x080094e8                LP_EnableSleepOnExit
 .text.LP_DisableSleepOnExit
                0x08009508       0x20 C:/Users/s_a_a/Desktop/NUCLEO-F446RE/APP/Build/Object/MCAL/Pwr/src/Pwr.o
                0x08009508                LP_DisableSleepOnExit
 .text.LP_EnterStop
                0x08009528       0x98 C:/Users/s_a_a/Desktop/NUCLEO-F446RE/APP/Build/Object/MCAL/Pwr/src/Pwr.o
                0x08009528                LP_EnterStop
 .text.LP_EnterStandby
                0x080095c0       0x38 C:/Users/s_a_a/Desktop/NUCLEO-F446RE/APP/Build/Object/MCAL/Pwr/src/Pwr.o
                0x080095c0                LP_EnterStandby
 .text.LP_EnableWakeupPin
                0x080095f8       0x40 C:/Users/s_a_a/Desktop/NUCLEO-F446RE/APP/Build/Object/MCAL/Pwr/src/Pwr.o
                0x080095f8                LP_EnableWakeupPin
 .text.LP_DisableWakeupPin
                0x08009638       0x40 C:/Users/s_a_a/Desktop/NUCLEO-F446RE/APP/Build/Object/MCAL/Pwr/src/Pwr.o
                0x08009638                LP_DisableWakeupPin
 .text.LP_IsWakeFromStandby
                0x08009678       0x24 C:/Users/s_a_a/Desktop/NUCLEO-F446RE/APP/Build/Object/MCAL/Pwr/src/Pwr.o
                0x08009678                LP_IsWakeFromStandby
 .text.LP_IsWakeupPinEvent
                0x0800969c       0x20 C:/Users/s_a_a/Desktop/NUCLEO-F446RE/APP/Build/Object/MCAL/Pwr/src/Pwr.o
                0x0800969c                LP_IsWakeupPinEvent
 .text.LP_ClearFlags
                0x080096bc       0x20 C:/Users/s_a_a/Desktop/NUCLEO-F446RE/APP/Build/Object/MCAL/Pwr/src/Pwr.o
                0x080096bc                LP_ClearFlags
 .text.LP_EnablePVD
                0x080096dc       0x40 C:/Users/s_a_a/Desktop/NUCLEO-F446RE/APP/Build/Object/MCAL/Pwr/src/Pwr.o
                0x080096dc                LP_EnablePVD
 .text.LP_DisablePVD
                0x0800971c       0x20 C:/Users/s_a_a/Desktop/NUCLEO-F446RE/APP/Build/Object/MCAL/Pwr/src/Pwr.o
                0x0800971c                LP_DisablePVD
 .text.LP_GetPVDOutput
                0x0800973c       0x24 C:/Users/s_a_a/Desktop/NUCLEO-F446RE/APP/Build/Object/MCAL/Pwr/src/Pwr.o
                0x0800973c                LP_GetPVDOutput
 .text.DMA_GetStreamReg
                0x08009760       0x44 C:/Users/s_a_a/Desktop/NUCLEO-F446RE/APP/Build/Object/MCAL/DMA/src/DMA.o
                0x08009760                DMA_GetStreamReg
 .text.dma_status_offset_for_stream
                0x080097a4       0x26 C:/Users/s_a_a/Desktop/NUCLEO-F446RE/APP/Build/Object/MCAL/DMA/src/DMA.o
 *fill*         0x080097ca        0x2 
 .text.DMA_ReadStatus
                0x080097cc       0x5c C:/Users/s_a_a/Desktop/NUCLEO-F446RE/APP/Build/Object/MCAL/DMA/src/DMA.o
 .text.DMA_ClearFlag
                0x08009828       0x5c C:/Users/s_a_a/Desktop/NUCLEO-F446RE/APP/Build/Object/MCAL/DMA/src/DMA.o
 .text.DMA_DriverInit
                0x08009884       0x60 C:/Users/s_a_a/Desktop/NUCLEO-F446RE/APP/Build/Object/MCAL/DMA/src/DMA.o
                0x08009884                DMA_DriverInit
 .text.DMA_ConfigStream
                0x080098e4      0x142 C:/Users/s_a_a/Desktop/NUCLEO-F446RE/APP/Build/Object/MCAL/DMA/src/DMA.o
                0x080098e4                DMA_ConfigStream
 .text.DMA_Start
                0x08009a26       0x76 C:/Users/s_a_a/Desktop/NUCLEO-F446RE/APP/Build/Object/MCAL/DMA/src/DMA.o
                0x08009a26                DMA_Start
 .text.DMA_Abort
                0x08009a9c       0x4e C:/Users/s_a_a/Desktop/NUCLEO-F446RE/APP/Build/Object/MCAL/DMA/src/DMA.o
                0x08009a9c                DMA_Abort
 *fill*         0x08009aea        0x2 
 .text.DMA_RegisterCallback
                0x08009aec       0x64 C:/Users/s_a_a/Desktop/NUCLEO-F446RE/APP/Build/Object/MCAL/DMA/src/DMA.o
                0x08009aec                DMA_RegisterCallback
 .text.DMA_HandleIRQ
                0x08009b50       0xc0 C:/Users/s_a_a/Desktop/NUCLEO-F446RE/APP/Build/Object/MCAL/DMA/src/DMA.o
                0x08009b50                DMA_HandleIRQ
 .text.IWDG_Init
                0x08009c10       0x74 C:/Users/s_a_a/Desktop/NUCLEO-F446RE/APP/Build/Object/MCAL/IWDG/src/IWDG.o
                0x08009c10                IWDG_Init
 .text.IWDG_Refresh
                0x08009c84       0x1c C:/Users/s_a_a/Desktop/NUCLEO-F446RE/APP/Build/Object/MCAL/IWDG/src/IWDG.o
                0x08009c84                IWDG_Refresh
 .text.IWDG_CalcReload
                0x08009ca0       0x74 C:/Users/s_a_a/Desktop/NUCLEO-F446RE/APP/Build/Object/MCAL/IWDG/src/IWDG.o
                0x08009ca0                IWDG_CalcReload
 .text.WWDG_Init
                0x08009d14       0x6c C:/Users/s_a_a/Desktop/NUCLEO-F446RE/APP/Build/Object/MCAL/WWDG/src/WWDG.o
                0x08009d14                WWDG_Init
 .text.WWDG_Refresh
                0x08009d80       0x28 C:/Users/s_a_a/Desktop/NUCLEO-F446RE/APP/Build/Object/MCAL/WWDG/src/WWDG.o
                0x08009d80                WWDG_Refresh
 .text.WWDG_ClearFlag
                0x08009da8       0x20 C:/Users/s_a_a/Desktop/NUCLEO-F446RE/APP/Build/Object/MCAL/WWDG/src/WWDG.o
                0x08009da8                WWDG_ClearFlag
 .text.WWDG_GetFlag
                0x08009dc8       0x20 C:/Users/s_a_a/Desktop/NUCLEO-F446RE/APP/Build/Object/MCAL/WWDG/src/WWDG.o
                0x08009dc8                WWDG_GetFlag
 .text.WWDG_CalcCounter
                0x08009de8       0x70 C:/Users/s_a_a/Desktop/NUCLEO-F446RE/APP/Build/Object/MCAL/WWDG/src/WWDG.o
                0x08009de8                WWDG_CalcCounter
 .text.bin2bcd  0x08009e58       0x44 C:/Users/s_a_a/Desktop/NUCLEO-F446RE/APP/Build/Object/MCAL/RTC/src/RTC.o
 .text.bcd2bin  0x08009e9c       0x32 C:/Users/s_a_a/Desktop/NUCLEO-F446RE/APP/Build/Object/MCAL/RTC/src/RTC.o
 *fill*         0x08009ece        0x2 
 .text.RTC_Unlock
                0x08009ed0       0x20 C:/Users/s_a_a/Desktop/NUCLEO-F446RE/APP/Build/Object/MCAL/RTC/src/RTC.o
 .text.RTC_Lock
                0x08009ef0       0x18 C:/Users/s_a_a/Desktop/NUCLEO-F446RE/APP/Build/Object/MCAL/RTC/src/RTC.o
 .text.RTC_EnterInitMode
                0x08009f08       0x4c C:/Users/s_a_a/Desktop/NUCLEO-F446RE/APP/Build/Object/MCAL/RTC/src/RTC.o
 .text.RTC_ExitInitMode
                0x08009f54       0x20 C:/Users/s_a_a/Desktop/NUCLEO-F446RE/APP/Build/Object/MCAL/RTC/src/RTC.o
 .text.RTC_Init
                0x08009f74      0x148 C:/Users/s_a_a/Desktop/NUCLEO-F446RE/APP/Build/Object/MCAL/RTC/src/RTC.o
                0x08009f74                RTC_Init
 .text.RTC_SetTime
                0x0800a0bc       0xa4 C:/Users/s_a_a/Desktop/NUCLEO-F446RE/APP/Build/Object/MCAL/RTC/src/RTC.o
                0x0800a0bc                RTC_SetTime
 .text.RTC_GetTime
                0x0800a160       0x84 C:/Users/s_a_a/Desktop/NUCLEO-F446RE/APP/Build/Object/MCAL/RTC/src/RTC.o
                0x0800a160                RTC_GetTime
 .text.RTC_SetDate
                0x0800a1e4       0x9c C:/Users/s_a_a/Desktop/NUCLEO-F446RE/APP/Build/Object/MCAL/RTC/src/RTC.o
                0x0800a1e4                RTC_SetDate
 .text.RTC_GetDate
                0x0800a280       0x84 C:/Users/s_a_a/Desktop/NUCLEO-F446RE/APP/Build/Object/MCAL/RTC/src/RTC.o
                0x0800a280                RTC_GetDate
 .text.RTC_SetAlarm
                0x0800a304      0x1bc C:/Users/s_a_a/Desktop/NUCLEO-F446RE/APP/Build/Object/MCAL/RTC/src/RTC.o
                0x0800a304                RTC_SetAlarm
 .text.RTC_DisableAlarm
                0x0800a4c0       0x40 C:/Users/s_a_a/Desktop/NUCLEO-F446RE/APP/Build/Object/MCAL/RTC/src/RTC.o
                0x0800a4c0                RTC_DisableAlarm
 .text.RTC_ClearAlarmFlag
                0x0800a500       0x3c C:/Users/s_a_a/Desktop/NUCLEO-F446RE/APP/Build/Object/MCAL/RTC/src/RTC.o
                0x0800a500                RTC_ClearAlarmFlag
 .text.RTC_GetAlarmFlag
                0x0800a53c       0x40 C:/Users/s_a_a/Desktop/NUCLEO-F446RE/APP/Build/Object/MCAL/RTC/src/RTC.o
                0x0800a53c                RTC_GetAlarmFlag
 .text.RTC_SetWakeup
                0x0800a57c       0xa0 C:/Users/s_a_a/Desktop/NUCLEO-F446RE/APP/Build/Object/MCAL/RTC/src/RTC.o
                0x0800a57c                RTC_SetWakeup
 .text.RTC_DisableWakeup
                0x0800a61c       0x20 C:/Users/s_a_a/Desktop/NUCLEO-F446RE/APP/Build/Object/MCAL/RTC/src/RTC.o
                0x0800a61c                RTC_DisableWakeup
 .text.RTC_ClearWakeupFlag
                0x0800a63c       0x20 C:/Users/s_a_a/Desktop/NUCLEO-F446RE/APP/Build/Object/MCAL/RTC/src/RTC.o
                0x0800a63c                RTC_ClearWakeupFlag
 .text.RTC_GetWakeupFlag
                0x0800a65c       0x24 C:/Users/s_a_a/Desktop/NUCLEO-F446RE/APP/Build/Object/MCAL/RTC/src/RTC.o
                0x0800a65c                RTC_GetWakeupFlag
 .text.RTC_EnableTimestamp
                0x0800a680       0x64 C:/Users/s_a_a/Desktop/NUCLEO-F446RE/APP/Build/Object/MCAL/RTC/src/RTC.o
                0x0800a680                RTC_EnableTimestamp
 .text.RTC_DisableTimestamp
                0x0800a6e4       0x20 C:/Users/s_a_a/Desktop/NUCLEO-F446RE/APP/Build/Object/MCAL/RTC/src/RTC.o
                0x0800a6e4                RTC_DisableTimestamp
 .text.RTC_GetTimestamp
                0x0800a704       0xd8 C:/Users/s_a_a/Desktop/NUCLEO-F446RE/APP/Build/Object/MCAL/RTC/src/RTC.o
                0x0800a704                RTC_GetTimestamp
 .text.RTC_ClearTimestampFlag
                0x0800a7dc       0x20 C:/Users/s_a_a/Desktop/NUCLEO-F446RE/APP/Build/Object/MCAL/RTC/src/RTC.o
                0x0800a7dc                RTC_ClearTimestampFlag
 .text.RTC_WriteBackup
                0x0800a7fc       0x44 C:/Users/s_a_a/Desktop/NUCLEO-F446RE/APP/Build/Object/MCAL/RTC/src/RTC.o
                0x0800a7fc                RTC_WriteBackup
 .text.RTC_ReadBackup
                0x0800a840       0x2e C:/Users/s_a_a/Desktop/NUCLEO-F446RE/APP/Build/Object/MCAL/RTC/src/RTC.o
                0x0800a840                RTC_ReadBackup
 *fill*         0x0800a86e        0x2 
 .text.RTC_IsInitialized
                0x0800a870       0x24 C:/Users/s_a_a/Desktop/NUCLEO-F446RE/APP/Build/Object/MCAL/RTC/src/RTC.o
                0x0800a870                RTC_IsInitialized
 .text.RTC_WaitSync
                0x0800a894       0x44 C:/Users/s_a_a/Desktop/NUCLEO-F446RE/APP/Build/Object/MCAL/RTC/src/RTC.o
                0x0800a894                RTC_WaitSync
 .text.FPU_GetFPSCR
                0x0800a8d8       0x1a C:/Users/s_a_a/Desktop/NUCLEO-F446RE/APP/Build/Object/MCAL/FPU/src/FPU.o
                0x0800a8d8                FPU_GetFPSCR
 .text.FPU_SetFPSCR
                0x0800a8f2       0x1a C:/Users/s_a_a/Desktop/NUCLEO-F446RE/APP/Build/Object/MCAL/FPU/src/FPU.o
                0x0800a8f2                FPU_SetFPSCR
 .text.FPU_Enable
                0x0800a90c       0x38 C:/Users/s_a_a/Desktop/NUCLEO-F446RE/APP/Build/Object/MCAL/FPU/src/FPU.o
                0x0800a90c                FPU_Enable
 .text.FPU_Disable
                0x0800a944       0x28 C:/Users/s_a_a/Desktop/NUCLEO-F446RE/APP/Build/Object/MCAL/FPU/src/FPU.o
                0x0800a944                FPU_Disable
 .text.FPU_SetAccess
                0x0800a96c       0x50 C:/Users/s_a_a/Desktop/NUCLEO-F446RE/APP/Build/Object/MCAL/FPU/src/FPU.o
                0x0800a96c                FPU_SetAccess
 .text.FPU_EnableLazyStacking
                0x0800a9bc       0x20 C:/Users/s_a_a/Desktop/NUCLEO-F446RE/APP/Build/Object/MCAL/FPU/src/FPU.o
                0x0800a9bc                FPU_EnableLazyStacking
 .text.FPU_DisableLazyStacking
                0x0800a9dc       0x2c C:/Users/s_a_a/Desktop/NUCLEO-F446RE/APP/Build/Object/MCAL/FPU/src/FPU.o
                0x0800a9dc                FPU_DisableLazyStacking
 .text.FPU_SetRoundMode
                0x0800aa08       0x34 C:/Users/s_a_a/Desktop/NUCLEO-F446RE/APP/Build/Object/MCAL/FPU/src/FPU.o
                0x0800aa08                FPU_SetRoundMode
 .text.FPU_GetRoundMode
                0x0800aa3c       0x18 C:/Users/s_a_a/Desktop/NUCLEO-F446RE/APP/Build/Object/MCAL/FPU/src/FPU.o
                0x0800aa3c                FPU_GetRoundMode
 .text.FPU_SetFlushToZero
                0x0800aa54       0x36 C:/Users/s_a_a/Desktop/NUCLEO-F446RE/APP/Build/Object/MCAL/FPU/src/FPU.o
                0x0800aa54                FPU_SetFlushToZero
 .text.FPU_SetDefaultNaN
                0x0800aa8a       0x36 C:/Users/s_a_a/Desktop/NUCLEO-F446RE/APP/Build/Object/MCAL/FPU/src/FPU.o
                0x0800aa8a                FPU_SetDefaultNaN
 .text.FPU_GetExceptions
                0x0800aac0       0x12 C:/Users/s_a_a/Desktop/NUCLEO-F446RE/APP/Build/Object/MCAL/FPU/src/FPU.o
                0x0800aac0                FPU_GetExceptions
 .text.FPU_ClearExceptions
                0x0800aad2       0x2a C:/Users/s_a_a/Desktop/NUCLEO-F446RE/APP/Build/Object/MCAL/FPU/src/FPU.o
                0x0800aad2                FPU_ClearExceptions
 .text.MPU_Enable
                0x0800aafc       0x50 C:/Users/s_a_a/Desktop/NUCLEO-F446RE/APP/Build/Object/MCAL/MPU/src/MPU.o
                0x0800aafc                MPU_Enable
 .text.MPU_Disable
                0x0800ab4c       0x28 C:/Users/s_a_a/Desktop/NUCLEO-F446RE/APP/Build/Object/MCAL/MPU/src/MPU.o
                0x0800ab4c                MPU_Disable
 .text.MPU_ConfigRegion
                0x0800ab74       0x14 C:/Users/s_a_a/Desktop/NUCLEO-F446RE/APP/Build/Object/MCAL/MPU/src/MPU.o
                0x0800ab74                MPU_ConfigRegion
 .text.MPU_EnableRegion
                0x0800ab88       0x16 C:/Users/s_a_a/Desktop/NUCLEO-F446RE/APP/Build/Object/MCAL/MPU/src/MPU.o
                0x0800ab88                MPU_EnableRegion
 .text.MPU_DisableRegion
                0x0800ab9e       0x16 C:/Users/s_a_a/Desktop/NUCLEO-F446RE/APP/Build/Object/MCAL/MPU/src/MPU.o
                0x0800ab9e                MPU_DisableRegion
 .text.MPU_GetFaultAddress
                0x0800abb4       0x10 C:/Users/s_a_a/Desktop/NUCLEO-F446RE/APP/Build/Object/MCAL/MPU/src/MPU.o
                0x0800abb4                MPU_GetFaultAddress
 .text.MPU_GetFaultStatus
                0x0800abc4       0x10 C:/Users/s_a_a/Desktop/NUCLEO-F446RE/APP/Build/Object/MCAL/MPU/src/MPU.o
                0x0800abc4                MPU_GetFaultStatus
 .text.CRC_Init
                0x0800abd4       0x14 C:/Users/s_a_a/Desktop/NUCLEO-F446RE/APP/Build/Object/MCAL/CRC/src/CRC.o
                0x0800abd4                CRC_Init
 .text.CRC_Reset
                0x0800abe8       0x18 C:/Users/s_a_a/Desktop/NUCLEO-F446RE/APP/Build/Object/MCAL/CRC/src/CRC.o
                0x0800abe8                CRC_Reset
 .text.CRC_AccumulateWord
                0x0800ac00       0x24 C:/Users/s_a_a/Desktop/NUCLEO-F446RE/APP/Build/Object/MCAL/CRC/src/CRC.o
                0x0800ac00                CRC_AccumulateWord
 .text.CRC_Calculate
                0x0800ac24       0xec C:/Users/s_a_a/Desktop/NUCLEO-F446RE/APP/Build/Object/MCAL/CRC/src/CRC.o
                0x0800ac24                CRC_Calculate
 .text.CRC_Verify
                0x0800ad10       0x6e C:/Users/s_a_a/Desktop/NUCLEO-F446RE/APP/Build/Object/MCAL/CRC/src/CRC.o
                0x0800ad10                CRC_Verify
 *fill*         0x0800ad7e        0x2 
 .text.CRC_GetResult
                0x0800ad80       0x18 C:/Users/s_a_a/Desktop/NUCLEO-F446RE/APP/Build/Object/MCAL/CRC/src/CRC.o
                0x0800ad80                CRC_GetResult
 .text.GET_TIMER_BASE_ADD
                0x0800ad98       0x34 C:/Users/s_a_a/Desktop/NUCLEO-F446RE/APP/Build/Object/MCAL/BASIC_TIMER/src/Basic_Timer.o
 .text.Timer_Init
                0x0800adcc       0xa8 C:/Users/s_a_a/Desktop/NUCLEO-F446RE/APP/Build/Object/MCAL/BASIC_TIMER/src/Basic_Timer.o
                0x0800adcc                Timer_Init
 .text.Timer_Start
                0x0800ae74       0x4c C:/Users/s_a_a/Desktop/NUCLEO-F446RE/APP/Build/Object/MCAL/BASIC_TIMER/src/Basic_Timer.o
                0x0800ae74                Timer_Start
 .text.Timer_Stop
                0x0800aec0       0x4c C:/Users/s_a_a/Desktop/NUCLEO-F446RE/APP/Build/Object/MCAL/BASIC_TIMER/src/Basic_Timer.o
                0x0800aec0                Timer_Stop
 .text.Timer_SetCallback
                0x0800af0c       0x3c C:/Users/s_a_a/Desktop/NUCLEO-F446RE/APP/Build/Object/MCAL/BASIC_TIMER/src/Basic_Timer.o
                0x0800af0c                Timer_SetCallback
 .text.TIM6_DAC_IRQHandler
                0x0800af48       0x3c C:/Users/s_a_a/Desktop/NUCLEO-F446RE/APP/Build/Object/MCAL/BASIC_TIMER/src/Basic_Timer.o
                0x0800af48                TIM6_DAC_IRQHandler
 .text.TIM7_IRQHandler
                0x0800af84       0x3c C:/Users/s_a_a/Desktop/NUCLEO-F446RE/APP/Build/Object/MCAL/BASIC_TIMER/src/Basic_Timer.o
                0x0800af84                TIM7_IRQHandler
 .text.I2C_GetBase
                0x0800afc0       0x2c C:/Users/s_a_a/Desktop/NUCLEO-F446RE/APP/Build/Object/MCAL/I2C/src/I2C.o
 .text.I2C_DisableInterrupts
                0x0800afec       0x24 C:/Users/s_a_a/Desktop/NUCLEO-F446RE/APP/Build/Object/MCAL/I2C/src/I2C.o
 .text.I2C_Init
                0x0800b010      0x1bc C:/Users/s_a_a/Desktop/NUCLEO-F446RE/APP/Build/Object/MCAL/I2C/src/I2C.o
                0x0800b010                I2C_Init
 .text.I2C_DeInit
                0x0800b1cc       0x4c C:/Users/s_a_a/Desktop/NUCLEO-F446RE/APP/Build/Object/MCAL/I2C/src/I2C.o
                0x0800b1cc                I2C_DeInit
 .text.I2C_Start
                0x0800b218       0x50 C:/Users/s_a_a/Desktop/NUCLEO-F446RE/APP/Build/Object/MCAL/I2C/src/I2C.o
                0x0800b218                I2C_Start
 .text.I2C_Stop
                0x0800b268       0x2a C:/Users/s_a_a/Desktop/NUCLEO-F446RE/APP/Build/Object/MCAL/I2C/src/I2C.o
                0x0800b268                I2C_Stop
 .text.I2C_SendAddress
                0x0800b292       0x88 C:/Users/s_a_a/Desktop/NUCLEO-F446RE/APP/Build/Object/MCAL/I2C/src/I2C.o
                0x0800b292                I2C_SendAddress
 .text.I2C_SendData
                0x0800b31a       0x54 C:/Users/s_a_a/Desktop/NUCLEO-F446RE/APP/Build/Object/MCAL/I2C/src/I2C.o
                0x0800b31a                I2C_SendData
 .text.I2C_ReceiveData
                0x0800b36e       0x76 C:/Users/s_a_a/Desktop/NUCLEO-F446RE/APP/Build/Object/MCAL/I2C/src/I2C.o
                0x0800b36e                I2C_ReceiveData
 .text.I2C_MasterTransmit
                0x0800b3e4       0xc4 C:/Users/s_a_a/Desktop/NUCLEO-F446RE/APP/Build/Object/MCAL/I2C/src/I2C.o
                0x0800b3e4                I2C_MasterTransmit
 .text.I2C_MasterReceive
                0x0800b4a8       0xa4 C:/Users/s_a_a/Desktop/NUCLEO-F446RE/APP/Build/Object/MCAL/I2C/src/I2C.o
                0x0800b4a8                I2C_MasterReceive
 .text.I2C_WriteRegister
                0x0800b54c       0x44 C:/Users/s_a_a/Desktop/NUCLEO-F446RE/APP/Build/Object/MCAL/I2C/src/I2C.o
                0x0800b54c                I2C_WriteRegister
 .text.I2C_ReadRegister
                0x0800b590       0x50 C:/Users/s_a_a/Desktop/NUCLEO-F446RE/APP/Build/Object/MCAL/I2C/src/I2C.o
                0x0800b590                I2C_ReadRegister
 .text.I2C_ReadRegisters
                0x0800b5e0       0x50 C:/Users/s_a_a/Desktop/NUCLEO-F446RE/APP/Build/Object/MCAL/I2C/src/I2C.o
                0x0800b5e0                I2C_ReadRegisters
 .text.I2C_RegisterTxCallback
                0x0800b630       0x38 C:/Users/s_a_a/Desktop/NUCLEO-F446RE/APP/Build/Object/MCAL/I2C/src/I2C.o
                0x0800b630                I2C_RegisterTxCallback
 .text.I2C_RegisterRxCallback
                0x0800b668       0x38 C:/Users/s_a_a/Desktop/NUCLEO-F446RE/APP/Build/Object/MCAL/I2C/src/I2C.o
                0x0800b668                I2C_RegisterRxCallback
 .text.I2C_RegisterErrorCallback
                0x0800b6a0       0x38 C:/Users/s_a_a/Desktop/NUCLEO-F446RE/APP/Build/Object/MCAL/I2C/src/I2C.o
                0x0800b6a0                I2C_RegisterErrorCallback
 .text.I2C_GetState
                0x0800b6d8       0x38 C:/Users/s_a_a/Desktop/NUCLEO-F446RE/APP/Build/Object/MCAL/I2C/src/I2C.o
                0x0800b6d8                I2C_GetState
 .text.I2C_ReadStatus
                0x0800b710       0x1c C:/Users/s_a_a/Desktop/NUCLEO-F446RE/APP/Build/Object/MCAL/I2C/src/I2C.o
                0x0800b710                I2C_ReadStatus
 .text.I2C_MasterTransmit_IT
                0x0800b72c       0xac C:/Users/s_a_a/Desktop/NUCLEO-F446RE/APP/Build/Object/MCAL/I2C/src/I2C.o
                0x0800b72c                I2C_MasterTransmit_IT
 .text.I2C_MasterReceive_IT
                0x0800b7d8       0xc0 C:/Users/s_a_a/Desktop/NUCLEO-F446RE/APP/Build/Object/MCAL/I2C/src/I2C.o
                0x0800b7d8                I2C_MasterReceive_IT
 .text.I2C_EV_Handler
                0x0800b898      0x190 C:/Users/s_a_a/Desktop/NUCLEO-F446RE/APP/Build/Object/MCAL/I2C/src/I2C.o
 .text.I2C_ER_Handler
                0x0800ba28       0x70 C:/Users/s_a_a/Desktop/NUCLEO-F446RE/APP/Build/Object/MCAL/I2C/src/I2C.o
 .text.I2C1_EV_IRQHandler
                0x0800ba98        0xe C:/Users/s_a_a/Desktop/NUCLEO-F446RE/APP/Build/Object/MCAL/I2C/src/I2C.o
                0x0800ba98                I2C1_EV_IRQHandler
 .text.I2C1_ER_IRQHandler
                0x0800baa6        0xe C:/Users/s_a_a/Desktop/NUCLEO-F446RE/APP/Build/Object/MCAL/I2C/src/I2C.o
                0x0800baa6                I2C1_ER_IRQHandler
 .text.I2C2_EV_IRQHandler
                0x0800bab4        0xe C:/Users/s_a_a/Desktop/NUCLEO-F446RE/APP/Build/Object/MCAL/I2C/src/I2C.o
                0x0800bab4                I2C2_EV_IRQHandler
 .text.I2C2_ER_IRQHandler
                0x0800bac2        0xe C:/Users/s_a_a/Desktop/NUCLEO-F446RE/APP/Build/Object/MCAL/I2C/src/I2C.o
                0x0800bac2                I2C2_ER_IRQHandler
 .text.I2C3_EV_IRQHandler
                0x0800bad0        0xe C:/Users/s_a_a/Desktop/NUCLEO-F446RE/APP/Build/Object/MCAL/I2C/src/I2C.o
                0x0800bad0                I2C3_EV_IRQHandler
 .text.I2C3_ER_IRQHandler
                0x0800bade        0xe C:/Users/s_a_a/Desktop/NUCLEO-F446RE/APP/Build/Object/MCAL/I2C/src/I2C.o
                0x0800bade                I2C3_ER_IRQHandler
 .text.FlashDrv_Unlock
                0x0800baec       0x34 C:/Users/s_a_a/Desktop/NUCLEO-F446RE/APP/Build/Object/MCAL/FLASH/src/FLASH.o
                0x0800baec                FlashDrv_Unlock
 .text.FlashDrv_Lock
                0x0800bb20       0x20 C:/Users/s_a_a/Desktop/NUCLEO-F446RE/APP/Build/Object/MCAL/FLASH/src/FLASH.o
                0x0800bb20                FlashDrv_Lock
 .text.FlashDrv_IsLocked
                0x0800bb40       0x1c C:/Users/s_a_a/Desktop/NUCLEO-F446RE/APP/Build/Object/MCAL/FLASH/src/FLASH.o
                0x0800bb40                FlashDrv_IsLocked
 .text.FlashDrv_ClearErrors
                0x0800bb5c       0x20 C:/Users/s_a_a/Desktop/NUCLEO-F446RE/APP/Build/Object/MCAL/FLASH/src/FLASH.o
                0x0800bb5c                FlashDrv_ClearErrors
 .text.FlashDrv_WaitForLastOperation
                0x0800bb7c       0x54 C:/Users/s_a_a/Desktop/NUCLEO-F446RE/APP/Build/Object/MCAL/FLASH/src/FLASH.o
 .text.FlashDrv_IsValidAddress
                0x0800bbd0       0x30 C:/Users/s_a_a/Desktop/NUCLEO-F446RE/APP/Build/Object/MCAL/FLASH/src/FLASH.o
 .text.FlashDrv_GetSector
                0x0800bc00       0x88 C:/Users/s_a_a/Desktop/NUCLEO-F446RE/APP/Build/Object/MCAL/FLASH/src/FLASH.o
                0x0800bc00                FlashDrv_GetSector
 .text.FlashDrv_GetSectorBase
                0x0800bc88       0x80 C:/Users/s_a_a/Desktop/NUCLEO-F446RE/APP/Build/Object/MCAL/FLASH/src/FLASH.o
                0x0800bc88                FlashDrv_GetSectorBase
 .text.FlashDrv_GetSectorSize
                0x0800bd08       0x74 C:/Users/s_a_a/Desktop/NUCLEO-F446RE/APP/Build/Object/MCAL/FLASH/src/FLASH.o
                0x0800bd08                FlashDrv_GetSectorSize
 .text.FlashDrv_EraseSector
                0x0800bd7c       0x88 C:/Users/s_a_a/Desktop/NUCLEO-F446RE/APP/Build/Object/MCAL/FLASH/src/FLASH.o
                0x0800bd7c                FlashDrv_EraseSector
 .text.FlashDrv_EraseRange
                0x0800be04       0x76 C:/Users/s_a_a/Desktop/NUCLEO-F446RE/APP/Build/Object/MCAL/FLASH/src/FLASH.o
                0x0800be04                FlashDrv_EraseRange
 *fill*         0x0800be7a        0x2 
 .text.FlashDrv_MassErase
                0x0800be7c       0x64 C:/Users/s_a_a/Desktop/NUCLEO-F446RE/APP/Build/Object/MCAL/FLASH/src/FLASH.o
                0x0800be7c                FlashDrv_MassErase
 .text.FlashDrv_ProgramByte
                0x0800bee0       0x88 C:/Users/s_a_a/Desktop/NUCLEO-F446RE/APP/Build/Object/MCAL/FLASH/src/FLASH.o
                0x0800bee0                FlashDrv_ProgramByte
 .text.FlashDrv_ProgramHalfWord
                0x0800bf68       0x98 C:/Users/s_a_a/Desktop/NUCLEO-F446RE/APP/Build/Object/MCAL/FLASH/src/FLASH.o
                0x0800bf68                FlashDrv_ProgramHalfWord
 .text.FlashDrv_ProgramWord
                0x0800c000       0x98 C:/Users/s_a_a/Desktop/NUCLEO-F446RE/APP/Build/Object/MCAL/FLASH/src/FLASH.o
                0x0800c000                FlashDrv_ProgramWord
 .text.FlashDrv_ProgramBuffer
                0x0800c098       0x80 C:/Users/s_a_a/Desktop/NUCLEO-F446RE/APP/Build/Object/MCAL/FLASH/src/FLASH.o
                0x0800c098                FlashDrv_ProgramBuffer
 .text.FlashDrv_ProgramBufferAligned
                0x0800c118       0xc6 C:/Users/s_a_a/Desktop/NUCLEO-F446RE/APP/Build/Object/MCAL/FLASH/src/FLASH.o
                0x0800c118                FlashDrv_ProgramBufferAligned
 .text.FlashDrv_Verify
                0x0800c1de       0x4c C:/Users/s_a_a/Desktop/NUCLEO-F446RE/APP/Build/Object/MCAL/FLASH/src/FLASH.o
                0x0800c1de                FlashDrv_Verify
 .text.FlashDrv_IsErased
                0x0800c22a       0x40 C:/Users/s_a_a/Desktop/NUCLEO-F446RE/APP/Build/Object/MCAL/FLASH/src/FLASH.o
                0x0800c22a                FlashDrv_IsErased
 .text.FlashDrv_Read
                0x0800c26a       0x62 C:/Users/s_a_a/Desktop/NUCLEO-F446RE/APP/Build/Object/MCAL/FLASH/src/FLASH.o
                0x0800c26a                FlashDrv_Read
 .text.FlashDrv_PrepareForWrite
                0x0800c2cc       0x10 C:/Users/s_a_a/Desktop/NUCLEO-F446RE/APP/Build/Object/MCAL/FLASH/src/FLASH.o
                0x0800c2cc                FlashDrv_PrepareForWrite
 .text.FlashDrv_FinishWrite
                0x0800c2dc       0x10 C:/Users/s_a_a/Desktop/NUCLEO-F446RE/APP/Build/Object/MCAL/FLASH/src/FLASH.o
                0x0800c2dc                FlashDrv_FinishWrite
 .text.FlashDrv_ProgramWordSafe
                0x0800c2ec       0x28 C:/Users/s_a_a/Desktop/NUCLEO-F446RE/APP/Build/Object/MCAL/FLASH/src/FLASH.o
                0x0800c2ec                FlashDrv_ProgramWordSafe
 .text.GET_TIMER_BASE_ADD
                0x0800c314       0x54 C:/Users/s_a_a/Desktop/NUCLEO-F446RE/APP/Build/Object/MCAL/GP_TIMER/src/GP_Timer.o
 .text.GP_Timer_Init
                0x0800c368       0xc4 C:/Users/s_a_a/Desktop/NUCLEO-F446RE/APP/Build/Object/MCAL/GP_TIMER/src/GP_Timer.o
                0x0800c368                GP_Timer_Init
 .text.GP_Timer_PWM_Init
                0x0800c42c      0x144 C:/Users/s_a_a/Desktop/NUCLEO-F446RE/APP/Build/Object/MCAL/GP_TIMER/src/GP_Timer.o
                0x0800c42c                GP_Timer_PWM_Init
 .text.GP_Timer_PWM_SetDuty
                0x0800c570       0xa4 C:/Users/s_a_a/Desktop/NUCLEO-F446RE/APP/Build/Object/MCAL/GP_TIMER/src/GP_Timer.o
                0x0800c570                GP_Timer_PWM_SetDuty
 .text.GP_Timer_Start
                0x0800c614       0x40 C:/Users/s_a_a/Desktop/NUCLEO-F446RE/APP/Build/Object/MCAL/GP_TIMER/src/GP_Timer.o
                0x0800c614                GP_Timer_Start
 .text.GP_Timer_Stop
                0x0800c654       0x2c C:/Users/s_a_a/Desktop/NUCLEO-F446RE/APP/Build/Object/MCAL/GP_TIMER/src/GP_Timer.o
                0x0800c654                GP_Timer_Stop
 .text.GP_Timer_SetCallback
                0x0800c680       0x6c C:/Users/s_a_a/Desktop/NUCLEO-F446RE/APP/Build/Object/MCAL/GP_TIMER/src/GP_Timer.o
                0x0800c680                GP_Timer_SetCallback
 .text.TIM2_IRQHandler
                0x0800c6ec       0x3c C:/Users/s_a_a/Desktop/NUCLEO-F446RE/APP/Build/Object/MCAL/GP_TIMER/src/GP_Timer.o
                0x0800c6ec                TIM2_IRQHandler
 .text.TIM3_IRQHandler
                0x0800c728       0x3c C:/Users/s_a_a/Desktop/NUCLEO-F446RE/APP/Build/Object/MCAL/GP_TIMER/src/GP_Timer.o
                0x0800c728                TIM3_IRQHandler
 .text.TIM4_IRQHandler
                0x0800c764       0x3c C:/Users/s_a_a/Desktop/NUCLEO-F446RE/APP/Build/Object/MCAL/GP_TIMER/src/GP_Timer.o
                0x0800c764                TIM4_IRQHandler
 .text.TIM5_IRQHandler
                0x0800c7a0       0x3c C:/Users/s_a_a/Desktop/NUCLEO-F446RE/APP/Build/Object/MCAL/GP_TIMER/src/GP_Timer.o
                0x0800c7a0                TIM5_IRQHandler
 .text.PendSV_Init
                0x0800c7dc       0x20 C:/Users/s_a_a/Desktop/NUCLEO-F446RE/APP/Build/Object/MCAL/PendSV/src/PendSV.o
                0x0800c7dc                PendSV_Init
 .text.Trigger_PendSV
                0x0800c7fc       0x20 C:/Users/s_a_a/Desktop/NUCLEO-F446RE/APP/Build/Object/MCAL/PendSV/src/PendSV.o
                0x0800c7fc                Trigger_PendSV
 .text.int_to_str
                0x0800c81c       0x90 C:/Users/s_a_a/Desktop/NUCLEO-F446RE/APP/Build/Object/HAL/ESP/ESP.o
                0x0800c81c                int_to_str
 .text.my_strlen
                0x0800c8ac       0x2e C:/Users/s_a_a/Desktop/NUCLEO-F446RE/APP/Build/Object/HAL/ESP/ESP.o
                0x0800c8ac                my_strlen
 *fill*         0x0800c8da        0x2 
 .text.ESP_MainFunction
                0x0800c8dc       0x70 C:/Users/s_a_a/Desktop/NUCLEO-F446RE/APP/Build/Object/HAL/ESP/ESP.o
                0x0800c8dc                ESP_MainFunction
 .text.OLED_SendCommand
                0x0800c94c       0x32 C:/Users/s_a_a/Desktop/NUCLEO-F446RE/APP/Build/Object/HAL/OLED/OLED.o
                0x0800c94c                OLED_SendCommand
 .text.OLED_SendData
                0x0800c97e       0x32 C:/Users/s_a_a/Desktop/NUCLEO-F446RE/APP/Build/Object/HAL/OLED/OLED.o
                0x0800c97e                OLED_SendData
 .text.OLED_Init
                0x0800c9b0      0x120 C:/Users/s_a_a/Desktop/NUCLEO-F446RE/APP/Build/Object/HAL/OLED/OLED.o
                0x0800c9b0                OLED_Init
 .text.OLED_Clear
                0x0800cad0       0x34 C:/Users/s_a_a/Desktop/NUCLEO-F446RE/APP/Build/Object/HAL/OLED/OLED.o
                0x0800cad0                OLED_Clear
 .text.OLED_DrawPixel
                0x0800cb04       0x98 C:/Users/s_a_a/Desktop/NUCLEO-F446RE/APP/Build/Object/HAL/OLED/OLED.o
                0x0800cb04                OLED_DrawPixel
 .text.OLED_UpdateScreen
                0x0800cb9c       0xb0 C:/Users/s_a_a/Desktop/NUCLEO-F446RE/APP/Build/Object/HAL/OLED/OLED.o
                0x0800cb9c                OLED_UpdateScreen
 .text.OLED_DrawChar
                0x0800cc4c      0x12c C:/Users/s_a_a/Desktop/NUCLEO-F446RE/APP/Build/Object/HAL/OLED/OLED.o
                0x0800cc4c                OLED_DrawChar
 .text.OLED_DrawString
                0x0800cd78       0x3e C:/Users/s_a_a/Desktop/NUCLEO-F446RE/APP/Build/Object/HAL/OLED/OLED.o
                0x0800cd78                OLED_DrawString
 *fill*         0x0800cdb6        0x2 
 .text.MPU_Recover
                0x0800cdb8       0x18 C:/Users/s_a_a/Desktop/NUCLEO-F446RE/APP/Build/Object/HAL/MPU_6050/MPU_6050.o
 .text.MPU_Init
                0x0800cdd0       0x14 C:/Users/s_a_a/Desktop/NUCLEO-F446RE/APP/Build/Object/HAL/MPU_6050/MPU_6050.o
                0x0800cdd0                MPU_Init
 .text.MPU_GetTemp
                0x0800cde4       0x64 C:/Users/s_a_a/Desktop/NUCLEO-F446RE/APP/Build/Object/HAL/MPU_6050/MPU_6050.o
                0x0800cde4                MPU_GetTemp
 .text.MPU_GetAccelerometer
                0x0800ce48       0xb6 C:/Users/s_a_a/Desktop/NUCLEO-F446RE/APP/Build/Object/HAL/MPU_6050/MPU_6050.o
                0x0800ce48                MPU_GetAccelerometer
 *fill*         0x0800cefe        0x2 
 .text.MPU_GetGyroscope
                0x0800cf00       0xbc C:/Users/s_a_a/Desktop/NUCLEO-F446RE/APP/Build/Object/HAL/MPU_6050/MPU_6050.o
                0x0800cf00                MPU_GetGyroscope
 .text.MPU_Calibrate
                0x0800cfbc       0xf8 C:/Users/s_a_a/Desktop/NUCLEO-F446RE/APP/Build/Object/HAL/MPU_6050/MPU_6050.o
                0x0800cfbc                MPU_Calibrate
 .text.Random   0x0800d0b4        0xe C:/Users/s_a_a/Desktop/NUCLEO-F446RE/APP/Build/Object/P1/Snake/Snake.o
                0x0800d0b4                Random
 *fill*         0x0800d0c2        0x2 
 .text.GameReset
                0x0800d0c4       0x34 C:/Users/s_a_a/Desktop/NUCLEO-F446RE/APP/Build/Object/P1/Snake/Snake.o
 .text.SnakeDraw
                0x0800d0f8       0x64 C:/Users/s_a_a/Desktop/NUCLEO-F446RE/APP/Build/Object/P1/Snake/Snake.o
 .text.Snake_Self_Eat_Avoid
                0x0800d15c       0xac C:/Users/s_a_a/Desktop/NUCLEO-F446RE/APP/Build/Object/P1/Snake/Snake.o
 .text.Snake_Movement
                0x0800d208      0x41c C:/Users/s_a_a/Desktop/NUCLEO-F446RE/APP/Build/Object/P1/Snake/Snake.o
 .text.Check_Boundries
                0x0800d624       0x90 C:/Users/s_a_a/Desktop/NUCLEO-F446RE/APP/Build/Object/P1/Snake/Snake.o
 .text.Snake_Init
                0x0800d6b4       0x64 C:/Users/s_a_a/Desktop/NUCLEO-F446RE/APP/Build/Object/P1/Snake/Snake.o
                0x0800d6b4                Snake_Init
 .text.Snake_Game
                0x0800d718      0x1e0 C:/Users/s_a_a/Desktop/NUCLEO-F446RE/APP/Build/Object/P1/Snake/Snake.o
                0x0800d718                Snake_Game
 .text.Gif_Application
                0x0800d8f8       0xc0 C:/Users/s_a_a/Desktop/NUCLEO-F446RE/APP/Build/Object/P1/Gif/Gif.o
                0x0800d8f8                Gif_Application
 .text.OLED_APP
                0x0800d9b8       0xc4 C:/Users/s_a_a/Desktop/NUCLEO-F446RE/APP/Build/Object/P1/OLEDH/Oledh.o
                0x0800d9b8                OLED_APP
 .text.B1_ExtiEvent_Enable
                0x0800da7c       0x6c C:/Users/s_a_a/Desktop/NUCLEO-F446RE/APP/Build/Object/P1/PwrMd/PwrMd.o
 .text.B1_ExtiEvent_Disable
                0x0800dae8       0x40 C:/Users/s_a_a/Desktop/NUCLEO-F446RE/APP/Build/Object/P1/PwrMd/PwrMd.o
 .text.Stm_WakeUp
                0x0800db28       0xf4 C:/Users/s_a_a/Desktop/NUCLEO-F446RE/APP/Build/Object/P1/PwrMd/PwrMd.o
                0x0800db28                Stm_WakeUp
 .text.Stm_ShutDown
                0x0800dc1c      0x148 C:/Users/s_a_a/Desktop/NUCLEO-F446RE/APP/Build/Object/P1/PwrMd/PwrMd.o
                0x0800dc1c                Stm_ShutDown
 .text.RTOS_voidStart
                0x0800dd64       0x64 C:/Users/s_a_a/Desktop/NUCLEO-F446RE/APP/Build/Object/RTOS/RTOS.o
                0x0800dd64                RTOS_voidStart
 .text.RTOS_voidIdleTask
                0x0800ddc8        0xa C:/Users/s_a_a/Desktop/NUCLEO-F446RE/APP/Build/Object/RTOS/RTOS.o
 *fill*         0x0800ddd2        0x2 
 .text.RTOS_TaskEntry
                0x0800ddd4       0x88 C:/Users/s_a_a/Desktop/NUCLEO-F446RE/APP/Build/Object/RTOS/RTOS.o
 .text.RTOS_voidInitStack
                0x0800de5c       0xf0 C:/Users/s_a_a/Desktop/NUCLEO-F446RE/APP/Build/Object/RTOS/RTOS.o
 .text.RTOS_u8GetStackUsage
                0x0800df4c       0x8c C:/Users/s_a_a/Desktop/NUCLEO-F446RE/APP/Build/Object/RTOS/RTOS.o
                0x0800df4c                RTOS_u8GetStackUsage
 .text.RTOS_voidTickCallback
                0x0800dfd8       0xac C:/Users/s_a_a/Desktop/NUCLEO-F446RE/APP/Build/Object/RTOS/RTOS.o
 .text.RTOS_voidSchedular
                0x0800e084      0x174 C:/Users/s_a_a/Desktop/NUCLEO-F446RE/APP/Build/Object/RTOS/RTOS.o
 .text.RTOS_voidCreateTask
                0x0800e1f8       0xa0 C:/Users/s_a_a/Desktop/NUCLEO-F446RE/APP/Build/Object/RTOS/RTOS.o
                0x0800e1f8                RTOS_voidCreateTask
 .text.RTOS_voidDeleteTask
                0x0800e298       0x90 C:/Users/s_a_a/Desktop/NUCLEO-F446RE/APP/Build/Object/RTOS/RTOS.o
                0x0800e298                RTOS_voidDeleteTask
 .text.RTOS_voidSuspendTask
                0x0800e328       0x30 C:/Users/s_a_a/Desktop/NUCLEO-F446RE/APP/Build/Object/RTOS/RTOS.o
                0x0800e328                RTOS_voidSuspendTask
 .text.RTOS_voidResumeTask
                0x0800e358       0x30 C:/Users/s_a_a/Desktop/NUCLEO-F446RE/APP/Build/Object/RTOS/RTOS.o
                0x0800e358                RTOS_voidResumeTask
 .text.RTOS_voidWaitEvent
                0x0800e388       0x30 C:/Users/s_a_a/Desktop/NUCLEO-F446RE/APP/Build/Object/RTOS/RTOS.o
                0x0800e388                RTOS_voidWaitEvent
 .text.RTOS_u8GetTaskCPULoad
                0x0800e3b8       0x50 C:/Users/s_a_a/Desktop/NUCLEO-F446RE/APP/Build/Object/RTOS/RTOS.o
                0x0800e3b8                RTOS_u8GetTaskCPULoad
 .text.RTOS_u8GetCPULoad
                0x0800e408       0x6c C:/Users/s_a_a/Desktop/NUCLEO-F446RE/APP/Build/Object/RTOS/RTOS.o
                0x0800e408                RTOS_u8GetCPULoad
 .text.RTOS_voidRestartTick
                0x0800e474       0x18 C:/Users/s_a_a/Desktop/NUCLEO-F446RE/APP/Build/Object/RTOS/RTOS.o
                0x0800e474                RTOS_voidRestartTick
 .text.PendSV_Handler
                0x0800e48c       0x30 C:/Users/s_a_a/Desktop/NUCLEO-F446RE/APP/Build/Object/RTOS/RTOS.o
                0x0800e48c                PendSV_Handler
 .text.SVC_Handler
                0x0800e4bc       0x28 C:/Users/s_a_a/Desktop/NUCLEO-F446RE/APP/Build/Object/RTOS/RTOS.o
                0x0800e4bc                SVC_Handler
 .text.HardFault_Handler
                0x0800e4e4       0x14 C:/Users/s_a_a/Desktop/NUCLEO-F446RE/APP/Build/Object/RTOS/RTOS.o
                0x0800e4e4                HardFault_Handler
 .text.MemManage_Handler
                0x0800e4f8       0x14 C:/Users/s_a_a/Desktop/NUCLEO-F446RE/APP/Build/Object/RTOS/RTOS.o
                0x0800e4f8                MemManage_Handler
 .text.Reset_Handler
                0x0800e50c       0x94 C:/Users/s_a_a/Desktop/NUCLEO-F446RE/APP/Build/Object/Startup/startup_stm32f103.o
                0x0800e50c                Reset_Handler
 .text.Default_Handler
                0x0800e5a0        0x6 C:/Users/s_a_a/Desktop/NUCLEO-F446RE/APP/Build/Object/Startup/startup_stm32f103.o
                0x0800e5a0                RTC_Alarm_IRQHandler
                0x0800e5a0                EXTI2_IRQHandler
                0x0800e5a0                TIM8_CC_IRQHandler
                0x0800e5a0                DebugMon_Handler
                0x0800e5a0                SPI4_IRQHandler
                0x0800e5a0                TIM1_CC_IRQHandler
                0x0800e5a0                DMA2_Stream5_IRQHandler
                0x0800e5a0                DMA1_Stream5_IRQHandler
                0x0800e5a0                PVD_IRQHandler
                0x0800e5a0                SDIO_IRQHandler
                0x0800e5a0                TAMP_STAMP_IRQHandler
                0x0800e5a0                NMI_Handler
                0x0800e5a0                CAN2_RX1_IRQHandler
                0x0800e5a0                EXTI3_IRQHandler
                0x0800e5a0                TIM8_TRG_COM_TIM14_IRQHandler
                0x0800e5a0                TIM1_UP_TIM10_IRQHandler
                0x0800e5a0                TIM8_UP_TIM13_IRQHandler
                0x0800e5a0                EXTI0_IRQHandler
                0x0800e5a0                DMA1_Stream2_IRQHandler
                0x0800e5a0                CAN1_RX0_IRQHandler
                0x0800e5a0                FPU_IRQHandler
                0x0800e5a0                UsageFault_Handler
                0x0800e5a0                CAN2_SCE_IRQHandler
                0x0800e5a0                DMA2_Stream2_IRQHandler
                0x0800e5a0                SPI1_IRQHandler
                0x0800e5a0                TIM1_BRK_TIM9_IRQHandler
                0x0800e5a0                CAN2_RX0_IRQHandler
                0x0800e5a0                DMA2_Stream3_IRQHandler
                0x0800e5a0                USART6_IRQHandler
                0x0800e5a0                CAN1_RX1_IRQHandler
                0x0800e5a0                UART5_IRQHandler
                0x0800e5a0                DMA2_Stream0_IRQHandler
                0x0800e5a0                DMA1_Stream6_IRQHandler
                0x0800e5a0                DMA1_Stream1_IRQHandler
                0x0800e5a0                UART4_IRQHandler
                0x0800e5a0                RCC_IRQHandler
                0x0800e5a0                TIM8_BRK_TIM12_IRQHandler
                0x0800e5a0                Default_Handler
                0x0800e5a0                EXTI15_10_IRQHandler
                0x0800e5a0                ADC_IRQHandler
                0x0800e5a0                DMA1_Stream7_IRQHandler
                0x0800e5a0                SPI5_IRQHandler
                0x0800e5a0                CAN2_TX_IRQHandler
                0x0800e5a0                DMA2_Stream7_IRQHandler
                0x0800e5a0                EXTI9_5_IRQHandler
                0x0800e5a0                RTC_WKUP_IRQHandler
                0x0800e5a0                SPI2_IRQHandler
                0x0800e5a0                DMA1_Stream0_IRQHandler
                0x0800e5a0                CAN1_TX_IRQHandler
                0x0800e5a0                EXTI4_IRQHandler
                0x0800e5a0                WWDG_IRQHandler
                0x0800e5a0                SPI6_IRQHandler
                0x0800e5a0                OTG_FS_WKUP_IRQHandler
                0x0800e5a0                TIM1_TRG_COM_TIM11_IRQHandler
                0x0800e5a0                DMA2D_IRQHandler
                0x0800e5a0                EXTI1_IRQHandler
                0x0800e5a0                DMA2_Stream1_IRQHandler
                0x0800e5a0                CAN1_SCE_IRQHandler
                0x0800e5a0                FLASH_IRQHandler
                0x0800e5a0                DMA2_Stream4_IRQHandler
                0x0800e5a0                BusFault_Handler
                0x0800e5a0                OTG_FS_IRQHandler
                0x0800e5a0                SPI3_IRQHandler
                0x0800e5a0                DMA1_Stream4_IRQHandler
                0x0800e5a0                FMC_IRQHandler
                0x0800e5a0                DMA2_Stream6_IRQHandler
                0x0800e5a0                SAI1_IRQHandler
                0x0800e5a0                DMA1_Stream3_IRQHandler
 *fill*         0x0800e5a6        0x2 
 .text.APP_init
                0x0800e5a8       0xa4 C:/Users/s_a_a/Desktop/NUCLEO-F446RE/APP/Build/Object/Src/App_Config.o
                0x0800e5a8                APP_init
 .text.GPIO_PIN_CONFIG
                0x0800e64c      0x1b0 C:/Users/s_a_a/Desktop/NUCLEO-F446RE/APP/Build/Object/Src/App_Config.o
                0x0800e64c                GPIO_PIN_CONFIG
 .text.ENABLE_NVIC_INTERRUPTS
                0x0800e7fc       0x14 C:/Users/s_a_a/Desktop/NUCLEO-F446RE/APP/Build/Object/Src/App_Config.o
                0x0800e7fc                ENABLE_NVIC_INTERRUPTS
 .text.CallBackFunctions
                0x0800e810       0x1c C:/Users/s_a_a/Desktop/NUCLEO-F446RE/APP/Build/Object/Src/App_Config.o
                0x0800e810                CallBackFunctions
 .text.LED      0x0800e82c       0x1c C:/Users/s_a_a/Desktop/NUCLEO-F446RE/APP/Build/Object/Src/App_Ctrl.o
                0x0800e82c                LED
 .text.LED_ON   0x0800e848       0x18 C:/Users/s_a_a/Desktop/NUCLEO-F446RE/APP/Build/Object/Src/App_Ctrl.o
                0x0800e848                LED_ON
 .text.LED_OFF  0x0800e860       0x18 C:/Users/s_a_a/Desktop/NUCLEO-F446RE/APP/Build/Object/Src/App_Ctrl.o
                0x0800e860                LED_OFF
 .text.SYS_Reset
                0x0800e878       0x48 C:/Users/s_a_a/Desktop/NUCLEO-F446RE/APP/Build/Object/Src/App_Ctrl.o
                0x0800e878                SYS_Reset
 .text.BTLD_Jump
                0x0800e8c0       0x2a C:/Users/s_a_a/Desktop/NUCLEO-F446RE/APP/Build/Object/Src/App_Ctrl.o
                0x0800e8c0                BTLD_Jump
 .text.BTLD_Update
                0x0800e8ea       0x1e C:/Users/s_a_a/Desktop/NUCLEO-F446RE/APP/Build/Object/Src/App_Ctrl.o
                0x0800e8ea                BTLD_Update
 .text.PWM_SET  0x0800e908       0x34 C:/Users/s_a_a/Desktop/NUCLEO-F446RE/APP/Build/Object/Src/App_Ctrl.o
                0x0800e908                PWM_SET
 .text.duty_cycle_task
                0x0800e93c       0x34 C:/Users/s_a_a/Desktop/NUCLEO-F446RE/APP/Build/Object/Src/App_Ctrl.o
                0x0800e93c                duty_cycle_task
 .text.NTP_ParseBuffer
                0x0800e970       0xe8 C:/Users/s_a_a/Desktop/NUCLEO-F446RE/APP/Build/Object/Src/ISR.o
 .text.UART1_Arm
                0x0800ea58       0x18 C:/Users/s_a_a/Desktop/NUCLEO-F446RE/APP/Build/Object/Src/ISR.o
                0x0800ea58                UART1_Arm
 .text.UART2_ISR
                0x0800ea70      0x2c4 C:/Users/s_a_a/Desktop/NUCLEO-F446RE/APP/Build/Object/Src/ISR.o
                0x0800ea70                UART2_ISR
 .text.UART1_ISR
                0x0800ed34      0x34c C:/Users/s_a_a/Desktop/NUCLEO-F446RE/APP/Build/Object/Src/ISR.o
                0x0800ed34                UART1_ISR
 .text.Schedular
                0x0800f080       0x64 C:/Users/s_a_a/Desktop/NUCLEO-F446RE/APP/Build/Object/Src/main.o
                0x0800f080                Schedular
 .text.main     0x0800f0e4       0x1e C:/Users/s_a_a/Desktop/NUCLEO-F446RE/APP/Build/Object/Src/main.o
                0x0800f0e4                main
 *fill*         0x0800f102        0x2 
 .text.SystemInit
                0x0800f104       0x7c C:/Users/s_a_a/Desktop/NUCLEO-F446RE/APP/Build/Object/Src/main.o
                0x0800f104                SystemInit
 .text.OS_5ms_Task
                0x0800f180        0xe C:/Users/s_a_a/Desktop/NUCLEO-F446RE/APP/Build/Object/Src/SwM.o
                0x0800f180                OS_5ms_Task
 .text.OS_10ms_Task
                0x0800f18e        0xc C:/Users/s_a_a/Desktop/NUCLEO-F446RE/APP/Build/Object/Src/SwM.o
                0x0800f18e                OS_10ms_Task
 *fill*         0x0800f19a        0x2 
 .text.OS_20ms_Task
                0x0800f19c       0x4c C:/Users/s_a_a/Desktop/NUCLEO-F446RE/APP/Build/Object/Src/SwM.o
                0x0800f19c                OS_20ms_Task
 .text.OS_50ms_Task
                0x0800f1e8        0xc C:/Users/s_a_a/Desktop/NUCLEO-F446RE/APP/Build/Object/Src/SwM.o
                0x0800f1e8                OS_50ms_Task
 .text.OS_100ms_Task
                0x0800f1f4        0xc C:/Users/s_a_a/Desktop/NUCLEO-F446RE/APP/Build/Object/Src/SwM.o
                0x0800f1f4                OS_100ms_Task
 .text.OS_1000ms_Task
                0x0800f200       0xf8 C:/Users/s_a_a/Desktop/NUCLEO-F446RE/APP/Build/Object/Src/SwM.o
                0x0800f200                OS_1000ms_Task
 .text.OS_IDLE_TASK
                0x0800f2f8       0x10 C:/Users/s_a_a/Desktop/NUCLEO-F446RE/APP/Build/Object/Src/SwM.o
                0x0800f2f8                OS_IDLE_TASK
 .text.LifeCounter
                0x0800f308       0x60 C:/Users/s_a_a/Desktop/NUCLEO-F446RE/APP/Build/Object/Src/Telemetry.o
                0x0800f308                LifeCounter
 .text.SW_VERSION
                0x0800f368       0x50 C:/Users/s_a_a/Desktop/NUCLEO-F446RE/APP/Build/Object/Src/Telemetry.o
                0x0800f368                SW_VERSION
 .text.RUN_TIME
                0x0800f3b8       0xec C:/Users/s_a_a/Desktop/NUCLEO-F446RE/APP/Build/Object/Src/Telemetry.o
                0x0800f3b8                RUN_TIME
 .text.INTERNAL_TEMP_TASK
                0x0800f4a4       0x98 C:/Users/s_a_a/Desktop/NUCLEO-F446RE/APP/Build/Object/Src/Telemetry.o
                0x0800f4a4                INTERNAL_TEMP_TASK
 .text.LDR_TASK
                0x0800f53c        0xe C:/Users/s_a_a/Desktop/NUCLEO-F446RE/APP/Build/Object/Src/Telemetry.o
                0x0800f53c                LDR_TASK
 *fill*         0x0800f54a        0x2 
 .text.STACK_MONITOR
                0x0800f54c       0xe4 C:/Users/s_a_a/Desktop/NUCLEO-F446RE/APP/Build/Object/Src/Telemetry.o
                0x0800f54c                STACK_MONITOR
 .text.CPU_LOAD_TASK
                0x0800f630       0xe4 C:/Users/s_a_a/Desktop/NUCLEO-F446RE/APP/Build/Object/Src/Telemetry.o
                0x0800f630                CPU_LOAD_TASK
 .text.BOOT_REASON_REPORT
                0x0800f714       0xe0 C:/Users/s_a_a/Desktop/NUCLEO-F446RE/APP/Build/Object/Src/Telemetry.o
                0x0800f714                BOOT_REASON_REPORT
                0x0800f7f4                . = ALIGN (0x4)
                0x0800f7f4                _etext = .

.glue_7         0x0800f7f4        0x0
 .glue_7        0x0800f7f4        0x0 linker stubs

.glue_7t        0x0800f7f4        0x0
 .glue_7t       0x0800f7f4        0x0 linker stubs

.vfp11_veneer   0x0800f7f4        0x0
 .vfp11_veneer  0x0800f7f4        0x0 linker stubs

.v4_bx          0x0800f7f4        0x0
 .v4_bx         0x0800f7f4        0x0 linker stubs

.iplt           0x0800f7f4        0x0
 .iplt          0x0800f7f4        0x0 C:/Users/s_a_a/Desktop/NUCLEO-F446RE/APP/Build/Object/MCAL/RCC/src/RCC_program.o

.rodata         0x0800f7f4     0x1d3c
                0x0800f7f4                . = ALIGN (0x4)
 *(.rodata)
 .rodata        0x0800f7f4        0x6 C:/Users/s_a_a/Desktop/NUCLEO-F446RE/APP/Build/Object/MCAL/UART/src/UART.o
 *fill*         0x0800f7fa        0x2 
 .rodata        0x0800f7fc       0xa7 C:/Users/s_a_a/Desktop/NUCLEO-F446RE/APP/Build/Object/HAL/ESP/ESP.o
 *fill*         0x0800f8a3        0x1 
 .rodata        0x0800f8a4       0x37 C:/Users/s_a_a/Desktop/NUCLEO-F446RE/APP/Build/Object/P1/Snake/Snake.o
 *fill*         0x0800f8db        0x1 
 .rodata        0x0800f8dc       0x49 C:/Users/s_a_a/Desktop/NUCLEO-F446RE/APP/Build/Object/P1/OLEDH/Oledh.o
 *fill*         0x0800f925        0x3 
 .rodata        0x0800f928      0x11e C:/Users/s_a_a/Desktop/NUCLEO-F446RE/APP/Build/Object/P1/PwrMd/PwrMd.o
 *fill*         0x0800fa46        0x2 
 .rodata        0x0800fa48       0x1e C:/Users/s_a_a/Desktop/NUCLEO-F446RE/APP/Build/Object/RTOS/RTOS.o
 *fill*         0x0800fa66        0x2 
 .rodata        0x0800fa68        0xf C:/Users/s_a_a/Desktop/NUCLEO-F446RE/APP/Build/Object/Src/App_Ctrl.o
 *fill*         0x0800fa77        0x1 
 .rodata        0x0800fa78        0xa C:/Users/s_a_a/Desktop/NUCLEO-F446RE/APP/Build/Object/Src/ISR.o
 *fill*         0x0800fa82        0x2 
 .rodata        0x0800fa84       0x14 C:/Users/s_a_a/Desktop/NUCLEO-F446RE/APP/Build/Object/Src/SwM.o
 .rodata        0x0800fa98       0xe7 C:/Users/s_a_a/Desktop/NUCLEO-F446RE/APP/Build/Object/Src/Telemetry.o
 *(.rodata*)
 *fill*         0x0800fb7f        0x1 
 .rodata.IWDG_PrescalerDiv
                0x0800fb80        0xe C:/Users/s_a_a/Desktop/NUCLEO-F446RE/APP/Build/Object/MCAL/IWDG/src/IWDG.o
 *fill*         0x0800fb8e        0x2 
 .rodata.I2C_BaseAddr
                0x0800fb90        0xc C:/Users/s_a_a/Desktop/NUCLEO-F446RE/APP/Build/Object/MCAL/I2C/src/I2C.o
 .rodata.FONT_DIGITS
                0x0800fb9c       0x32 C:/Users/s_a_a/Desktop/NUCLEO-F446RE/APP/Build/Object/HAL/OLED/OLED.o
 *fill*         0x0800fbce        0x2 
 .rodata.FONT_UPPER
                0x0800fbd0       0x82 C:/Users/s_a_a/Desktop/NUCLEO-F446RE/APP/Build/Object/HAL/OLED/OLED.o
 *fill*         0x0800fc52        0x2 
 .rodata.FONT_LOWER
                0x0800fc54       0x82 C:/Users/s_a_a/Desktop/NUCLEO-F446RE/APP/Build/Object/HAL/OLED/OLED.o
 *fill*         0x0800fcd6        0x2 
 .rodata.FONT_SYMBOLS
                0x0800fcd8       0x19 C:/Users/s_a_a/Desktop/NUCLEO-F446RE/APP/Build/Object/HAL/OLED/OLED.o
 *fill*         0x0800fcf1        0x3 
 .rodata.NyanCat_Frame0
                0x0800fcf4      0x200 C:/Users/s_a_a/Desktop/NUCLEO-F446RE/APP/Build/Object/P1/Gif/Gif.o
 .rodata.NyanCat_Frame1
                0x0800fef4      0x200 C:/Users/s_a_a/Desktop/NUCLEO-F446RE/APP/Build/Object/P1/Gif/Gif.o
 .rodata.NyanCat_Frame2
                0x080100f4      0x200 C:/Users/s_a_a/Desktop/NUCLEO-F446RE/APP/Build/Object/P1/Gif/Gif.o
 .rodata.NyanCat_Frame3
                0x080102f4      0x200 C:/Users/s_a_a/Desktop/NUCLEO-F446RE/APP/Build/Object/P1/Gif/Gif.o
 .rodata.NyanCat_Frame4
                0x080104f4      0x200 C:/Users/s_a_a/Desktop/NUCLEO-F446RE/APP/Build/Object/P1/Gif/Gif.o
 .rodata.NyanCat_Frame5
                0x080106f4      0x200 C:/Users/s_a_a/Desktop/NUCLEO-F446RE/APP/Build/Object/P1/Gif/Gif.o
 .rodata.NyanCat_Frame6
                0x080108f4      0x200 C:/Users/s_a_a/Desktop/NUCLEO-F446RE/APP/Build/Object/P1/Gif/Gif.o
 .rodata.NyanCat_Frame7
                0x08010af4      0x200 C:/Users/s_a_a/Desktop/NUCLEO-F446RE/APP/Build/Object/P1/Gif/Gif.o
 .rodata.NyanCat_Frame8
                0x08010cf4      0x200 C:/Users/s_a_a/Desktop/NUCLEO-F446RE/APP/Build/Object/P1/Gif/Gif.o
 .rodata.NyanCat_Frame9
                0x08010ef4      0x200 C:/Users/s_a_a/Desktop/NUCLEO-F446RE/APP/Build/Object/P1/Gif/Gif.o
 .rodata.NyanCat_Frame10
                0x080110f4      0x200 C:/Users/s_a_a/Desktop/NUCLEO-F446RE/APP/Build/Object/P1/Gif/Gif.o
 .rodata.NyanCat_Frame11
                0x080112f4      0x200 C:/Users/s_a_a/Desktop/NUCLEO-F446RE/APP/Build/Object/P1/Gif/Gif.o
 .rodata.NyanCat_Frames
                0x080114f4       0x30 C:/Users/s_a_a/Desktop/NUCLEO-F446RE/APP/Build/Object/P1/Gif/Gif.o
 .rodata.MSP_Value
                0x08011524        0x4 C:/Users/s_a_a/Desktop/NUCLEO-F446RE/APP/Build/Object/Startup/startup_stm32f103.o
                0x08011524                MSP_Value
 .rodata.FIRMWARE_VERSION
                0x08011528        0x6 C:/Users/s_a_a/Desktop/NUCLEO-F446RE/APP/Build/Object/Src/App_Config.o
                0x08011528                FIRMWARE_VERSION
                0x08011530                . = ALIGN (0x4)
 *fill*         0x0801152e        0x2 
                0x08011530                _sidata = LOADADDR (.data)

.rel.dyn        0x08011530        0x0
 .rel.iplt      0x08011530        0x0 C:/Users/s_a_a/Desktop/NUCLEO-F446RE/APP/Build/Object/MCAL/RCC/src/RCC_program.o

.data           0x20000000       0x70 load address 0x08011530
                0x20000000                . = ALIGN (0x4)
                0x20000000                _sdata = .
 *(.data)
 .data          0x20000000        0x0 C:/Users/s_a_a/Desktop/NUCLEO-F446RE/APP/Build/Object/MCAL/RCC/src/RCC_program.o
 .data          0x20000000        0x0 C:/Users/s_a_a/Desktop/NUCLEO-F446RE/APP/Build/Object/MCAL/NVIC/src/NVIC_program.o
 .data          0x20000000        0x0 C:/Users/s_a_a/Desktop/NUCLEO-F446RE/APP/Build/Object/MCAL/SysTick/src/SysTick_program.o
 .data          0x20000000        0x0 C:/Users/s_a_a/Desktop/NUCLEO-F446RE/APP/Build/Object/MCAL/GPIO/src/GPIO_program.o
 .data          0x20000000        0x0 C:/Users/s_a_a/Desktop/NUCLEO-F446RE/APP/Build/Object/MCAL/ADC/src/ADC.o
 .data          0x20000000        0x0 C:/Users/s_a_a/Desktop/NUCLEO-F446RE/APP/Build/Object/MCAL/UART/src/UART.o
 .data          0x20000000        0x0 C:/Users/s_a_a/Desktop/NUCLEO-F446RE/APP/Build/Object/MCAL/Pwr/src/Pwr.o
 .data          0x20000000        0x0 C:/Users/s_a_a/Desktop/NUCLEO-F446RE/APP/Build/Object/MCAL/DMA/src/DMA.o
 .data          0x20000000        0x0 C:/Users/s_a_a/Desktop/NUCLEO-F446RE/APP/Build/Object/MCAL/IWDG/src/IWDG.o
 .data          0x20000000        0x0 C:/Users/s_a_a/Desktop/NUCLEO-F446RE/APP/Build/Object/MCAL/WWDG/src/WWDG.o
 .data          0x20000000        0x0 C:/Users/s_a_a/Desktop/NUCLEO-F446RE/APP/Build/Object/MCAL/RTC/src/RTC.o
 .data          0x20000000        0x0 C:/Users/s_a_a/Desktop/NUCLEO-F446RE/APP/Build/Object/MCAL/FPU/src/FPU.o
 .data          0x20000000        0x0 C:/Users/s_a_a/Desktop/NUCLEO-F446RE/APP/Build/Object/MCAL/MPU/src/MPU.o
 .data          0x20000000        0x0 C:/Users/s_a_a/Desktop/NUCLEO-F446RE/APP/Build/Object/MCAL/CRC/src/CRC.o
 .data          0x20000000        0x0 C:/Users/s_a_a/Desktop/NUCLEO-F446RE/APP/Build/Object/MCAL/BASIC_TIMER/src/Basic_Timer.o
 .data          0x20000000        0x0 C:/Users/s_a_a/Desktop/NUCLEO-F446RE/APP/Build/Object/MCAL/I2C/src/I2C.o
 .data          0x20000000        0x0 C:/Users/s_a_a/Desktop/NUCLEO-F446RE/APP/Build/Object/MCAL/FLASH/src/FLASH.o
 .data          0x20000000        0x0 C:/Users/s_a_a/Desktop/NUCLEO-F446RE/APP/Build/Object/MCAL/GP_TIMER/src/GP_Timer.o
 .data          0x20000000        0x0 C:/Users/s_a_a/Desktop/NUCLEO-F446RE/APP/Build/Object/MCAL/PendSV/src/PendSV.o
 .data          0x20000000        0x0 C:/Users/s_a_a/Desktop/NUCLEO-F446RE/APP/Build/Object/HAL/ESP/ESP.o
 .data          0x20000000        0x0 C:/Users/s_a_a/Desktop/NUCLEO-F446RE/APP/Build/Object/HAL/OLED/OLED.o
 .data          0x20000000        0x0 C:/Users/s_a_a/Desktop/NUCLEO-F446RE/APP/Build/Object/HAL/MPU_6050/MPU_6050.o
 .data          0x20000000        0x0 C:/Users/s_a_a/Desktop/NUCLEO-F446RE/APP/Build/Object/P1/Snake/Snake.o
 .data          0x20000000        0x0 C:/Users/s_a_a/Desktop/NUCLEO-F446RE/APP/Build/Object/P1/Gif/Gif.o
 .data          0x20000000        0x0 C:/Users/s_a_a/Desktop/NUCLEO-F446RE/APP/Build/Object/P1/OLEDH/Oledh.o
 .data          0x20000000        0x0 C:/Users/s_a_a/Desktop/NUCLEO-F446RE/APP/Build/Object/P1/PwrMd/PwrMd.o
 .data          0x20000000        0x0 C:/Users/s_a_a/Desktop/NUCLEO-F446RE/APP/Build/Object/RTOS/RTOS.o
 .data          0x20000000        0x0 C:/Users/s_a_a/Desktop/NUCLEO-F446RE/APP/Build/Object/Startup/startup_stm32f103.o
 .data          0x20000000        0x0 C:/Users/s_a_a/Desktop/NUCLEO-F446RE/APP/Build/Object/Src/App_Config.o
 .data          0x20000000        0x0 C:/Users/s_a_a/Desktop/NUCLEO-F446RE/APP/Build/Object/Src/App_Ctrl.o
 .data          0x20000000        0x0 C:/Users/s_a_a/Desktop/NUCLEO-F446RE/APP/Build/Object/Src/ISR.o
 .data          0x20000000        0x0 C:/Users/s_a_a/Desktop/NUCLEO-F446RE/APP/Build/Object/Src/main.o
 .data          0x20000000        0x0 C:/Users/s_a_a/Desktop/NUCLEO-F446RE/APP/Build/Object/Src/SwM.o
 .data          0x20000000        0x0 C:/Users/s_a_a/Desktop/NUCLEO-F446RE/APP/Build/Object/Src/Telemetry.o
 *(.data*)
 .data.nvic_stat
                0x20000000        0x1 C:/Users/s_a_a/Desktop/NUCLEO-F446RE/APP/Build/Object/MCAL/BASIC_TIMER/src/Basic_Timer.o
                0x20000000                nvic_stat
 *fill*         0x20000001        0x3 
 .data.ESP_Commands
                0x20000004       0x20 C:/Users/s_a_a/Desktop/NUCLEO-F446RE/APP/Build/Object/HAL/ESP/ESP.o
                0x20000004                ESP_Commands
 .data.forbidden_direction
                0x20000024        0x1 C:/Users/s_a_a/Desktop/NUCLEO-F446RE/APP/Build/Object/P1/Snake/Snake.o
 *fill*         0x20000025        0x1 
 .data.eat      0x20000026        0x2 C:/Users/s_a_a/Desktop/NUCLEO-F446RE/APP/Build/Object/P1/Snake/Snake.o
 .data.Uart1_configuration
                0x20000028        0xc C:/Users/s_a_a/Desktop/NUCLEO-F446RE/APP/Build/Object/Src/App_Config.o
                0x20000028                Uart1_configuration
 .data.Uart2_configuration
                0x20000034        0xc C:/Users/s_a_a/Desktop/NUCLEO-F446RE/APP/Build/Object/Src/App_Config.o
                0x20000034                Uart2_configuration
 .data.i2c1_cfg
                0x20000040       0x14 C:/Users/s_a_a/Desktop/NUCLEO-F446RE/APP/Build/Object/Src/App_Config.o
                0x20000040                i2c1_cfg
 .data.RTC_config
                0x20000054       0x10 C:/Users/s_a_a/Desktop/NUCLEO-F446RE/APP/Build/Object/Src/App_Config.o
                0x20000054                RTC_config
 .data.RCC_Configuration
                0x20000064        0xc C:/Users/s_a_a/Desktop/NUCLEO-F446RE/APP/Build/Object/Src/main.o
                0x20000064                RCC_Configuration
                0x20000070                . = ALIGN (0x4)
                0x20000070                _edata = .

.igot.plt       0x20000070        0x0 load address 0x080115a0
 .igot.plt      0x20000070        0x0 C:/Users/s_a_a/Desktop/NUCLEO-F446RE/APP/Build/Object/MCAL/RCC/src/RCC_program.o

.bss            0x20000070     0x6208 load address 0x080115a0
                0x20000070                _sbss = .
 *(.bss)
 .bss           0x20000070        0x0 C:/Users/s_a_a/Desktop/NUCLEO-F446RE/APP/Build/Object/MCAL/RCC/src/RCC_program.o
 .bss           0x20000070        0x0 C:/Users/s_a_a/Desktop/NUCLEO-F446RE/APP/Build/Object/MCAL/NVIC/src/NVIC_program.o
 .bss           0x20000070        0x0 C:/Users/s_a_a/Desktop/NUCLEO-F446RE/APP/Build/Object/MCAL/SysTick/src/SysTick_program.o
 .bss           0x20000070        0x0 C:/Users/s_a_a/Desktop/NUCLEO-F446RE/APP/Build/Object/MCAL/GPIO/src/GPIO_program.o
 .bss           0x20000070        0x0 C:/Users/s_a_a/Desktop/NUCLEO-F446RE/APP/Build/Object/MCAL/ADC/src/ADC.o
 .bss           0x20000070        0x0 C:/Users/s_a_a/Desktop/NUCLEO-F446RE/APP/Build/Object/MCAL/UART/src/UART.o
 .bss           0x20000070        0x0 C:/Users/s_a_a/Desktop/NUCLEO-F446RE/APP/Build/Object/MCAL/Pwr/src/Pwr.o
 .bss           0x20000070        0x0 C:/Users/s_a_a/Desktop/NUCLEO-F446RE/APP/Build/Object/MCAL/DMA/src/DMA.o
 .bss           0x20000070        0x0 C:/Users/s_a_a/Desktop/NUCLEO-F446RE/APP/Build/Object/MCAL/IWDG/src/IWDG.o
 .bss           0x20000070        0x0 C:/Users/s_a_a/Desktop/NUCLEO-F446RE/APP/Build/Object/MCAL/WWDG/src/WWDG.o
 .bss           0x20000070        0x0 C:/Users/s_a_a/Desktop/NUCLEO-F446RE/APP/Build/Object/MCAL/RTC/src/RTC.o
 .bss           0x20000070        0x0 C:/Users/s_a_a/Desktop/NUCLEO-F446RE/APP/Build/Object/MCAL/FPU/src/FPU.o
 .bss           0x20000070        0x0 C:/Users/s_a_a/Desktop/NUCLEO-F446RE/APP/Build/Object/MCAL/MPU/src/MPU.o
 .bss           0x20000070        0x0 C:/Users/s_a_a/Desktop/NUCLEO-F446RE/APP/Build/Object/MCAL/CRC/src/CRC.o
 .bss           0x20000070        0x0 C:/Users/s_a_a/Desktop/NUCLEO-F446RE/APP/Build/Object/MCAL/BASIC_TIMER/src/Basic_Timer.o
 .bss           0x20000070        0x0 C:/Users/s_a_a/Desktop/NUCLEO-F446RE/APP/Build/Object/MCAL/I2C/src/I2C.o
 .bss           0x20000070        0x0 C:/Users/s_a_a/Desktop/NUCLEO-F446RE/APP/Build/Object/MCAL/FLASH/src/FLASH.o
 .bss           0x20000070        0x0 C:/Users/s_a_a/Desktop/NUCLEO-F446RE/APP/Build/Object/MCAL/GP_TIMER/src/GP_Timer.o
 .bss           0x20000070        0x0 C:/Users/s_a_a/Desktop/NUCLEO-F446RE/APP/Build/Object/MCAL/PendSV/src/PendSV.o
 .bss           0x20000070        0x0 C:/Users/s_a_a/Desktop/NUCLEO-F446RE/APP/Build/Object/HAL/ESP/ESP.o
 .bss           0x20000070        0x0 C:/Users/s_a_a/Desktop/NUCLEO-F446RE/APP/Build/Object/HAL/OLED/OLED.o
 .bss           0x20000070        0x0 C:/Users/s_a_a/Desktop/NUCLEO-F446RE/APP/Build/Object/HAL/MPU_6050/MPU_6050.o
 .bss           0x20000070        0x0 C:/Users/s_a_a/Desktop/NUCLEO-F446RE/APP/Build/Object/P1/Snake/Snake.o
 .bss           0x20000070        0x0 C:/Users/s_a_a/Desktop/NUCLEO-F446RE/APP/Build/Object/P1/Gif/Gif.o
 .bss           0x20000070        0x0 C:/Users/s_a_a/Desktop/NUCLEO-F446RE/APP/Build/Object/P1/OLEDH/Oledh.o
 .bss           0x20000070        0x0 C:/Users/s_a_a/Desktop/NUCLEO-F446RE/APP/Build/Object/P1/PwrMd/PwrMd.o
 .bss           0x20000070        0x0 C:/Users/s_a_a/Desktop/NUCLEO-F446RE/APP/Build/Object/RTOS/RTOS.o
 .bss           0x20000070        0x0 C:/Users/s_a_a/Desktop/NUCLEO-F446RE/APP/Build/Object/Startup/startup_stm32f103.o
 .bss           0x20000070        0x0 C:/Users/s_a_a/Desktop/NUCLEO-F446RE/APP/Build/Object/Src/App_Config.o
 .bss           0x20000070        0x0 C:/Users/s_a_a/Desktop/NUCLEO-F446RE/APP/Build/Object/Src/App_Ctrl.o
 .bss           0x20000070        0x0 C:/Users/s_a_a/Desktop/NUCLEO-F446RE/APP/Build/Object/Src/ISR.o
 .bss           0x20000070        0x0 C:/Users/s_a_a/Desktop/NUCLEO-F446RE/APP/Build/Object/Src/main.o
 .bss           0x20000070        0x0 C:/Users/s_a_a/Desktop/NUCLEO-F446RE/APP/Build/Object/Src/SwM.o
 .bss           0x20000070        0x0 C:/Users/s_a_a/Desktop/NUCLEO-F446RE/APP/Build/Object/Src/Telemetry.o
 *(.bss*)
 .bss.Local_PvFunction
                0x20000070        0x4 C:/Users/s_a_a/Desktop/NUCLEO-F446RE/APP/Build/Object/MCAL/SysTick/src/SysTick_program.o
 .bss.rx_test   0x20000074        0x1 C:/Users/s_a_a/Desktop/NUCLEO-F446RE/APP/Build/Object/MCAL/UART/src/UART.o
                0x20000074                rx_test
 *fill*         0x20000075        0x3 
 .bss.uart1_funcPtr
                0x20000078        0x4 C:/Users/s_a_a/Desktop/NUCLEO-F446RE/APP/Build/Object/MCAL/UART/src/UART.o
                0x20000078                uart1_funcPtr
 .bss.uart2_funcPtr
                0x2000007c        0x4 C:/Users/s_a_a/Desktop/NUCLEO-F446RE/APP/Build/Object/MCAL/UART/src/UART.o
                0x2000007c                uart2_funcPtr
 .bss.uart3_funcPtr
                0x20000080        0x4 C:/Users/s_a_a/Desktop/NUCLEO-F446RE/APP/Build/Object/MCAL/UART/src/UART.o
                0x20000080                uart3_funcPtr
 .bss.g_dma_cbs
                0x20000084       0x80 C:/Users/s_a_a/Desktop/NUCLEO-F446RE/APP/Build/Object/MCAL/DMA/src/DMA.o
 .bss.tim6_callback
                0x20000104        0x4 C:/Users/s_a_a/Desktop/NUCLEO-F446RE/APP/Build/Object/MCAL/BASIC_TIMER/src/Basic_Timer.o
 .bss.tim7_callback
                0x20000108        0x4 C:/Users/s_a_a/Desktop/NUCLEO-F446RE/APP/Build/Object/MCAL/BASIC_TIMER/src/Basic_Timer.o
 .bss.total_ticks
                0x2000010c        0x4 C:/Users/s_a_a/Desktop/NUCLEO-F446RE/APP/Build/Object/MCAL/BASIC_TIMER/src/Basic_Timer.o
                0x2000010c                total_ticks
 .bss.I2C_Handle
                0x20000110       0x54 C:/Users/s_a_a/Desktop/NUCLEO-F446RE/APP/Build/Object/MCAL/I2C/src/I2C.o
 .bss.tim2_callback
                0x20000164        0x4 C:/Users/s_a_a/Desktop/NUCLEO-F446RE/APP/Build/Object/MCAL/GP_TIMER/src/GP_Timer.o
 .bss.tim3_callback
                0x20000168        0x4 C:/Users/s_a_a/Desktop/NUCLEO-F446RE/APP/Build/Object/MCAL/GP_TIMER/src/GP_Timer.o
 .bss.tim4_callback
                0x2000016c        0x4 C:/Users/s_a_a/Desktop/NUCLEO-F446RE/APP/Build/Object/MCAL/GP_TIMER/src/GP_Timer.o
 .bss.tim5_callback
                0x20000170        0x4 C:/Users/s_a_a/Desktop/NUCLEO-F446RE/APP/Build/Object/MCAL/GP_TIMER/src/GP_Timer.o
 .bss.Copy_pvCallBackFunc
                0x20000174        0x4 C:/Users/s_a_a/Desktop/NUCLEO-F446RE/APP/Build/Object/MCAL/PendSV/src/PendSV.o
                0x20000174                Copy_pvCallBackFunc
 .bss.ESP_APPLICATION_FLAG
                0x20000178        0x1 C:/Users/s_a_a/Desktop/NUCLEO-F446RE/APP/Build/Object/HAL/ESP/ESP.o
                0x20000178                ESP_APPLICATION_FLAG
 .bss.ESP_Commands_Counter.0
                0x20000179        0x1 C:/Users/s_a_a/Desktop/NUCLEO-F446RE/APP/Build/Object/HAL/ESP/ESP.o
 *fill*         0x2000017a        0x2 
 .bss.OLED_Buffer
                0x2000017c      0x400 C:/Users/s_a_a/Desktop/NUCLEO-F446RE/APP/Build/Object/HAL/OLED/OLED.o
                0x2000017c                OLED_Buffer
 .bss.move      0x2000057c        0x1 C:/Users/s_a_a/Desktop/NUCLEO-F446RE/APP/Build/Object/P1/Snake/Snake.o
                0x2000057c                move
 *fill*         0x2000057d        0x3 
 .bss.Snake     0x20000580     0x4006 C:/Users/s_a_a/Desktop/NUCLEO-F446RE/APP/Build/Object/P1/Snake/Snake.o
                0x20000580                Snake
 .bss.Game_Status
                0x20004586        0x1 C:/Users/s_a_a/Desktop/NUCLEO-F446RE/APP/Build/Object/P1/Snake/Snake.o
 *fill*         0x20004587        0x1 
 .bss.food      0x20004588        0x2 C:/Users/s_a_a/Desktop/NUCLEO-F446RE/APP/Build/Object/P1/Snake/Snake.o
                0x20004588                food
 .bss.counter_oled.1
                0x2000458a        0x1 C:/Users/s_a_a/Desktop/NUCLEO-F446RE/APP/Build/Object/P1/Gif/Gif.o
 .bss.frame.0   0x2000458b        0x1 C:/Users/s_a_a/Desktop/NUCLEO-F446RE/APP/Build/Object/P1/Gif/Gif.o
 .bss.User_Option
                0x2000458c        0x1 C:/Users/s_a_a/Desktop/NUCLEO-F446RE/APP/Build/Object/P1/OLEDH/Oledh.o
                0x2000458c                User_Option
 .bss.counter.1
                0x2000458d        0x1 C:/Users/s_a_a/Desktop/NUCLEO-F446RE/APP/Build/Object/P1/OLEDH/Oledh.o
 .bss.flag.0    0x2000458e        0x1 C:/Users/s_a_a/Desktop/NUCLEO-F446RE/APP/Build/Object/P1/OLEDH/Oledh.o
 *fill*         0x2000458f        0x1 
 .bss.SysTask   0x20004590     0x1890 C:/Users/s_a_a/Desktop/NUCLEO-F446RE/APP/Build/Object/RTOS/RTOS.o
 .bss.IdleTCB   0x20005e20      0x404 C:/Users/s_a_a/Desktop/NUCLEO-F446RE/APP/Build/Object/RTOS/RTOS.o
 .bss.CurrentTask
                0x20006224        0x4 C:/Users/s_a_a/Desktop/NUCLEO-F446RE/APP/Build/Object/RTOS/RTOS.o
                0x20006224                CurrentTask
 .bss.NextTask  0x20006228        0x4 C:/Users/s_a_a/Desktop/NUCLEO-F446RE/APP/Build/Object/RTOS/RTOS.o
                0x20006228                NextTask
 .bss.load_tick.0
                0x2000622c        0x2 C:/Users/s_a_a/Desktop/NUCLEO-F446RE/APP/Build/Object/RTOS/RTOS.o
 *fill*         0x2000622e        0x2 
 .bss.Time      0x20006230        0x4 C:/Users/s_a_a/Desktop/NUCLEO-F446RE/APP/Build/Object/Src/App_Config.o
                0x20006230                Time
 .bss.Bias_accel_data
                0x20006234        0x6 C:/Users/s_a_a/Desktop/NUCLEO-F446RE/APP/Build/Object/Src/App_Config.o
                0x20006234                Bias_accel_data
 *fill*         0x2000623a        0x2 
 .bss.Bias_gyro_data
                0x2000623c        0x6 C:/Users/s_a_a/Desktop/NUCLEO-F446RE/APP/Build/Object/Src/App_Config.o
                0x2000623c                Bias_gyro_data
 .bss.LED_Global
                0x20006242        0x1 C:/Users/s_a_a/Desktop/NUCLEO-F446RE/APP/Build/Object/Src/App_Ctrl.o
                0x20006242                LED_Global
 .bss.s_pwm_duty
                0x20006243        0x1 C:/Users/s_a_a/Desktop/NUCLEO-F446RE/APP/Build/Object/Src/App_Ctrl.o
 .bss.i.0       0x20006244        0x1 C:/Users/s_a_a/Desktop/NUCLEO-F446RE/APP/Build/Object/Src/App_Ctrl.o
 .bss.s_pwm_pending
                0x20006245        0x1 C:/Users/s_a_a/Desktop/NUCLEO-F446RE/APP/Build/Object/Src/ISR.o
 *fill*         0x20006246        0x2 
 .bss.s_ntp_buf
                0x20006248       0x10 C:/Users/s_a_a/Desktop/NUCLEO-F446RE/APP/Build/Object/Src/ISR.o
 .bss.s_ntp_idx
                0x20006258        0x1 C:/Users/s_a_a/Desktop/NUCLEO-F446RE/APP/Build/Object/Src/ISR.o
 .bss.ntp_hh    0x20006259        0x1 C:/Users/s_a_a/Desktop/NUCLEO-F446RE/APP/Build/Object/Src/ISR.o
                0x20006259                ntp_hh
 .bss.ntp_mm    0x2000625a        0x1 C:/Users/s_a_a/Desktop/NUCLEO-F446RE/APP/Build/Object/Src/ISR.o
                0x2000625a                ntp_mm
 .bss.ntp_ss    0x2000625b        0x1 C:/Users/s_a_a/Desktop/NUCLEO-F446RE/APP/Build/Object/Src/ISR.o
                0x2000625b                ntp_ss
 .bss.ntp_time_ready
                0x2000625c        0x1 C:/Users/s_a_a/Desktop/NUCLEO-F446RE/APP/Build/Object/Src/ISR.o
                0x2000625c                ntp_time_ready
 .bss.s_uart1_armed
                0x2000625d        0x1 C:/Users/s_a_a/Desktop/NUCLEO-F446RE/APP/Build/Object/Src/ISR.o
 *fill*         0x2000625e        0x2 
 .bss.accel_data
                0x20006260        0x6 C:/Users/s_a_a/Desktop/NUCLEO-F446RE/APP/Build/Object/Src/SwM.o
                0x20006260                accel_data
 *fill*         0x20006266        0x2 
 .bss.gyro_data
                0x20006268        0x6 C:/Users/s_a_a/Desktop/NUCLEO-F446RE/APP/Build/Object/Src/SwM.o
                0x20006268                gyro_data
 .bss.shutdown_request
                0x2000626e        0x1 C:/Users/s_a_a/Desktop/NUCLEO-F446RE/APP/Build/Object/Src/SwM.o
                0x2000626e                shutdown_request
 .bss.tick.0    0x2000626f        0x1 C:/Users/s_a_a/Desktop/NUCLEO-F446RE/APP/Build/Object/Src/SwM.o
 .bss.Get_Time  0x20006270        0x4 C:/Users/s_a_a/Desktop/NUCLEO-F446RE/APP/Build/Object/Src/Telemetry.o
                0x20006270                Get_Time
 .bss.counter.0
                0x20006274        0x4 C:/Users/s_a_a/Desktop/NUCLEO-F446RE/APP/Build/Object/Src/Telemetry.o
                0x20006278                . = ALIGN (0x4)
                0x20006278                _ebss = .

._user_heap_stack
                0x20006278     0x1200 load address 0x080115a0
                0x20006278                . = ALIGN (0x8)
                0x20006478                . = (. + _Min_Heap_Size)
 *fill*         0x20006278      0x200 
                0x20007478                . = (. + _Min_Stack_Size)
 *fill*         0x20006478     0x1000 
                0x20007478                . = ALIGN (0x8)
LOAD C:/Users/s_a_a/Desktop/NUCLEO-F446RE/APP/Build/Object/MCAL/RCC/src/RCC_program.o
LOAD C:/Users/s_a_a/Desktop/NUCLEO-F446RE/APP/Build/Object/MCAL/NVIC/src/NVIC_program.o
LOAD C:/Users/s_a_a/Desktop/NUCLEO-F446RE/APP/Build/Object/MCAL/SysTick/src/SysTick_program.o
LOAD C:/Users/s_a_a/Desktop/NUCLEO-F446RE/APP/Build/Object/MCAL/GPIO/src/GPIO_program.o
LOAD C:/Users/s_a_a/Desktop/NUCLEO-F446RE/APP/Build/Object/MCAL/ADC/src/ADC.o
LOAD C:/Users/s_a_a/Desktop/NUCLEO-F446RE/APP/Build/Object/MCAL/UART/src/UART.o
LOAD C:/Users/s_a_a/Desktop/NUCLEO-F446RE/APP/Build/Object/MCAL/Pwr/src/Pwr.o
LOAD C:/Users/s_a_a/Desktop/NUCLEO-F446RE/APP/Build/Object/MCAL/DMA/src/DMA.o
LOAD C:/Users/s_a_a/Desktop/NUCLEO-F446RE/APP/Build/Object/MCAL/IWDG/src/IWDG.o
LOAD C:/Users/s_a_a/Desktop/NUCLEO-F446RE/APP/Build/Object/MCAL/WWDG/src/WWDG.o
LOAD C:/Users/s_a_a/Desktop/NUCLEO-F446RE/APP/Build/Object/MCAL/RTC/src/RTC.o
LOAD C:/Users/s_a_a/Desktop/NUCLEO-F446RE/APP/Build/Object/MCAL/FPU/src/FPU.o
LOAD C:/Users/s_a_a/Desktop/NUCLEO-F446RE/APP/Build/Object/MCAL/MPU/src/MPU.o
LOAD C:/Users/s_a_a/Desktop/NUCLEO-F446RE/APP/Build/Object/MCAL/CRC/src/CRC.o
LOAD C:/Users/s_a_a/Desktop/NUCLEO-F446RE/APP/Build/Object/MCAL/BASIC_TIMER/src/Basic_Timer.o
LOAD C:/Users/s_a_a/Desktop/NUCLEO-F446RE/APP/Build/Object/MCAL/I2C/src/I2C.o
LOAD C:/Users/s_a_a/Desktop/NUCLEO-F446RE/APP/Build/Object/MCAL/FLASH/src/FLASH.o
LOAD C:/Users/s_a_a/Desktop/NUCLEO-F446RE/APP/Build/Object/MCAL/GP_TIMER/src/GP_Timer.o
LOAD C:/Users/s_a_a/Desktop/NUCLEO-F446RE/APP/Build/Object/MCAL/PendSV/src/PendSV.o
LOAD C:/Users/s_a_a/Desktop/NUCLEO-F446RE/APP/Build/Object/HAL/ESP/ESP.o
LOAD C:/Users/s_a_a/Desktop/NUCLEO-F446RE/APP/Build/Object/HAL/OLED/OLED.o
LOAD C:/Users/s_a_a/Desktop/NUCLEO-F446RE/APP/Build/Object/HAL/MPU_6050/MPU_6050.o
LOAD C:/Users/s_a_a/Desktop/NUCLEO-F446RE/APP/Build/Object/P1/Snake/Snake.o
LOAD C:/Users/s_a_a/Desktop/NUCLEO-F446RE/APP/Build/Object/P1/Gif/Gif.o
LOAD C:/Users/s_a_a/Desktop/NUCLEO-F446RE/APP/Build/Object/P1/OLEDH/Oledh.o
LOAD C:/Users/s_a_a/Desktop/NUCLEO-F446RE/APP/Build/Object/P1/PwrMd/PwrMd.o
LOAD C:/Users/s_a_a/Desktop/NUCLEO-F446RE/APP/Build/Object/RTOS/RTOS.o
LOAD C:/Users/s_a_a/Desktop/NUCLEO-F446RE/APP/Build/Object/Startup/startup_stm32f103.o
LOAD C:/Users/s_a_a/Desktop/NUCLEO-F446RE/APP/Build/Object/Src/App_Config.o
LOAD C:/Users/s_a_a/Desktop/NUCLEO-F446RE/APP/Build/Object/Src/App_Ctrl.o
LOAD C:/Users/s_a_a/Desktop/NUCLEO-F446RE/APP/Build/Object/Src/ISR.o
LOAD C:/Users/s_a_a/Desktop/NUCLEO-F446RE/APP/Build/Object/Src/main.o
LOAD C:/Users/s_a_a/Desktop/NUCLEO-F446RE/APP/Build/Object/Src/SwM.o
LOAD C:/Users/s_a_a/Desktop/NUCLEO-F446RE/APP/Build/Object/Src/Telemetry.o
OUTPUT(C:/Users/s_a_a/Desktop/NUCLEO-F446RE/APP/Tools/application.elf elf32-littlearm)
LOAD linker stubs

.debug_info     0x00000000     0x8761
 .debug_info    0x00000000      0x3e2 C:/Users/s_a_a/Desktop/NUCLEO-F446RE/APP/Build/Object/MCAL/RCC/src/RCC_program.o
 .debug_info    0x000003e2      0x303 C:/Users/s_a_a/Desktop/NUCLEO-F446RE/APP/Build/Object/MCAL/NVIC/src/NVIC_program.o
 .debug_info    0x000006e5      0x26b C:/Users/s_a_a/Desktop/NUCLEO-F446RE/APP/Build/Object/MCAL/SysTick/src/SysTick_program.o
 .debug_info    0x00000950      0x531 C:/Users/s_a_a/Desktop/NUCLEO-F446RE/APP/Build/Object/MCAL/GPIO/src/GPIO_program.o
 .debug_info    0x00000e81      0x233 C:/Users/s_a_a/Desktop/NUCLEO-F446RE/APP/Build/Object/MCAL/ADC/src/ADC.o
 .debug_info    0x000010b4      0x63a C:/Users/s_a_a/Desktop/NUCLEO-F446RE/APP/Build/Object/MCAL/UART/src/UART.o
 .debug_info    0x000016ee      0x2d2 C:/Users/s_a_a/Desktop/NUCLEO-F446RE/APP/Build/Object/MCAL/Pwr/src/Pwr.o
 .debug_info    0x000019c0      0x6d0 C:/Users/s_a_a/Desktop/NUCLEO-F446RE/APP/Build/Object/MCAL/DMA/src/DMA.o
 .debug_info    0x00002090      0x1bc C:/Users/s_a_a/Desktop/NUCLEO-F446RE/APP/Build/Object/MCAL/IWDG/src/IWDG.o
 .debug_info    0x0000224c      0x20f C:/Users/s_a_a/Desktop/NUCLEO-F446RE/APP/Build/Object/MCAL/WWDG/src/WWDG.o
 .debug_info    0x0000245b      0x8a1 C:/Users/s_a_a/Desktop/NUCLEO-F446RE/APP/Build/Object/MCAL/RTC/src/RTC.o
 .debug_info    0x00002cfc      0x2d3 C:/Users/s_a_a/Desktop/NUCLEO-F446RE/APP/Build/Object/MCAL/FPU/src/FPU.o
 .debug_info    0x00002fcf      0x319 C:/Users/s_a_a/Desktop/NUCLEO-F446RE/APP/Build/Object/MCAL/MPU/src/MPU.o
 .debug_info    0x000032e8      0x340 C:/Users/s_a_a/Desktop/NUCLEO-F446RE/APP/Build/Object/MCAL/CRC/src/CRC.o
 .debug_info    0x00003628      0x3af C:/Users/s_a_a/Desktop/NUCLEO-F446RE/APP/Build/Object/MCAL/BASIC_TIMER/src/Basic_Timer.o
 .debug_info    0x000039d7      0xbcd C:/Users/s_a_a/Desktop/NUCLEO-F446RE/APP/Build/Object/MCAL/I2C/src/I2C.o
 .debug_info    0x000045a4      0x684 C:/Users/s_a_a/Desktop/NUCLEO-F446RE/APP/Build/Object/MCAL/FLASH/src/FLASH.o
 .debug_info    0x00004c28      0x451 C:/Users/s_a_a/Desktop/NUCLEO-F446RE/APP/Build/Object/MCAL/GP_TIMER/src/GP_Timer.o
 .debug_info    0x00005079       0xc0 C:/Users/s_a_a/Desktop/NUCLEO-F446RE/APP/Build/Object/MCAL/PendSV/src/PendSV.o
 .debug_info    0x00005139      0x1b8 C:/Users/s_a_a/Desktop/NUCLEO-F446RE/APP/Build/Object/HAL/ESP/ESP.o
 .debug_info    0x000052f1      0x48a C:/Users/s_a_a/Desktop/NUCLEO-F446RE/APP/Build/Object/HAL/OLED/OLED.o
 .debug_info    0x0000577b      0x4ec C:/Users/s_a_a/Desktop/NUCLEO-F446RE/APP/Build/Object/HAL/MPU_6050/MPU_6050.o
 .debug_info    0x00005c67      0x341 C:/Users/s_a_a/Desktop/NUCLEO-F446RE/APP/Build/Object/P1/Snake/Snake.o
 .debug_info    0x00005fa8      0x288 C:/Users/s_a_a/Desktop/NUCLEO-F446RE/APP/Build/Object/P1/Gif/Gif.o
 .debug_info    0x00006230       0xff C:/Users/s_a_a/Desktop/NUCLEO-F446RE/APP/Build/Object/P1/OLEDH/Oledh.o
 .debug_info    0x0000632f      0x5dd C:/Users/s_a_a/Desktop/NUCLEO-F446RE/APP/Build/Object/P1/PwrMd/PwrMd.o
 .debug_info    0x0000690c      0x57b C:/Users/s_a_a/Desktop/NUCLEO-F446RE/APP/Build/Object/RTOS/RTOS.o
 .debug_info    0x00006e87      0x148 C:/Users/s_a_a/Desktop/NUCLEO-F446RE/APP/Build/Object/Startup/startup_stm32f103.o
 .debug_info    0x00006fcf      0x7ac C:/Users/s_a_a/Desktop/NUCLEO-F446RE/APP/Build/Object/Src/App_Config.o
 .debug_info    0x0000777b      0x31f C:/Users/s_a_a/Desktop/NUCLEO-F446RE/APP/Build/Object/Src/App_Ctrl.o
 .debug_info    0x00007a9a      0x20c C:/Users/s_a_a/Desktop/NUCLEO-F446RE/APP/Build/Object/Src/ISR.o
 .debug_info    0x00007ca6      0x517 C:/Users/s_a_a/Desktop/NUCLEO-F446RE/APP/Build/Object/Src/main.o
 .debug_info    0x000081bd      0x2f8 C:/Users/s_a_a/Desktop/NUCLEO-F446RE/APP/Build/Object/Src/SwM.o
 .debug_info    0x000084b5      0x2ac C:/Users/s_a_a/Desktop/NUCLEO-F446RE/APP/Build/Object/Src/Telemetry.o

.debug_abbrev   0x00000000     0x29cc
 .debug_abbrev  0x00000000      0x134 C:/Users/s_a_a/Desktop/NUCLEO-F446RE/APP/Build/Object/MCAL/RCC/src/RCC_program.o
 .debug_abbrev  0x00000134      0x12e C:/Users/s_a_a/Desktop/NUCLEO-F446RE/APP/Build/Object/MCAL/NVIC/src/NVIC_program.o
 .debug_abbrev  0x00000262      0x144 C:/Users/s_a_a/Desktop/NUCLEO-F446RE/APP/Build/Object/MCAL/SysTick/src/SysTick_program.o
 .debug_abbrev  0x000003a6      0x129 C:/Users/s_a_a/Desktop/NUCLEO-F446RE/APP/Build/Object/MCAL/GPIO/src/GPIO_program.o