
Discarded input sections

 .group         0x00000000        0xc C:/NUCLEO-F446RE/APP/Build/Object/MCAL/RCC/src/RCC_program.o
 .group         0x00000000        0xc C:/NUCLEO-F446RE/APP/Build/Object/MCAL/RCC/src/RCC_program.o
 .group         0x00000000        0xc C:/NUCLEO-F446RE/APP/Build/Object/MCAL/RCC/src/RCC_program.o
 .group         0x00000000        0xc C:/NUCLEO-F446RE/APP/Build/Object/MCAL/RCC/src/RCC_program.o
 .group         0x00000000        0xc C:/NUCLEO-F446RE/APP/Build/Object/MCAL/NVIC/src/NVIC_program.o
 .group         0x00000000        0xc C:/NUCLEO-F446RE/APP/Build/Object/MCAL/NVIC/src/NVIC_program.o
 .group         0x00000000        0xc C:/NUCLEO-F446RE/APP/Build/Object/MCAL/NVIC/src/NVIC_program.o
 .group         0x00000000        0xc C:/NUCLEO-F446RE/APP/Build/Object/MCAL/NVIC/src/NVIC_program.o
 .group         0x00000000        0xc C:/NUCLEO-F446RE/APP/Build/Object/MCAL/NVIC/src/NVIC_program.o
 .debug_macro   0x00000000      0xa66 C:/NUCLEO-F446RE/APP/Build/Object/MCAL/NVIC/src/NVIC_program.o
 .debug_macro   0x00000000       0x10 C:/NUCLEO-F446RE/APP/Build/Object/MCAL/NVIC/src/NVIC_program.o
 .debug_macro   0x00000000       0x22 C:/NUCLEO-F446RE/APP/Build/Object/MCAL/NVIC/src/NVIC_program.o
 .group         0x00000000        0xc C:/NUCLEO-F446RE/APP/Build/Object/MCAL/SysTick/src/SysTick_program.o
 .group         0x00000000        0xc C:/NUCLEO-F446RE/APP/Build/Object/MCAL/SysTick/src/SysTick_program.o
 .group         0x00000000        0xc C:/NUCLEO-F446RE/APP/Build/Object/MCAL/SysTick/src/SysTick_program.o
 .group         0x00000000        0xc C:/NUCLEO-F446RE/APP/Build/Object/MCAL/SysTick/src/SysTick_program.o
 .group         0x00000000        0xc C:/NUCLEO-F446RE/APP/Build/Object/MCAL/SysTick/src/SysTick_program.o
 .debug_macro   0x00000000      0xa66 C:/NUCLEO-F446RE/APP/Build/Object/MCAL/SysTick/src/SysTick_program.o
 .debug_macro   0x00000000       0x10 C:/NUCLEO-F446RE/APP/Build/Object/MCAL/SysTick/src/SysTick_program.o
 .debug_macro   0x00000000       0x22 C:/NUCLEO-F446RE/APP/Build/Object/MCAL/SysTick/src/SysTick_program.o
 .group         0x00000000        0xc C:/NUCLEO-F446RE/APP/Build/Object/MCAL/GPIO/src/GPIO_program.o
 .group         0x00000000        0xc C:/NUCLEO-F446RE/APP/Build/Object/MCAL/GPIO/src/GPIO_program.o
 .group         0x00000000        0xc C:/NUCLEO-F446RE/APP/Build/Object/MCAL/GPIO/src/GPIO_program.o
 .group         0x00000000        0xc C:/NUCLEO-F446RE/APP/Build/Object/MCAL/GPIO/src/GPIO_program.o
 .group         0x00000000        0xc C:/NUCLEO-F446RE/APP/Build/Object/MCAL/GPIO/src/GPIO_program.o
 .debug_macro   0x00000000      0xa66 C:/NUCLEO-F446RE/APP/Build/Object/MCAL/GPIO/src/GPIO_program.o
 .debug_macro   0x00000000       0x10 C:/NUCLEO-F446RE/APP/Build/Object/MCAL/GPIO/src/GPIO_program.o
 .debug_macro   0x00000000       0x22 C:/NUCLEO-F446RE/APP/Build/Object/MCAL/GPIO/src/GPIO_program.o
 .group         0x00000000        0xc C:/NUCLEO-F446RE/APP/Build/Object/MCAL/UART/src/UART.o
 .group         0x00000000        0xc C:/NUCLEO-F446RE/APP/Build/Object/MCAL/UART/src/UART.o
 .group         0x00000000        0xc C:/NUCLEO-F446RE/APP/Build/Object/MCAL/UART/src/UART.o
 .group         0x00000000        0xc C:/NUCLEO-F446RE/APP/Build/Object/MCAL/UART/src/UART.o
 .debug_macro   0x00000000      0xa66 C:/NUCLEO-F446RE/APP/Build/Object/MCAL/UART/src/UART.o
 .debug_macro   0x00000000       0x10 C:/NUCLEO-F446RE/APP/Build/Object/MCAL/UART/src/UART.o
 .debug_macro   0x00000000       0x22 C:/NUCLEO-F446RE/APP/Build/Object/MCAL/UART/src/UART.o
 .group         0x00000000        0xc C:/NUCLEO-F446RE/APP/Build/Object/MCAL/Basic_Timer/src/Basic_Timer.o
 .group         0x00000000        0xc C:/NUCLEO-F446RE/APP/Build/Object/MCAL/Basic_Timer/src/Basic_Timer.o
 .group         0x00000000        0xc C:/NUCLEO-F446RE/APP/Build/Object/MCAL/Basic_Timer/src/Basic_Timer.o
 .group         0x00000000        0xc C:/NUCLEO-F446RE/APP/Build/Object/MCAL/Basic_Timer/src/Basic_Timer.o
 .group         0x00000000        0xc C:/NUCLEO-F446RE/APP/Build/Object/MCAL/Basic_Timer/src/Basic_Timer.o
 .debug_macro   0x00000000      0xa66 C:/NUCLEO-F446RE/APP/Build/Object/MCAL/Basic_Timer/src/Basic_Timer.o
 .debug_macro   0x00000000       0x10 C:/NUCLEO-F446RE/APP/Build/Object/MCAL/Basic_Timer/src/Basic_Timer.o
 .debug_macro   0x00000000       0x22 C:/NUCLEO-F446RE/APP/Build/Object/MCAL/Basic_Timer/src/Basic_Timer.o
 .group         0x00000000        0xc C:/NUCLEO-F446RE/APP/Build/Object/MCAL/I2C/src/I2C.o
 .group         0x00000000        0xc C:/NUCLEO-F446RE/APP/Build/Object/MCAL/I2C/src/I2C.o
 .group         0x00000000        0xc C:/NUCLEO-F446RE/APP/Build/Object/MCAL/I2C/src/I2C.o
 .group         0x00000000        0xc C:/NUCLEO-F446RE/APP/Build/Object/MCAL/I2C/src/I2C.o
 .debug_macro   0x00000000      0xa66 C:/NUCLEO-F446RE/APP/Build/Object/MCAL/I2C/src/I2C.o
 .debug_macro   0x00000000       0x10 C:/NUCLEO-F446RE/APP/Build/Object/MCAL/I2C/src/I2C.o
 .debug_macro   0x00000000       0x22 C:/NUCLEO-F446RE/APP/Build/Object/MCAL/I2C/src/I2C.o
 .group         0x00000000        0xc C:/NUCLEO-F446RE/APP/Build/Object/MCAL/FLASH/src/FLASH.o
 .group         0x00000000        0xc C:/NUCLEO-F446RE/APP/Build/Object/MCAL/FLASH/src/FLASH.o
 .group         0x00000000        0xc C:/NUCLEO-F446RE/APP/Build/Object/MCAL/FLASH/src/FLASH.o
 .debug_macro   0x00000000      0xa66 C:/NUCLEO-F446RE/APP/Build/Object/MCAL/FLASH/src/FLASH.o
 .debug_macro   0x00000000       0x10 C:/NUCLEO-F446RE/APP/Build/Object/MCAL/FLASH/src/FLASH.o
 .group         0x00000000        0xc C:/NUCLEO-F446RE/APP/Build/Object/RTOS/RTOS.o
 .group         0x00000000        0xc C:/NUCLEO-F446RE/APP/Build/Object/RTOS/RTOS.o
 .group         0x00000000        0xc C:/NUCLEO-F446RE/APP/Build/Object/RTOS/RTOS.o
 .group         0x00000000        0xc C:/NUCLEO-F446RE/APP/Build/Object/RTOS/RTOS.o
 .group         0x00000000        0xc C:/NUCLEO-F446RE/APP/Build/Object/RTOS/RTOS.o
 .group         0x00000000        0xc C:/NUCLEO-F446RE/APP/Build/Object/RTOS/RTOS.o
 .debug_macro   0x00000000      0xa66 C:/NUCLEO-F446RE/APP/Build/Object/RTOS/RTOS.o
 .debug_macro   0x00000000       0x10 C:/NUCLEO-F446RE/APP/Build/Object/RTOS/RTOS.o
 .debug_macro   0x00000000       0x22 C:/NUCLEO-F446RE/APP/Build/Object/RTOS/RTOS.o
 .debug_macro   0x00000000       0x22 C:/NUCLEO-F446RE/APP/Build/Object/RTOS/RTOS.o
 .debug_macro   0x00000000       0x2e C:/NUCLEO-F446RE/APP/Build/Object/RTOS/RTOS.o
 .group         0x00000000        0xc C:/NUCLEO-F446RE/APP/Build/Object/Startup/startup_stm32f103.o
 .debug_macro   0x00000000      0xa66 C:/NUCLEO-F446RE/APP/Build/Object/Startup/startup_stm32f103.o
 .group         0x00000000        0xc C:/NUCLEO-F446RE/APP/Build/Object/P1/ESP/ESP.o
 .group         0x00000000        0xc C:/NUCLEO-F446RE/APP/Build/Object/P1/ESP/ESP.o
 .group         0x00000000        0xc C:/NUCLEO-F446RE/APP/Build/Object/P1/ESP/ESP.o
 .group         0x00000000        0xc C:/NUCLEO-F446RE/APP/Build/Object/P1/ESP/ESP.o
 .debug_macro   0x00000000      0xa66 C:/NUCLEO-F446RE/APP/Build/Object/P1/ESP/ESP.o
 .debug_macro   0x00000000       0x10 C:/NUCLEO-F446RE/APP/Build/Object/P1/ESP/ESP.o
 .debug_macro   0x00000000       0x22 C:/NUCLEO-F446RE/APP/Build/Object/P1/ESP/ESP.o
 .debug_macro   0x00000000       0x70 C:/NUCLEO-F446RE/APP/Build/Object/P1/ESP/ESP.o
 .group         0x00000000        0xc C:/NUCLEO-F446RE/APP/Build/Object/P1/OLED/OLED.o
 .group         0x00000000        0xc C:/NUCLEO-F446RE/APP/Build/Object/P1/OLED/OLED.o
 .group         0x00000000        0xc C:/NUCLEO-F446RE/APP/Build/Object/P1/OLED/OLED.o
 .group         0x00000000        0xc C:/NUCLEO-F446RE/APP/Build/Object/P1/OLED/OLED.o
 .group         0x00000000        0xc C:/NUCLEO-F446RE/APP/Build/Object/P1/OLED/OLED.o
 .debug_macro   0x00000000      0xa66 C:/NUCLEO-F446RE/APP/Build/Object/P1/OLED/OLED.o
 .debug_macro   0x00000000       0x10 C:/NUCLEO-F446RE/APP/Build/Object/P1/OLED/OLED.o
 .debug_macro   0x00000000       0x22 C:/NUCLEO-F446RE/APP/Build/Object/P1/OLED/OLED.o
 .debug_macro   0x00000000       0x64 C:/NUCLEO-F446RE/APP/Build/Object/P1/OLED/OLED.o
 .group         0x00000000        0xc C:/NUCLEO-F446RE/APP/Build/Object/Src/main.o
 .group         0x00000000        0xc C:/NUCLEO-F446RE/APP/Build/Object/Src/main.o
 .group         0x00000000        0xc C:/NUCLEO-F446RE/APP/Build/Object/Src/main.o
 .group         0x00000000        0xc C:/NUCLEO-F446RE/APP/Build/Object/Src/main.o
 .group         0x00000000        0xc C:/NUCLEO-F446RE/APP/Build/Object/Src/main.o
 .group         0x00000000        0xc C:/NUCLEO-F446RE/APP/Build/Object/Src/main.o
 .group         0x00000000        0xc C:/NUCLEO-F446RE/APP/Build/Object/Src/main.o
 .group         0x00000000        0xc C:/NUCLEO-F446RE/APP/Build/Object/Src/main.o
 .group         0x00000000        0xc C:/NUCLEO-F446RE/APP/Build/Object/Src/main.o
 .group         0x00000000        0xc C:/NUCLEO-F446RE/APP/Build/Object/Src/main.o
 .group         0x00000000        0xc C:/NUCLEO-F446RE/APP/Build/Object/Src/main.o
 .group         0x00000000        0xc C:/NUCLEO-F446RE/APP/Build/Object/Src/main.o
 .debug_macro   0x00000000      0xa66 C:/NUCLEO-F446RE/APP/Build/Object/Src/main.o
 .debug_macro   0x00000000       0x10 C:/NUCLEO-F446RE/APP/Build/Object/Src/main.o
 .debug_macro   0x00000000       0x22 C:/NUCLEO-F446RE/APP/Build/Object/Src/main.o
 .debug_macro   0x00000000       0xd0 C:/NUCLEO-F446RE/APP/Build/Object/Src/main.o
 .debug_macro   0x00000000       0x10 C:/NUCLEO-F446RE/APP/Build/Object/Src/main.o
 .debug_macro   0x00000000       0x6a C:/NUCLEO-F446RE/APP/Build/Object/Src/main.o
 .debug_macro   0x00000000       0x10 C:/NUCLEO-F446RE/APP/Build/Object/Src/main.o

Memory Configuration

Name             Origin             Length             Attributes
FLASH            0x08008000         0x00078000         xr
RAM              0x20000000         0x00020000         xrw
*default*        0x00000000         0xffffffff

Linker script and memory map

                0x20020000                _estack = (ORIGIN (RAM) + LENGTH (RAM))
                0x00000200                _Min_Heap_Size = 0x200
                0x00001000                _Min_Stack_Size = 0x1000

.isr_vector     0x08008000      0x178
                0x08008000                . = ALIGN (0x4)
 *(.isr_vector)
 .isr_vector    0x08008000      0x178 C:/NUCLEO-F446RE/APP/Build/Object/Startup/startup_stm32f103.o
                0x08008000                Vector_Table
                0x08008178                . = ALIGN (0x4)

.text           0x08008178     0x2a50
                0x08008178                . = ALIGN (0x4)
 *(.text)
 .text          0x08008178        0x0 C:/NUCLEO-F446RE/APP/Build/Object/MCAL/RCC/src/RCC_program.o
 .text          0x08008178        0x0 C:/NUCLEO-F446RE/APP/Build/Object/MCAL/NVIC/src/NVIC_program.o
 .text          0x08008178        0x0 C:/NUCLEO-F446RE/APP/Build/Object/MCAL/SysTick/src/SysTick_program.o
 .text          0x08008178        0x0 C:/NUCLEO-F446RE/APP/Build/Object/MCAL/GPIO/src/GPIO_program.o
 .text          0x08008178        0x0 C:/NUCLEO-F446RE/APP/Build/Object/MCAL/UART/src/UART.o
 .text          0x08008178        0x0 C:/NUCLEO-F446RE/APP/Build/Object/MCAL/Basic_Timer/src/Basic_Timer.o
 .text          0x08008178        0x0 C:/NUCLEO-F446RE/APP/Build/Object/MCAL/I2C/src/I2C.o
 .text          0x08008178        0x0 C:/NUCLEO-F446RE/APP/Build/Object/MCAL/FLASH/src/FLASH.o
 .text          0x08008178        0x0 C:/NUCLEO-F446RE/APP/Build/Object/RTOS/RTOS.o
 .text          0x08008178        0x0 C:/NUCLEO-F446RE/APP/Build/Object/Startup/startup_stm32f103.o
 .text          0x08008178        0x0 C:/NUCLEO-F446RE/APP/Build/Object/P1/ESP/ESP.o
 .text          0x08008178        0x0 C:/NUCLEO-F446RE/APP/Build/Object/P1/OLED/OLED.o
 .text          0x08008178        0x0 C:/NUCLEO-F446RE/APP/Build/Object/Src/main.o
 *(.text*)
 .text.RCC_EnableHSI
                0x08008178       0x30 C:/NUCLEO-F446RE/APP/Build/Object/MCAL/RCC/src/RCC_program.o
 .text.RCC_EnableHSE
                0x080081a8       0x30 C:/NUCLEO-F446RE/APP/Build/Object/MCAL/RCC/src/RCC_program.o
 .text.RCC_EnablePLL
                0x080081d8       0x30 C:/NUCLEO-F446RE/APP/Build/Object/MCAL/RCC/src/RCC_program.o
 .text.RCC_DisablePLL
                0x08008208       0x30 C:/NUCLEO-F446RE/APP/Build/Object/MCAL/RCC/src/RCC_program.o
 .text.RCC_SelectSystemClock
                0x08008238       0x4c C:/NUCLEO-F446RE/APP/Build/Object/MCAL/RCC/src/RCC_program.o
 .text.RCC_ConfigPLL
                0x08008284       0x78 C:/NUCLEO-F446RE/APP/Build/Object/MCAL/RCC/src/RCC_program.o
 .text.RCC_SetAHBPrescaler
                0x080082fc       0x38 C:/NUCLEO-F446RE/APP/Build/Object/MCAL/RCC/src/RCC_program.o
 .text.RCC_SetAPB1Prescaler
                0x08008334       0x38 C:/NUCLEO-F446RE/APP/Build/Object/MCAL/RCC/src/RCC_program.o
 .text.RCC_SetAPB2Prescaler
                0x0800836c       0x38 C:/NUCLEO-F446RE/APP/Build/Object/MCAL/RCC/src/RCC_program.o
 .text.RCC_Init
                0x080083a4       0x8e C:/NUCLEO-F446RE/APP/Build/Object/MCAL/RCC/src/RCC_program.o
                0x080083a4                RCC_Init
 *fill*         0x08008432        0x2 
 .text.RCC_EnableClock
                0x08008434       0xc0 C:/NUCLEO-F446RE/APP/Build/Object/MCAL/RCC/src/RCC_program.o
                0x08008434                RCC_EnableClock
 .text.RCC_DisableClock
                0x080084f4       0xcc C:/NUCLEO-F446RE/APP/Build/Object/MCAL/RCC/src/RCC_program.o
                0x080084f4                RCC_DisableClock
 .text.NVIC_EnableInterrupt
                0x080085c0       0x54 C:/NUCLEO-F446RE/APP/Build/Object/MCAL/NVIC/src/NVIC_program.o
                0x080085c0                NVIC_EnableInterrupt
 .text.NVIC_DisableInterrupt
                0x08008614       0x54 C:/NUCLEO-F446RE/APP/Build/Object/MCAL/NVIC/src/NVIC_program.o
                0x08008614                NVIC_DisableInterrupt
 .text.NVIC_SetPendingFlag
                0x08008668       0x54 C:/NUCLEO-F446RE/APP/Build/Object/MCAL/NVIC/src/NVIC_program.o
                0x08008668                NVIC_SetPendingFlag
 .text.NVIC_ClearPendingFlag
                0x080086bc       0x54 C:/NUCLEO-F446RE/APP/Build/Object/MCAL/NVIC/src/NVIC_program.o
                0x080086bc                NVIC_ClearPendingFlag
 .text.NVIC_GetActiveInterrupt
                0x08008710       0x6c C:/NUCLEO-F446RE/APP/Build/Object/MCAL/NVIC/src/NVIC_program.o
                0x08008710                NVIC_GetActiveInterrupt
 .text.NVIC_SetPriority
                0x0800877c       0x68 C:/NUCLEO-F446RE/APP/Build/Object/MCAL/NVIC/src/NVIC_program.o
                0x0800877c                NVIC_SetPriority
 .text.SysTick_voidInit
                0x080087e4       0x1c C:/NUCLEO-F446RE/APP/Build/Object/MCAL/SysTick/src/SysTick_program.o
                0x080087e4                SysTick_voidInit
 .text.SysTick_voidSetBusyWait
                0x08008800       0x54 C:/NUCLEO-F446RE/APP/Build/Object/MCAL/SysTick/src/SysTick_program.o
                0x08008800                SysTick_voidSetBusyWait
 .text.SysTick_voidSetIntervalSingle
                0x08008854       0x58 C:/NUCLEO-F446RE/APP/Build/Object/MCAL/SysTick/src/SysTick_program.o
                0x08008854                SysTick_voidSetIntervalSingle
 .text.SysTick_voidSetIntervalPeriodoc
                0x080088ac       0x64 C:/NUCLEO-F446RE/APP/Build/Object/MCAL/SysTick/src/SysTick_program.o
                0x080088ac                SysTick_voidSetIntervalPeriodoc
 .text.SysTick_voidStopTimer
                0x08008910       0x1c C:/NUCLEO-F446RE/APP/Build/Object/MCAL/SysTick/src/SysTick_program.o
                0x08008910                SysTick_voidStopTimer
 .text.SysTick_GetElapsedTime
                0x0800892c       0x20 C:/NUCLEO-F446RE/APP/Build/Object/MCAL/SysTick/src/SysTick_program.o
                0x0800892c                SysTick_GetElapsedTime
 .text.SysTick_GetRemaningTime
                0x0800894c       0x18 C:/NUCLEO-F446RE/APP/Build/Object/MCAL/SysTick/src/SysTick_program.o
                0x0800894c                SysTick_GetRemaningTime
 .text.SysTick_Handler
                0x08008964       0x14 C:/NUCLEO-F446RE/APP/Build/Object/MCAL/SysTick/src/SysTick_program.o
                0x08008964                SysTick_Handler
 .text.GPIO_GetPort
                0x08008978       0x88 C:/NUCLEO-F446RE/APP/Build/Object/MCAL/GPIO/src/GPIO_program.o
 .text.GPIO_InitPin
                0x08008a00      0x106 C:/NUCLEO-F446RE/APP/Build/Object/MCAL/GPIO/src/GPIO_program.o
                0x08008a00                GPIO_InitPin
 .text.GPIO_WritePin
                0x08008b06       0x60 C:/NUCLEO-F446RE/APP/Build/Object/MCAL/GPIO/src/GPIO_program.o
                0x08008b06                GPIO_WritePin
 .text.GPIO_TogglePin
                0x08008b66       0x4a C:/NUCLEO-F446RE/APP/Build/Object/MCAL/GPIO/src/GPIO_program.o
                0x08008b66                GPIO_TogglePin
 .text.GPIO_ReadPin
                0x08008bb0       0x4e C:/NUCLEO-F446RE/APP/Build/Object/MCAL/GPIO/src/GPIO_program.o
                0x08008bb0                GPIO_ReadPin
 *fill*         0x08008bfe        0x2 
 .text.GPIO_SetAF
                0x08008c00      0x118 C:/NUCLEO-F446RE/APP/Build/Object/MCAL/GPIO/src/GPIO_program.o
                0x08008c00                GPIO_SetAF
 .text.Get_BASE_ADD
                0x08008d18       0x50 C:/NUCLEO-F446RE/APP/Build/Object/MCAL/UART/src/UART.o
                0x08008d18                Get_BASE_ADD
 .text.Write_UART_Number
                0x08008d68       0x88 C:/NUCLEO-F446RE/APP/Build/Object/MCAL/UART/src/UART.o
                0x08008d68                Write_UART_Number
 .text.UART_Init
                0x08008df0      0x134 C:/NUCLEO-F446RE/APP/Build/Object/MCAL/UART/src/UART.o
                0x08008df0                UART_Init
 .text.UART_SendSyncBuffer
                0x08008f24       0x56 C:/NUCLEO-F446RE/APP/Build/Object/MCAL/UART/src/UART.o
                0x08008f24                UART_SendSyncBuffer
 *fill*         0x08008f7a        0x2 
 .text.UART_voidSendNumber
                0x08008f7c       0x50 C:/NUCLEO-F446RE/APP/Build/Object/MCAL/UART/src/UART.o
                0x08008f7c                UART_voidSendNumber
 .text.UART1_CALLBACK
                0x08008fcc       0x24 C:/NUCLEO-F446RE/APP/Build/Object/MCAL/UART/src/UART.o
                0x08008fcc                UART1_CALLBACK
 .text.UART2_CALLBACK
                0x08008ff0       0x24 C:/NUCLEO-F446RE/APP/Build/Object/MCAL/UART/src/UART.o
                0x08008ff0                UART2_CALLBACK
 .text.UART3_CALLBACK
                0x08009014       0x24 C:/NUCLEO-F446RE/APP/Build/Object/MCAL/UART/src/UART.o
                0x08009014                UART3_CALLBACK
 .text.USART2_IRQHandler
                0x08009038       0x84 C:/NUCLEO-F446RE/APP/Build/Object/MCAL/UART/src/UART.o
                0x08009038                USART2_IRQHandler
 .text.USART3_IRQHandler
                0x080090bc       0x84 C:/NUCLEO-F446RE/APP/Build/Object/MCAL/UART/src/UART.o
                0x080090bc                USART3_IRQHandler
 .text.USART1_IRQHandler
                0x08009140       0x84 C:/NUCLEO-F446RE/APP/Build/Object/MCAL/UART/src/UART.o
                0x08009140                USART1_IRQHandler
 .text.GET_TIMER_BASE_ADD
                0x080091c4       0x34 C:/NUCLEO-F446RE/APP/Build/Object/MCAL/Basic_Timer/src/Basic_Timer.o
 .text.Timer_Init
                0x080091f8       0xa8 C:/NUCLEO-F446RE/APP/Build/Object/MCAL/Basic_Timer/src/Basic_Timer.o
                0x080091f8                Timer_Init
 .text.Timer_Start
                0x080092a0       0x4c C:/NUCLEO-F446RE/APP/Build/Object/MCAL/Basic_Timer/src/Basic_Timer.o
                0x080092a0                Timer_Start
 .text.Timer_Stop
                0x080092ec       0x4c C:/NUCLEO-F446RE/APP/Build/Object/MCAL/Basic_Timer/src/Basic_Timer.o
                0x080092ec                Timer_Stop
 .text.Timer_SetCallback
                0x08009338       0x44 C:/NUCLEO-F446RE/APP/Build/Object/MCAL/Basic_Timer/src/Basic_Timer.o
                0x08009338                Timer_SetCallback
 .text.TIM6_DAC_IRQHandler
                0x0800937c       0x3c C:/NUCLEO-F446RE/APP/Build/Object/MCAL/Basic_Timer/src/Basic_Timer.o
                0x0800937c                TIM6_DAC_IRQHandler
 .text.TIM7_IRQHandler
                0x080093b8       0x3c C:/NUCLEO-F446RE/APP/Build/Object/MCAL/Basic_Timer/src/Basic_Timer.o
                0x080093b8                TIM7_IRQHandler
 .text.I2C_GetBase
                0x080093f4       0x44 C:/NUCLEO-F446RE/APP/Build/Object/MCAL/I2C/src/I2C.o
 .text.I2C_Init
                0x08009438      0x184 C:/NUCLEO-F446RE/APP/Build/Object/MCAL/I2C/src/I2C.o
                0x08009438                I2C_Init
 .text.I2C_DeInit
                0x080095bc       0x28 C:/NUCLEO-F446RE/APP/Build/Object/MCAL/I2C/src/I2C.o
                0x080095bc                I2C_DeInit
 .text.I2C_Start
                0x080095e4       0x54 C:/NUCLEO-F446RE/APP/Build/Object/MCAL/I2C/src/I2C.o
                0x080095e4                I2C_Start
 .text.I2C_SendAddress
                0x08009638       0x6c C:/NUCLEO-F446RE/APP/Build/Object/MCAL/I2C/src/I2C.o
                0x08009638                I2C_SendAddress
 .text.I2C_SendData
                0x080096a4       0x58 C:/NUCLEO-F446RE/APP/Build/Object/MCAL/I2C/src/I2C.o
                0x080096a4                I2C_SendData
 .text.I2C_ReceiveData
                0x080096fc       0x78 C:/NUCLEO-F446RE/APP/Build/Object/MCAL/I2C/src/I2C.o
                0x080096fc                I2C_ReceiveData
 .text.I2C_Stop
                0x08009774       0x2a C:/NUCLEO-F446RE/APP/Build/Object/MCAL/I2C/src/I2C.o
                0x08009774                I2C_Stop
 *fill*         0x0800979e        0x2 
 .text.I2C_MasterTransmit
                0x080097a0       0xc8 C:/NUCLEO-F446RE/APP/Build/Object/MCAL/I2C/src/I2C.o
                0x080097a0                I2C_MasterTransmit
 .text.I2C_ReadStatus
                0x08009868       0x1c C:/NUCLEO-F446RE/APP/Build/Object/MCAL/I2C/src/I2C.o
                0x08009868                I2C_ReadStatus
 .text.I2C_MasterReceive
                0x08009884       0xae C:/NUCLEO-F446RE/APP/Build/Object/MCAL/I2C/src/I2C.o
                0x08009884                I2C_MasterReceive
 .text.I2C3_EV_IRQHandler
                0x08009932        0xe C:/NUCLEO-F446RE/APP/Build/Object/MCAL/I2C/src/I2C.o
                0x08009932                I2C3_EV_IRQHandler
 .text.I2C3_ER_IRQHandler
                0x08009940        0xe C:/NUCLEO-F446RE/APP/Build/Object/MCAL/I2C/src/I2C.o
                0x08009940                I2C3_ER_IRQHandler
 .text.I2C1_EV_IRQHandler
                0x0800994e        0xe C:/NUCLEO-F446RE/APP/Build/Object/MCAL/I2C/src/I2C.o
                0x0800994e                I2C1_EV_IRQHandler
 .text.I2C1_ER_IRQHandler
                0x0800995c        0xe C:/NUCLEO-F446RE/APP/Build/Object/MCAL/I2C/src/I2C.o
                0x0800995c                I2C1_ER_IRQHandler
 .text.I2C2_EV_IRQHandler
                0x0800996a        0xe C:/NUCLEO-F446RE/APP/Build/Object/MCAL/I2C/src/I2C.o
                0x0800996a                I2C2_EV_IRQHandler
 .text.I2C2_ER_IRQHandler
                0x08009978        0xe C:/NUCLEO-F446RE/APP/Build/Object/MCAL/I2C/src/I2C.o
                0x08009978                I2C2_ER_IRQHandler
 *fill*         0x08009986        0x2 
 .text.FlashDrv_Unlock
                0x08009988       0x34 C:/NUCLEO-F446RE/APP/Build/Object/MCAL/FLASH/src/FLASH.o
                0x08009988                FlashDrv_Unlock
 .text.FlashDrv_Lock
                0x080099bc       0x20 C:/NUCLEO-F446RE/APP/Build/Object/MCAL/FLASH/src/FLASH.o
                0x080099bc                FlashDrv_Lock
 .text.FlashDrv_IsLocked
                0x080099dc       0x1c C:/NUCLEO-F446RE/APP/Build/Object/MCAL/FLASH/src/FLASH.o
                0x080099dc                FlashDrv_IsLocked
 .text.FlashDrv_ClearErrors
                0x080099f8       0x20 C:/NUCLEO-F446RE/APP/Build/Object/MCAL/FLASH/src/FLASH.o
                0x080099f8                FlashDrv_ClearErrors
 .text.FlashDrv_WaitForLastOperation
                0x08009a18       0x54 C:/NUCLEO-F446RE/APP/Build/Object/MCAL/FLASH/src/FLASH.o
 .text.FlashDrv_IsValidAddress
                0x08009a6c       0x30 C:/NUCLEO-F446RE/APP/Build/Object/MCAL/FLASH/src/FLASH.o
 .text.FlashDrv_GetSector
                0x08009a9c       0x88 C:/NUCLEO-F446RE/APP/Build/Object/MCAL/FLASH/src/FLASH.o
                0x08009a9c                FlashDrv_GetSector
 .text.FlashDrv_GetSectorBase
                0x08009b24       0x80 C:/NUCLEO-F446RE/APP/Build/Object/MCAL/FLASH/src/FLASH.o
                0x08009b24                FlashDrv_GetSectorBase
 .text.FlashDrv_GetSectorSize
                0x08009ba4       0x74 C:/NUCLEO-F446RE/APP/Build/Object/MCAL/FLASH/src/FLASH.o
                0x08009ba4                FlashDrv_GetSectorSize
 .text.FlashDrv_EraseSector
                0x08009c18       0x88 C:/NUCLEO-F446RE/APP/Build/Object/MCAL/FLASH/src/FLASH.o
                0x08009c18                FlashDrv_EraseSector
 .text.FlashDrv_EraseRange
                0x08009ca0       0x76 C:/NUCLEO-F446RE/APP/Build/Object/MCAL/FLASH/src/FLASH.o
                0x08009ca0                FlashDrv_EraseRange
 *fill*         0x08009d16        0x2 
 .text.FlashDrv_MassErase
                0x08009d18       0x64 C:/NUCLEO-F446RE/APP/Build/Object/MCAL/FLASH/src/FLASH.o
                0x08009d18                FlashDrv_MassErase
 .text.FlashDrv_ProgramByte
                0x08009d7c       0x88 C:/NUCLEO-F446RE/APP/Build/Object/MCAL/FLASH/src/FLASH.o
                0x08009d7c                FlashDrv_ProgramByte
 .text.FlashDrv_ProgramHalfWord
                0x08009e04       0x98 C:/NUCLEO-F446RE/APP/Build/Object/MCAL/FLASH/src/FLASH.o
                0x08009e04                FlashDrv_ProgramHalfWord
 .text.FlashDrv_ProgramWord
                0x08009e9c       0x98 C:/NUCLEO-F446RE/APP/Build/Object/MCAL/FLASH/src/FLASH.o
                0x08009e9c                FlashDrv_ProgramWord
 .text.FlashDrv_ProgramBuffer
                0x08009f34       0x80 C:/NUCLEO-F446RE/APP/Build/Object/MCAL/FLASH/src/FLASH.o
                0x08009f34                FlashDrv_ProgramBuffer
 .text.FlashDrv_ProgramBufferAligned
                0x08009fb4       0xc6 C:/NUCLEO-F446RE/APP/Build/Object/MCAL/FLASH/src/FLASH.o
                0x08009fb4                FlashDrv_ProgramBufferAligned
 .text.FlashDrv_Verify
                0x0800a07a       0x4c C:/NUCLEO-F446RE/APP/Build/Object/MCAL/FLASH/src/FLASH.o
                0x0800a07a                FlashDrv_Verify
 .text.FlashDrv_IsErased
                0x0800a0c6       0x40 C:/NUCLEO-F446RE/APP/Build/Object/MCAL/FLASH/src/FLASH.o
                0x0800a0c6                FlashDrv_IsErased
 .text.FlashDrv_Read
                0x0800a106       0x62 C:/NUCLEO-F446RE/APP/Build/Object/MCAL/FLASH/src/FLASH.o
                0x0800a106                FlashDrv_Read
 .text.FlashDrv_PrepareForWrite
                0x0800a168       0x10 C:/NUCLEO-F446RE/APP/Build/Object/MCAL/FLASH/src/FLASH.o
                0x0800a168                FlashDrv_PrepareForWrite
 .text.FlashDrv_FinishWrite
                0x0800a178       0x10 C:/NUCLEO-F446RE/APP/Build/Object/MCAL/FLASH/src/FLASH.o
                0x0800a178                FlashDrv_FinishWrite
 .text.FlashDrv_ProgramWordSafe
                0x0800a188       0x28 C:/NUCLEO-F446RE/APP/Build/Object/MCAL/FLASH/src/FLASH.o
                0x0800a188                FlashDrv_ProgramWordSafe
 .text.RTOS_voidStart
                0x0800a1b0       0x1c C:/NUCLEO-F446RE/APP/Build/Object/RTOS/RTOS.o
                0x0800a1b0                RTOS_voidStart
 .text.RTOS_voidCreateTask
                0x0800a1cc       0x84 C:/NUCLEO-F446RE/APP/Build/Object/RTOS/RTOS.o
                0x0800a1cc                RTOS_voidCreateTask
 .text.RTOS_voidSchedular
                0x0800a250       0xd0 C:/NUCLEO-F446RE/APP/Build/Object/RTOS/RTOS.o
                0x0800a250                RTOS_voidSchedular
 .text.RTOS_voidDeleteTask
                0x0800a320       0x90 C:/NUCLEO-F446RE/APP/Build/Object/RTOS/RTOS.o
                0x0800a320                RTOS_voidDeleteTask
 .text.RTOS_voidSuspendTask
                0x0800a3b0       0x30 C:/NUCLEO-F446RE/APP/Build/Object/RTOS/RTOS.o
                0x0800a3b0                RTOS_voidSuspendTask
 .text.RTOS_voidResumeTask
                0x0800a3e0       0x30 C:/NUCLEO-F446RE/APP/Build/Object/RTOS/RTOS.o
                0x0800a3e0                RTOS_voidResumeTask
 .text.RTOS_voidWaitEvent
                0x0800a410       0x30 C:/NUCLEO-F446RE/APP/Build/Object/RTOS/RTOS.o
                0x0800a410                RTOS_voidWaitEvent
 .text.Reset_Handler
                0x0800a440       0x94 C:/NUCLEO-F446RE/APP/Build/Object/Startup/startup_stm32f103.o
                0x0800a440                Reset_Handler
 .text.Default_Handler
                0x0800a4d4        0x6 C:/NUCLEO-F446RE/APP/Build/Object/Startup/startup_stm32f103.o
                0x0800a4d4                RTC_Alarm_IRQHandler
                0x0800a4d4                EXTI2_IRQHandler
                0x0800a4d4                TIM8_CC_IRQHandler
                0x0800a4d4                DebugMon_Handler
                0x0800a4d4                SPI4_IRQHandler
                0x0800a4d4                TIM1_CC_IRQHandler
                0x0800a4d4                DMA2_Stream5_IRQHandler
                0x0800a4d4                HardFault_Handler
                0x0800a4d4                DMA1_Stream5_IRQHandler
                0x0800a4d4                PVD_IRQHandler
                0x0800a4d4                SDIO_IRQHandler
                0x0800a4d4                TAMP_STAMP_IRQHandler
                0x0800a4d4                PendSV_Handler
                0x0800a4d4                NMI_Handler
                0x0800a4d4                CAN2_RX1_IRQHandler
                0x0800a4d4                EXTI3_IRQHandler
                0x0800a4d4                TIM8_TRG_COM_TIM14_IRQHandler
                0x0800a4d4                TIM1_UP_TIM10_IRQHandler
                0x0800a4d4                TIM8_UP_TIM13_IRQHandler
                0x0800a4d4                EXTI0_IRQHandler
                0x0800a4d4                DMA1_Stream2_IRQHandler
                0x0800a4d4                CAN1_RX0_IRQHandler
                0x0800a4d4                FPU_IRQHandler
                0x0800a4d4                UsageFault_Handler
                0x0800a4d4                CAN2_SCE_IRQHandler
                0x0800a4d4                DMA2_Stream2_IRQHandler
                0x0800a4d4                SPI1_IRQHandler
                0x0800a4d4                TIM1_BRK_TIM9_IRQHandler
                0x0800a4d4                CAN2_RX0_IRQHandler
                0x0800a4d4                DMA2_Stream3_IRQHandler
                0x0800a4d4                USART6_IRQHandler
                0x0800a4d4                CAN1_RX1_IRQHandler
                0x0800a4d4                UART5_IRQHandler
                0x0800a4d4                DMA2_Stream0_IRQHandler
                0x0800a4d4                TIM4_IRQHandler
                0x0800a4d4                DMA1_Stream6_IRQHandler
                0x0800a4d4                DMA1_Stream1_IRQHandler
                0x0800a4d4                UART4_IRQHandler
                0x0800a4d4                TIM3_IRQHandler
                0x0800a4d4                RCC_IRQHandler
                0x0800a4d4                TIM8_BRK_TIM12_IRQHandler
                0x0800a4d4                Default_Handler
                0x0800a4d4                EXTI15_10_IRQHandler
                0x0800a4d4                ADC_IRQHandler
                0x0800a4d4                DMA1_Stream7_IRQHandler
                0x0800a4d4                SPI5_IRQHandler
                0x0800a4d4                CAN2_TX_IRQHandler
                0x0800a4d4                TIM5_IRQHandler
                0x0800a4d4                DMA2_Stream7_IRQHandler
                0x0800a4d4                EXTI9_5_IRQHandler
                0x0800a4d4                RTC_WKUP_IRQHandler
                0x0800a4d4                SPI2_IRQHandler
                0x0800a4d4                MemManage_Handler
                0x0800a4d4                DMA1_Stream0_IRQHandler
                0x0800a4d4                CAN1_TX_IRQHandler
                0x0800a4d4                SVC_Handler
                0x0800a4d4                EXTI4_IRQHandler
                0x0800a4d4                WWDG_IRQHandler
                0x0800a4d4                SPI6_IRQHandler
                0x0800a4d4                TIM2_IRQHandler
                0x0800a4d4                OTG_FS_WKUP_IRQHandler
                0x0800a4d4                TIM1_TRG_COM_TIM11_IRQHandler
                0x0800a4d4                DMA2D_IRQHandler
                0x0800a4d4                EXTI1_IRQHandler
                0x0800a4d4                DMA2_Stream1_IRQHandler
                0x0800a4d4                CAN1_SCE_IRQHandler
                0x0800a4d4                FLASH_IRQHandler
                0x0800a4d4                DMA2_Stream4_IRQHandler
                0x0800a4d4                BusFault_Handler
                0x0800a4d4                OTG_FS_IRQHandler
                0x0800a4d4                SPI3_IRQHandler
                0x0800a4d4                DMA1_Stream4_IRQHandler
                0x0800a4d4                FMC_IRQHandler
                0x0800a4d4                DMA2_Stream6_IRQHandler
                0x0800a4d4                SAI1_IRQHandler
                0x0800a4d4                DMA1_Stream3_IRQHandler
 *fill*         0x0800a4da        0x2 
 .text.int_to_str
                0x0800a4dc       0x90 C:/NUCLEO-F446RE/APP/Build/Object/P1/ESP/ESP.o
                0x0800a4dc                int_to_str
 .text.my_strlen
                0x0800a56c       0x2e C:/NUCLEO-F446RE/APP/Build/Object/P1/ESP/ESP.o
                0x0800a56c                my_strlen
 *fill*         0x0800a59a        0x2 
 .text.ESP_MainFunction
                0x0800a59c       0x70 C:/NUCLEO-F446RE/APP/Build/Object/P1/ESP/ESP.o
                0x0800a59c                ESP_MainFunction
 .text.swapBuffer
                0x0800a60c       0x30 C:/NUCLEO-F446RE/APP/Build/Object/P1/OLED/OLED.o
                0x0800a60c                swapBuffer
 .text.OLED_SendCommand
                0x0800a63c       0x32 C:/NUCLEO-F446RE/APP/Build/Object/P1/OLED/OLED.o
                0x0800a63c                OLED_SendCommand
 .text.OLED_SendData
                0x0800a66e       0x32 C:/NUCLEO-F446RE/APP/Build/Object/P1/OLED/OLED.o
                0x0800a66e                OLED_SendData
 .text.OLED_Init
                0x0800a6a0      0x11c C:/NUCLEO-F446RE/APP/Build/Object/P1/OLED/OLED.o
                0x0800a6a0                OLED_Init
 .text.OLED_Clear
                0x0800a7bc       0x38 C:/NUCLEO-F446RE/APP/Build/Object/P1/OLED/OLED.o
                0x0800a7bc                OLED_Clear
 .text.OLED_DrawPixel
                0x0800a7f4       0xa8 C:/NUCLEO-F446RE/APP/Build/Object/P1/OLED/OLED.o
                0x0800a7f4                OLED_DrawPixel
 .text.OLED_UpdateScreen
                0x0800a89c       0xac C:/NUCLEO-F446RE/APP/Build/Object/P1/OLED/OLED.o
                0x0800a89c                OLED_UpdateScreen
 .text.LED      0x0800a948       0x10 C:/NUCLEO-F446RE/APP/Build/Object/Src/main.o
                0x0800a948                LED
 .text.ESP_TASK
                0x0800a958       0x28 C:/NUCLEO-F446RE/APP/Build/Object/Src/main.o
                0x0800a958                ESP_TASK
 .text.OS_10ms_Task
                0x0800a980        0xe C:/NUCLEO-F446RE/APP/Build/Object/Src/main.o
                0x0800a980                OS_10ms_Task
 .text.OS_5ms_Task
                0x0800a98e        0xe C:/NUCLEO-F446RE/APP/Build/Object/Src/main.o
                0x0800a98e                OS_5ms_Task
 .text.main     0x0800a99c       0x54 C:/NUCLEO-F446RE/APP/Build/Object/Src/main.o
                0x0800a99c                main
 .text.APP_init
                0x0800a9f0       0x38 C:/NUCLEO-F446RE/APP/Build/Object/Src/main.o
                0x0800a9f0                APP_init
 .text.GPIO_PIN_CONFIG
                0x0800aa28       0xe8 C:/NUCLEO-F446RE/APP/Build/Object/Src/main.o
                0x0800aa28                GPIO_PIN_CONFIG
 .text.ENABLE_NVIC_INTERRUPTS
                0x0800ab10       0x14 C:/NUCLEO-F446RE/APP/Build/Object/Src/main.o
                0x0800ab10                ENABLE_NVIC_INTERRUPTS
 .text.CallBackFunctions
                0x0800ab24       0x1c C:/NUCLEO-F446RE/APP/Build/Object/Src/main.o
                0x0800ab24                CallBackFunctions
 .text.UART1_ISR
                0x0800ab40       0x24 C:/NUCLEO-F446RE/APP/Build/Object/Src/main.o
                0x0800ab40                UART1_ISR
 .text.UART2_ISR
                0x0800ab64       0x20 C:/NUCLEO-F446RE/APP/Build/Object/Src/main.o
                0x0800ab64                UART2_ISR
 .text.SystemInit
                0x0800ab84       0x44 C:/NUCLEO-F446RE/APP/Build/Object/Src/main.o
                0x0800ab84                SystemInit
                0x0800abc8                . = ALIGN (0x4)
                0x0800abc8                _etext = .

.glue_7         0x0800abc8        0x0
 .glue_7        0x0800abc8        0x0 linker stubs

.glue_7t        0x0800abc8        0x0
 .glue_7t       0x0800abc8        0x0 linker stubs

.vfp11_veneer   0x0800abc8        0x0
 .vfp11_veneer  0x0800abc8        0x0 linker stubs

.v4_bx          0x0800abc8        0x0
 .v4_bx         0x0800abc8        0x0 linker stubs

.iplt           0x0800abc8        0x0
 .iplt          0x0800abc8        0x0 C:/NUCLEO-F446RE/APP/Build/Object/MCAL/RCC/src/RCC_program.o

.rodata         0x0800abc8       0xac
                0x0800abc8                . = ALIGN (0x4)
 *(.rodata)
 .rodata        0x0800abc8        0x6 C:/NUCLEO-F446RE/APP/Build/Object/MCAL/UART/src/UART.o
 *fill*         0x0800abce        0x2 
 .rodata        0x0800abd0       0x92 C:/NUCLEO-F446RE/APP/Build/Object/P1/ESP/ESP.o
 *fill*         0x0800ac62        0x2 
 .rodata        0x0800ac64        0xc C:/NUCLEO-F446RE/APP/Build/Object/Src/main.o
 *(.rodata*)
 .rodata.MSP_Value
                0x0800ac70        0x4 C:/NUCLEO-F446RE/APP/Build/Object/Startup/startup_stm32f103.o
                0x0800ac70                MSP_Value
                0x0800ac74                . = ALIGN (0x4)
                0x0800ac74                _sidata = LOADADDR (.data)

.rel.dyn        0x0800ac74        0x0
 .rel.iplt      0x0800ac74        0x0 C:/NUCLEO-F446RE/APP/Build/Object/MCAL/RCC/src/RCC_program.o

.data           0x20000000       0x48 load address 0x0800ac74
                0x20000000                . = ALIGN (0x4)
                0x20000000                _sdata = .
 *(.data)
 .data          0x20000000        0x0 C:/NUCLEO-F446RE/APP/Build/Object/MCAL/RCC/src/RCC_program.o
 .data          0x20000000        0x0 C:/NUCLEO-F446RE/APP/Build/Object/MCAL/NVIC/src/NVIC_program.o
 .data          0x20000000        0x0 C:/NUCLEO-F446RE/APP/Build/Object/MCAL/SysTick/src/SysTick_program.o
 .data          0x20000000        0x0 C:/NUCLEO-F446RE/APP/Build/Object/MCAL/GPIO/src/GPIO_program.o
 .data          0x20000000        0x0 C:/NUCLEO-F446RE/APP/Build/Object/MCAL/UART/src/UART.o
 .data          0x20000000        0x0 C:/NUCLEO-F446RE/APP/Build/Object/MCAL/Basic_Timer/src/Basic_Timer.o
 .data          0x20000000        0x0 C:/NUCLEO-F446RE/APP/Build/Object/MCAL/I2C/src/I2C.o
 .data          0x20000000        0x0 C:/NUCLEO-F446RE/APP/Build/Object/MCAL/FLASH/src/FLASH.o
 .data          0x20000000        0x0 C:/NUCLEO-F446RE/APP/Build/Object/RTOS/RTOS.o
 .data          0x20000000        0x0 C:/NUCLEO-F446RE/APP/Build/Object/Startup/startup_stm32f103.o
 .data          0x20000000        0x0 C:/NUCLEO-F446RE/APP/Build/Object/P1/ESP/ESP.o
 .data          0x20000000        0x0 C:/NUCLEO-F446RE/APP/Build/Object/P1/OLED/OLED.o
 .data          0x20000000        0x0 C:/NUCLEO-F446RE/APP/Build/Object/Src/main.o
 *(.data*)
 .data.nvic_stat
                0x20000000        0x1 C:/NUCLEO-F446RE/APP/Build/Object/MCAL/Basic_Timer/src/Basic_Timer.o
                0x20000000                nvic_stat
 *fill*         0x20000001        0x3 
 .data.ESP_Commands
                0x20000004       0x1c C:/NUCLEO-F446RE/APP/Build/Object/P1/ESP/ESP.o
                0x20000004                ESP_Commands
 .data.OLED_Buffer
                0x20000020        0x4 C:/NUCLEO-F446RE/APP/Build/Object/P1/OLED/OLED.o
                0x20000020                OLED_Buffer
 .data.OLED_DisplayBuffer
                0x20000024        0x4 C:/NUCLEO-F446RE/APP/Build/Object/P1/OLED/OLED.o
                0x20000024                OLED_DisplayBuffer
 .data.Uart1_configuration
                0x20000028        0xc C:/NUCLEO-F446RE/APP/Build/Object/Src/main.o
                0x20000028                Uart1_configuration
 .data.Uart2_configuration
                0x20000034        0xc C:/NUCLEO-F446RE/APP/Build/Object/Src/main.o
                0x20000034                Uart2_configuration
 .data.config   0x20000040        0x8 C:/NUCLEO-F446RE/APP/Build/Object/Src/main.o
                0x20000040                config
                0x20000048                . = ALIGN (0x4)
                0x20000048                _edata = .

.igot.plt       0x20000048        0x0 load address 0x0800acbc
 .igot.plt      0x20000048        0x0 C:/NUCLEO-F446RE/APP/Build/Object/MCAL/RCC/src/RCC_program.o

.bss            0x20000048      0x868 load address 0x0800acbc
                0x20000048                _sbss = .
 *(.bss)
 .bss           0x20000048        0x0 C:/NUCLEO-F446RE/APP/Build/Object/MCAL/RCC/src/RCC_program.o
 .bss           0x20000048        0x0 C:/NUCLEO-F446RE/APP/Build/Object/MCAL/NVIC/src/NVIC_program.o
 .bss           0x20000048        0x0 C:/NUCLEO-F446RE/APP/Build/Object/MCAL/SysTick/src/SysTick_program.o
 .bss           0x20000048        0x0 C:/NUCLEO-F446RE/APP/Build/Object/MCAL/GPIO/src/GPIO_program.o
 .bss           0x20000048        0x0 C:/NUCLEO-F446RE/APP/Build/Object/MCAL/UART/src/UART.o
 .bss           0x20000048        0x0 C:/NUCLEO-F446RE/APP/Build/Object/MCAL/Basic_Timer/src/Basic_Timer.o
 .bss           0x20000048        0x0 C:/NUCLEO-F446RE/APP/Build/Object/MCAL/I2C/src/I2C.o
 .bss           0x20000048        0x0 C:/NUCLEO-F446RE/APP/Build/Object/MCAL/FLASH/src/FLASH.o
 .bss           0x20000048        0x0 C:/NUCLEO-F446RE/APP/Build/Object/RTOS/RTOS.o
 .bss           0x20000048        0x0 C:/NUCLEO-F446RE/APP/Build/Object/Startup/startup_stm32f103.o
 .bss           0x20000048        0x0 C:/NUCLEO-F446RE/APP/Build/Object/P1/ESP/ESP.o
 .bss           0x20000048        0x0 C:/NUCLEO-F446RE/APP/Build/Object/P1/OLED/OLED.o
 .bss           0x20000048        0x0 C:/NUCLEO-F446RE/APP/Build/Object/Src/main.o
 *(.bss*)
 .bss.Local_PvFunction
                0x20000048        0x4 C:/NUCLEO-F446RE/APP/Build/Object/MCAL/SysTick/src/SysTick_program.o
 .bss.rx_test   0x2000004c        0x1 C:/NUCLEO-F446RE/APP/Build/Object/MCAL/UART/src/UART.o
                0x2000004c                rx_test
 *fill*         0x2000004d        0x3 
 .bss.uart1_funcPtr
                0x20000050        0x4 C:/NUCLEO-F446RE/APP/Build/Object/MCAL/UART/src/UART.o
                0x20000050                uart1_funcPtr
 .bss.uart2_funcPtr
                0x20000054        0x4 C:/NUCLEO-F446RE/APP/Build/Object/MCAL/UART/src/UART.o
                0x20000054                uart2_funcPtr
 .bss.uart3_funcPtr
                0x20000058        0x4 C:/NUCLEO-F446RE/APP/Build/Object/MCAL/UART/src/UART.o
                0x20000058                uart3_funcPtr
 .bss.tim6_callback
                0x2000005c        0x4 C:/NUCLEO-F446RE/APP/Build/Object/MCAL/Basic_Timer/src/Basic_Timer.o
 .bss.tim7_callback
                0x20000060        0x4 C:/NUCLEO-F446RE/APP/Build/Object/MCAL/Basic_Timer/src/Basic_Timer.o
 .bss.total_ticks
                0x20000064        0x4 C:/NUCLEO-F446RE/APP/Build/Object/MCAL/Basic_Timer/src/Basic_Timer.o
                0x20000064                total_ticks
 .bss.Local_PvFunction
                0x20000068        0x4 C:/NUCLEO-F446RE/APP/Build/Object/RTOS/RTOS.o
 .bss.SysTask   0x2000006c       0x30 C:/NUCLEO-F446RE/APP/Build/Object/RTOS/RTOS.o
                0x2000006c                SysTask
 .bss.ESP_APPLICATION_FLAG
                0x2000009c        0x1 C:/NUCLEO-F446RE/APP/Build/Object/P1/ESP/ESP.o
                0x2000009c                ESP_APPLICATION_FLAG
 .bss.ESP_Commands_Counter.0
                0x2000009d        0x1 C:/NUCLEO-F446RE/APP/Build/Object/P1/ESP/ESP.o
 *fill*         0x2000009e        0x2 
 .bss.BufferA   0x200000a0      0x400 C:/NUCLEO-F446RE/APP/Build/Object/P1/OLED/OLED.o
                0x200000a0                BufferA
 .bss.BufferB   0x200004a0      0x400 C:/NUCLEO-F446RE/APP/Build/Object/P1/OLED/OLED.o
                0x200004a0                BufferB
 .bss.RCC_Configuration
                0x200008a0        0xc C:/NUCLEO-F446RE/APP/Build/Object/Src/main.o
                0x200008a0                RCC_Configuration
 .bss.counter.0
                0x200008ac        0x4 C:/NUCLEO-F446RE/APP/Build/Object/Src/main.o
                0x200008b0                . = ALIGN (0x4)
                0x200008b0                _ebss = .

._user_heap_stack
                0x200008b0     0x1200 load address 0x0800acbc
                0x200008b0                . = ALIGN (0x8)
                0x20000ab0                . = (. + _Min_Heap_Size)
 *fill*         0x200008b0      0x200 
                0x20001ab0                . = (. + _Min_Stack_Size)
 *fill*         0x20000ab0     0x1000 
                0x20001ab0                . = ALIGN (0x8)
LOAD C:/NUCLEO-F446RE/APP/Build/Object/MCAL/RCC/src/RCC_program.o
LOAD C:/NUCLEO-F446RE/APP/Build/Object/MCAL/NVIC/src/NVIC_program.o
LOAD C:/NUCLEO-F446RE/APP/Build/Object/MCAL/SysTick/src/SysTick_program.o
LOAD C:/NUCLEO-F446RE/APP/Build/Object/MCAL/GPIO/src/GPIO_program.o
LOAD C:/NUCLEO-F446RE/APP/Build/Object/MCAL/UART/src/UART.o
LOAD C:/NUCLEO-F446RE/APP/Build/Object/MCAL/Basic_Timer/src/Basic_Timer.o
LOAD C:/NUCLEO-F446RE/APP/Build/Object/MCAL/I2C/src/I2C.o
LOAD C:/NUCLEO-F446RE/APP/Build/Object/MCAL/FLASH/src/FLASH.o
LOAD C:/NUCLEO-F446RE/APP/Build/Object/RTOS/RTOS.o
LOAD C:/NUCLEO-F446RE/APP/Build/Object/Startup/startup_stm32f103.o
LOAD C:/NUCLEO-F446RE/APP/Build/Object/P1/ESP/ESP.o
LOAD C:/NUCLEO-F446RE/APP/Build/Object/P1/OLED/OLED.o
LOAD C:/NUCLEO-F446RE/APP/Build/Object/Src/main.o
OUTPUT(C:/NUCLEO-F446RE/APP/Tools/application.elf elf32-littlearm)
LOAD linker stubs

.debug_info     0x00000000     0x3595
 .debug_info    0x00000000      0x3e2 C:/NUCLEO-F446RE/APP/Build/Object/MCAL/RCC/src/RCC_program.o
 .debug_info    0x000003e2      0x303 C:/NUCLEO-F446RE/APP/Build/Object/MCAL/NVIC/src/NVIC_program.o
 .debug_info    0x000006e5      0x26b C:/NUCLEO-F446RE/APP/Build/Object/MCAL/SysTick/src/SysTick_program.o
 .debug_info    0x00000950      0x531 C:/NUCLEO-F446RE/APP/Build/Object/MCAL/GPIO/src/GPIO_program.o
 .debug_info    0x00000e81      0x63a C:/NUCLEO-F446RE/APP/Build/Object/MCAL/UART/src/UART.o
 .debug_info    0x000014bb      0x3be C:/NUCLEO-F446RE/APP/Build/Object/MCAL/Basic_Timer/src/Basic_Timer.o
 .debug_info    0x00001879      0x5b7 C:/NUCLEO-F446RE/APP/Build/Object/MCAL/I2C/src/I2C.o
 .debug_info    0x00001e30      0x684 C:/NUCLEO-F446RE/APP/Build/Object/MCAL/FLASH/src/FLASH.o
 .debug_info    0x000024b4      0x2a6 C:/NUCLEO-F446RE/APP/Build/Object/RTOS/RTOS.o
 .debug_info    0x0000275a      0x148 C:/NUCLEO-F446RE/APP/Build/Object/Startup/startup_stm32f103.o
 .debug_info    0x000028a2      0x1b8 C:/NUCLEO-F446RE/APP/Build/Object/P1/ESP/ESP.o
 .debug_info    0x00002a5a      0x351 C:/NUCLEO-F446RE/APP/Build/Object/P1/OLED/OLED.o
 .debug_info    0x00002dab      0x7ea C:/NUCLEO-F446RE/APP/Build/Object/Src/main.o

.debug_abbrev   0x00000000      0xfe4
 .debug_abbrev  0x00000000      0x134 C:/NUCLEO-F446RE/APP/Build/Object/MCAL/RCC/src/RCC_program.o
 .debug_abbrev  0x00000134      0x12e C:/NUCLEO-F446RE/APP/Build/Object/MCAL/NVIC/src/NVIC_program.o
 .debug_abbrev  0x00000262      0x144 C:/NUCLEO-F446RE/APP/Build/Object/MCAL/SysTick/src/SysTick_program.o
 .debug_abbrev  0x000003a6      0x129 C:/NUCLEO-F446RE/APP/Build/Object/MCAL/GPIO/src/GPIO_program.o
 .debug_abbrev  0x000004cf      0x165 C:/NUCLEO-F446RE/APP/Build/Object/MCAL/UART/src/UART.o
 .debug_abbrev  0x00000634       0xfa C:/NUCLEO-F446RE/APP/Build/Object/MCAL/Basic_Timer/src/Basic_Timer.o
 .debug_abbrev  0x0000072e      0x169 C:/NUCLEO-F446RE/APP/Build/Object/MCAL/I2C/src/I2C.o
 .debug_abbrev  0x00000897      0x1aa C:/NUCLEO-F446RE/APP/Build/Object/MCAL/FLASH/src/FLASH.o
 .debug_abbrev  0x00000a41      0x134 C:/NUCLEO-F446RE/APP/Build/Object/RTOS/RTOS.o
 .debug_abbrev  0x00000b75       0xe3 C:/NUCLEO-F446RE/APP/Build/Object/Startup/startup_stm32f103.o
 .debug_abbrev  0x00000c58      0x120 C:/NUCLEO-F446RE/APP/Build/Object/P1/ESP/ESP.o
 .debug_abbrev  0x00000d78      0x12a C:/NUCLEO-F446RE/APP/Build/Object/P1/OLED/OLED.o
 .debug_abbrev  0x00000ea2      0x142 C:/NUCLEO-F446RE/APP/Build/Object/Src/main.o

.debug_aranges  0x00000000      0x500
 .debug_aranges
                0x00000000       0x78 C:/NUCLEO-F446RE/APP/Build/Object/MCAL/RCC/src/RCC_program.o
 .debug_aranges
                0x00000078       0x48 C:/NUCLEO-F446RE/APP/Build/Object/MCAL/NVIC/src/NVIC_program.o
 .debug_aranges
                0x000000c0       0x58 C:/NUCLEO-F446RE/APP/Build/Object/MCAL/SysTick/src/SysTick_program.o
 .debug_aranges
                0x00000118       0x48 C:/NUCLEO-F446RE/APP/Build/Object/MCAL/GPIO/src/GPIO_program.o
 .debug_aranges
                0x00000160       0x70 C:/NUCLEO-F446RE/APP/Build/Object/MCAL/UART/src/UART.o
 .debug_aranges
                0x000001d0       0x50 C:/NUCLEO-F446RE/APP/Build/Object/MCAL/Basic_Timer/src/Basic_Timer.o
 .debug_aranges
                0x00000220       0xa0 C:/NUCLEO-F446RE/APP/Build/Object/MCAL/I2C/src/I2C.o
 .debug_aranges
                0x000002c0       0xd0 C:/NUCLEO-F446RE/APP/Build/Object/MCAL/FLASH/src/FLASH.o
 .debug_aranges
                0x00000390       0x50 C:/NUCLEO-F446RE/APP/Build/Object/RTOS/RTOS.o
 .debug_aranges
                0x000003e0       0x28 C:/NUCLEO-F446RE/APP/Build/Object/Startup/startup_stm32f103.o
 .debug_aranges
                0x00000408       0x30 C:/NUCLEO-F446RE/APP/Build/Object/P1/ESP/ESP.o
 .debug_aranges
                0x00000438       0x50 C:/NUCLEO-F446RE/APP/Build/Object/P1/OLED/OLED.o
 .debug_aranges
                0x00000488       0x78 C:/NUCLEO-F446RE/APP/Build/Object/Src/main.o

.debug_ranges   0x00000000      0x430
 .debug_ranges  0x00000000       0x68 C:/NUCLEO-F446RE/APP/Build/Object/MCAL/RCC/src/RCC_program.o
 .debug_ranges  0x00000068       0x38 C:/NUCLEO-F446RE/APP/Build/Object/MCAL/NVIC/src/NVIC_program.o
 .debug_ranges  0x000000a0       0x48 C:/NUCLEO-F446RE/APP/Build/Object/MCAL/SysTick/src/SysTick_program.o
 .debug_ranges  0x000000e8       0x38 C:/NUCLEO-F446RE/APP/Build/Object/MCAL/GPIO/src/GPIO_program.o
 .debug_ranges  0x00000120       0x60 C:/NUCLEO-F446RE/APP/Build/Object/MCAL/UART/src/UART.o
 .debug_ranges  0x00000180       0x40 C:/NUCLEO-F446RE/APP/Build/Object/MCAL/Basic_Timer/src/Basic_Timer.o
 .debug_ranges  0x000001c0       0x90 C:/NUCLEO-F446RE/APP/Build/Object/MCAL/I2C/src/I2C.o
 .debug_ranges  0x00000250       0xc0 C:/NUCLEO-F446RE/APP/Build/Object/MCAL/FLASH/src/FLASH.o
 .debug_ranges  0x00000310       0x40 C:/NUCLEO-F446RE/APP/Build/Object/RTOS/RTOS.o
 .debug_ranges  0x00000350       0x18 C:/NUCLEO-F446RE/APP/Build/Object/Startup/startup_stm32f103.o
 .debug_ranges  0x00000368       0x20 C:/NUCLEO-F446RE/APP/Build/Object/P1/ESP/ESP.o
 .debug_ranges  0x00000388       0x40 C:/NUCLEO-F446RE/APP/Build/Object/P1/OLED/OLED.o
 .debug_ranges  0x000003c8       0x68 C:/NUCLEO-F446RE/APP/Build/Object/Src/main.o

.debug_macro    0x00000000     0x15ff
 .debug_macro   0x00000000       0x32 C:/NUCLEO-F446RE/APP/Build/Object/MCAL/RCC/src/RCC_program.o
 .debug_macro   0x00000032      0xa66 C:/NUCLEO-F446RE/APP/Build/Object/MCAL/RCC/src/RCC_program.o
 .debug_macro   0x00000a98       0x10 C:/NUCLEO-F446RE/APP/Build/Object/MCAL/RCC/src/RCC_program.o
 .debug_macro   0x00000aa8       0x22 C:/NUCLEO-F446RE/APP/Build/Object/MCAL/RCC/src/RCC_program.o
 .debug_macro   0x00000aca       0xd0 C:/NUCLEO-F446RE/APP/Build/Object/MCAL/RCC/src/RCC_program.o
 .debug_macro   0x00000b9a       0x49 C:/NUCLEO-F446RE/APP/Build/Object/MCAL/NVIC/src/NVIC_program.o
 .debug_macro   0x00000be3       0x58 C:/NUCLEO-F446RE/APP/Build/Object/MCAL/NVIC/src/NVIC_program.o
 .debug_macro   0x00000c3b       0x10 C:/NUCLEO-F446RE/APP/Build/Object/MCAL/NVIC/src/NVIC_program.o
 .debug_macro   0x00000c4b       0x3b C:/NUCLEO-F446RE/APP/Build/Object/MCAL/SysTick/src/SysTick_program.o
 .debug_macro   0x00000c86       0x22 C:/NUCLEO-F446RE/APP/Build/Object/MCAL/SysTick/src/SysTick_program.o
 .debug_macro   0x00000ca8       0x2e C:/NUCLEO-F446RE/APP/Build/Object/MCAL/SysTick/src/SysTick_program.o
 .debug_macro   0x00000cd6       0x3b C:/NUCLEO-F446RE/APP/Build/Object/MCAL/GPIO/src/GPIO_program.o
 .debug_macro   0x00000d11       0x6a C:/NUCLEO-F446RE/APP/Build/Object/MCAL/GPIO/src/GPIO_program.o
 .debug_macro   0x00000d7b       0x10 C:/NUCLEO-F446RE/APP/Build/Object/MCAL/GPIO/src/GPIO_program.o
 .debug_macro   0x00000d8b       0x32 C:/NUCLEO-F446RE/APP/Build/Object/MCAL/UART/src/UART.o
 .debug_macro   0x00000dbd       0x70 C:/NUCLEO-F446RE/APP/Build/Object/MCAL/UART/src/UART.o
 .debug_macro   0x00000e2d       0x45 C:/NUCLEO-F446RE/APP/Build/Object/MCAL/Basic_Timer/src/Basic_Timer.o
 .debug_macro   0x00000e72       0xd6 C:/NUCLEO-F446RE/APP/Build/Object/MCAL/Basic_Timer/src/Basic_Timer.o
 .debug_macro   0x00000f48       0x76 C:/NUCLEO-F446RE/APP/Build/Object/MCAL/Basic_Timer/src/Basic_Timer.o
 .debug_macro   0x00000fbe       0x32 C:/NUCLEO-F446RE/APP/Build/Object/MCAL/I2C/src/I2C.o
 .debug_macro   0x00000ff0       0x64 C:/NUCLEO-F446RE/APP/Build/Object/MCAL/I2C/src/I2C.o
 .debug_macro   0x00001054       0x29 C:/NUCLEO-F446RE/APP/Build/Object/MCAL/FLASH/src/FLASH.o
 .debug_macro   0x0000107d      0x130 C:/NUCLEO-F446RE/APP/Build/Object/MCAL/FLASH/src/FLASH.o
 .debug_macro   0x000011ad       0x44 C:/NUCLEO-F446RE/APP/Build/Object/RTOS/RTOS.o
 .debug_macro   0x000011f1       0x10 C:/NUCLEO-F446RE/APP/Build/Object/RTOS/RTOS.o
 .debug_macro   0x00001201       0x17 C:/NUCLEO-F446RE/APP/Build/Object/Startup/startup_stm32f103.o
 .debug_macro   0x00001218       0x3c C:/NUCLEO-F446RE/APP/Build/Object/P1/ESP/ESP.o
 .debug_macro   0x00001254       0x47 C:/NUCLEO-F446RE/APP/Build/Object/P1/OLED/OLED.o
 .debug_macro   0x0000129b       0x1c C:/NUCLEO-F446RE/APP/Build/Object/P1/OLED/OLED.o
 .debug_macro   0x000012b7       0x94 C:/NUCLEO-F446RE/APP/Build/Object/Src/main.o
 .debug_macro   0x0000134b       0x76 C:/NUCLEO-F446RE/APP/Build/Object/Src/main.o
 .debug_macro   0x000013c1       0x7c C:/NUCLEO-F446RE/APP/Build/Object/Src/main.o
 .debug_macro   0x0000143d      0x136 C:/NUCLEO-F446RE/APP/Build/Object/Src/main.o
 .debug_macro   0x00001573       0x6a C:/NUCLEO-F446RE/APP/Build/Object/Src/main.o
 .debug_macro   0x000015dd       0x22 C:/NUCLEO-F446RE/APP/Build/Object/Src/main.o

.debug_line     0x00000000     0x20ec
 .debug_line    0x00000000      0x2c0 C:/NUCLEO-F446RE/APP/Build/Object/MCAL/RCC/src/RCC_program.o
 .debug_line    0x000002c0      0x206 C:/NUCLEO-F446RE/APP/Build/Object/MCAL/NVIC/src/NVIC_program.o
 .debug_line    0x000004c6      0x1da C:/NUCLEO-F446RE/APP/Build/Object/MCAL/SysTick/src/SysTick_program.o
 .debug_line    0x000006a0      0x295 C:/NUCLEO-F446RE/APP/Build/Object/MCAL/GPIO/src/GPIO_program.o
 .debug_line    0x00000935      0x369 C:/NUCLEO-F446RE/APP/Build/Object/MCAL/UART/src/UART.o
 .debug_line    0x00000c9e      0x216 C:/NUCLEO-F446RE/APP/Build/Object/MCAL/Basic_Timer/src/Basic_Timer.o
 .debug_line    0x00000eb4      0x3f5 C:/NUCLEO-F446RE/APP/Build/Object/MCAL/I2C/src/I2C.o
 .debug_line    0x000012a9      0x597 C:/NUCLEO-F446RE/APP/Build/Object/MCAL/FLASH/src/FLASH.o
 .debug_line    0x00001840      0x1dc C:/NUCLEO-F446RE/APP/Build/Object/RTOS/RTOS.o
 .debug_line    0x00001a1c       0xe1 C:/NUCLEO-F446RE/APP/Build/Object/Startup/startup_stm32f103.o
 .debug_line    0x00001afd      0x124 C:/NUCLEO-F446RE/APP/Build/Object/P1/ESP/ESP.o
 .debug_line    0x00001c21      0x217 C:/NUCLEO-F446RE/APP/Build/Object/P1/OLED/OLED.o
 .debug_line    0x00001e38      0x2b4 C:/NUCLEO-F446RE/APP/Build/Object/Src/main.o

.debug_str      0x00000000     0x5e2a
 .debug_str     0x00000000     0x3506 C:/NUCLEO-F446RE/APP/Build/Object/MCAL/RCC/src/RCC_program.o
                               0x3584 (size before relaxing)
 .debug_str     0x00003506      0x4c4 C:/NUCLEO-F446RE/APP/Build/Object/MCAL/NVIC/src/NVIC_program.o
                               0x3286 (size before relaxing)
 .debug_str     0x000039ca      0x333 C:/NUCLEO-F446RE/APP/Build/Object/MCAL/SysTick/src/SysTick_program.o
                               0x30fe (size before relaxing)
 .debug_str     0x00003cfd      0x4e3 C:/NUCLEO-F446RE/APP/Build/Object/MCAL/GPIO/src/GPIO_program.o
                               0x32a4 (size before relaxing)
 .debug_str     0x000041e0      0x4d2 C:/NUCLEO-F446RE/APP/Build/Object/MCAL/UART/src/UART.o
                               0x32ba (size before relaxing)
 .debug_str     0x000046b2      0x565 C:/NUCLEO-F446RE/APP/Build/Object/MCAL/Basic_Timer/src/Basic_Timer.o
                               0x387c (size before relaxing)
 .debug_str     0x00004c17      0x447 C:/NUCLEO-F446RE/APP/Build/Object/MCAL/I2C/src/I2C.o
                               0x3224 (size before relaxing)
 .debug_str     0x0000505e      0x8e7 C:/NUCLEO-F446RE/APP/Build/Object/MCAL/FLASH/src/FLASH.o
                               0x3635 (size before relaxing)
 .debug_str     0x00005945      0x19d C:/NUCLEO-F446RE/APP/Build/Object/RTOS/RTOS.o
                               0x311e (size before relaxing)
 .debug_str     0x00005ae2       0xa5 C:/NUCLEO-F446RE/APP/Build/Object/Startup/startup_stm32f103.o
                               0x2d2e (size before relaxing)
 .debug_str     0x00005b87       0x75 C:/NUCLEO-F446RE/APP/Build/Object/P1/ESP/ESP.o
                               0x3068 (size before relaxing)
 .debug_str     0x00005bfc      0x156 C:/NUCLEO-F446RE/APP/Build/Object/P1/OLED/OLED.o
                               0x3199 (size before relaxing)
 .debug_str     0x00005d52       0xd8 C:/NUCLEO-F446RE/APP/Build/Object/Src/main.o
                               0x49f9 (size before relaxing)

.comment        0x00000000       0x49
 .comment       0x00000000       0x49 C:/NUCLEO-F446RE/APP/Build/Object/MCAL/RCC/src/RCC_program.o
                                 0x4a (size before relaxing)
 .comment       0x00000049       0x4a C:/NUCLEO-F446RE/APP/Build/Object/MCAL/NVIC/src/NVIC_program.o
 .comment       0x00000049       0x4a C:/NUCLEO-F446RE/APP/Build/Object/MCAL/SysTick/src/SysTick_program.o
 .comment       0x00000049       0x4a C:/NUCLEO-F446RE/APP/Build/Object/MCAL/GPIO/src/GPIO_program.o
 .comment       0x00000049       0x4a C:/NUCLEO-F446RE/APP/Build/Object/MCAL/UART/src/UART.o
 .comment       0x00000049       0x4a C:/NUCLEO-F446RE/APP/Build/Object/MCAL/Basic_Timer/src/Basic_Timer.o
 .comment       0x00000049       0x4a C:/NUCLEO-F446RE/APP/Build/Object/MCAL/I2C/src/I2C.o
 .comment       0x00000049       0x4a C:/NUCLEO-F446RE/APP/Build/Object/MCAL/FLASH/src/FLASH.o
 .comment       0x00000049       0x4a C:/NUCLEO-F446RE/APP/Build/Object/RTOS/RTOS.o
 .comment       0x00000049       0x4a C:/NUCLEO-F446RE/APP/Build/Object/Startup/startup_stm32f103.o
 .comment       0x00000049       0x4a C:/NUCLEO-F446RE/APP/Build/Object/P1/ESP/ESP.o
 .comment       0x00000049       0x4a C:/NUCLEO-F446RE/APP/Build/Object/P1/OLED/OLED.o
 .comment       0x00000049       0x4a C:/NUCLEO-F446RE/APP/Build/Object/Src/main.o

.ARM.attributes
                0x00000000       0x34
 .ARM.attributes
                0x00000000       0x34 C:/NUCLEO-F446RE/APP/Build/Object/MCAL/RCC/src/RCC_program.o
 .ARM.attributes
                0x00000034       0x34 C:/NUCLEO-F446RE/APP/Build/Object/MCAL/NVIC/src/NVIC_program.o
 .ARM.attributes
                0x00000068       0x34 C:/NUCLEO-F446RE/APP/Build/Object/MCAL/SysTick/src/SysTick_program.o
 .ARM.attributes
                0x0000009c       0x34 C:/NUCLEO-F446RE/APP/Build/Object/MCAL/GPIO/src/GPIO_program.o
 .ARM.attributes
                0x000000d0       0x34 C:/NUCLEO-F446RE/APP/Build/Object/MCAL/UART/src/UART.o
 .ARM.attributes
                0x00000104       0x34 C:/NUCLEO-F446RE/APP/Build/Object/MCAL/Basic_Timer/src/Basic_Timer.o
 .ARM.attributes
                0x00000138       0x34 C:/NUCLEO-F446RE/APP/Build/Object/MCAL/I2C/src/I2C.o
 .ARM.attributes
                0x0000016c       0x34 C:/NUCLEO-F446RE/APP/Build/Object/MCAL/FLASH/src/FLASH.o
 .ARM.attributes
                0x000001a0       0x34 C:/NUCLEO-F446RE/APP/Build/Object/RTOS/RTOS.o
 .ARM.attributes
                0x000001d4       0x34 C:/NUCLEO-F446RE/APP/Build/Object/Startup/startup_stm32f103.o
 .ARM.attributes
                0x00000208       0x34 C:/NUCLEO-F446RE/APP/Build/Object/P1/ESP/ESP.o
 .ARM.attributes
                0x0000023c       0x34 C:/NUCLEO-F446RE/APP/Build/Object/P1/OLED/OLED.o
 .ARM.attributes
                0x00000270       0x34 C:/NUCLEO-F446RE/APP/Build/Object/Src/main.o

.debug_frame    0x00000000     0x11bc
 .debug_frame   0x00000000      0x1c8 C:/NUCLEO-F446RE/APP/Build/Object/MCAL/RCC/src/RCC_program.o
 .debug_frame   0x000001c8      0x100 C:/NUCLEO-F446RE/APP/Build/Object/MCAL/NVIC/src/NVIC_program.o
 .debug_frame   0x000002c8      0x120 C:/NUCLEO-F446RE/APP/Build/Object/MCAL/SysTick/src/SysTick_program.o
 .debug_frame   0x000003e8       0xf4 C:/NUCLEO-F446RE/APP/Build/Object/MCAL/GPIO/src/GPIO_program.o
 .debug_frame   0x000004dc      0x1ac C:/NUCLEO-F446RE/APP/Build/Object/MCAL/UART/src/UART.o
 .debug_frame   0x00000688      0x100 C:/NUCLEO-F446RE/APP/Build/Object/MCAL/Basic_Timer/src/Basic_Timer.o
 .debug_frame   0x00000788      0x264 C:/NUCLEO-F446RE/APP/Build/Object/MCAL/I2C/src/I2C.o
 .debug_frame   0x000009ec      0x354 C:/NUCLEO-F446RE/APP/Build/Object/MCAL/FLASH/src/FLASH.o
 .debug_frame   0x00000d40      0x118 C:/NUCLEO-F446RE/APP/Build/Object/RTOS/RTOS.o
 .debug_frame   0x00000e58       0x48 C:/NUCLEO-F446RE/APP/Build/Object/Startup/startup_stm32f103.o
 .debug_frame   0x00000ea0       0x80 C:/NUCLEO-F446RE/APP/Build/Object/P1/ESP/ESP.o
 .debug_frame   0x00000f20      0x11c C:/NUCLEO-F446RE/APP/Build/Object/P1/OLED/OLED.o
 .debug_frame   0x0000103c      0x180 C:/NUCLEO-F446RE/APP/Build/Object/Src/main.o
